#
# There is insufficient memory for the Java Runtime Environment to continue.
# Native memory allocation (malloc) failed to allocate 1649488 bytes for Chunk::new
# Possible reasons:
#   The system is out of physical RAM or swap space
#   The process is running with CompressedOops enabled, and the Java Heap may be blocking the growth of the native heap
# Possible solutions:
#   Reduce memory load on the system
#   Increase physical memory or swap space
#   Check if swap backing store is full
#   Decrease Java heap size (-Xmx/-Xms)
#   Decrease number of Java threads
#   Decrease Java thread stack sizes (-Xss)
#   Set larger code cache with -XX:ReservedCodeCacheSize=
#   JVM is running with Unscaled Compressed Oops mode in which the Java heap is
#     placed in the first 4GB address space. The Java Heap base address is the
#     maximum limit for the native heap growth. Please use -XX:HeapBaseMinAddress
#     to set the Java Heap base and to place the Java Heap above 4GB virtual address.
# This output file may be truncated or incomplete.
#
#  Out of Memory Error (arena.cpp:189), pid=107496, tid=74164
#
# JRE version: OpenJDK Runtime Environment (17.0.6) (build 17.0.6+0-b2043.56-9586694)
# Java VM: OpenJDK 64-Bit Server VM (17.0.6+0-b2043.56-9586694, mixed mode, tiered, compressed oops, compressed class ptrs, g1 gc, windows-amd64)
# No core dump will be written. Minidumps are not enabled by default on client versions of Windows
#

---------------  S U M M A R Y ------------

Command Line: --add-opens=java.base/java.util=ALL-UNNAMED --add-opens=java.base/java.lang=ALL-UNNAMED --add-opens=java.base/java.lang.invoke=ALL-UNNAMED --add-opens=java.prefs/java.util.prefs=ALL-UNNAMED --add-opens=java.base/java.nio.charset=ALL-UNNAMED --add-opens=java.base/java.net=ALL-UNNAMED --add-opens=java.base/java.util.concurrent.atomic=ALL-UNNAMED -Xmx2048m -Dfile.encoding=UTF-8 -Duser.country=US -Duser.language=en -Duser.variant -javaagent:C:\Users\Christiana Renta\.gradle\wrapper\dists\gradle-8.2-bin\bbg7u40eoinfdyxsxr3z4i7ta\gradle-8.2\lib\agents\gradle-instrumentation-agent-8.2.jar org.gradle.launcher.daemon.bootstrap.GradleDaemon 8.2

Host: Intel(R) Core(TM) i5-7200U CPU @ 2.50GHz, 4 cores, 7G,  Windows 10 , 64 bit Build 19041 (10.0.19041.3031)
Time: Thu Jul  6 13:38:30 2023 GTB Daylight Time elapsed time: 205.502158 seconds (0d 0h 3m 25s)

---------------  T H R E A D  ---------------

Current thread (0x000001b7ef0214d0):  JavaThread "C2 CompilerThread0" daemon [_thread_in_native, id=74164, stack(0x0000009daf800000,0x0000009daf900000)]


Current CompileTask:
C2: 205502 13486   !   4       com.google.common.reflect.TypeVisitor::visit (244 bytes)

Stack: [0x0000009daf800000,0x0000009daf900000]
Native frames: (J=compiled Java code, j=interpreted, Vv=VM code, C=native code)
V  [jvm.dll+0x683b4a]
V  [jvm.dll+0x842654]
V  [jvm.dll+0x843dfe]
V  [jvm.dll+0x844463]
V  [jvm.dll+0x249b75]
V  [jvm.dll+0xabcac]
V  [jvm.dll+0xac27c]
V  [jvm.dll+0x368857]
V  [jvm.dll+0x1bced2]
V  [jvm.dll+0x21c359]
V  [jvm.dll+0x21b621]
V  [jvm.dll+0x1a4fdd]
V  [jvm.dll+0x22b098]
V  [jvm.dll+0x229159]
V  [jvm.dll+0x7f809c]
V  [jvm.dll+0x7f25fa]
V  [jvm.dll+0x682985]
C  [ucrtbase.dll+0x21bb2]
C  [KERNEL32.DLL+0x17614]
C  [ntdll.dll+0x526f1]


---------------  P R O C E S S  ---------------

Threads class SMR info:
_java_thread_list=0x000001b7f1d23910, length=79, elements={
0x000001b7d50e72d0, 0x000001b7ef013660, 0x000001b7ee696ec0, 0x000001b7ef01c620,
0x000001b7ef01d1d0, 0x000001b7ef01fd90, 0x000001b7ef020740, 0x000001b7ef0214d0,
0x000001b7ef021f70, 0x000001b7ee6dcf70, 0x000001b7ee63ab30, 0x000001b7ef23bbc0,
0x000001b7efefbe40, 0x000001b7f06881b0, 0x000001b7f0994450, 0x000001b7effcd980,
0x000001b7f1bfc010, 0x000001b7f0929020, 0x000001b7f09294f0, 0x000001b7f0ab46c0,
0x000001b7f0ab3380, 0x000001b7f0ab4b90, 0x000001b7f0ab3850, 0x000001b7f0ab41f0,
0x000001b7f1955c60, 0x000001b7f1951430, 0x000001b7f1953110, 0x000001b7f1950f60,
0x000001b7f1951900, 0x000001b7f19522a0, 0x000001b7f19500f0, 0x000001b7f1951dd0,
0x000001b7f1952770, 0x000001b7f1952c40, 0x000001b7f19535e0, 0x000001b7f1950a90,
0x000001b7f3c6c6f0, 0x000001b7f34f02f0, 0x000001b7f3c6d090, 0x000001b7f3c6d560,
0x000001b7f3c6da30, 0x000001b7f34f07c0, 0x000001b7f75ed1f0, 0x000001b7f75edb90,
0x000001b7f75ed6c0, 0x000001b7f75ee060, 0x000001b7f75ea6a0, 0x000001b7f3c6df00,
0x000001b7f42d86d0, 0x000001b7f42da880, 0x000001b7f75eab70, 0x000001b7f75ecd20,
0x000001b7f86d90d0, 0x000001b7f0896d40, 0x000001b7f0895060, 0x000001b7f08963a0,
0x000001b7f194f750, 0x000001b7f0897210, 0x000001b7f75ec380, 0x000001b7f75eb040,
0x000001b7f75eb510, 0x000001b7f1954920, 0x000001b7f1954df0, 0x000001b7f42d8ba0,
0x000001b7f0898080, 0x000001b7f42dad50, 0x000001b7f0898a20, 0x000001b7f42da3b0,
0x000001b7f42d9070, 0x000001b7f08976e0, 0x000001b7f0897bb0, 0x000001b7f1956600,
0x000001b7f0ab3d20, 0x000001b7f75eb9e0, 0x000001b7f75ebeb0, 0x000001b7f75ec850,
0x000001b7f42db6f0, 0x000001b7f42db220, 0x000001b7f3c6cbc0
}

Java Threads: ( => current thread )
  0x000001b7d50e72d0 JavaThread "main" [_thread_blocked, id=106708, stack(0x0000009daeb00000,0x0000009daec00000)]
  0x000001b7ef013660 JavaThread "Reference Handler" daemon [_thread_blocked, id=74360, stack(0x0000009daf200000,0x0000009daf300000)]
  0x000001b7ee696ec0 JavaThread "Finalizer" daemon [_thread_blocked, id=3972, stack(0x0000009daf300000,0x0000009daf400000)]
  0x000001b7ef01c620 JavaThread "Signal Dispatcher" daemon [_thread_blocked, id=109096, stack(0x0000009daf400000,0x0000009daf500000)]
  0x000001b7ef01d1d0 JavaThread "Attach Listener" daemon [_thread_blocked, id=101484, stack(0x0000009daf500000,0x0000009daf600000)]
  0x000001b7ef01fd90 JavaThread "Service Thread" daemon [_thread_blocked, id=91312, stack(0x0000009daf600000,0x0000009daf700000)]
  0x000001b7ef020740 JavaThread "Monitor Deflation Thread" daemon [_thread_blocked, id=49828, stack(0x0000009daf700000,0x0000009daf800000)]
=>0x000001b7ef0214d0 JavaThread "C2 CompilerThread0" daemon [_thread_in_native, id=74164, stack(0x0000009daf800000,0x0000009daf900000)]
  0x000001b7ef021f70 JavaThread "C1 CompilerThread0" daemon [_thread_blocked, id=96364, stack(0x0000009daf900000,0x0000009dafa00000)]
  0x000001b7ee6dcf70 JavaThread "Sweeper thread" daemon [_thread_blocked, id=85208, stack(0x0000009dafa00000,0x0000009dafb00000)]
  0x000001b7ee63ab30 JavaThread "Common-Cleaner" daemon [_thread_blocked, id=42580, stack(0x0000009dafb00000,0x0000009dafc00000)]
  0x000001b7ef23bbc0 JavaThread "Notification Thread" daemon [_thread_blocked, id=4324, stack(0x0000009dafc00000,0x0000009dafd00000)]
  0x000001b7efefbe40 JavaThread "Daemon health stats" [_thread_blocked, id=6240, stack(0x0000009db0100000,0x0000009db0200000)]
  0x000001b7f06881b0 JavaThread "Incoming local TCP Connector on port 53188" [_thread_in_native, id=58356, stack(0x0000009db0200000,0x0000009db0300000)]
  0x000001b7f0994450 JavaThread "Daemon periodic checks" [_thread_blocked, id=108216, stack(0x0000009db0300000,0x0000009db0400000)]
  0x000001b7effcd980 JavaThread "Daemon" [_thread_blocked, id=15880, stack(0x0000009db0400000,0x0000009db0500000)]
  0x000001b7f1bfc010 JavaThread "Handler for socket connection from /127.0.0.1:53188 to /127.0.0.1:53189" [_thread_in_native, id=55624, stack(0x0000009db0500000,0x0000009db0600000)]
  0x000001b7f0929020 JavaThread "Cancel handler" [_thread_blocked, id=79312, stack(0x0000009db0600000,0x0000009db0700000)]
  0x000001b7f09294f0 JavaThread "Daemon worker" [_thread_in_Java, id=86932, stack(0x0000009db0700000,0x0000009db0800000)]
  0x000001b7f0ab46c0 JavaThread "Asynchronous log dispatcher for DefaultDaemonConnection: socket connection from /127.0.0.1:53188 to /127.0.0.1:53189" [_thread_blocked, id=94976, stack(0x0000009db0800000,0x0000009db0900000)]
  0x000001b7f0ab3380 JavaThread "Daemon client event forwarder" [_thread_blocked, id=83008, stack(0x0000009db0a00000,0x0000009db0b00000)]
  0x000001b7f0ab4b90 JavaThread "Cache worker for journal cache (C:\Users\Christiana Renta\.gradle\caches\journal-1)" [_thread_blocked, id=58716, stack(0x0000009db0b00000,0x0000009db0c00000)]
  0x000001b7f0ab3850 JavaThread "File lock request listener" [_thread_in_native, id=39640, stack(0x0000009db0c00000,0x0000009db0d00000)]
  0x000001b7f0ab41f0 JavaThread "Cache worker for file hash cache (C:\Users\Christiana Renta\.gradle\caches\8.2\fileHashes)" [_thread_blocked, id=48820, stack(0x0000009db0d00000,0x0000009db0e00000)]
  0x000001b7f1955c60 JavaThread "File watcher server" daemon [_thread_in_native, id=50380, stack(0x0000009db0f00000,0x0000009db1000000)]
  0x000001b7f1951430 JavaThread "File watcher consumer" daemon [_thread_blocked, id=25024, stack(0x0000009db1000000,0x0000009db1100000)]
  0x000001b7f1953110 JavaThread "jar transforms" [_thread_blocked, id=73060, stack(0x0000009db1100000,0x0000009db1200000)]
  0x000001b7f1950f60 JavaThread "jar transforms Thread 2" [_thread_blocked, id=88900, stack(0x0000009db1200000,0x0000009db1300000)]
  0x000001b7f1951900 JavaThread "jar transforms Thread 3" [_thread_blocked, id=112148, stack(0x0000009db1300000,0x0000009db1400000)]
  0x000001b7f19522a0 JavaThread "jar transforms Thread 4" [_thread_blocked, id=105096, stack(0x0000009db1400000,0x0000009db1500000)]
  0x000001b7f19500f0 JavaThread "Cache worker for checksums cache (C:\Users\Christiana Renta\AndroidStudioProjects\TexttoSpeech\.gradle\8.2\checksums)" [_thread_blocked, id=102200, stack(0x0000009db1500000,0x0000009db1600000)]
  0x000001b7f1951dd0 JavaThread "Cache worker for cache directory md-rule (C:\Users\Christiana Renta\.gradle\caches\8.2\md-rule)" [_thread_blocked, id=110228, stack(0x0000009db1600000,0x0000009db1700000)]
  0x000001b7f1952770 JavaThread "Cache worker for file content cache (C:\Users\Christiana Renta\.gradle\caches\8.2\fileContent)" [_thread_blocked, id=86176, stack(0x0000009db1700000,0x0000009db1800000)]
  0x000001b7f1952c40 JavaThread "Cache worker for file hash cache (C:\Users\Christiana Renta\AndroidStudioProjects\TexttoSpeech\.gradle\8.2\fileHashes)" [_thread_blocked, id=106436, stack(0x0000009db1800000,0x0000009db1900000)]
  0x000001b7f19535e0 JavaThread "Cache worker for cache directory md-supplier (C:\Users\Christiana Renta\.gradle\caches\8.2\md-supplier)" [_thread_blocked, id=93872, stack(0x0000009db1900000,0x0000009db1a00000)]
  0x000001b7f1950a90 JavaThread "Cache worker for execution history cache (C:\Users\Christiana Renta\.gradle\caches\8.2\executionHistory)" [_thread_blocked, id=85704, stack(0x0000009db1a00000,0x0000009db1b00000)]
  0x000001b7f3c6c6f0 JavaThread "Cache worker for dependencies-accessors (C:\Users\Christiana Renta\AndroidStudioProjects\TexttoSpeech\.gradle\8.2\dependencies-accessors)" [_thread_blocked, id=7600, stack(0x0000009db0900000,0x0000009db0a00000)]
  0x000001b7f34f02f0 JavaThread "Cache worker for Build Output Cleanup Cache (C:\Users\Christiana Renta\AndroidStudioProjects\TexttoSpeech\.gradle\buildOutputCleanup)" [_thread_blocked, id=95388, stack(0x0000009db0e00000,0x0000009db0f00000)]
  0x000001b7f3c6d090 JavaThread "Unconstrained build operations" [_thread_blocked, id=42268, stack(0x0000009db1c00000,0x0000009db1d00000)]
  0x000001b7f3c6d560 JavaThread "Unconstrained build operations Thread 2" [_thread_blocked, id=29692, stack(0x0000009db1d00000,0x0000009db1e00000)]
  0x000001b7f3c6da30 JavaThread "Unconstrained build operations Thread 3" [_thread_blocked, id=99404, stack(0x0000009db1e00000,0x0000009db1f00000)]
  0x000001b7f34f07c0 JavaThread "Unconstrained build operations Thread 4" [_thread_blocked, id=78828, stack(0x0000009db1f00000,0x0000009db2000000)]
  0x000001b7f75ed1f0 JavaThread "Unconstrained build operations Thread 5" [_thread_blocked, id=90916, stack(0x0000009db2000000,0x0000009db2100000)]
  0x000001b7f75edb90 JavaThread "Unconstrained build operations Thread 6" [_thread_blocked, id=114728, stack(0x0000009db2100000,0x0000009db2200000)]
  0x000001b7f75ed6c0 JavaThread "Unconstrained build operations Thread 7" [_thread_blocked, id=108080, stack(0x0000009daea00000,0x0000009daeb00000)]
  0x000001b7f75ee060 JavaThread "Unconstrained build operations Thread 8" [_thread_blocked, id=99884, stack(0x0000009db2200000,0x0000009db2300000)]
  0x000001b7f75ea6a0 JavaThread "Unconstrained build operations Thread 9" [_thread_blocked, id=104680, stack(0x0000009db2300000,0x0000009db2400000)]
  0x000001b7f3c6df00 JavaThread "Unconstrained build operations Thread 10" [_thread_blocked, id=109820, stack(0x0000009db2400000,0x0000009db2500000)]
  0x000001b7f42d86d0 JavaThread "Unconstrained build operations Thread 11" [_thread_blocked, id=77160, stack(0x0000009db2500000,0x0000009db2600000)]
  0x000001b7f42da880 JavaThread "Unconstrained build operations Thread 12" [_thread_blocked, id=114428, stack(0x0000009db2600000,0x0000009db2700000)]
  0x000001b7f75eab70 JavaThread "Unconstrained build operations Thread 13" [_thread_blocked, id=101896, stack(0x0000009db2700000,0x0000009db2800000)]
  0x000001b7f75ecd20 JavaThread "Unconstrained build operations Thread 14" [_thread_blocked, id=94112, stack(0x0000009db2800000,0x0000009db2900000)]
  0x000001b7f86d90d0 JavaThread "Unconstrained build operations Thread 15" [_thread_blocked, id=15668, stack(0x0000009db2900000,0x0000009db2a00000)]
  0x000001b7f0896d40 JavaThread "Unconstrained build operations Thread 16" [_thread_blocked, id=98992, stack(0x0000009db2a00000,0x0000009db2b00000)]
  0x000001b7f0895060 JavaThread "Unconstrained build operations Thread 17" [_thread_blocked, id=44552, stack(0x0000009db2b00000,0x0000009db2c00000)]
  0x000001b7f08963a0 JavaThread "Unconstrained build operations Thread 18" [_thread_blocked, id=74328, stack(0x0000009db2c00000,0x0000009db2d00000)]
  0x000001b7f194f750 JavaThread "Unconstrained build operations Thread 19" [_thread_blocked, id=99320, stack(0x0000009db2d00000,0x0000009db2e00000)]
  0x000001b7f0897210 JavaThread "Unconstrained build operations Thread 20" [_thread_blocked, id=49244, stack(0x0000009db2e00000,0x0000009db2f00000)]
  0x000001b7f75ec380 JavaThread "Unconstrained build operations Thread 21" [_thread_blocked, id=115028, stack(0x0000009db2f00000,0x0000009db3000000)]
  0x000001b7f75eb040 JavaThread "Unconstrained build operations Thread 22" [_thread_blocked, id=73212, stack(0x0000009db3000000,0x0000009db3100000)]
  0x000001b7f75eb510 JavaThread "Unconstrained build operations Thread 23" [_thread_blocked, id=38804, stack(0x0000009db3100000,0x0000009db3200000)]
  0x000001b7f1954920 JavaThread "Unconstrained build operations Thread 24" [_thread_blocked, id=83652, stack(0x0000009db3200000,0x0000009db3300000)]
  0x000001b7f1954df0 JavaThread "Unconstrained build operations Thread 25" [_thread_blocked, id=92076, stack(0x0000009db3300000,0x0000009db3400000)]
  0x000001b7f42d8ba0 JavaThread "Unconstrained build operations Thread 26" [_thread_blocked, id=97988, stack(0x0000009db3400000,0x0000009db3500000)]
  0x000001b7f0898080 JavaThread "Unconstrained build operations Thread 27" [_thread_blocked, id=54920, stack(0x0000009db3500000,0x0000009db3600000)]
  0x000001b7f42dad50 JavaThread "Unconstrained build operations Thread 28" [_thread_blocked, id=43364, stack(0x0000009db3600000,0x0000009db3700000)]
  0x000001b7f0898a20 JavaThread "Unconstrained build operations Thread 29" [_thread_blocked, id=51004, stack(0x0000009db3700000,0x0000009db3800000)]
  0x000001b7f42da3b0 JavaThread "Unconstrained build operations Thread 30" [_thread_blocked, id=71752, stack(0x0000009db3800000,0x0000009db3900000)]
  0x000001b7f42d9070 JavaThread "Unconstrained build operations Thread 31" [_thread_blocked, id=9980, stack(0x0000009db3900000,0x0000009db3a00000)]
  0x000001b7f08976e0 JavaThread "Unconstrained build operations Thread 32" [_thread_blocked, id=50372, stack(0x0000009db3a00000,0x0000009db3b00000)]
  0x000001b7f0897bb0 JavaThread "Unconstrained build operations Thread 33" [_thread_blocked, id=25588, stack(0x0000009db3b00000,0x0000009db3c00000)]
  0x000001b7f1956600 JavaThread "Unconstrained build operations Thread 34" [_thread_blocked, id=98216, stack(0x0000009db3c00000,0x0000009db3d00000)]
  0x000001b7f0ab3d20 JavaThread "Unconstrained build operations Thread 35" [_thread_blocked, id=110040, stack(0x0000009db3d00000,0x0000009db3e00000)]
  0x000001b7f75eb9e0 JavaThread "Unconstrained build operations Thread 36" [_thread_blocked, id=62008, stack(0x0000009db3e00000,0x0000009db3f00000)]
  0x000001b7f75ebeb0 JavaThread "Unconstrained build operations Thread 37" [_thread_blocked, id=106052, stack(0x0000009db3f00000,0x0000009db4000000)]
  0x000001b7f75ec850 JavaThread "Unconstrained build operations Thread 38" [_thread_blocked, id=111640, stack(0x0000009db4000000,0x0000009db4100000)]
  0x000001b7f42db6f0 JavaThread "Unconstrained build operations Thread 39" [_thread_blocked, id=82588, stack(0x0000009db4100000,0x0000009db4200000)]
  0x000001b7f42db220 JavaThread "Unconstrained build operations Thread 40" [_thread_blocked, id=84416, stack(0x0000009db4200000,0x0000009db4300000)]
  0x000001b7f3c6cbc0 JavaThread "Memory manager" [_thread_blocked, id=100744, stack(0x0000009db4300000,0x0000009db4400000)]

Other Threads:
  0x000001b7ee655110 VMThread "VM Thread" [stack: 0x0000009daf100000,0x0000009daf200000] [id=3312]
  0x000001b7ef31e000 WatcherThread [stack: 0x0000009dafd00000,0x0000009dafe00000] [id=113804]
  0x000001b7d51426c0 GCTaskThread "GC Thread#0" [stack: 0x0000009daec00000,0x0000009daed00000] [id=84844]
  0x000001b7ef43c090 GCTaskThread "GC Thread#1" [stack: 0x0000009dafe00000,0x0000009daff00000] [id=80464]
  0x000001b7ef448810 GCTaskThread "GC Thread#2" [stack: 0x0000009daff00000,0x0000009db0000000] [id=5240]
  0x000001b7ef30b950 GCTaskThread "GC Thread#3" [stack: 0x0000009db0000000,0x0000009db0100000] [id=113380]
  0x000001b7d5154610 ConcurrentGCThread "G1 Main Marker" [stack: 0x0000009daed00000,0x0000009daee00000] [id=109380]
  0x000001b7d5155c40 ConcurrentGCThread "G1 Conc#0" [stack: 0x0000009daee00000,0x0000009daef00000] [id=87692]
  0x000001b7d51ae3c0 ConcurrentGCThread "G1 Refine#0" [stack: 0x0000009daef00000,0x0000009daf000000] [id=86984]
  0x000001b7d51aec80 ConcurrentGCThread "G1 Service" [stack: 0x0000009daf000000,0x0000009daf100000] [id=38844]

Threads with active compile tasks:
C2 CompilerThread0   205604 13486   !   4       com.google.common.reflect.TypeVisitor::visit (244 bytes)

VM state: not at safepoint (normal execution)

VM Mutex/Monitor currently owned by a thread: None

Heap address: 0x0000000080000000, size: 2048 MB, Compressed Oops mode: 32-bit

CDS archive(s) not mapped
Compressed class space mapped at: 0x0000000100000000-0x0000000140000000, reserved size: 1073741824
Narrow klass base: 0x0000000000000000, Narrow klass shift: 3, Narrow klass range: 0x140000000

GC Precious Log:
 CPUs: 4 total, 4 available
 Memory: 7990M
 Large Page Support: Disabled
 NUMA Support: Disabled
 Compressed Oops: Enabled (32-bit)
 Heap Region Size: 1M
 Heap Min Capacity: 8M
 Heap Initial Capacity: 126M
 Heap Max Capacity: 2G
 Pre-touch: Disabled
 Parallel Workers: 4
 Concurrent Workers: 1
 Concurrent Refinement Workers: 4
 Periodic GC: Disabled

Heap:
 garbage-first heap   total 315392K, used 165544K [0x0000000080000000, 0x0000000100000000)
  region size 1024K, 44 young (45056K), 11 survivors (11264K)
 Metaspace       used 82358K, committed 83072K, reserved 1122304K
  class space    used 10662K, committed 11008K, reserved 1048576K

Heap Regions: E=young(eden), S=young(survivor), O=old, HS=humongous(starts), HC=humongous(continues), CS=collection set, F=free, OA=open archive, CA=closed archive, TAMS=top-at-mark-start (previous, next)
|   0|0x0000000080000000, 0x0000000080100000, 0x0000000080100000|100%| O|  |TAMS 0x0000000080100000, 0x0000000080000000| Untracked 
|   1|0x0000000080100000, 0x0000000080200000, 0x0000000080200000|100%| O|  |TAMS 0x0000000080200000, 0x0000000080100000| Untracked 
|   2|0x0000000080200000, 0x0000000080300000, 0x0000000080300000|100%|HS|  |TAMS 0x0000000080300000, 0x0000000080200000| Complete 
|   3|0x0000000080300000, 0x0000000080400000, 0x0000000080400000|100%|HC|  |TAMS 0x0000000080400000, 0x0000000080300000| Complete 
|   4|0x0000000080400000, 0x0000000080500000, 0x0000000080500000|100%|HC|  |TAMS 0x0000000080500000, 0x0000000080400000| Complete 
|   5|0x0000000080500000, 0x0000000080600000, 0x0000000080600000|100%|HC|  |TAMS 0x0000000080600000, 0x0000000080500000| Complete 
|   6|0x0000000080600000, 0x0000000080700000, 0x0000000080700000|100%| O|  |TAMS 0x0000000080700000, 0x0000000080600000| Untracked 
|   7|0x0000000080700000, 0x0000000080800000, 0x0000000080800000|100%| O|  |TAMS 0x0000000080800000, 0x0000000080700000| Untracked 
|   8|0x0000000080800000, 0x0000000080900000, 0x0000000080900000|100%| O|  |TAMS 0x0000000080900000, 0x0000000080800000| Untracked 
|   9|0x0000000080900000, 0x0000000080a00000, 0x0000000080a00000|100%| O|  |TAMS 0x0000000080a00000, 0x0000000080900000| Untracked 
|  10|0x0000000080a00000, 0x0000000080b00000, 0x0000000080b00000|100%| O|  |TAMS 0x0000000080b00000, 0x0000000080a00000| Untracked 
|  11|0x0000000080b00000, 0x0000000080b9a800, 0x0000000080c00000| 60%| O|  |TAMS 0x0000000080b9a800, 0x0000000080b00000| Untracked 
|  12|0x0000000080c00000, 0x0000000080d00000, 0x0000000080d00000|100%| O|  |TAMS 0x0000000080d00000, 0x0000000080c00000| Untracked 
|  13|0x0000000080d00000, 0x0000000080e00000, 0x0000000080e00000|100%| O|  |TAMS 0x0000000080e00000, 0x0000000080d00000| Untracked 
|  14|0x0000000080e00000, 0x0000000080f00000, 0x0000000080f00000|100%| O|  |TAMS 0x0000000080f00000, 0x0000000080e00000| Untracked 
|  15|0x0000000080f00000, 0x0000000081000000, 0x0000000081000000|100%| O|  |TAMS 0x0000000081000000, 0x0000000080f00000| Untracked 
|  16|0x0000000081000000, 0x0000000081100000, 0x0000000081100000|100%| O|  |TAMS 0x0000000081100000, 0x0000000081000000| Untracked 
|  17|0x0000000081100000, 0x0000000081200000, 0x0000000081200000|100%| O|  |TAMS 0x0000000081200000, 0x0000000081100000| Untracked 
|  18|0x0000000081200000, 0x0000000081300000, 0x0000000081300000|100%| O|  |TAMS 0x0000000081300000, 0x0000000081200000| Untracked 
|  19|0x0000000081300000, 0x0000000081400000, 0x0000000081400000|100%|HS|  |TAMS 0x0000000081400000, 0x0000000081300000| Complete 
|  20|0x0000000081400000, 0x0000000081500000, 0x0000000081500000|100%|HC|  |TAMS 0x0000000081500000, 0x0000000081400000| Complete 
|  21|0x0000000081500000, 0x0000000081600000, 0x0000000081600000|100%|HS|  |TAMS 0x0000000081600000, 0x0000000081500000| Complete 
|  22|0x0000000081600000, 0x0000000081700000, 0x0000000081700000|100%|HC|  |TAMS 0x0000000081700000, 0x0000000081600000| Complete 
|  23|0x0000000081700000, 0x0000000081800000, 0x0000000081800000|100%|HC|  |TAMS 0x0000000081800000, 0x0000000081700000| Complete 
|  24|0x0000000081800000, 0x0000000081900000, 0x0000000081900000|100%|HS|  |TAMS 0x0000000081900000, 0x0000000081800000| Complete 
|  25|0x0000000081900000, 0x0000000081a00000, 0x0000000081a00000|100%|HC|  |TAMS 0x0000000081a00000, 0x0000000081900000| Complete 
|  26|0x0000000081a00000, 0x0000000081b00000, 0x0000000081b00000|100%| O|  |TAMS 0x0000000081b00000, 0x0000000081a00000| Untracked 
|  27|0x0000000081b00000, 0x0000000081c00000, 0x0000000081c00000|100%| O|  |TAMS 0x0000000081c00000, 0x0000000081b00000| Untracked 
|  28|0x0000000081c00000, 0x0000000081d00000, 0x0000000081d00000|100%|HS|  |TAMS 0x0000000081d00000, 0x0000000081c00000| Complete 
|  29|0x0000000081d00000, 0x0000000081e00000, 0x0000000081e00000|100%|HC|  |TAMS 0x0000000081e00000, 0x0000000081d00000| Complete 
|  30|0x0000000081e00000, 0x0000000081f00000, 0x0000000081f00000|100%|HC|  |TAMS 0x0000000081f00000, 0x0000000081e00000| Complete 
|  31|0x0000000081f00000, 0x0000000082000000, 0x0000000082000000|100%| O|  |TAMS 0x0000000082000000, 0x0000000081f00000| Untracked 
|  32|0x0000000082000000, 0x0000000082100000, 0x0000000082100000|100%| O|  |TAMS 0x0000000082100000, 0x0000000082000000| Untracked 
|  33|0x0000000082100000, 0x0000000082200000, 0x0000000082200000|100%| O|  |TAMS 0x0000000082200000, 0x0000000082100000| Untracked 
|  34|0x0000000082200000, 0x0000000082300000, 0x0000000082300000|100%| O|  |TAMS 0x0000000082300000, 0x0000000082200000| Untracked 
|  35|0x0000000082300000, 0x0000000082400000, 0x0000000082400000|100%|HS|  |TAMS 0x0000000082400000, 0x0000000082300000| Complete 
|  36|0x0000000082400000, 0x0000000082500000, 0x0000000082500000|100%|HC|  |TAMS 0x0000000082500000, 0x0000000082400000| Complete 
|  37|0x0000000082500000, 0x0000000082600000, 0x0000000082600000|100%|HC|  |TAMS 0x0000000082600000, 0x0000000082500000| Complete 
|  38|0x0000000082600000, 0x0000000082700000, 0x0000000082700000|100%|HC|  |TAMS 0x0000000082700000, 0x0000000082600000| Complete 
|  39|0x0000000082700000, 0x0000000082800000, 0x0000000082800000|100%|HC|  |TAMS 0x0000000082800000, 0x0000000082700000| Complete 
|  40|0x0000000082800000, 0x0000000082900000, 0x0000000082900000|100%|HC|  |TAMS 0x0000000082900000, 0x0000000082800000| Complete 
|  41|0x0000000082900000, 0x0000000082a00000, 0x0000000082a00000|100%|HC|  |TAMS 0x0000000082a00000, 0x0000000082900000| Complete 
|  42|0x0000000082a00000, 0x0000000082b00000, 0x0000000082b00000|100%|HC|  |TAMS 0x0000000082b00000, 0x0000000082a00000| Complete 
|  43|0x0000000082b00000, 0x0000000082c00000, 0x0000000082c00000|100%|HC|  |TAMS 0x0000000082c00000, 0x0000000082b00000| Complete 
|  44|0x0000000082c00000, 0x0000000082d00000, 0x0000000082d00000|100%|HC|  |TAMS 0x0000000082d00000, 0x0000000082c00000| Complete 
|  45|0x0000000082d00000, 0x0000000082e00000, 0x0000000082e00000|100%|HS|  |TAMS 0x0000000082e00000, 0x0000000082d00000| Complete 
|  46|0x0000000082e00000, 0x0000000082f00000, 0x0000000082f00000|100%|HC|  |TAMS 0x0000000082f00000, 0x0000000082e00000| Complete 
|  47|0x0000000082f00000, 0x0000000083000000, 0x0000000083000000|100%|HS|  |TAMS 0x0000000083000000, 0x0000000082f00000| Complete 
|  48|0x0000000083000000, 0x0000000083100000, 0x0000000083100000|100%|HC|  |TAMS 0x0000000083100000, 0x0000000083000000| Complete 
|  49|0x0000000083100000, 0x0000000083200000, 0x0000000083200000|100%|HC|  |TAMS 0x0000000083200000, 0x0000000083100000| Complete 
|  50|0x0000000083200000, 0x0000000083300000, 0x0000000083300000|100%|HC|  |TAMS 0x0000000083300000, 0x0000000083200000| Complete 
|  51|0x0000000083300000, 0x0000000083400000, 0x0000000083400000|100%|HC|  |TAMS 0x0000000083400000, 0x0000000083300000| Complete 
|  52|0x0000000083400000, 0x0000000083500000, 0x0000000083500000|100%|HC|  |TAMS 0x0000000083500000, 0x0000000083400000| Complete 
|  53|0x0000000083500000, 0x0000000083600000, 0x0000000083600000|100%|HS|  |TAMS 0x0000000083600000, 0x0000000083500000| Complete 
|  54|0x0000000083600000, 0x0000000083700000, 0x0000000083700000|100%| O|  |TAMS 0x0000000083700000, 0x0000000083600000| Untracked 
|  55|0x0000000083700000, 0x0000000083800000, 0x0000000083800000|100%| O|  |TAMS 0x0000000083800000, 0x0000000083700000| Untracked 
|  56|0x0000000083800000, 0x0000000083900000, 0x0000000083900000|100%| O|  |TAMS 0x0000000083900000, 0x0000000083800000| Untracked 
|  57|0x0000000083900000, 0x0000000083a00000, 0x0000000083a00000|100%| O|  |TAMS 0x0000000083a00000, 0x0000000083900000| Untracked 
|  58|0x0000000083a00000, 0x0000000083b00000, 0x0000000083b00000|100%| O|  |TAMS 0x0000000083b00000, 0x0000000083a00000| Untracked 
|  59|0x0000000083b00000, 0x0000000083c00000, 0x0000000083c00000|100%| O|  |TAMS 0x0000000083c00000, 0x0000000083b00000| Untracked 
|  60|0x0000000083c00000, 0x0000000083d00000, 0x0000000083d00000|100%| O|  |TAMS 0x0000000083d00000, 0x0000000083c00000| Untracked 
|  61|0x0000000083d00000, 0x0000000083e00000, 0x0000000083e00000|100%| O|  |TAMS 0x0000000083e00000, 0x0000000083d00000| Untracked 
|  62|0x0000000083e00000, 0x0000000083f00000, 0x0000000083f00000|100%| O|  |TAMS 0x0000000083f00000, 0x0000000083e00000| Untracked 
|  63|0x0000000083f00000, 0x0000000084000000, 0x0000000084000000|100%| O|  |TAMS 0x0000000083f00000, 0x0000000083f00000| Untracked 
|  64|0x0000000084000000, 0x0000000084100000, 0x0000000084100000|100%| O|  |TAMS 0x0000000084100000, 0x0000000084000000| Untracked 
|  65|0x0000000084100000, 0x0000000084200000, 0x0000000084200000|100%| O|  |TAMS 0x0000000084100000, 0x0000000084100000| Untracked 
|  66|0x0000000084200000, 0x0000000084300000, 0x0000000084300000|100%| O|  |TAMS 0x0000000084200000, 0x0000000084200000| Untracked 
|  67|0x0000000084300000, 0x0000000084400000, 0x0000000084400000|100%| O|  |TAMS 0x0000000084300000, 0x0000000084300000| Untracked 
|  68|0x0000000084400000, 0x0000000084500000, 0x0000000084500000|100%| O|  |TAMS 0x0000000084400000, 0x0000000084400000| Untracked 
|  69|0x0000000084500000, 0x0000000084600000, 0x0000000084600000|100%| O|  |TAMS 0x0000000084500000, 0x0000000084500000| Untracked 
|  70|0x0000000084600000, 0x0000000084700000, 0x0000000084700000|100%| O|  |TAMS 0x0000000084600000, 0x0000000084600000| Untracked 
|  71|0x0000000084700000, 0x0000000084800000, 0x0000000084800000|100%| O|  |TAMS 0x0000000084700000, 0x0000000084700000| Untracked 
|  72|0x0000000084800000, 0x0000000084900000, 0x0000000084900000|100%| O|  |TAMS 0x0000000084900000, 0x0000000084800000| Untracked 
|  73|0x0000000084900000, 0x0000000084a00000, 0x0000000084a00000|100%| O|  |TAMS 0x0000000084900000, 0x0000000084900000| Untracked 
|  74|0x0000000084a00000, 0x0000000084b00000, 0x0000000084b00000|100%| O|  |TAMS 0x0000000084b00000, 0x0000000084a00000| Untracked 
|  75|0x0000000084b00000, 0x0000000084c00000, 0x0000000084c00000|100%| O|  |TAMS 0x0000000084c00000, 0x0000000084b00000| Untracked 
|  76|0x0000000084c00000, 0x0000000084d00000, 0x0000000084d00000|100%| O|  |TAMS 0x0000000084d00000, 0x0000000084c00000| Untracked 
|  77|0x0000000084d00000, 0x0000000084e00000, 0x0000000084e00000|100%| O|  |TAMS 0x0000000084d00000, 0x0000000084d00000| Untracked 
|  78|0x0000000084e00000, 0x0000000084f00000, 0x0000000084f00000|100%| O|  |TAMS 0x0000000084f00000, 0x0000000084e00000| Untracked 
|  79|0x0000000084f00000, 0x0000000085000000, 0x0000000085000000|100%| O|  |TAMS 0x0000000085000000, 0x0000000084f00000| Untracked 
|  80|0x0000000085000000, 0x0000000085100000, 0x0000000085100000|100%| O|  |TAMS 0x0000000085100000, 0x0000000085000000| Untracked 
|  81|0x0000000085100000, 0x0000000085200000, 0x0000000085200000|100%| O|  |TAMS 0x0000000085100000, 0x0000000085100000| Untracked 
|  82|0x0000000085200000, 0x0000000085300000, 0x0000000085300000|100%| O|  |TAMS 0x0000000085200000, 0x0000000085200000| Untracked 
|  83|0x0000000085300000, 0x0000000085400000, 0x0000000085400000|100%| O|  |TAMS 0x0000000085400000, 0x0000000085300000| Untracked 
|  84|0x0000000085400000, 0x0000000085500000, 0x0000000085500000|100%| O|  |TAMS 0x0000000085400000, 0x0000000085400000| Untracked 
|  85|0x0000000085500000, 0x0000000085600000, 0x0000000085600000|100%| O|  |TAMS 0x0000000085500000, 0x0000000085500000| Untracked 
|  86|0x0000000085600000, 0x0000000085700000, 0x0000000085700000|100%| O|  |TAMS 0x0000000085600000, 0x0000000085600000| Untracked 
|  87|0x0000000085700000, 0x0000000085800000, 0x0000000085800000|100%| O|  |TAMS 0x0000000085700000, 0x0000000085700000| Untracked 
|  88|0x0000000085800000, 0x0000000085900000, 0x0000000085900000|100%|HS|  |TAMS 0x0000000085800000, 0x0000000085800000| Complete 
|  89|0x0000000085900000, 0x0000000085a00000, 0x0000000085a00000|100%|HC|  |TAMS 0x0000000085900000, 0x0000000085900000| Complete 
|  90|0x0000000085a00000, 0x0000000085b00000, 0x0000000085b00000|100%|HC|  |TAMS 0x0000000085a00000, 0x0000000085a00000| Complete 
|  91|0x0000000085b00000, 0x0000000085c00000, 0x0000000085c00000|100%| O|  |TAMS 0x0000000085b00000, 0x0000000085b00000| Untracked 
|  92|0x0000000085c00000, 0x0000000085d00000, 0x0000000085d00000|100%| O|  |TAMS 0x0000000085c00000, 0x0000000085c00000| Untracked 
|  93|0x0000000085d00000, 0x0000000085e00000, 0x0000000085e00000|100%| O|  |TAMS 0x0000000085d00000, 0x0000000085d00000| Untracked 
|  94|0x0000000085e00000, 0x0000000085f00000, 0x0000000085f00000|100%| O|  |TAMS 0x0000000085e00000, 0x0000000085e00000| Untracked 
|  95|0x0000000085f00000, 0x0000000086000000, 0x0000000086000000|100%| O|  |TAMS 0x0000000085f00000, 0x0000000085f00000| Untracked 
|  96|0x0000000086000000, 0x00000000860a2200, 0x0000000086100000| 63%| O|  |TAMS 0x0000000086000000, 0x0000000086000000| Untracked 
|  97|0x0000000086100000, 0x0000000086200000, 0x0000000086200000|100%| O|  |TAMS 0x0000000086100000, 0x0000000086100000| Untracked 
|  98|0x0000000086200000, 0x0000000086300000, 0x0000000086300000|100%| O|  |TAMS 0x0000000086300000, 0x0000000086200000| Untracked 
|  99|0x0000000086300000, 0x0000000086400000, 0x0000000086400000|100%| O|  |TAMS 0x0000000086300000, 0x0000000086300000| Untracked 
| 100|0x0000000086400000, 0x0000000086500000, 0x0000000086500000|100%|HS|  |TAMS 0x0000000086400000, 0x0000000086400000| Complete 
| 101|0x0000000086500000, 0x0000000086600000, 0x0000000086600000|100%|HS|  |TAMS 0x0000000086500000, 0x0000000086500000| Complete 
| 102|0x0000000086600000, 0x0000000086700000, 0x0000000086700000|100%|HC|  |TAMS 0x0000000086600000, 0x0000000086600000| Complete 
| 103|0x0000000086700000, 0x0000000086800000, 0x0000000086800000|100%|HS|  |TAMS 0x0000000086700000, 0x0000000086700000| Complete 
| 104|0x0000000086800000, 0x0000000086900000, 0x0000000086900000|100%|HS|  |TAMS 0x0000000086800000, 0x0000000086800000| Complete 
| 105|0x0000000086900000, 0x0000000086a00000, 0x0000000086a00000|100%|HC|  |TAMS 0x0000000086900000, 0x0000000086900000| Complete 
| 106|0x0000000086a00000, 0x0000000086b00000, 0x0000000086b00000|100%|HC|  |TAMS 0x0000000086a00000, 0x0000000086a00000| Complete 
| 107|0x0000000086b00000, 0x0000000086c00000, 0x0000000086c00000|100%|HC|  |TAMS 0x0000000086b00000, 0x0000000086b00000| Complete 
| 108|0x0000000086c00000, 0x0000000086c00000, 0x0000000086d00000|  0%| F|  |TAMS 0x0000000086c00000, 0x0000000086c00000| Untracked 
| 109|0x0000000086d00000, 0x0000000086e00000, 0x0000000086e00000|100%|HS|  |TAMS 0x0000000086d00000, 0x0000000086d00000| Complete 
| 110|0x0000000086e00000, 0x0000000086f00000, 0x0000000086f00000|100%|HS|  |TAMS 0x0000000086f00000, 0x0000000086e00000| Complete 
| 111|0x0000000086f00000, 0x0000000087000000, 0x0000000087000000|100%|HC|  |TAMS 0x0000000087000000, 0x0000000086f00000| Complete 
| 112|0x0000000087000000, 0x0000000087100000, 0x0000000087100000|100%|HC|  |TAMS 0x0000000087100000, 0x0000000087000000| Complete 
| 113|0x0000000087100000, 0x0000000087100000, 0x0000000087200000|  0%| F|  |TAMS 0x0000000087100000, 0x0000000087100000| Untracked 
| 114|0x0000000087200000, 0x0000000087300000, 0x0000000087300000|100%| O|  |TAMS 0x00000000872caa00, 0x0000000087200000| Untracked 
| 115|0x0000000087300000, 0x0000000087400000, 0x0000000087400000|100%|HS|  |TAMS 0x0000000087400000, 0x0000000087300000| Complete 
| 116|0x0000000087400000, 0x0000000087500000, 0x0000000087500000|100%|HC|  |TAMS 0x0000000087500000, 0x0000000087400000| Complete 
| 117|0x0000000087500000, 0x0000000087600000, 0x0000000087600000|100%|HC|  |TAMS 0x0000000087600000, 0x0000000087500000| Complete 
| 118|0x0000000087600000, 0x0000000087700000, 0x0000000087700000|100%| O|  |TAMS 0x0000000087600000, 0x0000000087600000| Untracked 
| 119|0x0000000087700000, 0x0000000087800000, 0x0000000087800000|100%| O|  |TAMS 0x0000000087700000, 0x0000000087700000| Untracked 
| 120|0x0000000087800000, 0x0000000087900000, 0x0000000087900000|100%|HS|  |TAMS 0x0000000087800000, 0x0000000087800000| Complete 
| 121|0x0000000087900000, 0x0000000087a00000, 0x0000000087a00000|100%|HC|  |TAMS 0x0000000087900000, 0x0000000087900000| Complete 
| 122|0x0000000087a00000, 0x0000000087a00000, 0x0000000087b00000|  0%| F|  |TAMS 0x0000000087a00000, 0x0000000087a00000| Untracked 
| 123|0x0000000087b00000, 0x0000000087b00000, 0x0000000087c00000|  0%| F|  |TAMS 0x0000000087b00000, 0x0000000087b00000| Untracked 
| 124|0x0000000087c00000, 0x0000000087c00000, 0x0000000087d00000|  0%| F|  |TAMS 0x0000000087c00000, 0x0000000087c00000| Untracked 
| 125|0x0000000087d00000, 0x0000000087d00000, 0x0000000087e00000|  0%| F|  |TAMS 0x0000000087d00000, 0x0000000087d00000| Untracked 
| 126|0x0000000087e00000, 0x0000000087e00000, 0x0000000087f00000|  0%| F|  |TAMS 0x0000000087e00000, 0x0000000087e00000| Untracked 
| 127|0x0000000087f00000, 0x0000000087f00000, 0x0000000088000000|  0%| F|  |TAMS 0x0000000087f00000, 0x0000000087f00000| Untracked 
| 128|0x0000000088000000, 0x0000000088000000, 0x0000000088100000|  0%| F|  |TAMS 0x0000000088000000, 0x0000000088000000| Untracked 
| 129|0x0000000088100000, 0x0000000088100000, 0x0000000088200000|  0%| F|  |TAMS 0x0000000088100000, 0x0000000088100000| Untracked 
| 130|0x0000000088200000, 0x0000000088200000, 0x0000000088300000|  0%| F|  |TAMS 0x0000000088200000, 0x0000000088200000| Untracked 
| 131|0x0000000088300000, 0x0000000088300000, 0x0000000088400000|  0%| F|  |TAMS 0x0000000088300000, 0x0000000088300000| Untracked 
| 132|0x0000000088400000, 0x000000008846d640, 0x0000000088500000| 42%| S|CS|TAMS 0x0000000088400000, 0x0000000088400000| Complete 
| 133|0x0000000088500000, 0x0000000088600000, 0x0000000088600000|100%| S|CS|TAMS 0x0000000088500000, 0x0000000088500000| Complete 
| 134|0x0000000088600000, 0x0000000088700000, 0x0000000088700000|100%| S|CS|TAMS 0x0000000088600000, 0x0000000088600000| Complete 
| 135|0x0000000088700000, 0x0000000088800000, 0x0000000088800000|100%| S|CS|TAMS 0x0000000088700000, 0x0000000088700000| Complete 
| 136|0x0000000088800000, 0x0000000088900000, 0x0000000088900000|100%| S|CS|TAMS 0x0000000088800000, 0x0000000088800000| Complete 
| 137|0x0000000088900000, 0x0000000088a00000, 0x0000000088a00000|100%| S|CS|TAMS 0x0000000088900000, 0x0000000088900000| Complete 
| 138|0x0000000088a00000, 0x0000000088b00000, 0x0000000088b00000|100%| S|CS|TAMS 0x0000000088a00000, 0x0000000088a00000| Complete 
| 139|0x0000000088b00000, 0x0000000088c00000, 0x0000000088c00000|100%| S|CS|TAMS 0x0000000088b00000, 0x0000000088b00000| Complete 
| 140|0x0000000088c00000, 0x0000000088d00000, 0x0000000088d00000|100%| S|CS|TAMS 0x0000000088c00000, 0x0000000088c00000| Complete 
| 141|0x0000000088d00000, 0x0000000088e00000, 0x0000000088e00000|100%| S|CS|TAMS 0x0000000088d00000, 0x0000000088d00000| Complete 
| 142|0x0000000088e00000, 0x0000000088f00000, 0x0000000088f00000|100%| S|CS|TAMS 0x0000000088e00000, 0x0000000088e00000| Complete 
| 143|0x0000000088f00000, 0x0000000088f00000, 0x0000000089000000|  0%| F|  |TAMS 0x0000000088f00000, 0x0000000088f00000| Untracked 
| 144|0x0000000089000000, 0x0000000089000000, 0x0000000089100000|  0%| F|  |TAMS 0x0000000089000000, 0x0000000089000000| Untracked 
| 145|0x0000000089100000, 0x0000000089100000, 0x0000000089200000|  0%| F|  |TAMS 0x0000000089100000, 0x0000000089100000| Untracked 
| 146|0x0000000089200000, 0x0000000089200000, 0x0000000089300000|  0%| F|  |TAMS 0x0000000089200000, 0x0000000089200000| Untracked 
| 147|0x0000000089300000, 0x0000000089300000, 0x0000000089400000|  0%| F|  |TAMS 0x0000000089300000, 0x0000000089300000| Untracked 
| 148|0x0000000089400000, 0x0000000089400000, 0x0000000089500000|  0%| F|  |TAMS 0x0000000089400000, 0x0000000089400000| Untracked 
| 149|0x0000000089500000, 0x0000000089500000, 0x0000000089600000|  0%| F|  |TAMS 0x0000000089500000, 0x0000000089500000| Untracked 
| 150|0x0000000089600000, 0x0000000089600000, 0x0000000089700000|  0%| F|  |TAMS 0x0000000089600000, 0x0000000089600000| Untracked 
| 151|0x0000000089700000, 0x0000000089700000, 0x0000000089800000|  0%| F|  |TAMS 0x0000000089700000, 0x0000000089700000| Untracked 
| 152|0x0000000089800000, 0x0000000089800000, 0x0000000089900000|  0%| F|  |TAMS 0x0000000089800000, 0x0000000089800000| Untracked 
| 153|0x0000000089900000, 0x0000000089900000, 0x0000000089a00000|  0%| F|  |TAMS 0x0000000089900000, 0x0000000089900000| Untracked 
| 154|0x0000000089a00000, 0x0000000089a00000, 0x0000000089b00000|  0%| F|  |TAMS 0x0000000089a00000, 0x0000000089a00000| Untracked 
| 155|0x0000000089b00000, 0x0000000089b00000, 0x0000000089c00000|  0%| F|  |TAMS 0x0000000089b00000, 0x0000000089b00000| Untracked 
| 156|0x0000000089c00000, 0x0000000089c00000, 0x0000000089d00000|  0%| F|  |TAMS 0x0000000089c00000, 0x0000000089c00000| Untracked 
| 157|0x0000000089d00000, 0x0000000089d00000, 0x0000000089e00000|  0%| F|  |TAMS 0x0000000089d00000, 0x0000000089d00000| Untracked 
| 158|0x0000000089e00000, 0x0000000089e00000, 0x0000000089f00000|  0%| F|  |TAMS 0x0000000089e00000, 0x0000000089e00000| Untracked 
| 159|0x0000000089f00000, 0x0000000089f00000, 0x000000008a000000|  0%| F|  |TAMS 0x0000000089f00000, 0x0000000089f00000| Untracked 
| 160|0x000000008a000000, 0x000000008a000000, 0x000000008a100000|  0%| F|  |TAMS 0x000000008a000000, 0x000000008a000000| Untracked 
| 161|0x000000008a100000, 0x000000008a100000, 0x000000008a200000|  0%| F|  |TAMS 0x000000008a100000, 0x000000008a100000| Untracked 
| 162|0x000000008a200000, 0x000000008a200000, 0x000000008a300000|  0%| F|  |TAMS 0x000000008a200000, 0x000000008a200000| Untracked 
| 163|0x000000008a300000, 0x000000008a300000, 0x000000008a400000|  0%| F|  |TAMS 0x000000008a300000, 0x000000008a300000| Untracked 
| 164|0x000000008a400000, 0x000000008a400000, 0x000000008a500000|  0%| F|  |TAMS 0x000000008a400000, 0x000000008a400000| Untracked 
| 165|0x000000008a500000, 0x000000008a500000, 0x000000008a600000|  0%| F|  |TAMS 0x000000008a500000, 0x000000008a500000| Untracked 
| 166|0x000000008a600000, 0x000000008a600000, 0x000000008a700000|  0%| F|  |TAMS 0x000000008a600000, 0x000000008a600000| Untracked 
| 167|0x000000008a700000, 0x000000008a700000, 0x000000008a800000|  0%| F|  |TAMS 0x000000008a700000, 0x000000008a700000| Untracked 
| 168|0x000000008a800000, 0x000000008a800000, 0x000000008a900000|  0%| F|  |TAMS 0x000000008a800000, 0x000000008a800000| Untracked 
| 169|0x000000008a900000, 0x000000008a900000, 0x000000008aa00000|  0%| F|  |TAMS 0x000000008a900000, 0x000000008a900000| Untracked 
| 170|0x000000008aa00000, 0x000000008aa00000, 0x000000008ab00000|  0%| F|  |TAMS 0x000000008aa00000, 0x000000008aa00000| Untracked 
| 171|0x000000008ab00000, 0x000000008ab00000, 0x000000008ac00000|  0%| F|  |TAMS 0x000000008ab00000, 0x000000008ab00000| Untracked 
| 172|0x000000008ac00000, 0x000000008ac00000, 0x000000008ad00000|  0%| F|  |TAMS 0x000000008ac00000, 0x000000008ac00000| Untracked 
| 173|0x000000008ad00000, 0x000000008ad00000, 0x000000008ae00000|  0%| F|  |TAMS 0x000000008ad00000, 0x000000008ad00000| Untracked 
| 174|0x000000008ae00000, 0x000000008ae00000, 0x000000008af00000|  0%| F|  |TAMS 0x000000008ae00000, 0x000000008ae00000| Untracked 
| 175|0x000000008af00000, 0x000000008af00000, 0x000000008b000000|  0%| F|  |TAMS 0x000000008af00000, 0x000000008af00000| Untracked 
| 176|0x000000008b000000, 0x000000008b000000, 0x000000008b100000|  0%| F|  |TAMS 0x000000008b000000, 0x000000008b000000| Untracked 
| 177|0x000000008b100000, 0x000000008b100000, 0x000000008b200000|  0%| F|  |TAMS 0x000000008b100000, 0x000000008b100000| Untracked 
| 178|0x000000008b200000, 0x000000008b200000, 0x000000008b300000|  0%| F|  |TAMS 0x000000008b200000, 0x000000008b200000| Untracked 
| 179|0x000000008b300000, 0x000000008b300000, 0x000000008b400000|  0%| F|  |TAMS 0x000000008b300000, 0x000000008b300000| Untracked 
| 180|0x000000008b400000, 0x000000008b400000, 0x000000008b500000|  0%| F|  |TAMS 0x000000008b400000, 0x000000008b400000| Untracked 
| 181|0x000000008b500000, 0x000000008b500000, 0x000000008b600000|  0%| F|  |TAMS 0x000000008b500000, 0x000000008b500000| Untracked 
| 182|0x000000008b600000, 0x000000008b600000, 0x000000008b700000|  0%| F|  |TAMS 0x000000008b600000, 0x000000008b600000| Untracked 
| 183|0x000000008b700000, 0x000000008b700000, 0x000000008b800000|  0%| F|  |TAMS 0x000000008b700000, 0x000000008b700000| Untracked 
| 184|0x000000008b800000, 0x000000008b800000, 0x000000008b900000|  0%| F|  |TAMS 0x000000008b800000, 0x000000008b800000| Untracked 
| 185|0x000000008b900000, 0x000000008b900000, 0x000000008ba00000|  0%| F|  |TAMS 0x000000008b900000, 0x000000008b900000| Untracked 
| 186|0x000000008ba00000, 0x000000008ba00000, 0x000000008bb00000|  0%| F|  |TAMS 0x000000008ba00000, 0x000000008ba00000| Untracked 
| 187|0x000000008bb00000, 0x000000008bb00000, 0x000000008bc00000|  0%| F|  |TAMS 0x000000008bb00000, 0x000000008bb00000| Untracked 
| 188|0x000000008bc00000, 0x000000008bc00000, 0x000000008bd00000|  0%| F|  |TAMS 0x000000008bc00000, 0x000000008bc00000| Untracked 
| 189|0x000000008bd00000, 0x000000008bd00000, 0x000000008be00000|  0%| F|  |TAMS 0x000000008bd00000, 0x000000008bd00000| Untracked 
| 190|0x000000008be00000, 0x000000008be00000, 0x000000008bf00000|  0%| F|  |TAMS 0x000000008be00000, 0x000000008be00000| Untracked 
| 191|0x000000008bf00000, 0x000000008bf00000, 0x000000008c000000|  0%| F|  |TAMS 0x000000008bf00000, 0x000000008bf00000| Untracked 
| 192|0x000000008c000000, 0x000000008c000000, 0x000000008c100000|  0%| F|  |TAMS 0x000000008c000000, 0x000000008c000000| Untracked 
| 193|0x000000008c100000, 0x000000008c100000, 0x000000008c200000|  0%| F|  |TAMS 0x000000008c100000, 0x000000008c100000| Untracked 
| 194|0x000000008c200000, 0x000000008c200000, 0x000000008c300000|  0%| F|  |TAMS 0x000000008c200000, 0x000000008c200000| Untracked 
| 195|0x000000008c300000, 0x000000008c300000, 0x000000008c400000|  0%| F|  |TAMS 0x000000008c300000, 0x000000008c300000| Untracked 
| 196|0x000000008c400000, 0x000000008c400000, 0x000000008c500000|  0%| F|  |TAMS 0x000000008c400000, 0x000000008c400000| Untracked 
| 197|0x000000008c500000, 0x000000008c500000, 0x000000008c600000|  0%| F|  |TAMS 0x000000008c500000, 0x000000008c500000| Untracked 
| 198|0x000000008c600000, 0x000000008c600000, 0x000000008c700000|  0%| F|  |TAMS 0x000000008c600000, 0x000000008c600000| Untracked 
| 199|0x000000008c700000, 0x000000008c700000, 0x000000008c800000|  0%| F|  |TAMS 0x000000008c700000, 0x000000008c700000| Untracked 
| 200|0x000000008c800000, 0x000000008c800000, 0x000000008c900000|  0%| F|  |TAMS 0x000000008c800000, 0x000000008c800000| Untracked 
| 201|0x000000008c900000, 0x000000008c900000, 0x000000008ca00000|  0%| F|  |TAMS 0x000000008c900000, 0x000000008c900000| Untracked 
| 202|0x000000008ca00000, 0x000000008ca00000, 0x000000008cb00000|  0%| F|  |TAMS 0x000000008ca00000, 0x000000008ca00000| Untracked 
| 203|0x000000008cb00000, 0x000000008cb00000, 0x000000008cc00000|  0%| F|  |TAMS 0x000000008cb00000, 0x000000008cb00000| Untracked 
| 204|0x000000008cc00000, 0x000000008cc00000, 0x000000008cd00000|  0%| F|  |TAMS 0x000000008cc00000, 0x000000008cc00000| Untracked 
| 205|0x000000008cd00000, 0x000000008cd00000, 0x000000008ce00000|  0%| F|  |TAMS 0x000000008cd00000, 0x000000008cd00000| Untracked 
| 206|0x000000008ce00000, 0x000000008ce00000, 0x000000008cf00000|  0%| F|  |TAMS 0x000000008ce00000, 0x000000008ce00000| Untracked 
| 207|0x000000008cf00000, 0x000000008cf00000, 0x000000008d000000|  0%| F|  |TAMS 0x000000008cf00000, 0x000000008cf00000| Untracked 
| 208|0x000000008d000000, 0x000000008d000000, 0x000000008d100000|  0%| F|  |TAMS 0x000000008d000000, 0x000000008d000000| Untracked 
| 209|0x000000008d100000, 0x000000008d100000, 0x000000008d200000|  0%| F|  |TAMS 0x000000008d100000, 0x000000008d100000| Untracked 
| 210|0x000000008d200000, 0x000000008d200000, 0x000000008d300000|  0%| F|  |TAMS 0x000000008d200000, 0x000000008d200000| Untracked 
| 211|0x000000008d300000, 0x000000008d300000, 0x000000008d400000|  0%| F|  |TAMS 0x000000008d300000, 0x000000008d300000| Untracked 
| 212|0x000000008d400000, 0x000000008d400000, 0x000000008d500000|  0%| F|  |TAMS 0x000000008d400000, 0x000000008d400000| Untracked 
| 213|0x000000008d500000, 0x000000008d500000, 0x000000008d600000|  0%| F|  |TAMS 0x000000008d500000, 0x000000008d500000| Untracked 
| 214|0x000000008d600000, 0x000000008d600000, 0x000000008d700000|  0%| F|  |TAMS 0x000000008d600000, 0x000000008d600000| Untracked 
| 215|0x000000008d700000, 0x000000008d700000, 0x000000008d800000|  0%| F|  |TAMS 0x000000008d700000, 0x000000008d700000| Untracked 
| 216|0x000000008d800000, 0x000000008d800000, 0x000000008d900000|  0%| F|  |TAMS 0x000000008d800000, 0x000000008d800000| Untracked 
| 217|0x000000008d900000, 0x000000008d900000, 0x000000008da00000|  0%| F|  |TAMS 0x000000008d900000, 0x000000008d900000| Untracked 
| 218|0x000000008da00000, 0x000000008da00000, 0x000000008db00000|  0%| F|  |TAMS 0x000000008da00000, 0x000000008da00000| Untracked 
| 219|0x000000008db00000, 0x000000008db00000, 0x000000008dc00000|  0%| F|  |TAMS 0x000000008db00000, 0x000000008db00000| Untracked 
| 220|0x000000008dc00000, 0x000000008dc00000, 0x000000008dd00000|  0%| F|  |TAMS 0x000000008dc00000, 0x000000008dc00000| Untracked 
| 221|0x000000008dd00000, 0x000000008dd00000, 0x000000008de00000|  0%| F|  |TAMS 0x000000008dd00000, 0x000000008dd00000| Untracked 
| 222|0x000000008de00000, 0x000000008de00000, 0x000000008df00000|  0%| F|  |TAMS 0x000000008de00000, 0x000000008de00000| Untracked 
| 223|0x000000008df00000, 0x000000008df00000, 0x000000008e000000|  0%| F|  |TAMS 0x000000008df00000, 0x000000008df00000| Untracked 
| 224|0x000000008e000000, 0x000000008e000000, 0x000000008e100000|  0%| F|  |TAMS 0x000000008e000000, 0x000000008e000000| Untracked 
| 225|0x000000008e100000, 0x000000008e100000, 0x000000008e200000|  0%| F|  |TAMS 0x000000008e100000, 0x000000008e100000| Untracked 
| 226|0x000000008e200000, 0x000000008e200000, 0x000000008e300000|  0%| F|  |TAMS 0x000000008e200000, 0x000000008e200000| Untracked 
| 227|0x000000008e300000, 0x000000008e300000, 0x000000008e400000|  0%| F|  |TAMS 0x000000008e300000, 0x000000008e300000| Untracked 
| 228|0x000000008e400000, 0x000000008e400000, 0x000000008e500000|  0%| F|  |TAMS 0x000000008e400000, 0x000000008e400000| Untracked 
| 229|0x000000008e500000, 0x000000008e500000, 0x000000008e600000|  0%| F|  |TAMS 0x000000008e500000, 0x000000008e500000| Untracked 
| 230|0x000000008e600000, 0x000000008e600000, 0x000000008e700000|  0%| F|  |TAMS 0x000000008e600000, 0x000000008e600000| Untracked 
| 231|0x000000008e700000, 0x000000008e700000, 0x000000008e800000|  0%| F|  |TAMS 0x000000008e700000, 0x000000008e700000| Untracked 
| 232|0x000000008e800000, 0x000000008e800000, 0x000000008e900000|  0%| F|  |TAMS 0x000000008e800000, 0x000000008e800000| Untracked 
| 233|0x000000008e900000, 0x000000008e900000, 0x000000008ea00000|  0%| F|  |TAMS 0x000000008e900000, 0x000000008e900000| Untracked 
| 234|0x000000008ea00000, 0x000000008ea00000, 0x000000008eb00000|  0%| F|  |TAMS 0x000000008ea00000, 0x000000008ea00000| Untracked 
| 235|0x000000008eb00000, 0x000000008eb00000, 0x000000008ec00000|  0%| F|  |TAMS 0x000000008eb00000, 0x000000008eb00000| Untracked 
| 236|0x000000008ec00000, 0x000000008ec00000, 0x000000008ed00000|  0%| F|  |TAMS 0x000000008ec00000, 0x000000008ec00000| Untracked 
| 237|0x000000008ed00000, 0x000000008ed00000, 0x000000008ee00000|  0%| F|  |TAMS 0x000000008ed00000, 0x000000008ed00000| Untracked 
| 238|0x000000008ee00000, 0x000000008ee00000, 0x000000008ef00000|  0%| F|  |TAMS 0x000000008ee00000, 0x000000008ee00000| Untracked 
| 239|0x000000008ef00000, 0x000000008ef00000, 0x000000008f000000|  0%| F|  |TAMS 0x000000008ef00000, 0x000000008ef00000| Untracked 
| 240|0x000000008f000000, 0x000000008f000000, 0x000000008f100000|  0%| F|  |TAMS 0x000000008f000000, 0x000000008f000000| Untracked 
| 241|0x000000008f100000, 0x000000008f100000, 0x000000008f200000|  0%| F|  |TAMS 0x000000008f100000, 0x000000008f100000| Untracked 
| 242|0x000000008f200000, 0x000000008f200000, 0x000000008f300000|  0%| F|  |TAMS 0x000000008f200000, 0x000000008f200000| Untracked 
| 243|0x000000008f300000, 0x000000008f300000, 0x000000008f400000|  0%| F|  |TAMS 0x000000008f300000, 0x000000008f300000| Untracked 
| 244|0x000000008f400000, 0x000000008f400000, 0x000000008f500000|  0%| F|  |TAMS 0x000000008f400000, 0x000000008f400000| Untracked 
| 245|0x000000008f500000, 0x000000008f500000, 0x000000008f600000|  0%| F|  |TAMS 0x000000008f500000, 0x000000008f500000| Untracked 
| 246|0x000000008f600000, 0x000000008f600000, 0x000000008f700000|  0%| F|  |TAMS 0x000000008f600000, 0x000000008f600000| Untracked 
| 247|0x000000008f700000, 0x000000008f700000, 0x000000008f800000|  0%| F|  |TAMS 0x000000008f700000, 0x000000008f700000| Untracked 
| 248|0x000000008f800000, 0x000000008f800000, 0x000000008f900000|  0%| F|  |TAMS 0x000000008f800000, 0x000000008f800000| Untracked 
| 249|0x000000008f900000, 0x000000008f900000, 0x000000008fa00000|  0%| F|  |TAMS 0x000000008f900000, 0x000000008f900000| Untracked 
| 250|0x000000008fa00000, 0x000000008fa00000, 0x000000008fb00000|  0%| F|  |TAMS 0x000000008fa00000, 0x000000008fa00000| Untracked 
| 251|0x000000008fb00000, 0x000000008fb00000, 0x000000008fc00000|  0%| F|  |TAMS 0x000000008fb00000, 0x000000008fb00000| Untracked 
| 252|0x000000008fc00000, 0x000000008fc00000, 0x000000008fd00000|  0%| F|  |TAMS 0x000000008fc00000, 0x000000008fc00000| Untracked 
| 253|0x000000008fd00000, 0x000000008fd00000, 0x000000008fe00000|  0%| F|  |TAMS 0x000000008fd00000, 0x000000008fd00000| Untracked 
| 254|0x000000008fe00000, 0x000000008fe00000, 0x000000008ff00000|  0%| F|  |TAMS 0x000000008fe00000, 0x000000008fe00000| Untracked 
| 255|0x000000008ff00000, 0x000000008ff00000, 0x0000000090000000|  0%| F|  |TAMS 0x000000008ff00000, 0x000000008ff00000| Untracked 
| 256|0x0000000090000000, 0x0000000090000000, 0x0000000090100000|  0%| F|  |TAMS 0x0000000090000000, 0x0000000090000000| Untracked 
| 257|0x0000000090100000, 0x0000000090100000, 0x0000000090200000|  0%| F|  |TAMS 0x0000000090100000, 0x0000000090100000| Untracked 
| 258|0x0000000090200000, 0x0000000090200000, 0x0000000090300000|  0%| F|  |TAMS 0x0000000090200000, 0x0000000090200000| Untracked 
| 259|0x0000000090300000, 0x0000000090300000, 0x0000000090400000|  0%| F|  |TAMS 0x0000000090300000, 0x0000000090300000| Untracked 
| 260|0x0000000090400000, 0x0000000090400000, 0x0000000090500000|  0%| F|  |TAMS 0x0000000090400000, 0x0000000090400000| Untracked 
| 261|0x0000000090500000, 0x0000000090500000, 0x0000000090600000|  0%| F|  |TAMS 0x0000000090500000, 0x0000000090500000| Untracked 
| 262|0x0000000090600000, 0x0000000090600000, 0x0000000090700000|  0%| F|  |TAMS 0x0000000090600000, 0x0000000090600000| Untracked 
| 263|0x0000000090700000, 0x0000000090700000, 0x0000000090800000|  0%| F|  |TAMS 0x0000000090700000, 0x0000000090700000| Untracked 
| 264|0x0000000090800000, 0x0000000090800000, 0x0000000090900000|  0%| F|  |TAMS 0x0000000090800000, 0x0000000090800000| Untracked 
| 265|0x0000000090900000, 0x0000000090900000, 0x0000000090a00000|  0%| F|  |TAMS 0x0000000090900000, 0x0000000090900000| Untracked 
| 266|0x0000000090a00000, 0x0000000090a00000, 0x0000000090b00000|  0%| F|  |TAMS 0x0000000090a00000, 0x0000000090a00000| Untracked 
| 267|0x0000000090b00000, 0x0000000090b00000, 0x0000000090c00000|  0%| F|  |TAMS 0x0000000090b00000, 0x0000000090b00000| Untracked 
| 268|0x0000000090c00000, 0x0000000090c00000, 0x0000000090d00000|  0%| F|  |TAMS 0x0000000090c00000, 0x0000000090c00000| Untracked 
| 269|0x0000000090d00000, 0x0000000090d00000, 0x0000000090e00000|  0%| F|  |TAMS 0x0000000090d00000, 0x0000000090d00000| Untracked 
| 270|0x0000000090e00000, 0x0000000090e00000, 0x0000000090f00000|  0%| F|  |TAMS 0x0000000090e00000, 0x0000000090e00000| Untracked 
| 271|0x0000000090f00000, 0x0000000090f00000, 0x0000000091000000|  0%| F|  |TAMS 0x0000000090f00000, 0x0000000090f00000| Untracked 
| 272|0x0000000091000000, 0x0000000091000000, 0x0000000091100000|  0%| F|  |TAMS 0x0000000091000000, 0x0000000091000000| Untracked 
| 273|0x0000000091100000, 0x0000000091100000, 0x0000000091200000|  0%| F|  |TAMS 0x0000000091100000, 0x0000000091100000| Untracked 
| 274|0x0000000091200000, 0x0000000091280800, 0x0000000091300000| 50%| E|  |TAMS 0x0000000091200000, 0x0000000091200000| Complete 
| 275|0x0000000091300000, 0x0000000091400000, 0x0000000091400000|100%| E|CS|TAMS 0x0000000091300000, 0x0000000091300000| Complete 
| 276|0x0000000091400000, 0x0000000091500000, 0x0000000091500000|100%| E|CS|TAMS 0x0000000091400000, 0x0000000091400000| Complete 
| 277|0x0000000091500000, 0x0000000091600000, 0x0000000091600000|100%| E|CS|TAMS 0x0000000091500000, 0x0000000091500000| Complete 
| 278|0x0000000091600000, 0x0000000091700000, 0x0000000091700000|100%| E|CS|TAMS 0x0000000091600000, 0x0000000091600000| Complete 
| 279|0x0000000091700000, 0x0000000091800000, 0x0000000091800000|100%| E|CS|TAMS 0x0000000091700000, 0x0000000091700000| Complete 
| 280|0x0000000091800000, 0x0000000091900000, 0x0000000091900000|100%| E|CS|TAMS 0x0000000091800000, 0x0000000091800000| Complete 
| 281|0x0000000091900000, 0x0000000091a00000, 0x0000000091a00000|100%| E|CS|TAMS 0x0000000091900000, 0x0000000091900000| Complete 
| 282|0x0000000091a00000, 0x0000000091b00000, 0x0000000091b00000|100%| E|CS|TAMS 0x0000000091a00000, 0x0000000091a00000| Complete 
| 283|0x0000000091b00000, 0x0000000091c00000, 0x0000000091c00000|100%| E|CS|TAMS 0x0000000091b00000, 0x0000000091b00000| Complete 
| 284|0x0000000091c00000, 0x0000000091d00000, 0x0000000091d00000|100%| E|CS|TAMS 0x0000000091c00000, 0x0000000091c00000| Complete 
| 285|0x0000000091d00000, 0x0000000091e00000, 0x0000000091e00000|100%| E|CS|TAMS 0x0000000091d00000, 0x0000000091d00000| Complete 
| 286|0x0000000091e00000, 0x0000000091f00000, 0x0000000091f00000|100%| E|CS|TAMS 0x0000000091e00000, 0x0000000091e00000| Complete 
| 287|0x0000000091f00000, 0x0000000092000000, 0x0000000092000000|100%| E|CS|TAMS 0x0000000091f00000, 0x0000000091f00000| Complete 
| 288|0x0000000092000000, 0x0000000092100000, 0x0000000092100000|100%| E|CS|TAMS 0x0000000092000000, 0x0000000092000000| Complete 
| 289|0x0000000092100000, 0x0000000092200000, 0x0000000092200000|100%| E|CS|TAMS 0x0000000092100000, 0x0000000092100000| Complete 
| 290|0x0000000092200000, 0x0000000092300000, 0x0000000092300000|100%| E|CS|TAMS 0x0000000092200000, 0x0000000092200000| Complete 
| 291|0x0000000092300000, 0x0000000092400000, 0x0000000092400000|100%| E|CS|TAMS 0x0000000092300000, 0x0000000092300000| Complete 
| 292|0x0000000092400000, 0x0000000092500000, 0x0000000092500000|100%| E|CS|TAMS 0x0000000092400000, 0x0000000092400000| Complete 
| 293|0x0000000092500000, 0x0000000092600000, 0x0000000092600000|100%| E|CS|TAMS 0x0000000092500000, 0x0000000092500000| Complete 
| 294|0x0000000092600000, 0x0000000092700000, 0x0000000092700000|100%| E|CS|TAMS 0x0000000092600000, 0x0000000092600000| Complete 
| 295|0x0000000092700000, 0x0000000092800000, 0x0000000092800000|100%| E|CS|TAMS 0x0000000092700000, 0x0000000092700000| Complete 
| 296|0x0000000092800000, 0x0000000092900000, 0x0000000092900000|100%| E|CS|TAMS 0x0000000092800000, 0x0000000092800000| Complete 
| 297|0x0000000092900000, 0x0000000092a00000, 0x0000000092a00000|100%| E|CS|TAMS 0x0000000092900000, 0x0000000092900000| Complete 
| 298|0x0000000092a00000, 0x0000000092b00000, 0x0000000092b00000|100%| E|CS|TAMS 0x0000000092a00000, 0x0000000092a00000| Complete 
| 299|0x0000000092b00000, 0x0000000092c00000, 0x0000000092c00000|100%| E|CS|TAMS 0x0000000092b00000, 0x0000000092b00000| Complete 
| 300|0x0000000092c00000, 0x0000000092d00000, 0x0000000092d00000|100%| E|CS|TAMS 0x0000000092c00000, 0x0000000092c00000| Complete 
| 301|0x0000000092d00000, 0x0000000092e00000, 0x0000000092e00000|100%| E|CS|TAMS 0x0000000092d00000, 0x0000000092d00000| Complete 
| 302|0x0000000092e00000, 0x0000000092f00000, 0x0000000092f00000|100%| E|CS|TAMS 0x0000000092e00000, 0x0000000092e00000| Complete 
| 303|0x0000000092f00000, 0x0000000093000000, 0x0000000093000000|100%| E|CS|TAMS 0x0000000092f00000, 0x0000000092f00000| Complete 
| 304|0x0000000093000000, 0x0000000093100000, 0x0000000093100000|100%| E|CS|TAMS 0x0000000093000000, 0x0000000093000000| Complete 
| 305|0x0000000093100000, 0x0000000093200000, 0x0000000093200000|100%| E|CS|TAMS 0x0000000093100000, 0x0000000093100000| Complete 
| 306|0x0000000093200000, 0x0000000093300000, 0x0000000093300000|100%| E|CS|TAMS 0x0000000093200000, 0x0000000093200000| Complete 
| 307|0x0000000093300000, 0x0000000093400000, 0x0000000093400000|100%| E|CS|TAMS 0x0000000093300000, 0x0000000093300000| Complete 

Card table byte_map: [0x000001b7e79b0000,0x000001b7e7db0000] _byte_map_base: 0x000001b7e75b0000

Marking Bits (Prev, Next): (CMBitMap*) 0x000001b7d5143ce0, (CMBitMap*) 0x000001b7d5143d20
 Prev Bits: [0x000001b7e81b0000, 0x000001b7ea1b0000)
 Next Bits: [0x000001b7ea1b0000, 0x000001b7ec1b0000)

Polling page: 0x000001b7d2ff0000

Metaspace:

Usage:
  Non-class:     70.09 MB used.
      Class:     10.42 MB used.
       Both:     80.52 MB used.

Virtual space:
  Non-class space:       72.00 MB reserved,      70.44 MB ( 98%) committed,  9 nodes.
      Class space:        1.00 GB reserved,      10.75 MB (  1%) committed,  1 nodes.
             Both:        1.07 GB reserved,      81.19 MB (  7%) committed. 

Chunk freelists:
   Non-Class:  736.00 KB
       Class:  1.22 MB
        Both:  1.94 MB

MaxMetaspaceSize: unlimited
CompressedClassSpaceSize: 1.00 GB
Initial GC threshold: 21.00 MB
Current GC threshold: 91.81 MB
CDS: off
MetaspaceReclaimPolicy: balanced
 - commit_granule_bytes: 65536.
 - commit_granule_words: 8192.
 - virtual_space_node_default_size: 1048576.
 - enlarge_chunks_in_place: 1.
 - new_chunks_are_fully_committed: 0.
 - uncommit_free_chunks: 1.
 - use_allocation_guard: 0.
 - handle_deallocations: 1.


Internal statistics:

num_allocs_failed_limit: 3.
num_arena_births: 762.
num_arena_deaths: 0.
num_vsnodes_births: 10.
num_vsnodes_deaths: 0.
num_space_committed: 1299.
num_space_uncommitted: 0.
num_chunks_returned_to_freelist: 3.
num_chunks_taken_from_freelist: 3431.
num_chunk_merges: 3.
num_chunk_splits: 2254.
num_chunks_enlarged: 1523.
num_purges: 0.
num_inconsistent_stats: 0.

CodeHeap 'non-profiled nmethods': size=120000Kb used=10074Kb max_used=10074Kb free=109925Kb
 bounds [0x000001b7e0080000, 0x000001b7e0a60000, 0x000001b7e75b0000]
CodeHeap 'profiled nmethods': size=120000Kb used=20793Kb max_used=20793Kb free=99206Kb
 bounds [0x000001b7d85b0000, 0x000001b7d9a60000, 0x000001b7dfae0000]
CodeHeap 'non-nmethods': size=5760Kb used=2406Kb max_used=2471Kb free=3353Kb
 bounds [0x000001b7dfae0000, 0x000001b7dfd50000, 0x000001b7e0080000]
 total_blobs=11777 nmethods=10836 adapters=853
 compilation: enabled
              stopped_count=0, restarted_count=0
 full_count=0

Compilation events (20 events):
Event: 205.451 Thread 0x000001b7ef021f70 13576       3       java.util.TreeMap::<init> (20 bytes)
Event: 205.451 Thread 0x000001b7ef021f70 nmethod 13576 0x000001b7d9355210 code [0x000001b7d93553c0, 0x000001b7d93555f8]
Event: 205.452 Thread 0x000001b7ef021f70 13577       1       com.sun.jmx.mbeanserver.MXBeanMapping::getOpenType (5 bytes)
Event: 205.452 Thread 0x000001b7ef021f70 nmethod 13577 0x000001b7e0a55410 code [0x000001b7e0a555a0, 0x000001b7e0a55678]
Event: 205.454 Thread 0x000001b7ef021f70 13578       3       javax.management.ImmutableDescriptor::findNonEmpty (27 bytes)
Event: 205.454 Thread 0x000001b7ef021f70 nmethod 13578 0x000001b7d9354c90 code [0x000001b7d9354e40, 0x000001b7d93550a8]
Event: 205.454 Thread 0x000001b7ef021f70 13579       3       javax.management.ImmutableDescriptor::isEmpty (46 bytes)
Event: 205.455 Thread 0x000001b7ef021f70 nmethod 13579 0x000001b7d9407810 code [0x000001b7d9407a00, 0x000001b7d94080a8]
Event: 205.456 Thread 0x000001b7ef021f70 13580       3       javax.management.ObjectName::getInstance (9 bytes)
Event: 205.457 Thread 0x000001b7ef021f70 nmethod 13580 0x000001b7d9354790 code [0x000001b7d9354940, 0x000001b7d9354b88]
Event: 205.457 Thread 0x000001b7ef021f70 13581       3       javax.management.StandardMBean::equal (23 bytes)
Event: 205.457 Thread 0x000001b7ef021f70 nmethod 13581 0x000001b7d9354290 code [0x000001b7d9354440, 0x000001b7d93546e8]
Event: 205.458 Thread 0x000001b7ef021f70 13582       3       java.util.TreeMap::entrySet (27 bytes)
Event: 205.458 Thread 0x000001b7ef021f70 nmethod 13582 0x000001b7d9407110 code [0x000001b7d94072e0, 0x000001b7d94076d8]
Event: 205.458 Thread 0x000001b7ef021f70 13584       3       javax.management.ImmutableDescriptor::getFieldValue (87 bytes)
Event: 205.460 Thread 0x000001b7ef021f70 nmethod 13584 0x000001b7d9405d90 code [0x000001b7d9406040, 0x000001b7d9406c88]
Event: 205.460 Thread 0x000001b7ef021f70 13583       3       java.util.TreeMap$EntrySet::iterator (19 bytes)
Event: 205.460 Thread 0x000001b7ef021f70 nmethod 13583 0x000001b7d9405490 code [0x000001b7d9405660, 0x000001b7d9405b78]
Event: 205.460 Thread 0x000001b7ef021f70 13585       1       java.util.logging.Level::intValue (5 bytes)
Event: 205.460 Thread 0x000001b7ef021f70 nmethod 13585 0x000001b7e0a55710 code [0x000001b7e0a558a0, 0x000001b7e0a55978]

GC Heap History (20 events):
Event: 183.288 GC heap before
{Heap before GC invocations=157 (full 0):
 garbage-first heap   total 315392K, used 271355K [0x0000000080000000, 0x0000000100000000)
  region size 1024K, 154 young (157696K), 11 survivors (11264K)
 Metaspace       used 73636K, committed 74240K, reserved 1114112K
  class space    used 9475K, committed 9728K, reserved 1048576K
}
Event: 183.295 GC heap after
{Heap after GC invocations=158 (full 0):
 garbage-first heap   total 315392K, used 125792K [0x0000000080000000, 0x0000000100000000)
  region size 1024K, 11 young (11264K), 11 survivors (11264K)
 Metaspace       used 73636K, committed 74240K, reserved 1114112K
  class space    used 9475K, committed 9728K, reserved 1048576K
}
Event: 184.691 GC heap before
{Heap before GC invocations=158 (full 0):
 garbage-first heap   total 315392K, used 272224K [0x0000000080000000, 0x0000000100000000)
  region size 1024K, 153 young (156672K), 11 survivors (11264K)
 Metaspace       used 73642K, committed 74240K, reserved 1114112K
  class space    used 9477K, committed 9728K, reserved 1048576K
}
Event: 184.693 GC heap after
{Heap after GC invocations=159 (full 0):
 garbage-first heap   total 315392K, used 113615K [0x0000000080000000, 0x0000000100000000)
  region size 1024K, 2 young (2048K), 2 survivors (2048K)
 Metaspace       used 73642K, committed 74240K, reserved 1114112K
  class space    used 9477K, committed 9728K, reserved 1048576K
}
Event: 189.355 GC heap before
{Heap before GC invocations=159 (full 0):
 garbage-first heap   total 315392K, used 281551K [0x0000000080000000, 0x0000000100000000)
  region size 1024K, 164 young (167936K), 2 survivors (2048K)
 Metaspace       used 73642K, committed 74240K, reserved 1114112K
  class space    used 9477K, committed 9728K, reserved 1048576K
}
Event: 189.359 GC heap after
{Heap after GC invocations=160 (full 0):
 garbage-first heap   total 315392K, used 111773K [0x0000000080000000, 0x0000000100000000)
  region size 1024K, 2 young (2048K), 2 survivors (2048K)
 Metaspace       used 73642K, committed 74240K, reserved 1114112K
  class space    used 9477K, committed 9728K, reserved 1048576K
}
Event: 190.602 GC heap before
{Heap before GC invocations=160 (full 0):
 garbage-first heap   total 315392K, used 279709K [0x0000000080000000, 0x0000000100000000)
  region size 1024K, 165 young (168960K), 2 survivors (2048K)
 Metaspace       used 73642K, committed 74240K, reserved 1114112K
  class space    used 9477K, committed 9728K, reserved 1048576K
}
Event: 190.605 GC heap after
{Heap after GC invocations=161 (full 0):
 garbage-first heap   total 315392K, used 113228K [0x0000000080000000, 0x0000000100000000)
  region size 1024K, 2 young (2048K), 2 survivors (2048K)
 Metaspace       used 73642K, committed 74240K, reserved 1114112K
  class space    used 9477K, committed 9728K, reserved 1048576K
}
Event: 192.123 GC heap before
{Heap before GC invocations=161 (full 0):
 garbage-first heap   total 315392K, used 279116K [0x0000000080000000, 0x0000000100000000)
  region size 1024K, 164 young (167936K), 2 survivors (2048K)
 Metaspace       used 73660K, committed 74240K, reserved 1114112K
  class space    used 9477K, committed 9728K, reserved 1048576K
}
Event: 192.126 GC heap after
{Heap after GC invocations=162 (full 0):
 garbage-first heap   total 315392K, used 111616K [0x0000000080000000, 0x0000000100000000)
  region size 1024K, 1 young (1024K), 1 survivors (1024K)
 Metaspace       used 73660K, committed 74240K, reserved 1114112K
  class space    used 9477K, committed 9728K, reserved 1048576K
}
Event: 193.485 GC heap before
{Heap before GC invocations=162 (full 0):
 garbage-first heap   total 315392K, used 283648K [0x0000000080000000, 0x0000000100000000)
  region size 1024K, 165 young (168960K), 1 survivors (1024K)
 Metaspace       used 73660K, committed 74240K, reserved 1114112K
  class space    used 9477K, committed 9728K, reserved 1048576K
}
Event: 193.488 GC heap after
{Heap after GC invocations=163 (full 0):
 garbage-first heap   total 315392K, used 117204K [0x0000000080000000, 0x0000000100000000)
  region size 1024K, 3 young (3072K), 3 survivors (3072K)
 Metaspace       used 73660K, committed 74240K, reserved 1114112K
  class space    used 9477K, committed 9728K, reserved 1048576K
}
Event: 194.797 GC heap before
{Heap before GC invocations=163 (full 0):
 garbage-first heap   total 315392K, used 277972K [0x0000000080000000, 0x0000000100000000)
  region size 1024K, 160 young (163840K), 3 survivors (3072K)
 Metaspace       used 73660K, committed 74240K, reserved 1114112K
  class space    used 9477K, committed 9728K, reserved 1048576K
}
Event: 194.802 GC heap after
{Heap after GC invocations=164 (full 0):
 garbage-first heap   total 315392K, used 119473K [0x0000000080000000, 0x0000000100000000)
  region size 1024K, 5 young (5120K), 5 survivors (5120K)
 Metaspace       used 73660K, committed 74240K, reserved 1114112K
  class space    used 9477K, committed 9728K, reserved 1048576K
}
Event: 195.895 GC heap before
{Heap before GC invocations=164 (full 0):
 garbage-first heap   total 315392K, used 277169K [0x0000000080000000, 0x0000000100000000)
  region size 1024K, 159 young (162816K), 5 survivors (5120K)
 Metaspace       used 73661K, committed 74240K, reserved 1114112K
  class space    used 9477K, committed 9728K, reserved 1048576K
}
Event: 195.898 GC heap after
{Heap after GC invocations=165 (full 0):
 garbage-first heap   total 315392K, used 111767K [0x0000000080000000, 0x0000000100000000)
  region size 1024K, 1 young (1024K), 1 survivors (1024K)
 Metaspace       used 73661K, committed 74240K, reserved 1114112K
  class space    used 9477K, committed 9728K, reserved 1048576K
}
Event: 197.093 GC heap before
{Heap before GC invocations=165 (full 0):
 garbage-first heap   total 315392K, used 278679K [0x0000000080000000, 0x0000000100000000)
  region size 1024K, 164 young (167936K), 1 survivors (1024K)
 Metaspace       used 73661K, committed 74240K, reserved 1114112K
  class space    used 9477K, committed 9728K, reserved 1048576K
}
Event: 197.096 GC heap after
{Heap after GC invocations=166 (full 0):
 garbage-first heap   total 315392K, used 111677K [0x0000000080000000, 0x0000000100000000)
  region size 1024K, 1 young (1024K), 1 survivors (1024K)
 Metaspace       used 73661K, committed 74240K, reserved 1114112K
  class space    used 9477K, committed 9728K, reserved 1048576K
}
Event: 204.455 GC heap before
{Heap before GC invocations=166 (full 0):
 garbage-first heap   total 315392K, used 290877K [0x0000000080000000, 0x0000000100000000)
  region size 1024K, 165 young (168960K), 1 survivors (1024K)
 Metaspace       used 78007K, committed 78720K, reserved 1122304K
  class space    used 10056K, committed 10368K, reserved 1048576K
}
Event: 204.494 GC heap after
{Heap after GC invocations=167 (full 0):
 garbage-first heap   total 315392K, used 132776K [0x0000000080000000, 0x0000000100000000)
  region size 1024K, 11 young (11264K), 11 survivors (11264K)
 Metaspace       used 78007K, committed 78720K, reserved 1122304K
  class space    used 10056K, committed 10368K, reserved 1048576K
}

Dll operation events (3 events):
Event: 0.148 Loaded shared library C:\Program Files\Android\Android Studio2\jbr\bin\java.dll
Event: 0.510 Loaded shared library C:\Program Files\Android\Android Studio2\jbr\bin\zip.dll
Event: 1.461 Loaded shared library C:\Program Files\Android\Android Studio2\jbr\bin\verify.dll

Deoptimization events (20 events):
Event: 205.441 Thread 0x000001b7f09294f0 Uncommon trap: trap_request=0xffffffd6 fr.pc=0x000001b7e0a4aab8 relative=0x0000000000002bf8
Event: 205.441 Thread 0x000001b7f09294f0 Uncommon trap: reason=array_check action=maybe_recompile pc=0x000001b7e0a4aab8 method=java.util.TimSort.reverseRange([Ljava/lang/Object;II)V @ 20 c2
Event: 205.442 Thread 0x000001b7f09294f0 DEOPT PACKING pc=0x000001b7e0a4aab8 sp=0x0000009db07f3040
Event: 205.442 Thread 0x000001b7f09294f0 DEOPT UNPACKING pc=0x000001b7dfb369a3 sp=0x0000009db07f2ef8 mode 2
Event: 205.443 Thread 0x000001b7f09294f0 Uncommon trap: trap_request=0xffffffd6 fr.pc=0x000001b7e0a4aab8 relative=0x0000000000002bf8
Event: 205.443 Thread 0x000001b7f09294f0 Uncommon trap: reason=array_check action=maybe_recompile pc=0x000001b7e0a4aab8 method=java.util.TimSort.reverseRange([Ljava/lang/Object;II)V @ 20 c2
Event: 205.443 Thread 0x000001b7f09294f0 DEOPT PACKING pc=0x000001b7e0a4aab8 sp=0x0000009db07f2e80
Event: 205.443 Thread 0x000001b7f09294f0 DEOPT UNPACKING pc=0x000001b7dfb369a3 sp=0x0000009db07f2d38 mode 2
Event: 205.453 Thread 0x000001b7f09294f0 Uncommon trap: trap_request=0xffffffc6 fr.pc=0x000001b7e09d10ac relative=0x000000000000182c
Event: 205.453 Thread 0x000001b7f09294f0 Uncommon trap: reason=bimorphic_or_optimized_type_check action=maybe_recompile pc=0x000001b7e09d10ac method=java.util.stream.Collectors.lambda$uniqKeysMapAccumulator$1(Ljava/util/function/Function;Ljava/util/function/Function;Ljava/util/Map;Ljava/lang/Obj
Event: 205.453 Thread 0x000001b7f09294f0 DEOPT PACKING pc=0x000001b7e09d10ac sp=0x0000009db07f3f30
Event: 205.453 Thread 0x000001b7f09294f0 DEOPT UNPACKING pc=0x000001b7dfb369a3 sp=0x0000009db07f3ef0 mode 2
Event: 205.453 Thread 0x000001b7f09294f0 Uncommon trap: trap_request=0xffffffc6 fr.pc=0x000001b7e09d10ac relative=0x000000000000182c
Event: 205.453 Thread 0x000001b7f09294f0 Uncommon trap: reason=bimorphic_or_optimized_type_check action=maybe_recompile pc=0x000001b7e09d10ac method=java.util.stream.Collectors.lambda$uniqKeysMapAccumulator$1(Ljava/util/function/Function;Ljava/util/function/Function;Ljava/util/Map;Ljava/lang/Obj
Event: 205.453 Thread 0x000001b7f09294f0 DEOPT PACKING pc=0x000001b7e09d10ac sp=0x0000009db07f3f30
Event: 205.453 Thread 0x000001b7f09294f0 DEOPT UNPACKING pc=0x000001b7dfb369a3 sp=0x0000009db07f3ef0 mode 2
Event: 205.453 Thread 0x000001b7f09294f0 Uncommon trap: trap_request=0xffffff45 fr.pc=0x000001b7e09cb3d0 relative=0x0000000000000330
Event: 205.453 Thread 0x000001b7f09294f0 Uncommon trap: reason=unstable_if action=reinterpret pc=0x000001b7e09cb3d0 method=java.util.HashMap$EntrySpliterator.forEachRemaining(Ljava/util/function/Consumer;)V @ 31 c2
Event: 205.453 Thread 0x000001b7f09294f0 DEOPT PACKING pc=0x000001b7e09cb3d0 sp=0x0000009db07f4190
Event: 205.453 Thread 0x000001b7f09294f0 DEOPT UNPACKING pc=0x000001b7dfb369a3 sp=0x0000009db07f4150 mode 2

Classes unloaded (0 events):
No events

Classes redefined (0 events):
No events

Internal exceptions (20 events):
Event: 171.974 Thread 0x000001b7f1953110 Exception <a 'sun/nio/fs/WindowsException'{0x00000000926cd338}> (0x00000000926cd338) 
thrown [s\src\hotspot\share\prims\jni.cpp, line 517]
Event: 171.977 Thread 0x000001b7f1953110 Exception <a 'sun/nio/fs/WindowsException'{0x00000000926cd520}> (0x00000000926cd520) 
thrown [s\src\hotspot\share\prims\jni.cpp, line 517]
Event: 171.979 Thread 0x000001b7f19522a0 Exception <a 'sun/nio/fs/WindowsException'{0x00000000924038a0}> (0x00000000924038a0) 
thrown [s\src\hotspot\share\prims\jni.cpp, line 517]
Event: 172.377 Thread 0x000001b7f19522a0 Exception <a 'sun/nio/fs/WindowsException'{0x000000008f8a6ec0}> (0x000000008f8a6ec0) 
thrown [s\src\hotspot\share\prims\jni.cpp, line 517]
Event: 172.381 Thread 0x000001b7f19522a0 Exception <a 'sun/nio/fs/WindowsException'{0x000000008f8a70a8}> (0x000000008f8a70a8) 
thrown [s\src\hotspot\share\prims\jni.cpp, line 517]
Event: 183.885 Thread 0x000001b7f1951900 Exception <a 'sun/nio/fs/WindowsException'{0x000000008c877be0}> (0x000000008c877be0) 
thrown [s\src\hotspot\share\prims\jni.cpp, line 517]
Event: 183.888 Thread 0x000001b7f1951900 Exception <a 'sun/nio/fs/WindowsException'{0x000000008c877df0}> (0x000000008c877df0) 
thrown [s\src\hotspot\share\prims\jni.cpp, line 517]
Event: 198.790 Thread 0x000001b7f1950f60 Exception <a 'sun/nio/fs/WindowsException'{0x000000008ca07cc0}> (0x000000008ca07cc0) 
thrown [s\src\hotspot\share\prims\jni.cpp, line 517]
Event: 198.820 Thread 0x000001b7f1950f60 Exception <a 'sun/nio/fs/WindowsException'{0x000000008ca33718}> (0x000000008ca33718) 
thrown [s\src\hotspot\share\prims\jni.cpp, line 517]
Event: 198.823 Thread 0x000001b7f1950f60 Exception <a 'sun/nio/fs/WindowsException'{0x000000008ca338b0}> (0x000000008ca338b0) 
thrown [s\src\hotspot\share\prims\jni.cpp, line 517]
Event: 201.509 Thread 0x000001b7f1953110 Exception <a 'sun/nio/fs/WindowsException'{0x000000008be8e0d0}> (0x000000008be8e0d0) 
thrown [s\src\hotspot\share\prims\jni.cpp, line 517]
Event: 201.519 Thread 0x000001b7f1953110 Exception <a 'sun/nio/fs/WindowsException'{0x000000008bec8610}> (0x000000008bec8610) 
thrown [s\src\hotspot\share\prims\jni.cpp, line 517]
Event: 201.521 Thread 0x000001b7f1953110 Exception <a 'sun/nio/fs/WindowsException'{0x000000008bec87b0}> (0x000000008bec87b0) 
thrown [s\src\hotspot\share\prims\jni.cpp, line 517]
Event: 201.702 Thread 0x000001b7f09294f0 Exception <a 'java/lang/ClassNotFoundException'{0x000000008be73210}: build_47h9c56d01vby2ocwqwc7h6xsBeanInfo> (0x000000008be73210) 
thrown [s\src\hotspot\share\classfile\systemDictionary.cpp, line 256]
Event: 201.707 Thread 0x000001b7f09294f0 Exception <a 'java/lang/ClassNotFoundException'{0x000000008be79c50}: build_47h9c56d01vby2ocwqwc7h6xsCustomizer> (0x000000008be79c50) 
thrown [s\src\hotspot\share\classfile\systemDictionary.cpp, line 256]
Event: 203.564 Thread 0x000001b7f09294f0 Exception <a 'java/lang/NoSuchMethodError'{0x000000008a9f0e58}: 'java.lang.Object java.lang.invoke.DirectMethodHandle$Holder.newInvokeSpecial(java.lang.Object, java.lang.Object, java.lang.Object, java.lang.Object, int)'> (0x000000008a9f0e58) 
thrown [s\src\hotspot\share\interpreter\linkResolver.cpp, line 771]
Event: 203.566 Thread 0x000001b7f09294f0 Exception <a 'java/lang/NoSuchMethodError'{0x000000008a9f6258}: 'java.lang.Object java.lang.invoke.DirectMethodHandle$Holder.invokeSpecial(java.lang.Object, java.lang.Object, java.lang.Object, java.lang.Object, java.lang.Object, int)'> (0x000000008a9f6258) 
thrown [s\src\hotspot\share\interpreter\linkResolver.cpp, line 771]
Event: 203.567 Thread 0x000001b7f09294f0 Exception <a 'java/lang/NoSuchMethodError'{0x000000008a9faf90}: 'java.lang.Object java.lang.invoke.Invokers$Holder.linkToTargetMethod(java.lang.Object, java.lang.Object, java.lang.Object, int, java.lang.Object)'> (0x000000008a9faf90) 
thrown [s\src\hotspot\share\interpreter\linkResolver.cpp, line 771]
Event: 204.319 Thread 0x000001b7f09294f0 Exception <a 'java/lang/NoSuchMethodError'{0x000000008957ae18}: 'int java.lang.invoke.DirectMethodHandle$Holder.invokeInterface(java.lang.Object, java.lang.Object, java.lang.Object, java.lang.Object)'> (0x000000008957ae18) 
thrown [s\src\hotspot\share\interpreter\linkResolver.cpp, line 771]
Event: 205.410 Thread 0x000001b7f09294f0 Exception <a 'java/lang/IncompatibleClassChangeError'{0x000000009170e3d8}: Found class java.lang.Object, but interface was expected> (0x000000009170e3d8) 
thrown [s\src\hotspot\share\interpreter\linkResolver.cpp, line 838]

VM Operations (20 events):
Event: 199.099 Executing VM operation: Cleanup
Event: 199.148 Executing VM operation: Cleanup done
Event: 200.154 Executing VM operation: Cleanup
Event: 200.154 Executing VM operation: Cleanup done
Event: 201.162 Executing VM operation: Cleanup
Event: 201.162 Executing VM operation: Cleanup done
Event: 202.165 Executing VM operation: Cleanup
Event: 202.166 Executing VM operation: Cleanup done
Event: 203.176 Executing VM operation: Cleanup
Event: 203.176 Executing VM operation: Cleanup done
Event: 203.741 Executing VM operation: HandshakeAllThreads
Event: 203.742 Executing VM operation: HandshakeAllThreads done
Event: 204.295 Executing VM operation: HandshakeAllThreads
Event: 204.295 Executing VM operation: HandshakeAllThreads done
Event: 204.295 Executing VM operation: Cleanup
Event: 204.296 Executing VM operation: Cleanup done
Event: 204.317 Executing VM operation: HandshakeAllThreads
Event: 204.317 Executing VM operation: HandshakeAllThreads done
Event: 204.454 Executing VM operation: G1CollectForAllocation
Event: 204.494 Executing VM operation: G1CollectForAllocation done

Events (20 events):
Event: 205.449 loading class sun/management/BaseOperatingSystemImpl done
Event: 205.449 loading class com/sun/management/internal/OperatingSystemImpl done
Event: 205.451 loading class javax/management/DescriptorKey
Event: 205.451 loading class javax/management/DescriptorKey done
Event: 205.453 loading class javax/management/StandardEmitterMBean
Event: 205.453 loading class javax/management/StandardEmitterMBean done
Event: 205.457 loading class sun/management/VMManagementImpl$1
Event: 205.457 loading class sun/management/VMManagementImpl$1 done
Event: 205.457 loading class sun/management/CompilationImpl
Event: 205.457 loading class java/lang/management/CompilationMXBean
Event: 205.457 loading class java/lang/management/CompilationMXBean done
Event: 205.458 loading class sun/management/CompilationImpl done
Event: 205.460 loading class sun/management/ManagementFactoryHelper$PlatformLoggingImpl
Event: 205.460 loading class java/lang/management/PlatformLoggingMXBean
Event: 205.460 loading class java/lang/management/PlatformLoggingMXBean done
Event: 205.460 loading class sun/management/ManagementFactoryHelper$PlatformLoggingImpl done
Event: 205.461 loading class java/util/logging/LoggingMXBean
Event: 205.461 loading class java/util/logging/LoggingMXBean done
Event: 205.461 loading class java/util/logging/Logging
Event: 205.462 loading class java/util/logging/Logging done


Dynamic libraries:
0x00007ff691830000 - 0x00007ff69183a000 	C:\Program Files\Android\Android Studio2\jbr\bin\java.exe
0x00007ffa03a30000 - 0x00007ffa03c28000 	C:\WINDOWS\SYSTEM32\ntdll.dll
0x00007ffa02260000 - 0x00007ffa0231f000 	C:\WINDOWS\System32\KERNEL32.DLL
0x00007ffa013f0000 - 0x00007ffa016e6000 	C:\WINDOWS\System32\KERNELBASE.dll
0x0000000069b90000 - 0x0000000069c23000 	C:\WINDOWS\System32\SYSFER.DLL
0x00007ffa012a0000 - 0x00007ffa013a0000 	C:\WINDOWS\System32\ucrtbase.dll
0x00007ff9eee20000 - 0x00007ff9eee37000 	C:\Program Files\Android\Android Studio2\jbr\bin\jli.dll
0x00007ff9ebf90000 - 0x00007ff9ebfab000 	C:\Program Files\Android\Android Studio2\jbr\bin\VCRUNTIME140.dll
0x00007ffa028c0000 - 0x00007ffa02a5d000 	C:\WINDOWS\System32\USER32.dll
0x00007ffa016f0000 - 0x00007ffa01712000 	C:\WINDOWS\System32\win32u.dll
0x00007ffa021c0000 - 0x00007ffa021ec000 	C:\WINDOWS\System32\GDI32.dll
0x00007ffa01110000 - 0x00007ffa01225000 	C:\WINDOWS\System32\gdi32full.dll
0x00007ff9eeeb0000 - 0x00007ff9ef14a000 	C:\WINDOWS\WinSxS\amd64_microsoft.windows.common-controls_6595b64144ccf1df_6.0.19041.1110_none_60b5254171f9507e\COMCTL32.dll
0x00007ffa019f0000 - 0x00007ffa01a8d000 	C:\WINDOWS\System32\msvcp_win.dll
0x00007ffa02770000 - 0x00007ffa0280e000 	C:\WINDOWS\System32\msvcrt.dll
0x00007ffa01b20000 - 0x00007ffa01b50000 	C:\WINDOWS\System32\IMM32.DLL
0x00007ff9f8ed0000 - 0x00007ff9f8edc000 	C:\Program Files\Android\Android Studio2\jbr\bin\vcruntime140_1.dll
0x00007ff9c85c0000 - 0x00007ff9c864d000 	C:\Program Files\Android\Android Studio2\jbr\bin\msvcp140.dll
0x00007ff98dd80000 - 0x00007ff98e9ed000 	C:\Program Files\Android\Android Studio2\jbr\bin\server\jvm.dll
0x00007ffa02810000 - 0x00007ffa028bf000 	C:\WINDOWS\System32\ADVAPI32.dll
0x00007ffa01db0000 - 0x00007ffa01e4c000 	C:\WINDOWS\System32\sechost.dll
0x00007ffa03110000 - 0x00007ffa03236000 	C:\WINDOWS\System32\RPCRT4.dll
0x00007ff9ec390000 - 0x00007ff9ec399000 	C:\WINDOWS\SYSTEM32\WSOCK32.dll
0x00007ffa021f0000 - 0x00007ffa0225b000 	C:\WINDOWS\System32\WS2_32.dll
0x00007ff9edbe0000 - 0x00007ff9edc07000 	C:\WINDOWS\SYSTEM32\WINMM.dll
0x00007ff9f89b0000 - 0x00007ff9f89ba000 	C:\WINDOWS\SYSTEM32\VERSION.dll
0x00007ff9ff960000 - 0x00007ff9ff972000 	C:\WINDOWS\SYSTEM32\kernel.appcore.dll
0x00007ff9eec40000 - 0x00007ff9eec4a000 	C:\Program Files\Android\Android Studio2\jbr\bin\jimage.dll
0x00007ff9ff620000 - 0x00007ff9ff804000 	C:\WINDOWS\SYSTEM32\DBGHELP.DLL
0x00007ff9e7110000 - 0x00007ff9e7144000 	C:\WINDOWS\SYSTEM32\dbgcore.DLL
0x00007ffa01880000 - 0x00007ffa01902000 	C:\WINDOWS\System32\bcryptPrimitives.dll
0x00007ff9faea0000 - 0x00007ff9faeae000 	C:\Program Files\Android\Android Studio2\jbr\bin\instrument.dll
0x00007ff9d81a0000 - 0x00007ff9d81c5000 	C:\Program Files\Android\Android Studio2\jbr\bin\java.dll
0x00007ff9ee3b0000 - 0x00007ff9ee3c8000 	C:\Program Files\Android\Android Studio2\jbr\bin\zip.dll
0x00007ffa03240000 - 0x00007ffa03984000 	C:\WINDOWS\System32\SHELL32.dll
0x00007ff9fedb0000 - 0x00007ff9ff543000 	C:\WINDOWS\SYSTEM32\windows.storage.dll
0x00007ffa023d0000 - 0x00007ffa02724000 	C:\WINDOWS\System32\combase.dll
0x00007ffa00a00000 - 0x00007ffa00a2e000 	C:\WINDOWS\SYSTEM32\Wldp.dll
0x00007ffa02320000 - 0x00007ffa023cd000 	C:\WINDOWS\System32\SHCORE.dll
0x00007ffa01e50000 - 0x00007ffa01ea5000 	C:\WINDOWS\System32\shlwapi.dll
0x00007ffa01050000 - 0x00007ffa0106f000 	C:\WINDOWS\SYSTEM32\profapi.dll
0x00007ff9edaf0000 - 0x00007ff9edb09000 	C:\Program Files\Android\Android Studio2\jbr\bin\net.dll
0x00007ff9f0940000 - 0x00007ff9f0a4a000 	C:\WINDOWS\SYSTEM32\WINHTTP.dll
0x00007ffa007f0000 - 0x00007ffa0085a000 	C:\WINDOWS\system32\mswsock.dll
0x00007ff9ec050000 - 0x00007ff9ec066000 	C:\Program Files\Android\Android Studio2\jbr\bin\nio.dll
0x00007ff9ec890000 - 0x00007ff9ec8a0000 	C:\Program Files\Android\Android Studio2\jbr\bin\verify.dll
0x00007ff9da360000 - 0x00007ff9da387000 	C:\Users\Christiana Renta\.gradle\native\68d5fa5c4cc2d200863cafc0d521ce42e7d3e7ee720ec0a83991735586a16f82\windows-amd64\native-platform.dll
0x00007ff9c7b60000 - 0x00007ff9c7ca4000 	C:\Users\Christiana Renta\.gradle\native\e376f236ea51e6404a007f0833ffe2c6e607c4080706a723a18a27aeea778392\windows-amd64\native-platform-file-events.dll
0x00007ff9ee680000 - 0x00007ff9ee689000 	C:\Program Files\Android\Android Studio2\jbr\bin\management.dll
0x00007ff9edf20000 - 0x00007ff9edf2b000 	C:\Program Files\Android\Android Studio2\jbr\bin\management_ext.dll
0x00007ffa02740000 - 0x00007ffa02748000 	C:\WINDOWS\System32\PSAPI.DLL
0x00007ffa00e00000 - 0x00007ffa00e18000 	C:\WINDOWS\SYSTEM32\CRYPTSP.dll
0x00007ffa000c0000 - 0x00007ffa000f4000 	C:\WINDOWS\system32\rsaenh.dll
0x00007ffa019c0000 - 0x00007ffa019e7000 	C:\WINDOWS\System32\bcrypt.dll
0x00007ffa01010000 - 0x00007ffa0103e000 	C:\WINDOWS\SYSTEM32\USERENV.dll
0x00007ffa00aa0000 - 0x00007ffa00aac000 	C:\WINDOWS\SYSTEM32\CRYPTBASE.dll
0x00007ffa00490000 - 0x00007ffa004cc000 	C:\WINDOWS\SYSTEM32\IPHLPAPI.DLL
0x00007ffa01f80000 - 0x00007ffa01f88000 	C:\WINDOWS\System32\NSI.dll
0x00007ff9f2fd0000 - 0x00007ff9f2fe7000 	C:\WINDOWS\SYSTEM32\dhcpcsvc6.DLL
0x00007ff9f2cf0000 - 0x00007ff9f2d0d000 	C:\WINDOWS\SYSTEM32\dhcpcsvc.DLL
0x00007ffa004e0000 - 0x00007ffa005aa000 	C:\WINDOWS\SYSTEM32\DNSAPI.dll
0x00007ff99cc70000 - 0x00007ff99cc77000 	C:\WINDOWS\system32\wshunix.dll
0x00007ff9efc60000 - 0x00007ff9efc6a000 	C:\Windows\System32\rasadhlp.dll
0x00007ff9ef830000 - 0x00007ff9ef8b2000 	C:\WINDOWS\System32\fwpuclnt.dll

dbghelp: loaded successfully - version: 4.0.5 - missing functions: none
symbol engine: initialized successfully - sym options: 0x614 - pdb path: .;C:\Program Files\Android\Android Studio2\jbr\bin;C:\WINDOWS\SYSTEM32;C:\WINDOWS\WinSxS\amd64_microsoft.windows.common-controls_6595b64144ccf1df_6.0.19041.1110_none_60b5254171f9507e;C:\Program Files\Android\Android Studio2\jbr\bin\server;C:\Users\Christiana Renta\.gradle\native\68d5fa5c4cc2d200863cafc0d521ce42e7d3e7ee720ec0a83991735586a16f82\windows-amd64;C:\Users\Christiana Renta\.gradle\native\e376f236ea51e6404a007f0833ffe2c6e607c4080706a723a18a27aeea778392\windows-amd64

VM Arguments:
jvm_args: --add-opens=java.base/java.util=ALL-UNNAMED --add-opens=java.base/java.lang=ALL-UNNAMED --add-opens=java.base/java.lang.invoke=ALL-UNNAMED --add-opens=java.prefs/java.util.prefs=ALL-UNNAMED --add-opens=java.base/java.nio.charset=ALL-UNNAMED --add-opens=java.base/java.net=ALL-UNNAMED --add-opens=java.base/java.util.concurrent.atomic=ALL-UNNAMED -Xmx2048m -Dfile.encoding=UTF-8 -Duser.country=US -Duser.language=en -Duser.variant -javaagent:C:\Users\Christiana Renta\.gradle\wrapper\dists\gradle-8.2-bin\bbg7u40eoinfdyxsxr3z4i7ta\gradle-8.2\lib\agents\gradle-instrumentation-agent-8.2.jar 
java_command: org.gradle.launcher.daemon.bootstrap.GradleDaemon 8.2
java_class_path (initial): C:\Users\Christiana Renta\.gradle\wrapper\dists\gradle-8.2-bin\bbg7u40eoinfdyxsxr3z4i7ta\gradle-8.2\lib\gradle-launcher-8.2.jar
Launcher Type: SUN_STANDARD

[Global flags]
     intx CICompilerCount                          = 3                                         {product} {ergonomic}
     uint ConcGCThreads                            = 1                                         {product} {ergonomic}
     uint G1ConcRefinementThreads                  = 4                                         {product} {ergonomic}
   size_t G1HeapRegionSize                         = 1048576                                   {product} {ergonomic}
    uintx GCDrainStackTargetSize                   = 64                                        {product} {ergonomic}
   size_t InitialHeapSize                          = 132120576                                 {product} {ergonomic}
   size_t MarkStackSize                            = 4194304                                   {product} {ergonomic}
   size_t MaxHeapSize                              = 2147483648                                {product} {command line}
   size_t MaxNewSize                               = 1287651328                                {product} {ergonomic}
   size_t MinHeapDeltaBytes                        = 1048576                                   {product} {ergonomic}
   size_t MinHeapSize                              = 8388608                                   {product} {ergonomic}
    uintx NonNMethodCodeHeapSize                   = 5832780                                {pd product} {ergonomic}
    uintx NonProfiledCodeHeapSize                  = 122912730                              {pd product} {ergonomic}
    uintx ProfiledCodeHeapSize                     = 122912730                              {pd product} {ergonomic}
    uintx ReservedCodeCacheSize                    = 251658240                              {pd product} {ergonomic}
     bool SegmentedCodeCache                       = true                                      {product} {ergonomic}
   size_t SoftMaxHeapSize                          = 2147483648                             {manageable} {ergonomic}
     bool UseCompressedClassPointers               = true                           {product lp64_product} {ergonomic}
     bool UseCompressedOops                        = true                           {product lp64_product} {ergonomic}
     bool UseG1GC                                  = true                                      {product} {ergonomic}
     bool UseLargePagesIndividualAllocation        = false                                  {pd product} {ergonomic}

Logging:
Log output configuration:
 #0: stdout all=warning uptime,level,tags
 #1: stderr all=off uptime,level,tags

Environment Variables:
PATH=C:\Program Files (x86)\Common Files\Oracle\Java\javapath;C:\MinGW\bin;C:\ProgramData\Oracle\Java\javapath;C:\WINDOWS\system32;C:\WINDOWS;C:\WINDOWS\System32\Wbem;C:\WINDOWS\System32\WindowsPowerShell\v1.0\;C:\Program Files (x86)\OpenVPN\bin;C:\Program Files\PuTTY\;C:\Program Files\MATLAB\R2017a\runtime\win64;C:\Program Files\MATLAB\R2017a\bin;C:\WINDOWS\System32\OpenSSH\;C:\Program Files\IBM\SPSS\Statistics\Subscription\JRE\bin;C:\Program Files\Intel\WiFi\bin\;C:\Program Files\Common Files\Intel\WirelessCommon\;C:\Program Files\Microsoft SQL Server\110\Tools\Binn\;C:\Program Files (x86)\Intel\Intel(R) Management Engine Components\DAL;C:\Program Files\Intel\Intel(R) Management Engine Components\DAL;C:\Program Files\dotnet\;C:\Users\Christiana Renta\AppData\Local\Microsoft\WindowsApps;C:\Program Files\Intel\WiFi\bin\;C:\Program Files\Common Files\Intel\WirelessCommon\;;C:\Users\Christiana Renta\AppData\Local\Programs\Microsoft VS Code\bin
USERNAME=Christiana Renta
OS=Windows_NT
PROCESSOR_IDENTIFIER=Intel64 Family 6 Model 142 Stepping 9, GenuineIntel
TMP=C:\Users\Christiana Renta\AppData\Local\Temp
TEMP=C:\Users\Christiana Renta\AppData\Local\Temp



---------------  S Y S T E M  ---------------

OS:
 Windows 10 , 64 bit Build 19041 (10.0.19041.3031)
OS uptime: 14 days 0:09 hours
Hyper-V role detected

CPU: total 4 (initial active 4) (2 cores per cpu, 2 threads per core) family 6 model 142 stepping 9 microcode 0xec, cx8, cmov, fxsr, ht, mmx, 3dnowpref, sse, sse2, sse3, ssse3, sse4.1, sse4.2, popcnt, lzcnt, tsc, tscinvbit, avx, avx2, aes, erms, clmul, bmi1, bmi2, adx, fma, vzeroupper, clflush, clflushopt, hv

Memory: 4k page, system-wide physical 7990M (349M free)
TotalPageFile size 32566M (AvailPageFile size 5M)
current process WorkingSet (physical memory assigned to process): 374M, peak: 465M
current process commit charge ("private bytes"): 587M, peak: 593M

vm_info: OpenJDK 64-Bit Server VM (17.0.6+0-b2043.56-9586694) for windows-amd64 JRE (17.0.6+0-b2043.56-9586694), built on Feb  9 2023 20:06:20 by "androidbuild" with MS VC++ 16.10 / 16.11 (VS2019)

END.
