#
# There is insufficient memory for the Java Runtime Environment to continue.
# Native memory allocation (mmap) failed to map 94371840 bytes for G1 virtual space
# Possible reasons:
#   The system is out of physical RAM or swap space
#   The process is running with CompressedOops enabled, and the Java Heap may be blocking the growth of the native heap
# Possible solutions:
#   Reduce memory load on the system
#   Increase physical memory or swap space
#   Check if swap backing store is full
#   Decrease Java heap size (-Xmx/-Xms)
#   Decrease number of Java threads
#   Decrease Java thread stack sizes (-Xss)
#   Set larger code cache with -XX:ReservedCodeCacheSize=
#   JVM is running with Unscaled Compressed Oops mode in which the Java heap is
#     placed in the first 4GB address space. The Java Heap base address is the
#     maximum limit for the native heap growth. Please use -XX:HeapBaseMinAddress
#     to set the Java Heap base and to place the Java Heap above 4GB virtual address.
# This output file may be truncated or incomplete.
#
#  Out of Memory Error (os_windows.cpp:3769), pid=102880, tid=95812
#
# JRE version: OpenJDK Runtime Environment (17.0.6) (build 17.0.6+0-b2043.56-9586694)
# Java VM: OpenJDK 64-Bit Server VM (17.0.6+0-b2043.56-9586694, mixed mode, tiered, compressed oops, compressed class ptrs, g1 gc, windows-amd64)
# No core dump will be written. Minidumps are not enabled by default on client versions of Windows
#

---------------  S U M M A R Y ------------

Command Line: --add-opens=java.base/java.util=ALL-UNNAMED --add-opens=java.base/java.lang=ALL-UNNAMED --add-opens=java.base/java.lang.invoke=ALL-UNNAMED --add-opens=java.prefs/java.util.prefs=ALL-UNNAMED --add-opens=java.base/java.nio.charset=ALL-UNNAMED --add-opens=java.base/java.net=ALL-UNNAMED --add-opens=java.base/java.util.concurrent.atomic=ALL-UNNAMED -Xmx2048m -Dfile.encoding=UTF-8 -Duser.country=US -Duser.language=en -Duser.variant -javaagent:C:\Users\Christiana Renta\.gradle\wrapper\dists\gradle-8.2-bin\bbg7u40eoinfdyxsxr3z4i7ta\gradle-8.2\lib\agents\gradle-instrumentation-agent-8.2.jar org.gradle.launcher.daemon.bootstrap.GradleDaemon 8.2

Host: Intel(R) Core(TM) i5-7200U CPU @ 2.50GHz, 4 cores, 7G,  Windows 10 , 64 bit Build 19041 (10.0.19041.3031)
Time: Thu Jul  6 13:35:54 2023 GTB Daylight Time elapsed time: 73.497083 seconds (0d 0h 1m 13s)

---------------  T H R E A D  ---------------

Current thread (0x000002457ef988a0):  VMThread "VM Thread" [stack: 0x000000d342f00000,0x000000d343000000] [id=95812]

Stack: [0x000000d342f00000,0x000000d343000000]
Native frames: (J=compiled Java code, j=interpreted, Vv=VM code, C=native code)
V  [jvm.dll+0x683b4a]
V  [jvm.dll+0x842654]
V  [jvm.dll+0x843dfe]
V  [jvm.dll+0x844463]
V  [jvm.dll+0x249b75]
V  [jvm.dll+0x680a19]
V  [jvm.dll+0x674f0a]
V  [jvm.dll+0x309acb]
V  [jvm.dll+0x310f86]
V  [jvm.dll+0x3608ee]
V  [jvm.dll+0x360b1f]
V  [jvm.dll+0x2dfbf8]
V  [jvm.dll+0x2ddec4]
V  [jvm.dll+0x2dd4cc]
V  [jvm.dll+0x321f3b]
V  [jvm.dll+0x84893b]
V  [jvm.dll+0x849674]
V  [jvm.dll+0x849b8d]
V  [jvm.dll+0x849f64]
V  [jvm.dll+0x84a030]
V  [jvm.dll+0x7f25fa]
V  [jvm.dll+0x682985]
C  [ucrtbase.dll+0x21bb2]
C  [KERNEL32.DLL+0x17614]
C  [ntdll.dll+0x526f1]

VM_Operation (0x000000d3450fcb60): G1CollectForAllocation, mode: safepoint, requested by thread 0x000002450f0e2ed0


---------------  P R O C E S S  ---------------

Threads class SMR info:
_java_thread_list=0x00000245113ccd90, length=38, elements={
0x0000024572a66480, 0x000002457efbc620, 0x000002457efbdd70, 0x000002457efca4a0,
0x000002457efcb050, 0x000002457efcdc10, 0x000002457efce5c0, 0x000002457f8352f0,
0x000002457f838540, 0x000002457f84ea90, 0x000002457f91cda0, 0x000002457fb31020,
0x000002451119cc40, 0x0000024511557aa0, 0x00000245105bb340, 0x0000024511fa1820,
0x0000024511669820, 0x000002450f857890, 0x000002451074c8d0, 0x000002450ff04520,
0x000002450f0e3870, 0x000002450f0e5080, 0x000002450f0e5a20, 0x000002450f0e2530,
0x000002450f0e46e0, 0x000002450f0e3d40, 0x000002450f0e4210, 0x000002450f0e5550,
0x000002450f0e2060, 0x000002450f0e2a00, 0x000002450f0e2ed0, 0x000002450f0e33a0,
0x0000024511b363a0, 0x0000024511b32510, 0x0000024511b35060, 0x0000024511b35530,
0x0000024511b329e0, 0x0000024511b346c0
}

Java Threads: ( => current thread )
  0x0000024572a66480 JavaThread "main" [_thread_blocked, id=104208, stack(0x000000d342900000,0x000000d342a00000)]
  0x000002457efbc620 JavaThread "Reference Handler" daemon [_thread_blocked, id=108220, stack(0x000000d343000000,0x000000d343100000)]
  0x000002457efbdd70 JavaThread "Finalizer" daemon [_thread_blocked, id=114608, stack(0x000000d343100000,0x000000d343200000)]
  0x000002457efca4a0 JavaThread "Signal Dispatcher" daemon [_thread_blocked, id=109336, stack(0x000000d343200000,0x000000d343300000)]
  0x000002457efcb050 JavaThread "Attach Listener" daemon [_thread_blocked, id=44312, stack(0x000000d343300000,0x000000d343400000)]
  0x000002457efcdc10 JavaThread "Service Thread" daemon [_thread_blocked, id=109004, stack(0x000000d343400000,0x000000d343500000)]
  0x000002457efce5c0 JavaThread "Monitor Deflation Thread" daemon [_thread_blocked, id=93268, stack(0x000000d343500000,0x000000d343600000)]
  0x000002457f8352f0 JavaThread "C2 CompilerThread0" daemon [_thread_blocked, id=31808, stack(0x000000d343600000,0x000000d343700000)]
  0x000002457f838540 JavaThread "C1 CompilerThread0" daemon [_thread_blocked, id=46228, stack(0x000000d343700000,0x000000d343800000)]
  0x000002457f84ea90 JavaThread "Sweeper thread" daemon [_thread_blocked, id=83780, stack(0x000000d343800000,0x000000d343900000)]
  0x000002457f91cda0 JavaThread "Common-Cleaner" daemon [_thread_blocked, id=92600, stack(0x000000d343900000,0x000000d343a00000)]
  0x000002457fb31020 JavaThread "Notification Thread" daemon [_thread_blocked, id=78324, stack(0x000000d343a00000,0x000000d343b00000)]
  0x000002451119cc40 JavaThread "Daemon health stats" [_thread_blocked, id=102408, stack(0x000000d343f00000,0x000000d344000000)]
  0x0000024511557aa0 JavaThread "Incoming local TCP Connector on port 53155" [_thread_in_native, id=92468, stack(0x000000d344000000,0x000000d344100000)]
  0x00000245105bb340 JavaThread "Daemon periodic checks" [_thread_blocked, id=96876, stack(0x000000d344100000,0x000000d344200000)]
  0x0000024511fa1820 JavaThread "Daemon" [_thread_blocked, id=93424, stack(0x000000d344200000,0x000000d344300000)]
  0x0000024511669820 JavaThread "Handler for socket connection from /127.0.0.1:53155 to /127.0.0.1:53158" [_thread_in_native, id=85708, stack(0x000000d344300000,0x000000d344400000)]
  0x000002450f857890 JavaThread "Cancel handler" [_thread_blocked, id=72444, stack(0x000000d342600000,0x000000d342700000)]
  0x000002451074c8d0 JavaThread "Daemon worker" [_thread_blocked, id=22708, stack(0x000000d342700000,0x000000d342800000)]
  0x000002450ff04520 JavaThread "Asynchronous log dispatcher for DefaultDaemonConnection: socket connection from /127.0.0.1:53155 to /127.0.0.1:53158" [_thread_blocked, id=113976, stack(0x000000d342800000,0x000000d342900000)]
  0x000002450f0e3870 JavaThread "Stdin handler" [_thread_blocked, id=94964, stack(0x000000d344400000,0x000000d344500000)]
  0x000002450f0e5080 JavaThread "Daemon client event forwarder" [_thread_blocked, id=76272, stack(0x000000d344500000,0x000000d344600000)]
  0x000002450f0e5a20 JavaThread "Cache worker for journal cache (C:\Users\Christiana Renta\.gradle\caches\journal-1)" [_thread_blocked, id=97568, stack(0x000000d344600000,0x000000d344700000)]
  0x000002450f0e2530 JavaThread "File lock request listener" [_thread_in_native, id=71388, stack(0x000000d344700000,0x000000d344800000)]
  0x000002450f0e46e0 JavaThread "Cache worker for file hash cache (C:\Users\Christiana Renta\.gradle\caches\8.2\fileHashes)" [_thread_blocked, id=111292, stack(0x000000d344800000,0x000000d344900000)]
  0x000002450f0e3d40 JavaThread "File watcher server" daemon [_thread_in_native, id=104796, stack(0x000000d344b00000,0x000000d344c00000)]
  0x000002450f0e4210 JavaThread "File watcher consumer" daemon [_thread_blocked, id=57044, stack(0x000000d344c00000,0x000000d344d00000)]
  0x000002450f0e5550 JavaThread "jar transforms" [_thread_blocked, id=59612, stack(0x000000d344d00000,0x000000d344e00000)]
  0x000002450f0e2060 JavaThread "jar transforms Thread 2" [_thread_blocked, id=104528, stack(0x000000d344e00000,0x000000d344f00000)]
  0x000002450f0e2a00 JavaThread "jar transforms Thread 3" [_thread_blocked, id=85648, stack(0x000000d344f00000,0x000000d345000000)]
  0x000002450f0e2ed0 JavaThread "jar transforms Thread 4" [_thread_blocked, id=71668, stack(0x000000d345000000,0x000000d345100000)]
  0x000002450f0e33a0 JavaThread "Cache worker for checksums cache (C:\Users\Christiana Renta\AndroidStudioProjects\TexttoSpeech\.gradle\8.2\checksums)" [_thread_blocked, id=83684, stack(0x000000d345100000,0x000000d345200000)]
  0x0000024511b363a0 JavaThread "Cache worker for cache directory md-rule (C:\Users\Christiana Renta\.gradle\caches\8.2\md-rule)" [_thread_blocked, id=99136, stack(0x000000d345200000,0x000000d345300000)]
  0x0000024511b32510 JavaThread "Cache worker for file content cache (C:\Users\Christiana Renta\.gradle\caches\8.2\fileContent)" [_thread_blocked, id=98196, stack(0x000000d345300000,0x000000d345400000)]
  0x0000024511b35060 JavaThread "Cache worker for file hash cache (C:\Users\Christiana Renta\AndroidStudioProjects\TexttoSpeech\.gradle\8.2\fileHashes)" [_thread_blocked, id=44416, stack(0x000000d345400000,0x000000d345500000)]
  0x0000024511b35530 JavaThread "Cache worker for cache directory md-supplier (C:\Users\Christiana Renta\.gradle\caches\8.2\md-supplier)" [_thread_blocked, id=49524, stack(0x000000d345500000,0x000000d345600000)]
  0x0000024511b329e0 JavaThread "Cache worker for execution history cache (C:\Users\Christiana Renta\.gradle\caches\8.2\executionHistory)" [_thread_blocked, id=48200, stack(0x000000d345600000,0x000000d345700000)]
  0x0000024511b346c0 JavaThread "File lock release action executor" [_thread_blocked, id=110324, stack(0x000000d345700000,0x000000d345800000)]

Other Threads:
=>0x000002457ef988a0 VMThread "VM Thread" [stack: 0x000000d342f00000,0x000000d343000000] [id=95812]
  0x000002457faf0970 WatcherThread [stack: 0x000000d343b00000,0x000000d343c00000] [id=90084]
  0x0000024572ac25d0 GCTaskThread "GC Thread#0" [stack: 0x000000d342a00000,0x000000d342b00000] [id=92736]
  0x000002450f2b0770 GCTaskThread "GC Thread#1" [stack: 0x000000d343c00000,0x000000d343d00000] [id=100004]
  0x000002450f2b0a20 GCTaskThread "GC Thread#2" [stack: 0x000000d343d00000,0x000000d343e00000] [id=111928]
  0x000002450f79d490 GCTaskThread "GC Thread#3" [stack: 0x000000d343e00000,0x000000d343f00000] [id=84160]
  0x0000024572ad4520 ConcurrentGCThread "G1 Main Marker" [stack: 0x000000d342b00000,0x000000d342c00000] [id=39456]
  0x0000024572ad4f30 ConcurrentGCThread "G1 Conc#0" [stack: 0x000000d342c00000,0x000000d342d00000] [id=11200]
  0x0000024572b2cd40 ConcurrentGCThread "G1 Refine#0" [stack: 0x000000d342d00000,0x000000d342e00000] [id=79564]
  0x0000024572b2d760 ConcurrentGCThread "G1 Service" [stack: 0x000000d342e00000,0x000000d342f00000] [id=93276]

Threads with active compile tasks:
C2 CompilerThread0    73667 5226       4       org.objectweb.asm.SymbolTable::addBootstrapMethod (209 bytes)

VM state: at safepoint (normal execution)

VM Mutex/Monitor currently owned by a thread:  ([mutex/lock_event])
[0x0000024572a625a0] Threads_lock - owner thread: 0x000002457ef988a0
[0x0000024572a623f0] Heap_lock - owner thread: 0x000002450f0e2ed0

Heap address: 0x0000000080000000, size: 2048 MB, Compressed Oops mode: 32-bit

CDS archive(s) not mapped
Compressed class space mapped at: 0x0000000100000000-0x0000000140000000, reserved size: 1073741824
Narrow klass base: 0x0000000000000000, Narrow klass shift: 3, Narrow klass range: 0x140000000

GC Precious Log:
 CPUs: 4 total, 4 available
 Memory: 7990M
 Large Page Support: Disabled
 NUMA Support: Disabled
 Compressed Oops: Enabled (32-bit)
 Heap Region Size: 1M
 Heap Min Capacity: 8M
 Heap Initial Capacity: 126M
 Heap Max Capacity: 2G
 Pre-touch: Disabled
 Parallel Workers: 4
 Concurrent Workers: 1
 Concurrent Refinement Workers: 4
 Periodic GC: Disabled

Heap:
 garbage-first heap   total 201728K, used 95077K [0x0000000080000000, 0x0000000100000000)
  region size 1024K, 5 young (5120K), 5 survivors (5120K)
 Metaspace       used 48471K, committed 48896K, reserved 1097728K
  class space    used 6389K, committed 6592K, reserved 1048576K

Heap Regions: E=young(eden), S=young(survivor), O=old, HS=humongous(starts), HC=humongous(continues), CS=collection set, F=free, OA=open archive, CA=closed archive, TAMS=top-at-mark-start (previous, next)
|   0|0x0000000080000000, 0x0000000080100000, 0x0000000080100000|100%| O|  |TAMS 0x0000000080100000, 0x0000000080100000| Untracked 
|   1|0x0000000080100000, 0x0000000080200000, 0x0000000080200000|100%| O|  |TAMS 0x0000000080200000, 0x0000000080200000| Untracked 
|   2|0x0000000080200000, 0x0000000080300000, 0x0000000080300000|100%|HS|  |TAMS 0x0000000080300000, 0x0000000080300000| Complete 
|   3|0x0000000080300000, 0x0000000080400000, 0x0000000080400000|100%|HC|  |TAMS 0x0000000080400000, 0x0000000080400000| Complete 
|   4|0x0000000080400000, 0x0000000080500000, 0x0000000080500000|100%|HC|  |TAMS 0x0000000080500000, 0x0000000080500000| Complete 
|   5|0x0000000080500000, 0x0000000080600000, 0x0000000080600000|100%|HC|  |TAMS 0x0000000080600000, 0x0000000080600000| Complete 
|   6|0x0000000080600000, 0x0000000080700000, 0x0000000080700000|100%| O|  |TAMS 0x0000000080700000, 0x0000000080700000| Untracked 
|   7|0x0000000080700000, 0x0000000080800000, 0x0000000080800000|100%| O|  |TAMS 0x0000000080800000, 0x0000000080800000| Untracked 
|   8|0x0000000080800000, 0x0000000080900000, 0x0000000080900000|100%| O|  |TAMS 0x0000000080900000, 0x0000000080900000| Untracked 
|   9|0x0000000080900000, 0x0000000080a00000, 0x0000000080a00000|100%| O|  |TAMS 0x0000000080a00000, 0x0000000080a00000| Untracked 
|  10|0x0000000080a00000, 0x0000000080b00000, 0x0000000080b00000|100%| O|  |TAMS 0x0000000080b00000, 0x0000000080b00000| Untracked 
|  11|0x0000000080b00000, 0x0000000080c00000, 0x0000000080c00000|100%| O|  |TAMS 0x0000000080c00000, 0x0000000080c00000| Untracked 
|  12|0x0000000080c00000, 0x0000000080d00000, 0x0000000080d00000|100%| O|  |TAMS 0x0000000080d00000, 0x0000000080d00000| Untracked 
|  13|0x0000000080d00000, 0x0000000080e00000, 0x0000000080e00000|100%| O|  |TAMS 0x0000000080e00000, 0x0000000080e00000| Untracked 
|  14|0x0000000080e00000, 0x0000000080f00000, 0x0000000080f00000|100%| O|  |TAMS 0x0000000080f00000, 0x0000000080f00000| Untracked 
|  15|0x0000000080f00000, 0x0000000081000000, 0x0000000081000000|100%| O|  |TAMS 0x0000000081000000, 0x0000000081000000| Untracked 
|  16|0x0000000081000000, 0x0000000081100000, 0x0000000081100000|100%| O|  |TAMS 0x0000000081100000, 0x0000000081100000| Untracked 
|  17|0x0000000081100000, 0x0000000081200000, 0x0000000081200000|100%| O|  |TAMS 0x0000000081200000, 0x0000000081200000| Untracked 
|  18|0x0000000081200000, 0x0000000081300000, 0x0000000081300000|100%| O|  |TAMS 0x0000000081300000, 0x0000000081300000| Untracked 
|  19|0x0000000081300000, 0x0000000081400000, 0x0000000081400000|100%| O|  |TAMS 0x0000000081400000, 0x0000000081400000| Untracked 
|  20|0x0000000081400000, 0x0000000081500000, 0x0000000081500000|100%| O|  |TAMS 0x0000000081500000, 0x0000000081500000| Untracked 
|  21|0x0000000081500000, 0x0000000081600000, 0x0000000081600000|100%|HS|  |TAMS 0x0000000081600000, 0x0000000081600000| Complete 
|  22|0x0000000081600000, 0x0000000081700000, 0x0000000081700000|100%|HC|  |TAMS 0x0000000081700000, 0x0000000081700000| Complete 
|  23|0x0000000081700000, 0x0000000081800000, 0x0000000081800000|100%|HS|  |TAMS 0x0000000081800000, 0x0000000081800000| Complete 
|  24|0x0000000081800000, 0x0000000081900000, 0x0000000081900000|100%|HC|  |TAMS 0x0000000081900000, 0x0000000081900000| Complete 
|  25|0x0000000081900000, 0x0000000081a00000, 0x0000000081a00000|100%|HC|  |TAMS 0x0000000081a00000, 0x0000000081a00000| Complete 
|  26|0x0000000081a00000, 0x0000000081b00000, 0x0000000081b00000|100%|HS|  |TAMS 0x0000000081b00000, 0x0000000081b00000| Complete 
|  27|0x0000000081b00000, 0x0000000081c00000, 0x0000000081c00000|100%|HC|  |TAMS 0x0000000081c00000, 0x0000000081c00000| Complete 
|  28|0x0000000081c00000, 0x0000000081d00000, 0x0000000081d00000|100%|HC|  |TAMS 0x0000000081d00000, 0x0000000081d00000| Complete 
|  29|0x0000000081d00000, 0x0000000081e00000, 0x0000000081e00000|100%|HS|  |TAMS 0x0000000081e00000, 0x0000000081e00000| Complete 
|  30|0x0000000081e00000, 0x0000000081f00000, 0x0000000081f00000|100%|HC|  |TAMS 0x0000000081f00000, 0x0000000081f00000| Complete 
|  31|0x0000000081f00000, 0x0000000082000000, 0x0000000082000000|100%| O|  |TAMS 0x0000000082000000, 0x0000000082000000| Untracked 
|  32|0x0000000082000000, 0x0000000082100000, 0x0000000082100000|100%| O|  |TAMS 0x0000000082100000, 0x0000000082100000| Untracked 
|  33|0x0000000082100000, 0x0000000082200000, 0x0000000082200000|100%| O|  |TAMS 0x0000000082200000, 0x0000000082200000| Untracked 
|  34|0x0000000082200000, 0x0000000082300000, 0x0000000082300000|100%|HS|  |TAMS 0x0000000082300000, 0x0000000082300000| Complete 
|  35|0x0000000082300000, 0x0000000082400000, 0x0000000082400000|100%|HC|  |TAMS 0x0000000082400000, 0x0000000082400000| Complete 
|  36|0x0000000082400000, 0x0000000082500000, 0x0000000082500000|100%|HC|  |TAMS 0x0000000082500000, 0x0000000082500000| Complete 
|  37|0x0000000082500000, 0x0000000082600000, 0x0000000082600000|100%|HC|  |TAMS 0x0000000082600000, 0x0000000082600000| Complete 
|  38|0x0000000082600000, 0x0000000082700000, 0x0000000082700000|100%|HC|  |TAMS 0x0000000082700000, 0x0000000082700000| Complete 
|  39|0x0000000082700000, 0x0000000082800000, 0x0000000082800000|100%|HC|  |TAMS 0x0000000082800000, 0x0000000082800000| Complete 
|  40|0x0000000082800000, 0x0000000082900000, 0x0000000082900000|100%|HC|  |TAMS 0x0000000082900000, 0x0000000082900000| Complete 
|  41|0x0000000082900000, 0x0000000082a00000, 0x0000000082a00000|100%|HC|  |TAMS 0x0000000082a00000, 0x0000000082a00000| Complete 
|  42|0x0000000082a00000, 0x0000000082b00000, 0x0000000082b00000|100%|HC|  |TAMS 0x0000000082b00000, 0x0000000082b00000| Complete 
|  43|0x0000000082b00000, 0x0000000082c00000, 0x0000000082c00000|100%|HC|  |TAMS 0x0000000082c00000, 0x0000000082c00000| Complete 
|  44|0x0000000082c00000, 0x0000000082d00000, 0x0000000082d00000|100%|HS|  |TAMS 0x0000000082d00000, 0x0000000082d00000| Complete 
|  45|0x0000000082d00000, 0x0000000082e00000, 0x0000000082e00000|100%|HC|  |TAMS 0x0000000082e00000, 0x0000000082e00000| Complete 
|  46|0x0000000082e00000, 0x0000000082f00000, 0x0000000082f00000|100%|HS|  |TAMS 0x0000000082f00000, 0x0000000082f00000| Complete 
|  47|0x0000000082f00000, 0x0000000083000000, 0x0000000083000000|100%|HC|  |TAMS 0x0000000083000000, 0x0000000083000000| Complete 
|  48|0x0000000083000000, 0x0000000083100000, 0x0000000083100000|100%|HC|  |TAMS 0x0000000083100000, 0x0000000083100000| Complete 
|  49|0x0000000083100000, 0x0000000083200000, 0x0000000083200000|100%|HC|  |TAMS 0x0000000083200000, 0x0000000083200000| Complete 
|  50|0x0000000083200000, 0x0000000083300000, 0x0000000083300000|100%|HC|  |TAMS 0x0000000083300000, 0x0000000083300000| Complete 
|  51|0x0000000083300000, 0x0000000083400000, 0x0000000083400000|100%|HC|  |TAMS 0x0000000083400000, 0x0000000083400000| Complete 
|  52|0x0000000083400000, 0x0000000083500000, 0x0000000083500000|100%|HS|  |TAMS 0x0000000083500000, 0x0000000083500000| Complete 
|  53|0x0000000083500000, 0x0000000083600000, 0x0000000083600000|100%| O|  |TAMS 0x0000000083600000, 0x0000000083600000| Untracked 
|  54|0x0000000083600000, 0x0000000083700000, 0x0000000083700000|100%| O|  |TAMS 0x0000000083700000, 0x0000000083700000| Untracked 
|  55|0x0000000083700000, 0x0000000083800000, 0x0000000083800000|100%| O|  |TAMS 0x0000000083800000, 0x0000000083800000| Untracked 
|  56|0x0000000083800000, 0x0000000083900000, 0x0000000083900000|100%| O|  |TAMS 0x0000000083900000, 0x0000000083900000| Untracked 
|  57|0x0000000083900000, 0x0000000083a00000, 0x0000000083a00000|100%| O|  |TAMS 0x0000000083a00000, 0x0000000083a00000| Untracked 
|  58|0x0000000083a00000, 0x0000000083b00000, 0x0000000083b00000|100%| O|  |TAMS 0x0000000083b00000, 0x0000000083b00000| Untracked 
|  59|0x0000000083b00000, 0x0000000083c00000, 0x0000000083c00000|100%| O|  |TAMS 0x0000000083c00000, 0x0000000083c00000| Untracked 
|  60|0x0000000083c00000, 0x0000000083d00000, 0x0000000083d00000|100%| O|  |TAMS 0x0000000083d00000, 0x0000000083d00000| Untracked 
|  61|0x0000000083d00000, 0x0000000083e00000, 0x0000000083e00000|100%|HS|  |TAMS 0x0000000083e00000, 0x0000000083e00000| Complete 
|  62|0x0000000083e00000, 0x0000000083f00000, 0x0000000083f00000|100%|HC|  |TAMS 0x0000000083f00000, 0x0000000083f00000| Complete 
|  63|0x0000000083f00000, 0x0000000084000000, 0x0000000084000000|100%| O|  |TAMS 0x0000000084000000, 0x0000000084000000| Untracked 
|  64|0x0000000084000000, 0x0000000084100000, 0x0000000084100000|100%| O|  |TAMS 0x0000000084100000, 0x0000000084100000| Untracked 
|  65|0x0000000084100000, 0x0000000084200000, 0x0000000084200000|100%| O|  |TAMS 0x0000000084200000, 0x0000000084200000| Untracked 
|  66|0x0000000084200000, 0x0000000084300000, 0x0000000084300000|100%|HS|  |TAMS 0x0000000084300000, 0x0000000084300000| Complete 
|  67|0x0000000084300000, 0x0000000084400000, 0x0000000084400000|100%|HC|  |TAMS 0x0000000084400000, 0x0000000084400000| Complete 
|  68|0x0000000084400000, 0x0000000084500000, 0x0000000084500000|100%|HC|  |TAMS 0x0000000084500000, 0x0000000084500000| Complete 
|  69|0x0000000084500000, 0x0000000084600000, 0x0000000084600000|100%|HC|  |TAMS 0x0000000084600000, 0x0000000084600000| Complete 
|  70|0x0000000084600000, 0x0000000084700000, 0x0000000084700000|100%|HC|  |TAMS 0x0000000084700000, 0x0000000084700000| Complete 
|  71|0x0000000084700000, 0x0000000084800000, 0x0000000084800000|100%|HC|  |TAMS 0x0000000084800000, 0x0000000084800000| Complete 
|  72|0x0000000084800000, 0x0000000084900000, 0x0000000084900000|100%|HC|  |TAMS 0x0000000084900000, 0x0000000084900000| Complete 
|  73|0x0000000084900000, 0x0000000084a00000, 0x0000000084a00000|100%|HC|  |TAMS 0x0000000084a00000, 0x0000000084a00000| Complete 
|  74|0x0000000084a00000, 0x0000000084b00000, 0x0000000084b00000|100%|HC|  |TAMS 0x0000000084b00000, 0x0000000084b00000| Complete 
|  75|0x0000000084b00000, 0x0000000084c00000, 0x0000000084c00000|100%|HC|  |TAMS 0x0000000084c00000, 0x0000000084c00000| Complete 
|  76|0x0000000084c00000, 0x0000000084d00000, 0x0000000084d00000|100%| O|  |TAMS 0x0000000084d00000, 0x0000000084d00000| Untracked 
|  77|0x0000000084d00000, 0x0000000084e00000, 0x0000000084e00000|100%| O|  |TAMS 0x0000000084e00000, 0x0000000084e00000| Untracked 
|  78|0x0000000084e00000, 0x0000000084f00000, 0x0000000084f00000|100%| O|  |TAMS 0x0000000084f00000, 0x0000000084f00000| Untracked 
|  79|0x0000000084f00000, 0x0000000085000000, 0x0000000085000000|100%| O|  |TAMS 0x0000000085000000, 0x0000000085000000| Untracked 
|  80|0x0000000085000000, 0x0000000085100000, 0x0000000085100000|100%| O|  |TAMS 0x0000000085100000, 0x0000000085100000| Untracked 
|  81|0x0000000085100000, 0x0000000085200000, 0x0000000085200000|100%| O|  |TAMS 0x0000000085200000, 0x0000000085200000| Untracked 
|  82|0x0000000085200000, 0x0000000085300000, 0x0000000085300000|100%| O|  |TAMS 0x0000000085300000, 0x0000000085300000| Untracked 
|  83|0x0000000085300000, 0x0000000085400000, 0x0000000085400000|100%| O|  |TAMS 0x0000000085400000, 0x0000000085400000| Untracked 
|  84|0x0000000085400000, 0x0000000085500000, 0x0000000085500000|100%| O|  |TAMS 0x0000000085500000, 0x0000000085500000| Untracked 
|  85|0x0000000085500000, 0x0000000085600000, 0x0000000085600000|100%| O|  |TAMS 0x0000000085600000, 0x0000000085600000| Untracked 
|  86|0x0000000085600000, 0x0000000085700000, 0x0000000085700000|100%| O|  |TAMS 0x0000000085700000, 0x0000000085700000| Untracked 
|  87|0x0000000085700000, 0x0000000085800000, 0x0000000085800000|100%| O|  |TAMS 0x0000000085797e00, 0x0000000085800000| Untracked 
|  88|0x0000000085800000, 0x0000000085800000, 0x0000000085900000|  0%| F|  |TAMS 0x0000000085800000, 0x0000000085800000| Untracked 
|  89|0x0000000085900000, 0x0000000085900000, 0x0000000085a00000|  0%| F|  |TAMS 0x0000000085900000, 0x0000000085900000| Untracked 
|  90|0x0000000085a00000, 0x0000000085a00000, 0x0000000085b00000|  0%| F|  |TAMS 0x0000000085a00000, 0x0000000085a00000| Untracked 
|  91|0x0000000085b00000, 0x0000000085b00000, 0x0000000085c00000|  0%| F|  |TAMS 0x0000000085b00000, 0x0000000085b00000| Untracked 
|  92|0x0000000085c00000, 0x0000000085c00000, 0x0000000085d00000|  0%| F|  |TAMS 0x0000000085c00000, 0x0000000085c00000| Untracked 
|  93|0x0000000085d00000, 0x0000000085d7b000, 0x0000000085e00000| 48%| O|  |TAMS 0x0000000085d00000, 0x0000000085d7b000| Untracked 
|  94|0x0000000085e00000, 0x0000000085e00000, 0x0000000085f00000|  0%| F|  |TAMS 0x0000000085e00000, 0x0000000085e00000| Untracked 
|  95|0x0000000085f00000, 0x0000000085f00000, 0x0000000086000000|  0%| F|  |TAMS 0x0000000085f00000, 0x0000000085f00000| Untracked 
|  96|0x0000000086000000, 0x0000000086000000, 0x0000000086100000|  0%| F|  |TAMS 0x0000000086000000, 0x0000000086000000| Untracked 
|  97|0x0000000086100000, 0x0000000086100000, 0x0000000086200000|  0%| F|  |TAMS 0x0000000086100000, 0x0000000086100000| Untracked 
|  98|0x0000000086200000, 0x0000000086200000, 0x0000000086300000|  0%| F|  |TAMS 0x0000000086200000, 0x0000000086200000| Untracked 
|  99|0x0000000086300000, 0x0000000086300000, 0x0000000086400000|  0%| F|  |TAMS 0x0000000086300000, 0x0000000086300000| Untracked 
| 100|0x0000000086400000, 0x0000000086400000, 0x0000000086500000|  0%| F|  |TAMS 0x0000000086400000, 0x0000000086400000| Untracked 
| 101|0x0000000086500000, 0x0000000086500000, 0x0000000086600000|  0%| F|  |TAMS 0x0000000086500000, 0x0000000086500000| Untracked 
| 102|0x0000000086600000, 0x0000000086600000, 0x0000000086700000|  0%| F|  |TAMS 0x0000000086600000, 0x0000000086600000| Untracked 
| 103|0x0000000086700000, 0x0000000086700000, 0x0000000086800000|  0%| F|  |TAMS 0x0000000086700000, 0x0000000086700000| Untracked 
| 104|0x0000000086800000, 0x0000000086800000, 0x0000000086900000|  0%| F|  |TAMS 0x0000000086800000, 0x0000000086800000| Untracked 
| 105|0x0000000086900000, 0x0000000086900000, 0x0000000086a00000|  0%| F|  |TAMS 0x0000000086900000, 0x0000000086900000| Untracked 
| 106|0x0000000086a00000, 0x0000000086a00000, 0x0000000086b00000|  0%| F|  |TAMS 0x0000000086a00000, 0x0000000086a00000| Untracked 
| 107|0x0000000086b00000, 0x0000000086b00000, 0x0000000086c00000|  0%| F|  |TAMS 0x0000000086b00000, 0x0000000086b00000| Untracked 
| 108|0x0000000086c00000, 0x0000000086c00000, 0x0000000086d00000|  0%| F|  |TAMS 0x0000000086c00000, 0x0000000086c00000| Untracked 
| 109|0x0000000086d00000, 0x0000000086d00000, 0x0000000086e00000|  0%| F|  |TAMS 0x0000000086d00000, 0x0000000086d00000| Untracked 
| 110|0x0000000086e00000, 0x0000000086e00000, 0x0000000086f00000|  0%| F|  |TAMS 0x0000000086e00000, 0x0000000086e00000| Untracked 
| 111|0x0000000086f00000, 0x0000000086f00000, 0x0000000087000000|  0%| F|  |TAMS 0x0000000086f00000, 0x0000000086f00000| Untracked 
| 112|0x0000000087000000, 0x0000000087000000, 0x0000000087100000|  0%| F|  |TAMS 0x0000000087000000, 0x0000000087000000| Untracked 
| 113|0x0000000087100000, 0x0000000087100000, 0x0000000087200000|  0%| F|  |TAMS 0x0000000087100000, 0x0000000087100000| Untracked 
| 114|0x0000000087200000, 0x0000000087200000, 0x0000000087300000|  0%| F|  |TAMS 0x0000000087200000, 0x0000000087200000| Untracked 
| 115|0x0000000087300000, 0x0000000087300000, 0x0000000087400000|  0%| F|  |TAMS 0x0000000087300000, 0x0000000087300000| Untracked 
| 116|0x0000000087400000, 0x0000000087400000, 0x0000000087500000|  0%| F|  |TAMS 0x0000000087400000, 0x0000000087400000| Untracked 
| 117|0x0000000087500000, 0x0000000087500000, 0x0000000087600000|  0%| F|  |TAMS 0x0000000087500000, 0x0000000087500000| Untracked 
| 118|0x0000000087600000, 0x0000000087600000, 0x0000000087700000|  0%| F|  |TAMS 0x0000000087600000, 0x0000000087600000| Untracked 
| 119|0x0000000087700000, 0x0000000087700000, 0x0000000087800000|  0%| F|  |TAMS 0x0000000087700000, 0x0000000087700000| Untracked 
| 120|0x0000000087800000, 0x0000000087800000, 0x0000000087900000|  0%| F|  |TAMS 0x0000000087800000, 0x0000000087800000| Untracked 
| 121|0x0000000087900000, 0x0000000087900000, 0x0000000087a00000|  0%| F|  |TAMS 0x0000000087900000, 0x0000000087900000| Untracked 
| 122|0x0000000087a00000, 0x0000000087a00000, 0x0000000087b00000|  0%| F|  |TAMS 0x0000000087a00000, 0x0000000087a00000| Untracked 
| 123|0x0000000087b00000, 0x0000000087b00000, 0x0000000087c00000|  0%| F|  |TAMS 0x0000000087b00000, 0x0000000087b00000| Untracked 
| 124|0x0000000087c00000, 0x0000000087c00000, 0x0000000087d00000|  0%| F|  |TAMS 0x0000000087c00000, 0x0000000087c00000| Untracked 
| 125|0x0000000087d00000, 0x0000000087d00000, 0x0000000087e00000|  0%| F|  |TAMS 0x0000000087d00000, 0x0000000087d00000| Untracked 
| 126|0x0000000087e00000, 0x0000000087e00000, 0x0000000087f00000|  0%| F|  |TAMS 0x0000000087e00000, 0x0000000087e00000| Untracked 
| 127|0x0000000087f00000, 0x0000000087f00000, 0x0000000088000000|  0%| F|  |TAMS 0x0000000087f00000, 0x0000000087f00000| Untracked 
| 128|0x0000000088000000, 0x0000000088000000, 0x0000000088100000|  0%| F|  |TAMS 0x0000000088000000, 0x0000000088000000| Untracked 
| 129|0x0000000088100000, 0x000000008815e510, 0x0000000088200000| 36%| S|CS|TAMS 0x0000000088100000, 0x0000000088100000| Complete 
| 130|0x0000000088200000, 0x0000000088300000, 0x0000000088300000|100%| S|CS|TAMS 0x0000000088200000, 0x0000000088200000| Complete 
| 131|0x0000000088300000, 0x0000000088400000, 0x0000000088400000|100%| S|CS|TAMS 0x0000000088300000, 0x0000000088300000| Complete 
| 132|0x0000000088400000, 0x0000000088500000, 0x0000000088500000|100%| S|CS|TAMS 0x0000000088400000, 0x0000000088400000| Complete 
| 133|0x0000000088500000, 0x0000000088600000, 0x0000000088600000|100%| S|CS|TAMS 0x0000000088500000, 0x0000000088500000| Complete 
| 134|0x0000000088600000, 0x0000000088600000, 0x0000000088700000|  0%| F|  |TAMS 0x0000000088600000, 0x0000000088600000| Untracked 
| 135|0x0000000088700000, 0x0000000088700000, 0x0000000088800000|  0%| F|  |TAMS 0x0000000088700000, 0x0000000088700000| Untracked 
| 136|0x0000000088800000, 0x0000000088800000, 0x0000000088900000|  0%| F|  |TAMS 0x0000000088800000, 0x0000000088800000| Untracked 
| 137|0x0000000088900000, 0x0000000088900000, 0x0000000088a00000|  0%| F|  |TAMS 0x0000000088900000, 0x0000000088900000| Untracked 
| 138|0x0000000088a00000, 0x0000000088a00000, 0x0000000088b00000|  0%| F|  |TAMS 0x0000000088a00000, 0x0000000088a00000| Untracked 
| 139|0x0000000088b00000, 0x0000000088b00000, 0x0000000088c00000|  0%| F|  |TAMS 0x0000000088b00000, 0x0000000088b00000| Untracked 
| 140|0x0000000088c00000, 0x0000000088c00000, 0x0000000088d00000|  0%| F|  |TAMS 0x0000000088c00000, 0x0000000088c00000| Untracked 
| 141|0x0000000088d00000, 0x0000000088d00000, 0x0000000088e00000|  0%| F|  |TAMS 0x0000000088d00000, 0x0000000088d00000| Untracked 
| 142|0x0000000088e00000, 0x0000000088e00000, 0x0000000088f00000|  0%| F|  |TAMS 0x0000000088e00000, 0x0000000088e00000| Untracked 
| 143|0x0000000088f00000, 0x0000000088f00000, 0x0000000089000000|  0%| F|  |TAMS 0x0000000088f00000, 0x0000000088f00000| Untracked 
| 144|0x0000000089000000, 0x0000000089000000, 0x0000000089100000|  0%| F|  |TAMS 0x0000000089000000, 0x0000000089000000| Untracked 
| 145|0x0000000089100000, 0x0000000089100000, 0x0000000089200000|  0%| F|  |TAMS 0x0000000089100000, 0x0000000089100000| Untracked 
| 146|0x0000000089200000, 0x0000000089200000, 0x0000000089300000|  0%| F|  |TAMS 0x0000000089200000, 0x0000000089200000| Untracked 
| 147|0x0000000089300000, 0x0000000089300000, 0x0000000089400000|  0%| F|  |TAMS 0x0000000089300000, 0x0000000089300000| Untracked 
| 148|0x0000000089400000, 0x0000000089400000, 0x0000000089500000|  0%| F|  |TAMS 0x0000000089400000, 0x0000000089400000| Untracked 
| 149|0x0000000089500000, 0x0000000089500000, 0x0000000089600000|  0%| F|  |TAMS 0x0000000089500000, 0x0000000089500000| Untracked 
| 150|0x0000000089600000, 0x0000000089600000, 0x0000000089700000|  0%| F|  |TAMS 0x0000000089600000, 0x0000000089600000| Untracked 
| 151|0x0000000089700000, 0x0000000089700000, 0x0000000089800000|  0%| F|  |TAMS 0x0000000089700000, 0x0000000089700000| Untracked 
| 152|0x0000000089800000, 0x0000000089800000, 0x0000000089900000|  0%| F|  |TAMS 0x0000000089800000, 0x0000000089800000| Untracked 
| 153|0x0000000089900000, 0x0000000089900000, 0x0000000089a00000|  0%| F|  |TAMS 0x0000000089900000, 0x0000000089900000| Untracked 
| 154|0x0000000089a00000, 0x0000000089a00000, 0x0000000089b00000|  0%| F|  |TAMS 0x0000000089a00000, 0x0000000089a00000| Untracked 
| 155|0x0000000089b00000, 0x0000000089b00000, 0x0000000089c00000|  0%| F|  |TAMS 0x0000000089b00000, 0x0000000089b00000| Untracked 
| 156|0x0000000089c00000, 0x0000000089c00000, 0x0000000089d00000|  0%| F|  |TAMS 0x0000000089c00000, 0x0000000089c00000| Untracked 
| 157|0x0000000089d00000, 0x0000000089d00000, 0x0000000089e00000|  0%| F|  |TAMS 0x0000000089d00000, 0x0000000089d00000| Untracked 
| 158|0x0000000089e00000, 0x0000000089e00000, 0x0000000089f00000|  0%| F|  |TAMS 0x0000000089e00000, 0x0000000089e00000| Untracked 
| 159|0x0000000089f00000, 0x0000000089f00000, 0x000000008a000000|  0%| F|  |TAMS 0x0000000089f00000, 0x0000000089f00000| Untracked 
| 160|0x000000008a000000, 0x000000008a000000, 0x000000008a100000|  0%| F|  |TAMS 0x000000008a000000, 0x000000008a000000| Untracked 
| 161|0x000000008a100000, 0x000000008a100000, 0x000000008a200000|  0%| F|  |TAMS 0x000000008a100000, 0x000000008a100000| Untracked 
| 162|0x000000008a200000, 0x000000008a200000, 0x000000008a300000|  0%| F|  |TAMS 0x000000008a200000, 0x000000008a200000| Untracked 
| 163|0x000000008a300000, 0x000000008a300000, 0x000000008a400000|  0%| F|  |TAMS 0x000000008a300000, 0x000000008a300000| Untracked 
| 164|0x000000008a400000, 0x000000008a400000, 0x000000008a500000|  0%| F|  |TAMS 0x000000008a400000, 0x000000008a400000| Untracked 
| 165|0x000000008a500000, 0x000000008a500000, 0x000000008a600000|  0%| F|  |TAMS 0x000000008a500000, 0x000000008a500000| Untracked 
| 166|0x000000008a600000, 0x000000008a600000, 0x000000008a700000|  0%| F|  |TAMS 0x000000008a600000, 0x000000008a600000| Untracked 
| 167|0x000000008a700000, 0x000000008a700000, 0x000000008a800000|  0%| F|  |TAMS 0x000000008a700000, 0x000000008a700000| Untracked 
| 168|0x000000008a800000, 0x000000008a800000, 0x000000008a900000|  0%| F|  |TAMS 0x000000008a800000, 0x000000008a800000| Untracked 
| 169|0x000000008a900000, 0x000000008a900000, 0x000000008aa00000|  0%| F|  |TAMS 0x000000008a900000, 0x000000008a900000| Untracked 
| 170|0x000000008aa00000, 0x000000008aa00000, 0x000000008ab00000|  0%| F|  |TAMS 0x000000008aa00000, 0x000000008aa00000| Untracked 
| 171|0x000000008ab00000, 0x000000008ab00000, 0x000000008ac00000|  0%| F|  |TAMS 0x000000008ab00000, 0x000000008ab00000| Untracked 
| 172|0x000000008ac00000, 0x000000008ac00000, 0x000000008ad00000|  0%| F|  |TAMS 0x000000008ac00000, 0x000000008ac00000| Untracked 
| 173|0x000000008ad00000, 0x000000008ad00000, 0x000000008ae00000|  0%| F|  |TAMS 0x000000008ad00000, 0x000000008ad00000| Untracked 
| 174|0x000000008ae00000, 0x000000008ae00000, 0x000000008af00000|  0%| F|  |TAMS 0x000000008ae00000, 0x000000008ae00000| Untracked 
| 175|0x000000008af00000, 0x000000008af00000, 0x000000008b000000|  0%| F|  |TAMS 0x000000008af00000, 0x000000008af00000| Untracked 
| 176|0x000000008b000000, 0x000000008b000000, 0x000000008b100000|  0%| F|  |TAMS 0x000000008b000000, 0x000000008b000000| Untracked 
| 177|0x000000008b100000, 0x000000008b100000, 0x000000008b200000|  0%| F|  |TAMS 0x000000008b100000, 0x000000008b100000| Untracked 
| 178|0x000000008b200000, 0x000000008b200000, 0x000000008b300000|  0%| F|  |TAMS 0x000000008b200000, 0x000000008b200000| Untracked 
| 179|0x000000008b300000, 0x000000008b300000, 0x000000008b400000|  0%| F|  |TAMS 0x000000008b300000, 0x000000008b300000| Untracked 
| 180|0x000000008b400000, 0x000000008b400000, 0x000000008b500000|  0%| F|  |TAMS 0x000000008b400000, 0x000000008b400000| Untracked 
| 181|0x000000008b500000, 0x000000008b500000, 0x000000008b600000|  0%| F|  |TAMS 0x000000008b500000, 0x000000008b500000| Untracked 
| 182|0x000000008b600000, 0x000000008b600000, 0x000000008b700000|  0%| F|  |TAMS 0x000000008b600000, 0x000000008b600000| Untracked 
| 183|0x000000008b700000, 0x000000008b700000, 0x000000008b800000|  0%| F|  |TAMS 0x000000008b700000, 0x000000008b700000| Untracked 
| 184|0x000000008b800000, 0x000000008b800000, 0x000000008b900000|  0%| F|  |TAMS 0x000000008b800000, 0x000000008b800000| Untracked 
| 185|0x000000008b900000, 0x000000008b900000, 0x000000008ba00000|  0%| F|  |TAMS 0x000000008b900000, 0x000000008b900000| Untracked 
| 186|0x000000008ba00000, 0x000000008ba00000, 0x000000008bb00000|  0%| F|  |TAMS 0x000000008ba00000, 0x000000008ba00000| Untracked 
| 187|0x000000008bb00000, 0x000000008bb00000, 0x000000008bc00000|  0%| F|  |TAMS 0x000000008bb00000, 0x000000008bb00000| Untracked 
| 188|0x000000008bc00000, 0x000000008bc00000, 0x000000008bd00000|  0%| F|  |TAMS 0x000000008bc00000, 0x000000008bc00000| Untracked 
| 189|0x000000008bd00000, 0x000000008bd00000, 0x000000008be00000|  0%| F|  |TAMS 0x000000008bd00000, 0x000000008bd00000| Untracked 
| 190|0x000000008be00000, 0x000000008be00000, 0x000000008bf00000|  0%| F|  |TAMS 0x000000008be00000, 0x000000008be00000| Untracked 
| 191|0x000000008bf00000, 0x000000008bf00000, 0x000000008c000000|  0%| F|  |TAMS 0x000000008bf00000, 0x000000008bf00000| Untracked 
| 192|0x000000008c000000, 0x000000008c000000, 0x000000008c100000|  0%| F|  |TAMS 0x000000008c000000, 0x000000008c000000| Untracked 
| 193|0x000000008c100000, 0x000000008c100000, 0x000000008c200000|  0%| F|  |TAMS 0x000000008c100000, 0x000000008c100000| Untracked 
| 194|0x000000008c200000, 0x000000008c200000, 0x000000008c300000|  0%| F|  |TAMS 0x000000008c200000, 0x000000008c200000| Untracked 
| 195|0x000000008c300000, 0x000000008c300000, 0x000000008c400000|  0%| F|  |TAMS 0x000000008c300000, 0x000000008c300000| Untracked 
| 196|0x000000008c400000, 0x000000008c400000, 0x000000008c500000|  0%| F|  |TAMS 0x000000008c400000, 0x000000008c400000| Untracked 

Card table byte_map: [0x0000024578140000,0x0000024578540000] _byte_map_base: 0x0000024577d40000

Marking Bits (Prev, Next): (CMBitMap*) 0x0000024572ac3bf0, (CMBitMap*) 0x0000024572ac3c30
 Prev Bits: [0x0000024578940000, 0x000002457a940000)
 Next Bits: [0x000002457a940000, 0x000002457c940000)

Polling page: 0x0000024572b30000

Metaspace:

Usage:
  Non-class:     41.10 MB used.
      Class:      6.24 MB used.
       Both:     47.34 MB used.

Virtual space:
  Non-class space:       48.00 MB reserved,      41.31 MB ( 86%) committed,  6 nodes.
      Class space:        1.00 GB reserved,       6.44 MB ( <1%) committed,  1 nodes.
             Both:        1.05 GB reserved,      47.75 MB (  4%) committed. 

Chunk freelists:
   Non-Class:  2.12 MB
       Class:  1.45 MB
        Both:  3.58 MB

MaxMetaspaceSize: unlimited
CompressedClassSpaceSize: 1.00 GB
Initial GC threshold: 21.00 MB
Current GC threshold: 79.50 MB
CDS: off
MetaspaceReclaimPolicy: balanced
 - commit_granule_bytes: 65536.
 - commit_granule_words: 8192.
 - virtual_space_node_default_size: 1048576.
 - enlarge_chunks_in_place: 1.
 - new_chunks_are_fully_committed: 0.
 - uncommit_free_chunks: 1.
 - use_allocation_guard: 0.
 - handle_deallocations: 1.


Internal statistics:

num_allocs_failed_limit: 3.
num_arena_births: 434.
num_arena_deaths: 0.
num_vsnodes_births: 7.
num_vsnodes_deaths: 0.
num_space_committed: 764.
num_space_uncommitted: 0.
num_chunks_returned_to_freelist: 3.
num_chunks_taken_from_freelist: 1947.
num_chunk_merges: 3.
num_chunk_splits: 1251.
num_chunks_enlarged: 845.
num_purges: 0.
num_inconsistent_stats: 0.

CodeHeap 'non-profiled nmethods': size=120000Kb used=3774Kb max_used=3774Kb free=116226Kb
 bounds [0x0000024507ad0000, 0x0000024507ea0000, 0x000002450f000000]
CodeHeap 'profiled nmethods': size=120000Kb used=8992Kb max_used=10815Kb free=111007Kb
 bounds [0x0000024500000000, 0x0000024500a90000, 0x0000024507530000]
CodeHeap 'non-nmethods': size=5760Kb used=2300Kb max_used=2401Kb free=3459Kb
 bounds [0x0000024507530000, 0x00000245077a0000, 0x0000024507ad0000]
 total_blobs=5280 nmethods=4466 adapters=726
 compilation: enabled
              stopped_count=0, restarted_count=0
 full_count=0

Compilation events (20 events):
Event: 73.210 Thread 0x000002457f8352f0 nmethod 5180 0x0000024507bca090 code [0x0000024507bca200, 0x0000024507bca298]
Event: 73.210 Thread 0x000002457f8352f0 5181       4       java.nio.StringCharBuffer::<init> (41 bytes)
Event: 73.218 Thread 0x000002457f8352f0 nmethod 5181 0x0000024507bc9690 code [0x0000024507bc9820, 0x0000024507bc9c38]
Event: 73.218 Thread 0x000002457f8352f0 5182       4       com.google.common.base.Preconditions::checkPositionIndexes (29 bytes)
Event: 73.218 Thread 0x000002457f8352f0 nmethod 5182 0x0000024507bc9390 code [0x0000024507bc9500, 0x0000024507bc95b8]
Event: 73.218 Thread 0x000002457f8352f0 5071       4       java.lang.reflect.Constructor::newInstanceWithCaller (75 bytes)
Event: 73.312 Thread 0x000002457f8352f0 nmethod 5071 0x0000024507b1e310 code [0x0000024507b1e560, 0x0000024507b20e70]
Event: 73.313 Thread 0x000002457f8352f0 5073       4       java.lang.reflect.Constructor::<init> (50 bytes)
Event: 73.323 Thread 0x000002457f8352f0 nmethod 5073 0x0000024507bc8a90 code [0x0000024507bc8c00, 0x0000024507bc9258]
Event: 73.323 Thread 0x000002457f8352f0 5075       4       java.lang.reflect.Constructor::copy (72 bytes)
Event: 73.327 Thread 0x000002457f8352f0 nmethod 5075 0x0000024507b1de90 code [0x0000024507b1e020, 0x0000024507b1e258]
Event: 73.328 Thread 0x000002457f8352f0 5077       4       java.lang.Class::privateGetDeclaredConstructors (79 bytes)
Event: 73.338 Thread 0x000002457f8352f0 nmethod 5077 0x0000024507b1d010 code [0x0000024507b1d1c0, 0x0000024507b1d948]
Event: 73.338 Thread 0x000002457f8352f0 5080       4       java.lang.Class::forName (15 bytes)
Event: 73.339 Thread 0x000002457f8352f0 nmethod 5080 0x0000024507c68410 code [0x0000024507c685a0, 0x0000024507c68678]
Event: 73.339 Thread 0x000002457f8352f0 5079       4       java.lang.reflect.AccessibleObject::checkAccess (40 bytes)
Event: 73.407 Thread 0x000002457f8352f0 nmethod 5079 0x0000024507c65390 code [0x0000024507c655c0, 0x0000024507c673b0]
Event: 73.407 Thread 0x000002457f8352f0 5225       4       com.google.common.collect.AbstractIterator::tryToComputeNext (36 bytes)
Event: 73.411 Thread 0x000002457f8352f0 nmethod 5225 0x0000024507c64d10 code [0x0000024507c64ea0, 0x0000024507c65248]
Event: 73.411 Thread 0x000002457f8352f0 5226       4       org.objectweb.asm.SymbolTable::addBootstrapMethod (209 bytes)

GC Heap History (20 events):
Event: 69.913 GC heap after
{Heap after GC invocations=77 (full 0):
 garbage-first heap   total 163840K, used 91060K [0x0000000080000000, 0x0000000100000000)
  region size 1024K, 5 young (5120K), 5 survivors (5120K)
 Metaspace       used 48469K, committed 48896K, reserved 1097728K
  class space    used 6389K, committed 6592K, reserved 1048576K
}
Event: 70.288 GC heap before
{Heap before GC invocations=78 (full 0):
 garbage-first heap   total 179200K, used 139188K [0x0000000080000000, 0x0000000100000000)
  region size 1024K, 52 young (53248K), 5 survivors (5120K)
 Metaspace       used 48469K, committed 48896K, reserved 1097728K
  class space    used 6389K, committed 6592K, reserved 1048576K
}
Event: 70.292 GC heap after
{Heap after GC invocations=79 (full 0):
 garbage-first heap   total 179200K, used 91405K [0x0000000080000000, 0x0000000100000000)
  region size 1024K, 4 young (4096K), 4 survivors (4096K)
 Metaspace       used 48469K, committed 48896K, reserved 1097728K
  class space    used 6389K, committed 6592K, reserved 1048576K
}
Event: 70.796 GC heap before
{Heap before GC invocations=79 (full 0):
 garbage-first heap   total 179200K, used 155917K [0x0000000080000000, 0x0000000100000000)
  region size 1024K, 67 young (68608K), 4 survivors (4096K)
 Metaspace       used 48470K, committed 48896K, reserved 1097728K
  class space    used 6389K, committed 6592K, reserved 1048576K
}
Event: 70.800 GC heap after
{Heap after GC invocations=80 (full 0):
 garbage-first heap   total 179200K, used 91753K [0x0000000080000000, 0x0000000100000000)
  region size 1024K, 5 young (5120K), 5 survivors (5120K)
 Metaspace       used 48470K, committed 48896K, reserved 1097728K
  class space    used 6389K, committed 6592K, reserved 1048576K
}
Event: 71.299 GC heap before
{Heap before GC invocations=81 (full 0):
 garbage-first heap   total 179200K, used 154217K [0x0000000080000000, 0x0000000100000000)
  region size 1024K, 66 young (67584K), 5 survivors (5120K)
 Metaspace       used 48470K, committed 48896K, reserved 1097728K
  class space    used 6389K, committed 6592K, reserved 1048576K
}
Event: 71.303 GC heap after
{Heap after GC invocations=82 (full 0):
 garbage-first heap   total 179200K, used 92148K [0x0000000080000000, 0x0000000100000000)
  region size 1024K, 5 young (5120K), 5 survivors (5120K)
 Metaspace       used 48470K, committed 48896K, reserved 1097728K
  class space    used 6389K, committed 6592K, reserved 1048576K
}
Event: 71.734 GC heap before
{Heap before GC invocations=82 (full 0):
 garbage-first heap   total 179200K, used 154612K [0x0000000080000000, 0x0000000100000000)
  region size 1024K, 66 young (67584K), 5 survivors (5120K)
 Metaspace       used 48470K, committed 48896K, reserved 1097728K
  class space    used 6389K, committed 6592K, reserved 1048576K
}
Event: 71.739 GC heap after
{Heap after GC invocations=83 (full 0):
 garbage-first heap   total 179200K, used 92844K [0x0000000080000000, 0x0000000100000000)
  region size 1024K, 6 young (6144K), 6 survivors (6144K)
 Metaspace       used 48470K, committed 48896K, reserved 1097728K
  class space    used 6389K, committed 6592K, reserved 1048576K
}
Event: 72.133 GC heap before
{Heap before GC invocations=84 (full 0):
 garbage-first heap   total 179200K, used 153260K [0x0000000080000000, 0x0000000100000000)
  region size 1024K, 65 young (66560K), 6 survivors (6144K)
 Metaspace       used 48471K, committed 48896K, reserved 1097728K
  class space    used 6389K, committed 6592K, reserved 1048576K
}
Event: 72.138 GC heap after
{Heap after GC invocations=85 (full 0):
 garbage-first heap   total 179200K, used 93491K [0x0000000080000000, 0x0000000100000000)
  region size 1024K, 6 young (6144K), 6 survivors (6144K)
 Metaspace       used 48471K, committed 48896K, reserved 1097728K
  class space    used 6389K, committed 6592K, reserved 1048576K
}
Event: 72.420 GC heap before
{Heap before GC invocations=85 (full 0):
 garbage-first heap   total 179200K, used 129331K [0x0000000080000000, 0x0000000100000000)
  region size 1024K, 42 young (43008K), 6 survivors (6144K)
 Metaspace       used 48471K, committed 48896K, reserved 1097728K
  class space    used 6389K, committed 6592K, reserved 1048576K
}
Event: 72.426 GC heap after
{Heap after GC invocations=86 (full 0):
 garbage-first heap   total 179200K, used 94024K [0x0000000080000000, 0x0000000100000000)
  region size 1024K, 5 young (5120K), 5 survivors (5120K)
 Metaspace       used 48471K, committed 48896K, reserved 1097728K
  class space    used 6389K, committed 6592K, reserved 1048576K
}
Event: 72.596 GC heap before
{Heap before GC invocations=87 (full 0):
 garbage-first heap   total 201728K, used 127816K [0x0000000080000000, 0x0000000100000000)
  region size 1024K, 35 young (35840K), 5 survivors (5120K)
 Metaspace       used 48471K, committed 48896K, reserved 1097728K
  class space    used 6389K, committed 6592K, reserved 1048576K
}
Event: 72.601 GC heap after
{Heap after GC invocations=88 (full 0):
 garbage-first heap   total 201728K, used 94199K [0x0000000080000000, 0x0000000100000000)
  region size 1024K, 5 young (5120K), 5 survivors (5120K)
 Metaspace       used 48471K, committed 48896K, reserved 1097728K
  class space    used 6389K, committed 6592K, reserved 1048576K
}
Event: 72.607 GC heap before
{Heap before GC invocations=88 (full 0):
 garbage-first heap   total 201728K, used 95223K [0x0000000080000000, 0x0000000100000000)
  region size 1024K, 7 young (7168K), 5 survivors (5120K)
 Metaspace       used 48471K, committed 48896K, reserved 1097728K
  class space    used 6389K, committed 6592K, reserved 1048576K
}
Event: 72.611 GC heap after
{Heap after GC invocations=89 (full 0):
 garbage-first heap   total 201728K, used 96044K [0x0000000080000000, 0x0000000100000000)
  region size 1024K, 6 young (6144K), 6 survivors (6144K)
 Metaspace       used 48471K, committed 48896K, reserved 1097728K
  class space    used 6389K, committed 6592K, reserved 1048576K
}
Event: 72.979 GC heap before
{Heap before GC invocations=90 (full 0):
 garbage-first heap   total 201728K, used 153388K [0x0000000080000000, 0x0000000100000000)
  region size 1024K, 59 young (60416K), 6 survivors (6144K)
 Metaspace       used 48471K, committed 48896K, reserved 1097728K
  class space    used 6389K, committed 6592K, reserved 1048576K
}
Event: 72.983 GC heap after
{Heap after GC invocations=91 (full 0):
 garbage-first heap   total 201728K, used 94700K [0x0000000080000000, 0x0000000100000000)
  region size 1024K, 4 young (4096K), 4 survivors (4096K)
 Metaspace       used 48471K, committed 48896K, reserved 1097728K
  class space    used 6389K, committed 6592K, reserved 1048576K
}
Event: 73.424 GC heap before
{Heap before GC invocations=91 (full 0):
 garbage-first heap   total 201728K, used 155116K [0x0000000080000000, 0x0000000100000000)
  region size 1024K, 63 young (64512K), 4 survivors (4096K)
 Metaspace       used 48471K, committed 48896K, reserved 1097728K
  class space    used 6389K, committed 6592K, reserved 1048576K
}

Dll operation events (3 events):
Event: 0.090 Loaded shared library C:\Program Files\Android\Android Studio2\jbr\bin\java.dll
Event: 0.428 Loaded shared library C:\Program Files\Android\Android Studio2\jbr\bin\zip.dll
Event: 2.654 Loaded shared library C:\Program Files\Android\Android Studio2\jbr\bin\verify.dll

Deoptimization events (20 events):
Event: 69.320 Thread 0x000002450f0e2ed0 DEOPT PACKING pc=0x00000245009c4b18 sp=0x000000d3450fe760
Event: 69.320 Thread 0x000002450f0e2ed0 DEOPT UNPACKING pc=0x0000024507587143 sp=0x000000d3450fdc40 mode 0
Event: 69.337 Thread 0x000002450f0e2ed0 DEOPT PACKING pc=0x00000245009c4b18 sp=0x000000d3450fe760
Event: 69.337 Thread 0x000002450f0e2ed0 DEOPT UNPACKING pc=0x0000024507587143 sp=0x000000d3450fdc40 mode 0
Event: 69.365 Thread 0x000002450f0e2ed0 DEOPT PACKING pc=0x00000245009c4b18 sp=0x000000d3450fe760
Event: 69.365 Thread 0x000002450f0e2ed0 DEOPT UNPACKING pc=0x0000024507587143 sp=0x000000d3450fdc40 mode 0
Event: 69.395 Thread 0x000002450f0e2ed0 DEOPT PACKING pc=0x00000245009c4b18 sp=0x000000d3450fe760
Event: 69.395 Thread 0x000002450f0e2ed0 DEOPT UNPACKING pc=0x0000024507587143 sp=0x000000d3450fdc40 mode 0
Event: 69.419 Thread 0x000002450f0e2ed0 DEOPT PACKING pc=0x00000245009c4b18 sp=0x000000d3450fe760
Event: 69.419 Thread 0x000002450f0e2ed0 DEOPT UNPACKING pc=0x0000024507587143 sp=0x000000d3450fdc40 mode 0
Event: 69.938 Thread 0x000002450f0e2ed0 DEOPT PACKING pc=0x00000245009ebd98 sp=0x000000d3450fdec0
Event: 69.938 Thread 0x000002450f0e2ed0 DEOPT UNPACKING pc=0x0000024507587143 sp=0x000000d3450fd3d8 mode 0
Event: 70.047 Thread 0x000002450f0e2ed0 DEOPT PACKING pc=0x00000245009ebd98 sp=0x000000d3450fde50
Event: 70.047 Thread 0x000002450f0e2ed0 DEOPT UNPACKING pc=0x0000024507587143 sp=0x000000d3450fd368 mode 0
Event: 71.799 Thread 0x00000245105bb340 DEOPT PACKING pc=0x00000245003d3188 sp=0x000000d3441fe540
Event: 71.799 Thread 0x00000245105bb340 DEOPT UNPACKING pc=0x0000024507587143 sp=0x000000d3441fda48 mode 0
Event: 72.948 Thread 0x000002450f0e2ed0 Uncommon trap: trap_request=0xffffffdc fr.pc=0x0000024507c2f848 relative=0x0000000000001da8
Event: 72.948 Thread 0x000002450f0e2ed0 Uncommon trap: reason=class_check action=make_not_entrant pc=0x0000024507c2f848 method=java.util.ArrayList.toArray([Ljava/lang/Object;)[Ljava/lang/Object; @ 21 c2
Event: 72.948 Thread 0x000002450f0e2ed0 DEOPT PACKING pc=0x0000024507c2f848 sp=0x000000d3450fe5e0
Event: 72.948 Thread 0x000002450f0e2ed0 DEOPT UNPACKING pc=0x00000245075869a3 sp=0x000000d3450fe550 mode 2

Classes unloaded (0 events):
No events

Classes redefined (0 events):
No events

Internal exceptions (20 events):
Event: 48.173 Thread 0x000002451074c8d0 Exception <a 'java/lang/ClassNotFoundException'{0x00000000863adc48}: org/gradle/api/internal/artifacts/dsl/dependencies/DefaultDependencyHandler_DecoratedBeanInfo> (0x00000000863adc48) 
thrown [s\src\hotspot\share\classfile\systemDictionary.cpp, line 256]
Event: 48.175 Thread 0x000002451074c8d0 Exception <a 'java/lang/ClassNotFoundException'{0x00000000863c3e90}: org/gradle/api/internal/artifacts/dsl/dependencies/DefaultDependencyHandlerBeanInfo> (0x00000000863c3e90) 
thrown [s\src\hotspot\share\classfile\systemDictionary.cpp, line 256]
Event: 48.177 Thread 0x000002451074c8d0 Exception <a 'java/lang/ClassNotFoundException'{0x00000000863d9e48}: org/gradle/api/internal/artifacts/dsl/dependencies/DefaultDependencyHandlerCustomizer> (0x00000000863d9e48) 
thrown [s\src\hotspot\share\classfile\systemDictionary.cpp, line 256]
Event: 48.183 Thread 0x000002451074c8d0 Exception <a 'java/lang/ClassNotFoundException'{0x00000000862198c8}: org/gradle/api/internal/artifacts/dsl/dependencies/DefaultDependencyHandler_DecoratedCustomizer> (0x00000000862198c8) 
thrown [s\src\hotspot\share\classfile\systemDictionary.cpp, line 256]
Event: 48.308 Thread 0x000002451074c8d0 Exception <a 'java/lang/NoSuchMethodError'{0x0000000085f76548}: 'java.lang.Object java.lang.invoke.DirectMethodHandle$Holder.newInvokeSpecial(java.lang.Object, int, java.lang.Object)'> (0x0000000085f76548) 
thrown [s\src\hotspot\share\interpreter\linkResolver.cpp, line 771]
Event: 48.433 Thread 0x000002451074c8d0 Exception <a 'java/lang/NoSuchMethodError'{0x0000000086f3ab38}: 'void java.lang.invoke.DirectMethodHandle$Holder.invokeInterface(java.lang.Object, java.lang.Object)'> (0x0000000086f3ab38) 
thrown [s\src\hotspot\share\interpreter\linkResolver.cpp, line 771]
Event: 48.801 Thread 0x000002451074c8d0 Exception <a 'java/lang/NoSuchMethodError'{0x00000000868e12c8}: 'int java.lang.invoke.DirectMethodHandle$Holder.invokeStatic(java.lang.Object)'> (0x00000000868e12c8) 
thrown [s\src\hotspot\share\interpreter\linkResolver.cpp, line 771]
Event: 48.801 Thread 0x000002451074c8d0 Exception <a 'java/lang/NoSuchMethodError'{0x00000000868e56b8}: 'int java.lang.invoke.DirectMethodHandle$Holder.invokeStaticInit(java.lang.Object)'> (0x00000000868e56b8) 
thrown [s\src\hotspot\share\interpreter\linkResolver.cpp, line 771]
Event: 49.005 Thread 0x000002450f0e2a00 Exception <a 'sun/nio/fs/WindowsException'{0x0000000086798e58}> (0x0000000086798e58) 
thrown [s\src\hotspot\share\prims\jni.cpp, line 517]
Event: 49.022 Thread 0x000002450f0e2a00 Exception <a 'sun/nio/fs/WindowsException'{0x00000000866c8990}> (0x00000000866c8990) 
thrown [s\src\hotspot\share\prims\jni.cpp, line 517]
Event: 49.025 Thread 0x000002450f0e2a00 Exception <a 'sun/nio/fs/WindowsException'{0x00000000866c8b28}> (0x00000000866c8b28) 
thrown [s\src\hotspot\share\prims\jni.cpp, line 517]
Event: 49.077 Thread 0x000002451074c8d0 Exception <a 'java/lang/ClassNotFoundException'{0x0000000086531860}: sync_studio_tooling2558_akckivujhsinaqgq4fxrfvxr3BeanInfo> (0x0000000086531860) 
thrown [s\src\hotspot\share\classfile\systemDictionary.cpp, line 256]
Event: 49.078 Thread 0x000002451074c8d0 Exception <a 'java/lang/ClassNotFoundException'{0x0000000086538348}: sync_studio_tooling2558_akckivujhsinaqgq4fxrfvxr3Customizer> (0x0000000086538348) 
thrown [s\src\hotspot\share\classfile\systemDictionary.cpp, line 256]
Event: 49.126 Thread 0x000002451074c8d0 Exception <a 'java/lang/ClassNotFoundException'{0x00000000865f6ec0}: ijinit_hczvmky8tv56t4pntfofff5eBeanInfo> (0x00000000865f6ec0) 
thrown [s\src\hotspot\share\classfile\systemDictionary.cpp, line 256]
Event: 49.127 Thread 0x000002451074c8d0 Exception <a 'java/lang/ClassNotFoundException'{0x00000000865fd900}: ijinit_hczvmky8tv56t4pntfofff5eCustomizer> (0x00000000865fd900) 
thrown [s\src\hotspot\share\classfile\systemDictionary.cpp, line 256]
Event: 49.135 Thread 0x000002451074c8d0 Exception <a 'java/lang/ClassNotFoundException'{0x0000000086452198}: ijinit_hczvmky8tv56t4pntfofff5e$_run_closure1BeanInfo> (0x0000000086452198) 
thrown [s\src\hotspot\share\classfile\systemDictionary.cpp, line 256]
Event: 49.137 Thread 0x000002451074c8d0 Exception <a 'java/lang/ClassNotFoundException'{0x00000000864590f0}: ijinit_hczvmky8tv56t4pntfofff5e$_run_closure1Customizer> (0x00000000864590f0) 
thrown [s\src\hotspot\share\classfile\systemDictionary.cpp, line 256]
Event: 49.234 Thread 0x000002450f0e2ed0 Exception <a 'sun/nio/fs/WindowsException'{0x00000000864d9398}> (0x00000000864d9398) 
thrown [s\src\hotspot\share\prims\jni.cpp, line 517]
Event: 57.224 Thread 0x000002450f0e2ed0 Implicit null exception at 0x0000024507dd8bc0 to 0x0000024507de0c08
Event: 63.523 Thread 0x000002450f0e2ed0 Implicit null exception at 0x0000024507dbdb97 to 0x0000024507dc8b48

VM Operations (20 events):
Event: 71.869 Executing VM operation: G1Concurrent done
Event: 72.133 Executing VM operation: G1CollectForAllocation
Event: 72.138 Executing VM operation: G1CollectForAllocation done
Event: 72.420 Executing VM operation: G1TryInitiateConcMark
Event: 72.426 Executing VM operation: G1TryInitiateConcMark done
Event: 72.517 Executing VM operation: G1Concurrent
Event: 72.521 Executing VM operation: G1Concurrent done
Event: 72.564 Executing VM operation: G1Concurrent
Event: 72.564 Executing VM operation: G1Concurrent done
Event: 72.596 Executing VM operation: G1TryInitiateConcMark
Event: 72.602 Executing VM operation: G1TryInitiateConcMark done
Event: 72.607 Executing VM operation: G1TryInitiateConcMark
Event: 72.611 Executing VM operation: G1TryInitiateConcMark done
Event: 72.704 Executing VM operation: G1Concurrent
Event: 72.707 Executing VM operation: G1Concurrent done
Event: 72.748 Executing VM operation: G1Concurrent
Event: 72.748 Executing VM operation: G1Concurrent done
Event: 72.979 Executing VM operation: G1CollectForAllocation
Event: 72.983 Executing VM operation: G1CollectForAllocation done
Event: 73.424 Executing VM operation: G1CollectForAllocation

Events (20 events):
Event: 60.521 Thread 0x000002457f84ea90 flushing nmethod 0x00000245009a0c90
Event: 60.521 Thread 0x000002457f84ea90 flushing nmethod 0x00000245009a6290
Event: 60.521 Thread 0x000002457f84ea90 flushing nmethod 0x00000245009a8190
Event: 60.521 Thread 0x000002457f84ea90 flushing nmethod 0x00000245009b2990
Event: 60.521 Thread 0x000002457f84ea90 flushing nmethod 0x00000245009b2f10
Event: 60.521 Thread 0x000002457f84ea90 flushing nmethod 0x00000245009b4890
Event: 60.522 Thread 0x000002457f84ea90 flushing nmethod 0x00000245009cd390
Event: 60.522 Thread 0x000002457f84ea90 flushing nmethod 0x00000245009d6c10
Event: 60.522 Thread 0x000002457f84ea90 flushing nmethod 0x00000245009dd490
Event: 60.522 Thread 0x000002457f84ea90 flushing nmethod 0x00000245009df410
Event: 60.522 Thread 0x000002457f84ea90 flushing nmethod 0x00000245009ee610
Event: 60.522 Thread 0x000002457f84ea90 flushing nmethod 0x00000245009f7190
Event: 60.522 Thread 0x000002457f84ea90 flushing nmethod 0x00000245009f8410
Event: 60.522 Thread 0x000002457f84ea90 flushing nmethod 0x0000024500a04710
Event: 60.522 Thread 0x000002457f84ea90 flushing nmethod 0x0000024500a08a90
Event: 60.522 Thread 0x000002457f84ea90 flushing nmethod 0x0000024500a09e10
Event: 60.522 Thread 0x000002457f84ea90 flushing nmethod 0x0000024500a39f10
Event: 60.522 Thread 0x000002457f84ea90 flushing nmethod 0x0000024500a44a90
Event: 60.946 loading class jdk/internal/access/foreign/MemorySegmentProxy
Event: 60.947 loading class jdk/internal/access/foreign/MemorySegmentProxy done


Dynamic libraries:
0x00007ff691830000 - 0x00007ff69183a000 	C:\Program Files\Android\Android Studio2\jbr\bin\java.exe
0x00007ffa03a30000 - 0x00007ffa03c28000 	C:\WINDOWS\SYSTEM32\ntdll.dll
0x00007ffa02260000 - 0x00007ffa0231f000 	C:\WINDOWS\System32\KERNEL32.DLL
0x00007ffa013f0000 - 0x00007ffa016e6000 	C:\WINDOWS\System32\KERNELBASE.dll
0x0000000069b90000 - 0x0000000069c23000 	C:\WINDOWS\System32\SYSFER.DLL
0x00007ffa012a0000 - 0x00007ffa013a0000 	C:\WINDOWS\System32\ucrtbase.dll
0x00007ff9ebf90000 - 0x00007ff9ebfab000 	C:\Program Files\Android\Android Studio2\jbr\bin\VCRUNTIME140.dll
0x00007ff9eee20000 - 0x00007ff9eee37000 	C:\Program Files\Android\Android Studio2\jbr\bin\jli.dll
0x00007ffa028c0000 - 0x00007ffa02a5d000 	C:\WINDOWS\System32\USER32.dll
0x00007ffa016f0000 - 0x00007ffa01712000 	C:\WINDOWS\System32\win32u.dll
0x00007ffa021c0000 - 0x00007ffa021ec000 	C:\WINDOWS\System32\GDI32.dll
0x00007ff9eeeb0000 - 0x00007ff9ef14a000 	C:\WINDOWS\WinSxS\amd64_microsoft.windows.common-controls_6595b64144ccf1df_6.0.19041.1110_none_60b5254171f9507e\COMCTL32.dll
0x00007ffa01110000 - 0x00007ffa01225000 	C:\WINDOWS\System32\gdi32full.dll
0x00007ffa02770000 - 0x00007ffa0280e000 	C:\WINDOWS\System32\msvcrt.dll
0x00007ffa019f0000 - 0x00007ffa01a8d000 	C:\WINDOWS\System32\msvcp_win.dll
0x00007ffa01b20000 - 0x00007ffa01b50000 	C:\WINDOWS\System32\IMM32.DLL
0x00007ff9f8ed0000 - 0x00007ff9f8edc000 	C:\Program Files\Android\Android Studio2\jbr\bin\vcruntime140_1.dll
0x00007ff9c85c0000 - 0x00007ff9c864d000 	C:\Program Files\Android\Android Studio2\jbr\bin\msvcp140.dll
0x00007ff98dd80000 - 0x00007ff98e9ed000 	C:\Program Files\Android\Android Studio2\jbr\bin\server\jvm.dll
0x00007ffa02810000 - 0x00007ffa028bf000 	C:\WINDOWS\System32\ADVAPI32.dll
0x00007ffa01db0000 - 0x00007ffa01e4c000 	C:\WINDOWS\System32\sechost.dll
0x00007ffa03110000 - 0x00007ffa03236000 	C:\WINDOWS\System32\RPCRT4.dll
0x00007ff9ec390000 - 0x00007ff9ec399000 	C:\WINDOWS\SYSTEM32\WSOCK32.dll
0x00007ffa021f0000 - 0x00007ffa0225b000 	C:\WINDOWS\System32\WS2_32.dll
0x00007ff9edbe0000 - 0x00007ff9edc07000 	C:\WINDOWS\SYSTEM32\WINMM.dll
0x00007ff9f89b0000 - 0x00007ff9f89ba000 	C:\WINDOWS\SYSTEM32\VERSION.dll
0x00007ff9ff960000 - 0x00007ff9ff972000 	C:\WINDOWS\SYSTEM32\kernel.appcore.dll
0x00007ff9eec40000 - 0x00007ff9eec4a000 	C:\Program Files\Android\Android Studio2\jbr\bin\jimage.dll
0x00007ff9ff620000 - 0x00007ff9ff804000 	C:\WINDOWS\SYSTEM32\DBGHELP.DLL
0x00007ff9e7110000 - 0x00007ff9e7144000 	C:\WINDOWS\SYSTEM32\dbgcore.DLL
0x00007ffa01880000 - 0x00007ffa01902000 	C:\WINDOWS\System32\bcryptPrimitives.dll
0x00007ff9faea0000 - 0x00007ff9faeae000 	C:\Program Files\Android\Android Studio2\jbr\bin\instrument.dll
0x00007ff9d81a0000 - 0x00007ff9d81c5000 	C:\Program Files\Android\Android Studio2\jbr\bin\java.dll
0x00007ff9ee3b0000 - 0x00007ff9ee3c8000 	C:\Program Files\Android\Android Studio2\jbr\bin\zip.dll
0x00007ffa03240000 - 0x00007ffa03984000 	C:\WINDOWS\System32\SHELL32.dll
0x00007ff9fedb0000 - 0x00007ff9ff543000 	C:\WINDOWS\SYSTEM32\windows.storage.dll
0x00007ffa023d0000 - 0x00007ffa02724000 	C:\WINDOWS\System32\combase.dll
0x00007ffa00a00000 - 0x00007ffa00a2e000 	C:\WINDOWS\SYSTEM32\Wldp.dll
0x00007ffa02320000 - 0x00007ffa023cd000 	C:\WINDOWS\System32\SHCORE.dll
0x00007ffa01e50000 - 0x00007ffa01ea5000 	C:\WINDOWS\System32\shlwapi.dll
0x00007ffa01050000 - 0x00007ffa0106f000 	C:\WINDOWS\SYSTEM32\profapi.dll
0x00007ff9edaf0000 - 0x00007ff9edb09000 	C:\Program Files\Android\Android Studio2\jbr\bin\net.dll
0x00007ff9f0940000 - 0x00007ff9f0a4a000 	C:\WINDOWS\SYSTEM32\WINHTTP.dll
0x00007ffa007f0000 - 0x00007ffa0085a000 	C:\WINDOWS\system32\mswsock.dll
0x00007ff9ec050000 - 0x00007ff9ec066000 	C:\Program Files\Android\Android Studio2\jbr\bin\nio.dll
0x00007ff9ec890000 - 0x00007ff9ec8a0000 	C:\Program Files\Android\Android Studio2\jbr\bin\verify.dll
0x00007ff9da360000 - 0x00007ff9da387000 	C:\Users\Christiana Renta\.gradle\native\68d5fa5c4cc2d200863cafc0d521ce42e7d3e7ee720ec0a83991735586a16f82\windows-amd64\native-platform.dll
0x00007ff9c7b60000 - 0x00007ff9c7ca4000 	C:\Users\Christiana Renta\.gradle\native\e376f236ea51e6404a007f0833ffe2c6e607c4080706a723a18a27aeea778392\windows-amd64\native-platform-file-events.dll
0x00007ff9ee680000 - 0x00007ff9ee689000 	C:\Program Files\Android\Android Studio2\jbr\bin\management.dll
0x00007ff9edf20000 - 0x00007ff9edf2b000 	C:\Program Files\Android\Android Studio2\jbr\bin\management_ext.dll
0x00007ffa02740000 - 0x00007ffa02748000 	C:\WINDOWS\System32\PSAPI.DLL
0x00007ffa00e00000 - 0x00007ffa00e18000 	C:\WINDOWS\SYSTEM32\CRYPTSP.dll
0x00007ffa000c0000 - 0x00007ffa000f4000 	C:\WINDOWS\system32\rsaenh.dll
0x00007ffa019c0000 - 0x00007ffa019e7000 	C:\WINDOWS\System32\bcrypt.dll
0x00007ffa01010000 - 0x00007ffa0103e000 	C:\WINDOWS\SYSTEM32\USERENV.dll
0x00007ffa00aa0000 - 0x00007ffa00aac000 	C:\WINDOWS\SYSTEM32\CRYPTBASE.dll
0x00007ffa00490000 - 0x00007ffa004cc000 	C:\WINDOWS\SYSTEM32\IPHLPAPI.DLL
0x00007ffa01f80000 - 0x00007ffa01f88000 	C:\WINDOWS\System32\NSI.dll
0x00007ff9f2fd0000 - 0x00007ff9f2fe7000 	C:\WINDOWS\SYSTEM32\dhcpcsvc6.DLL
0x00007ff9f2cf0000 - 0x00007ff9f2d0d000 	C:\WINDOWS\SYSTEM32\dhcpcsvc.DLL
0x00007ffa004e0000 - 0x00007ffa005aa000 	C:\WINDOWS\SYSTEM32\DNSAPI.dll
0x00007ff99cc70000 - 0x00007ff99cc77000 	C:\WINDOWS\system32\wshunix.dll

dbghelp: loaded successfully - version: 4.0.5 - missing functions: none
symbol engine: initialized successfully - sym options: 0x614 - pdb path: .;C:\Program Files\Android\Android Studio2\jbr\bin;C:\WINDOWS\SYSTEM32;C:\WINDOWS\WinSxS\amd64_microsoft.windows.common-controls_6595b64144ccf1df_6.0.19041.1110_none_60b5254171f9507e;C:\Program Files\Android\Android Studio2\jbr\bin\server;C:\Users\Christiana Renta\.gradle\native\68d5fa5c4cc2d200863cafc0d521ce42e7d3e7ee720ec0a83991735586a16f82\windows-amd64;C:\Users\Christiana Renta\.gradle\native\e376f236ea51e6404a007f0833ffe2c6e607c4080706a723a18a27aeea778392\windows-amd64

VM Arguments:
jvm_args: --add-opens=java.base/java.util=ALL-UNNAMED --add-opens=java.base/java.lang=ALL-UNNAMED --add-opens=java.base/java.lang.invoke=ALL-UNNAMED --add-opens=java.prefs/java.util.prefs=ALL-UNNAMED --add-opens=java.base/java.nio.charset=ALL-UNNAMED --add-opens=java.base/java.net=ALL-UNNAMED --add-opens=java.base/java.util.concurrent.atomic=ALL-UNNAMED -Xmx2048m -Dfile.encoding=UTF-8 -Duser.country=US -Duser.language=en -Duser.variant -javaagent:C:\Users\Christiana Renta\.gradle\wrapper\dists\gradle-8.2-bin\bbg7u40eoinfdyxsxr3z4i7ta\gradle-8.2\lib\agents\gradle-instrumentation-agent-8.2.jar 
java_command: org.gradle.launcher.daemon.bootstrap.GradleDaemon 8.2
java_class_path (initial): C:\Users\Christiana Renta\.gradle\wrapper\dists\gradle-8.2-bin\bbg7u40eoinfdyxsxr3z4i7ta\gradle-8.2\lib\gradle-launcher-8.2.jar
Launcher Type: SUN_STANDARD

[Global flags]
     intx CICompilerCount                          = 3                                         {product} {ergonomic}
     uint ConcGCThreads                            = 1                                         {product} {ergonomic}
     uint G1ConcRefinementThreads                  = 4                                         {product} {ergonomic}
   size_t G1HeapRegionSize                         = 1048576                                   {product} {ergonomic}
    uintx GCDrainStackTargetSize                   = 64                                        {product} {ergonomic}
   size_t InitialHeapSize                          = 132120576                                 {product} {ergonomic}
   size_t MarkStackSize                            = 4194304                                   {product} {ergonomic}
   size_t MaxHeapSize                              = 2147483648                                {product} {command line}
   size_t MaxNewSize                               = 1287651328                                {product} {ergonomic}
   size_t MinHeapDeltaBytes                        = 1048576                                   {product} {ergonomic}
   size_t MinHeapSize                              = 8388608                                   {product} {ergonomic}
    uintx NonNMethodCodeHeapSize                   = 5832780                                {pd product} {ergonomic}
    uintx NonProfiledCodeHeapSize                  = 122912730                              {pd product} {ergonomic}
    uintx ProfiledCodeHeapSize                     = 122912730                              {pd product} {ergonomic}
    uintx ReservedCodeCacheSize                    = 251658240                              {pd product} {ergonomic}
     bool SegmentedCodeCache                       = true                                      {product} {ergonomic}
   size_t SoftMaxHeapSize                          = 2147483648                             {manageable} {ergonomic}
     bool UseCompressedClassPointers               = true                           {product lp64_product} {ergonomic}
     bool UseCompressedOops                        = true                           {product lp64_product} {ergonomic}
     bool UseG1GC                                  = true                                      {product} {ergonomic}
     bool UseLargePagesIndividualAllocation        = false                                  {pd product} {ergonomic}

Logging:
Log output configuration:
 #0: stdout all=warning uptime,level,tags
 #1: stderr all=off uptime,level,tags

Environment Variables:
PATH=C:\Program Files (x86)\Common Files\Oracle\Java\javapath;C:\MinGW\bin;C:\ProgramData\Oracle\Java\javapath;C:\WINDOWS\system32;C:\WINDOWS;C:\WINDOWS\System32\Wbem;C:\WINDOWS\System32\WindowsPowerShell\v1.0\;C:\Program Files (x86)\OpenVPN\bin;C:\Program Files\PuTTY\;C:\Program Files\MATLAB\R2017a\runtime\win64;C:\Program Files\MATLAB\R2017a\bin;C:\WINDOWS\System32\OpenSSH\;C:\Program Files\IBM\SPSS\Statistics\Subscription\JRE\bin;C:\Program Files\Intel\WiFi\bin\;C:\Program Files\Common Files\Intel\WirelessCommon\;C:\Program Files\Microsoft SQL Server\110\Tools\Binn\;C:\Program Files (x86)\Intel\Intel(R) Management Engine Components\DAL;C:\Program Files\Intel\Intel(R) Management Engine Components\DAL;C:\Program Files\dotnet\;C:\Users\Christiana Renta\AppData\Local\Microsoft\WindowsApps;C:\Program Files\Intel\WiFi\bin\;C:\Program Files\Common Files\Intel\WirelessCommon\;;C:\Users\Christiana Renta\AppData\Local\Programs\Microsoft VS Code\bin
USERNAME=Christiana Renta
OS=Windows_NT
PROCESSOR_IDENTIFIER=Intel64 Family 6 Model 142 Stepping 9, GenuineIntel
TMP=C:\Users\Christiana Renta\AppData\Local\Temp
TEMP=C:\Users\Christiana Renta\AppData\Local\Temp



---------------  S Y S T E M  ---------------

OS:
 Windows 10 , 64 bit Build 19041 (10.0.19041.3031)
OS uptime: 14 days 0:07 hours
Hyper-V role detected

CPU: total 4 (initial active 4) (2 cores per cpu, 2 threads per core) family 6 model 142 stepping 9 microcode 0xec, cx8, cmov, fxsr, ht, mmx, 3dnowpref, sse, sse2, sse3, ssse3, sse4.1, sse4.2, popcnt, lzcnt, tsc, tscinvbit, avx, avx2, aes, erms, clmul, bmi1, bmi2, adx, fma, vzeroupper, clflush, clflushopt, hv

Memory: 4k page, system-wide physical 7990M (301M free)
TotalPageFile size 32566M (AvailPageFile size 39M)
current process WorkingSet (physical memory assigned to process): 286M, peak: 290M
current process commit charge ("private bytes"): 378M, peak: 468M

vm_info: OpenJDK 64-Bit Server VM (17.0.6+0-b2043.56-9586694) for windows-amd64 JRE (17.0.6+0-b2043.56-9586694), built on Feb  9 2023 20:06:20 by "androidbuild" with MS VC++ 16.10 / 16.11 (VS2019)

END.
