#
# There is insufficient memory for the Java Runtime Environment to continue.
# Native memory allocation (mmap) failed to map 384827392 bytes for G1 virtual space
# Possible reasons:
#   The system is out of physical RAM or swap space
#   The process is running with CompressedOops enabled, and the Java Heap may be blocking the growth of the native heap
# Possible solutions:
#   Reduce memory load on the system
#   Increase physical memory or swap space
#   Check if swap backing store is full
#   Decrease Java heap size (-Xmx/-Xms)
#   Decrease number of Java threads
#   Decrease Java thread stack sizes (-Xss)
#   Set larger code cache with -XX:ReservedCodeCacheSize=
#   JVM is running with Unscaled Compressed Oops mode in which the Java heap is
#     placed in the first 4GB address space. The Java Heap base address is the
#     maximum limit for the native heap growth. Please use -XX:HeapBaseMinAddress
#     to set the Java Heap base and to place the Java Heap above 4GB virtual address.
# This output file may be truncated or incomplete.
#
#  Out of Memory Error (os_windows.cpp:3769), pid=105004, tid=64952
#
# JRE version: OpenJDK Runtime Environment (17.0.6) (build 17.0.6+0-b2043.56-9586694)
# Java VM: OpenJDK 64-Bit Server VM (17.0.6+0-b2043.56-9586694, mixed mode, tiered, compressed oops, compressed class ptrs, g1 gc, windows-amd64)
# No core dump will be written. Minidumps are not enabled by default on client versions of Windows
#

---------------  S U M M A R Y ------------

Command Line: --add-opens=java.base/java.util=ALL-UNNAMED --add-opens=java.base/java.lang=ALL-UNNAMED --add-opens=java.base/java.lang.invoke=ALL-UNNAMED --add-opens=java.prefs/java.util.prefs=ALL-UNNAMED --add-opens=java.base/java.nio.charset=ALL-UNNAMED --add-opens=java.base/java.net=ALL-UNNAMED --add-opens=java.base/java.util.concurrent.atomic=ALL-UNNAMED -Xmx2048m -Dfile.encoding=UTF-8 -Duser.country=US -Duser.language=en -Duser.variant -javaagent:C:\Users\Christiana Renta\.gradle\wrapper\dists\gradle-8.2-bin\bbg7u40eoinfdyxsxr3z4i7ta\gradle-8.2\lib\agents\gradle-instrumentation-agent-8.2.jar org.gradle.launcher.daemon.bootstrap.GradleDaemon 8.2

Host: Intel(R) Core(TM) i5-7200U CPU @ 2.50GHz, 4 cores, 7G,  Windows 10 , 64 bit Build 19041 (10.0.19041.3031)
Time: Thu Jul  6 13:33:43 2023 GTB Daylight Time elapsed time: 82.328516 seconds (0d 0h 1m 22s)

---------------  T H R E A D  ---------------

Current thread (0x000001bf649220e0):  VMThread "VM Thread" [stack: 0x0000003a2f900000,0x0000003a2fa00000] [id=64952]

Stack: [0x0000003a2f900000,0x0000003a2fa00000]
Native frames: (J=compiled Java code, j=interpreted, Vv=VM code, C=native code)
V  [jvm.dll+0x683b4a]
V  [jvm.dll+0x842654]
V  [jvm.dll+0x843dfe]
V  [jvm.dll+0x844463]
V  [jvm.dll+0x249b75]
V  [jvm.dll+0x680a19]
V  [jvm.dll+0x674f0a]
V  [jvm.dll+0x309acb]
V  [jvm.dll+0x310f86]
V  [jvm.dll+0x3608ee]
V  [jvm.dll+0x360b1f]
V  [jvm.dll+0x2dfbf8]
V  [jvm.dll+0x2ddec4]
V  [jvm.dll+0x2dd4cc]
V  [jvm.dll+0x321f3b]
V  [jvm.dll+0x84893b]
V  [jvm.dll+0x849674]
V  [jvm.dll+0x849b8d]
V  [jvm.dll+0x849f64]
V  [jvm.dll+0x84a030]
V  [jvm.dll+0x7f25fa]
V  [jvm.dll+0x682985]
C  [ucrtbase.dll+0x21bb2]
C  [KERNEL32.DLL+0x17614]
C  [ntdll.dll+0x526f1]

VM_Operation (0x0000003a31afe470): G1CollectForAllocation, mode: safepoint, requested by thread 0x000001bf6570b060


---------------  P R O C E S S  ---------------

Threads class SMR info:
_java_thread_list=0x000001bf6819cd80, length=37, elements={
0x000001bf4b3ae540, 0x000001bf6498a1d0, 0x000001bf6498be80, 0x000001bf6541d1b0,
0x000001bf6541da70, 0x000001bf65420340, 0x000001bf65420c00, 0x000001bf6543b000,
0x000001bf6543d910, 0x000001bf65441710, 0x000001bf65522060, 0x000001bf65670f40,
0x000001bf66ce4f20, 0x000001bf66af5e40, 0x000001bf66334420, 0x000001bf65813570,
0x000001bf67800080, 0x000001bf657f15f0, 0x000001bf659133a0, 0x000001bf6570c3a0,
0x000001bf65708eb0, 0x000001bf6570c870, 0x000001bf6570ab90, 0x000001bf65709850,
0x000001bf6570b530, 0x000001bf6570ba00, 0x000001bf65709d20, 0x000001bf65709380,
0x000001bf6570a1f0, 0x000001bf6570a6c0, 0x000001bf6570b060, 0x000001bf67c7adf0,
0x000001bf67c79110, 0x000001bf67c782a0, 0x000001bf67c78770, 0x000001bf67c75280,
0x000001bf67c79ab0
}

Java Threads: ( => current thread )
  0x000001bf4b3ae540 JavaThread "main" [_thread_blocked, id=87420, stack(0x0000003a2f300000,0x0000003a2f400000)]
  0x000001bf6498a1d0 JavaThread "Reference Handler" daemon [_thread_blocked, id=109852, stack(0x0000003a2fa00000,0x0000003a2fb00000)]
  0x000001bf6498be80 JavaThread "Finalizer" daemon [_thread_blocked, id=115284, stack(0x0000003a2fb00000,0x0000003a2fc00000)]
  0x000001bf6541d1b0 JavaThread "Signal Dispatcher" daemon [_thread_blocked, id=94444, stack(0x0000003a2fc00000,0x0000003a2fd00000)]
  0x000001bf6541da70 JavaThread "Attach Listener" daemon [_thread_blocked, id=115152, stack(0x0000003a2fd00000,0x0000003a2fe00000)]
  0x000001bf65420340 JavaThread "Service Thread" daemon [_thread_blocked, id=34768, stack(0x0000003a2fe00000,0x0000003a2ff00000)]
  0x000001bf65420c00 JavaThread "Monitor Deflation Thread" daemon [_thread_blocked, id=112012, stack(0x0000003a2ff00000,0x0000003a30000000)]
  0x000001bf6543b000 JavaThread "C2 CompilerThread0" daemon [_thread_blocked, id=29124, stack(0x0000003a30000000,0x0000003a30100000)]
  0x000001bf6543d910 JavaThread "C1 CompilerThread0" daemon [_thread_blocked, id=59624, stack(0x0000003a30100000,0x0000003a30200000)]
  0x000001bf65441710 JavaThread "Sweeper thread" daemon [_thread_blocked, id=112740, stack(0x0000003a30200000,0x0000003a30300000)]
  0x000001bf65522060 JavaThread "Common-Cleaner" daemon [_thread_blocked, id=89308, stack(0x0000003a30300000,0x0000003a30400000)]
  0x000001bf65670f40 JavaThread "Notification Thread" daemon [_thread_blocked, id=101840, stack(0x0000003a30400000,0x0000003a30500000)]
  0x000001bf66ce4f20 JavaThread "Daemon health stats" [_thread_blocked, id=96468, stack(0x0000003a30900000,0x0000003a30a00000)]
  0x000001bf66af5e40 JavaThread "Incoming local TCP Connector on port 53052" [_thread_in_native, id=50312, stack(0x0000003a30a00000,0x0000003a30b00000)]
  0x000001bf66334420 JavaThread "Daemon periodic checks" [_thread_blocked, id=95592, stack(0x0000003a30b00000,0x0000003a30c00000)]
  0x000001bf65813570 JavaThread "Daemon" [_thread_blocked, id=32908, stack(0x0000003a30c00000,0x0000003a30d00000)]
  0x000001bf67800080 JavaThread "Handler for socket connection from /127.0.0.1:53052 to /127.0.0.1:53064" [_thread_in_native, id=111244, stack(0x0000003a30d00000,0x0000003a30e00000)]
  0x000001bf657f15f0 JavaThread "Cancel handler" [_thread_blocked, id=95772, stack(0x0000003a30e00000,0x0000003a30f00000)]
  0x000001bf659133a0 JavaThread "Daemon worker" [_thread_blocked, id=111884, stack(0x0000003a30f00000,0x0000003a31000000)]
  0x000001bf6570c3a0 JavaThread "Asynchronous log dispatcher for DefaultDaemonConnection: socket connection from /127.0.0.1:53052 to /127.0.0.1:53064" [_thread_blocked, id=11628, stack(0x0000003a31000000,0x0000003a31100000)]
  0x000001bf65708eb0 JavaThread "Stdin handler" [_thread_blocked, id=82920, stack(0x0000003a31100000,0x0000003a31200000)]
  0x000001bf6570c870 JavaThread "Daemon client event forwarder" [_thread_blocked, id=80716, stack(0x0000003a31200000,0x0000003a31300000)]
  0x000001bf6570ab90 JavaThread "Cache worker for journal cache (C:\Users\Christiana Renta\.gradle\caches\journal-1)" [_thread_blocked, id=107196, stack(0x0000003a31300000,0x0000003a31400000)]
  0x000001bf65709850 JavaThread "File lock request listener" [_thread_in_native, id=68904, stack(0x0000003a31400000,0x0000003a31500000)]
  0x000001bf6570b530 JavaThread "Cache worker for file hash cache (C:\Users\Christiana Renta\.gradle\caches\8.2\fileHashes)" [_thread_blocked, id=112268, stack(0x0000003a31500000,0x0000003a31600000)]
  0x000001bf6570ba00 JavaThread "File watcher server" daemon [_thread_in_native, id=39996, stack(0x0000003a2f000000,0x0000003a2f100000)]
  0x000001bf65709d20 JavaThread "File watcher consumer" daemon [_thread_blocked, id=114192, stack(0x0000003a2f100000,0x0000003a2f200000)]
  0x000001bf65709380 JavaThread "jar transforms" [_thread_blocked, id=110532, stack(0x0000003a31700000,0x0000003a31800000)]
  0x000001bf6570a1f0 JavaThread "jar transforms Thread 2" [_thread_blocked, id=47848, stack(0x0000003a31800000,0x0000003a31900000)]
  0x000001bf6570a6c0 JavaThread "jar transforms Thread 3" [_thread_blocked, id=87032, stack(0x0000003a31900000,0x0000003a31a00000)]
  0x000001bf6570b060 JavaThread "jar transforms Thread 4" [_thread_blocked, id=99756, stack(0x0000003a31a00000,0x0000003a31b00000)]
  0x000001bf67c7adf0 JavaThread "Cache worker for checksums cache (C:\Users\Christiana Renta\AndroidStudioProjects\TexttoSpeech\.gradle\8.2\checksums)" [_thread_blocked, id=101056, stack(0x0000003a31b00000,0x0000003a31c00000)]
  0x000001bf67c79110 JavaThread "Cache worker for cache directory md-rule (C:\Users\Christiana Renta\.gradle\caches\8.2\md-rule)" [_thread_blocked, id=82632, stack(0x0000003a31c00000,0x0000003a31d00000)]
  0x000001bf67c782a0 JavaThread "Cache worker for file content cache (C:\Users\Christiana Renta\.gradle\caches\8.2\fileContent)" [_thread_blocked, id=31804, stack(0x0000003a31d00000,0x0000003a31e00000)]
  0x000001bf67c78770 JavaThread "Cache worker for file hash cache (C:\Users\Christiana Renta\AndroidStudioProjects\TexttoSpeech\.gradle\8.2\fileHashes)" [_thread_blocked, id=57256, stack(0x0000003a31e00000,0x0000003a31f00000)]
  0x000001bf67c75280 JavaThread "Cache worker for cache directory md-supplier (C:\Users\Christiana Renta\.gradle\caches\8.2\md-supplier)" [_thread_blocked, id=87160, stack(0x0000003a31f00000,0x0000003a32000000)]
  0x000001bf67c79ab0 JavaThread "Cache worker for execution history cache (C:\Users\Christiana Renta\.gradle\caches\8.2\executionHistory)" [_thread_blocked, id=100288, stack(0x0000003a32000000,0x0000003a32100000)]

Other Threads:
=>0x000001bf649220e0 VMThread "VM Thread" [stack: 0x0000003a2f900000,0x0000003a2fa00000] [id=64952]
  0x000001bf4b42f8c0 WatcherThread [stack: 0x0000003a30500000,0x0000003a30600000] [id=54784]
  0x000001bf4b4089b0 GCTaskThread "GC Thread#0" [stack: 0x0000003a2f400000,0x0000003a2f500000] [id=100752]
  0x000001bf657a96b0 GCTaskThread "GC Thread#1" [stack: 0x0000003a30600000,0x0000003a30700000] [id=36080]
  0x000001bf657a9960 GCTaskThread "GC Thread#2" [stack: 0x0000003a30700000,0x0000003a30800000] [id=96736]
  0x000001bf65f64290 GCTaskThread "GC Thread#3" [stack: 0x0000003a30800000,0x0000003a30900000] [id=105208]
  0x000001bf4b41a800 ConcurrentGCThread "G1 Main Marker" [stack: 0x0000003a2f500000,0x0000003a2f600000] [id=91520]
  0x000001bf4b41bd30 ConcurrentGCThread "G1 Conc#0" [stack: 0x0000003a2f600000,0x0000003a2f700000] [id=96720]
  0x000001bf4b466b60 ConcurrentGCThread "G1 Refine#0" [stack: 0x0000003a2f700000,0x0000003a2f800000] [id=39460]
  0x000001bf647d34c0 ConcurrentGCThread "G1 Service" [stack: 0x0000003a2f800000,0x0000003a2f900000] [id=99872]

Threads with active compile tasks:

VM state: at safepoint (normal execution)

VM Mutex/Monitor currently owned by a thread:  ([mutex/lock_event])
[0x000001bf4b3ab230] Threads_lock - owner thread: 0x000001bf649220e0
[0x000001bf4b3ab470] Heap_lock - owner thread: 0x000001bf6570b060

Heap address: 0x0000000080000000, size: 2048 MB, Compressed Oops mode: 32-bit

CDS archive(s) not mapped
Compressed class space mapped at: 0x0000000100000000-0x0000000140000000, reserved size: 1073741824
Narrow klass base: 0x0000000000000000, Narrow klass shift: 3, Narrow klass range: 0x140000000

GC Precious Log:
 CPUs: 4 total, 4 available
 Memory: 7990M
 Large Page Support: Disabled
 NUMA Support: Disabled
 Compressed Oops: Enabled (32-bit)
 Heap Region Size: 1M
 Heap Min Capacity: 8M
 Heap Initial Capacity: 126M
 Heap Max Capacity: 2G
 Pre-touch: Disabled
 Parallel Workers: 4
 Concurrent Workers: 1
 Concurrent Refinement Workers: 4
 Periodic GC: Disabled

Heap:
 garbage-first heap   total 285696K, used 92567K [0x0000000080000000, 0x0000000100000000)
  region size 1024K, 2 young (2048K), 2 survivors (2048K)
 Metaspace       used 54186K, committed 54656K, reserved 1097728K
  class space    used 7183K, committed 7424K, reserved 1048576K

Heap Regions: E=young(eden), S=young(survivor), O=old, HS=humongous(starts), HC=humongous(continues), CS=collection set, F=free, OA=open archive, CA=closed archive, TAMS=top-at-mark-start (previous, next)
|   0|0x0000000080000000, 0x0000000080100000, 0x0000000080100000|100%| O|  |TAMS 0x0000000080100000, 0x0000000080000000| Untracked 
|   1|0x0000000080100000, 0x0000000080200000, 0x0000000080200000|100%| O|  |TAMS 0x0000000080200000, 0x0000000080100000| Untracked 
|   2|0x0000000080200000, 0x0000000080300000, 0x0000000080300000|100%|HS|  |TAMS 0x0000000080300000, 0x0000000080200000| Complete 
|   3|0x0000000080300000, 0x0000000080400000, 0x0000000080400000|100%|HC|  |TAMS 0x0000000080400000, 0x0000000080300000| Complete 
|   4|0x0000000080400000, 0x0000000080500000, 0x0000000080500000|100%|HC|  |TAMS 0x0000000080500000, 0x0000000080400000| Complete 
|   5|0x0000000080500000, 0x0000000080600000, 0x0000000080600000|100%|HC|  |TAMS 0x0000000080600000, 0x0000000080500000| Complete 
|   6|0x0000000080600000, 0x0000000080700000, 0x0000000080700000|100%| O|  |TAMS 0x0000000080700000, 0x0000000080600000| Untracked 
|   7|0x0000000080700000, 0x0000000080800000, 0x0000000080800000|100%| O|  |TAMS 0x0000000080800000, 0x0000000080700000| Untracked 
|   8|0x0000000080800000, 0x0000000080900000, 0x0000000080900000|100%| O|  |TAMS 0x0000000080900000, 0x0000000080800000| Untracked 
|   9|0x0000000080900000, 0x0000000080a00000, 0x0000000080a00000|100%| O|  |TAMS 0x0000000080a00000, 0x0000000080900000| Untracked 
|  10|0x0000000080a00000, 0x0000000080b00000, 0x0000000080b00000|100%| O|  |TAMS 0x0000000080b00000, 0x0000000080a00000| Untracked 
|  11|0x0000000080b00000, 0x0000000080c00000, 0x0000000080c00000|100%| O|  |TAMS 0x0000000080c00000, 0x0000000080b00000| Untracked 
|  12|0x0000000080c00000, 0x0000000080d00000, 0x0000000080d00000|100%| O|  |TAMS 0x0000000080d00000, 0x0000000080c00000| Untracked 
|  13|0x0000000080d00000, 0x0000000080e00000, 0x0000000080e00000|100%| O|  |TAMS 0x0000000080e00000, 0x0000000080d00000| Untracked 
|  14|0x0000000080e00000, 0x0000000080f00000, 0x0000000080f00000|100%| O|  |TAMS 0x0000000080f00000, 0x0000000080e00000| Untracked 
|  15|0x0000000080f00000, 0x0000000081000000, 0x0000000081000000|100%| O|  |TAMS 0x0000000081000000, 0x0000000080f00000| Untracked 
|  16|0x0000000081000000, 0x0000000081100000, 0x0000000081100000|100%| O|  |TAMS 0x0000000081100000, 0x0000000081000000| Untracked 
|  17|0x0000000081100000, 0x0000000081200000, 0x0000000081200000|100%| O|  |TAMS 0x0000000081200000, 0x0000000081100000| Untracked 
|  18|0x0000000081200000, 0x0000000081300000, 0x0000000081300000|100%| O|  |TAMS 0x0000000081300000, 0x0000000081200000| Untracked 
|  19|0x0000000081300000, 0x0000000081400000, 0x0000000081400000|100%| O|  |TAMS 0x0000000081400000, 0x0000000081300000| Untracked 
|  20|0x0000000081400000, 0x0000000081500000, 0x0000000081500000|100%| O|  |TAMS 0x0000000081500000, 0x0000000081400000| Untracked 
|  21|0x0000000081500000, 0x0000000081600000, 0x0000000081600000|100%|HS|  |TAMS 0x0000000081600000, 0x0000000081500000| Complete 
|  22|0x0000000081600000, 0x0000000081700000, 0x0000000081700000|100%|HC|  |TAMS 0x0000000081700000, 0x0000000081600000| Complete 
|  23|0x0000000081700000, 0x0000000081800000, 0x0000000081800000|100%|HS|  |TAMS 0x0000000081800000, 0x0000000081700000| Complete 
|  24|0x0000000081800000, 0x0000000081900000, 0x0000000081900000|100%|HC|  |TAMS 0x0000000081900000, 0x0000000081800000| Complete 
|  25|0x0000000081900000, 0x0000000081a00000, 0x0000000081a00000|100%|HC|  |TAMS 0x0000000081a00000, 0x0000000081900000| Complete 
|  26|0x0000000081a00000, 0x0000000081b00000, 0x0000000081b00000|100%|HS|  |TAMS 0x0000000081b00000, 0x0000000081a00000| Complete 
|  27|0x0000000081b00000, 0x0000000081c00000, 0x0000000081c00000|100%|HC|  |TAMS 0x0000000081c00000, 0x0000000081b00000| Complete 
|  28|0x0000000081c00000, 0x0000000081d00000, 0x0000000081d00000|100%|HC|  |TAMS 0x0000000081d00000, 0x0000000081c00000| Complete 
|  29|0x0000000081d00000, 0x0000000081e00000, 0x0000000081e00000|100%| O|  |TAMS 0x0000000081e00000, 0x0000000081d00000| Untracked 
|  30|0x0000000081e00000, 0x0000000081f00000, 0x0000000081f00000|100%| O|  |TAMS 0x0000000081f00000, 0x0000000081e00000| Untracked 
|  31|0x0000000081f00000, 0x0000000082000000, 0x0000000082000000|100%|HS|  |TAMS 0x0000000082000000, 0x0000000081f00000| Complete 
|  32|0x0000000082000000, 0x0000000082100000, 0x0000000082100000|100%|HC|  |TAMS 0x0000000082100000, 0x0000000082000000| Complete 
|  33|0x0000000082100000, 0x0000000082200000, 0x0000000082200000|100%|HC|  |TAMS 0x0000000082200000, 0x0000000082100000| Complete 
|  34|0x0000000082200000, 0x0000000082300000, 0x0000000082300000|100%|HC|  |TAMS 0x0000000082300000, 0x0000000082200000| Complete 
|  35|0x0000000082300000, 0x0000000082400000, 0x0000000082400000|100%|HC|  |TAMS 0x0000000082400000, 0x0000000082300000| Complete 
|  36|0x0000000082400000, 0x0000000082500000, 0x0000000082500000|100%|HC|  |TAMS 0x0000000082500000, 0x0000000082400000| Complete 
|  37|0x0000000082500000, 0x0000000082600000, 0x0000000082600000|100%|HS|  |TAMS 0x0000000082600000, 0x0000000082500000| Complete 
|  38|0x0000000082600000, 0x0000000082700000, 0x0000000082700000|100%| O|  |TAMS 0x0000000082700000, 0x0000000082600000| Untracked 
|  39|0x0000000082700000, 0x0000000082800000, 0x0000000082800000|100%| O|  |TAMS 0x0000000082800000, 0x0000000082700000| Untracked 
|  40|0x0000000082800000, 0x0000000082900000, 0x0000000082900000|100%| O|  |TAMS 0x0000000082900000, 0x0000000082800000| Untracked 
|  41|0x0000000082900000, 0x0000000082a00000, 0x0000000082a00000|100%| O|  |TAMS 0x0000000082a00000, 0x0000000082900000| Untracked 
|  42|0x0000000082a00000, 0x0000000082b00000, 0x0000000082b00000|100%| O|  |TAMS 0x0000000082b00000, 0x0000000082a00000| Untracked 
|  43|0x0000000082b00000, 0x0000000082c00000, 0x0000000082c00000|100%| O|  |TAMS 0x0000000082c00000, 0x0000000082b00000| Untracked 
|  44|0x0000000082c00000, 0x0000000082d00000, 0x0000000082d00000|100%| O|  |TAMS 0x0000000082d00000, 0x0000000082c00000| Untracked 
|  45|0x0000000082d00000, 0x0000000082e00000, 0x0000000082e00000|100%| O|  |TAMS 0x0000000082e00000, 0x0000000082d00000| Untracked 
|  46|0x0000000082e00000, 0x0000000082f00000, 0x0000000082f00000|100%| O|  |TAMS 0x0000000082f00000, 0x0000000082e00000| Untracked 
|  47|0x0000000082f00000, 0x0000000082f00000, 0x0000000083000000|  0%| F|  |TAMS 0x0000000082f00000, 0x0000000082f00000| Untracked 
|  48|0x0000000083000000, 0x0000000083100000, 0x0000000083100000|100%|HS|  |TAMS 0x0000000083100000, 0x0000000083000000| Complete 
|  49|0x0000000083100000, 0x0000000083200000, 0x0000000083200000|100%|HC|  |TAMS 0x0000000083200000, 0x0000000083100000| Complete 
|  50|0x0000000083200000, 0x0000000083300000, 0x0000000083300000|100%|HS|  |TAMS 0x0000000083300000, 0x0000000083200000| Complete 
|  51|0x0000000083300000, 0x0000000083400000, 0x0000000083400000|100%|HC|  |TAMS 0x0000000083400000, 0x0000000083300000| Complete 
|  52|0x0000000083400000, 0x0000000083500000, 0x0000000083500000|100%| O|  |TAMS 0x0000000083400000, 0x0000000083400000| Untracked 
|  53|0x0000000083500000, 0x0000000083600000, 0x0000000083600000|100%| O|  |TAMS 0x0000000083500000, 0x0000000083500000| Untracked 
|  54|0x0000000083600000, 0x0000000083700000, 0x0000000083700000|100%| O|  |TAMS 0x0000000083600000, 0x0000000083600000| Untracked 
|  55|0x0000000083700000, 0x0000000083800000, 0x0000000083800000|100%| O|  |TAMS 0x0000000083800000, 0x0000000083700000| Untracked 
|  56|0x0000000083800000, 0x0000000083900000, 0x0000000083900000|100%| O|  |TAMS 0x0000000083900000, 0x0000000083800000| Untracked 
|  57|0x0000000083900000, 0x0000000083a00000, 0x0000000083a00000|100%| O|  |TAMS 0x0000000083a00000, 0x0000000083900000| Untracked 
|  58|0x0000000083a00000, 0x0000000083b00000, 0x0000000083b00000|100%| O|  |TAMS 0x0000000083b00000, 0x0000000083a00000| Untracked 
|  59|0x0000000083b00000, 0x0000000083b00000, 0x0000000083c00000|  0%| F|  |TAMS 0x0000000083b00000, 0x0000000083b00000| Untracked 
|  60|0x0000000083c00000, 0x0000000083d00000, 0x0000000083d00000|100%| O|  |TAMS 0x0000000083d00000, 0x0000000083c00000| Untracked 
|  61|0x0000000083d00000, 0x0000000083e00000, 0x0000000083e00000|100%|HS|  |TAMS 0x0000000083e00000, 0x0000000083d00000| Complete 
|  62|0x0000000083e00000, 0x0000000083f00000, 0x0000000083f00000|100%|HC|  |TAMS 0x0000000083f00000, 0x0000000083e00000| Complete 
|  63|0x0000000083f00000, 0x0000000084000000, 0x0000000084000000|100%|HC|  |TAMS 0x0000000084000000, 0x0000000083f00000| Complete 
|  64|0x0000000084000000, 0x0000000084100000, 0x0000000084100000|100%|HC|  |TAMS 0x0000000084100000, 0x0000000084000000| Complete 
|  65|0x0000000084100000, 0x0000000084200000, 0x0000000084200000|100%|HC|  |TAMS 0x0000000084200000, 0x0000000084100000| Complete 
|  66|0x0000000084200000, 0x0000000084300000, 0x0000000084300000|100%|HC|  |TAMS 0x0000000084300000, 0x0000000084200000| Complete 
|  67|0x0000000084300000, 0x0000000084400000, 0x0000000084400000|100%|HC|  |TAMS 0x0000000084400000, 0x0000000084300000| Complete 
|  68|0x0000000084400000, 0x0000000084500000, 0x0000000084500000|100%|HC|  |TAMS 0x0000000084500000, 0x0000000084400000| Complete 
|  69|0x0000000084500000, 0x0000000084600000, 0x0000000084600000|100%|HC|  |TAMS 0x0000000084600000, 0x0000000084500000| Complete 
|  70|0x0000000084600000, 0x0000000084700000, 0x0000000084700000|100%|HC|  |TAMS 0x0000000084700000, 0x0000000084600000| Complete 
|  71|0x0000000084700000, 0x0000000084800000, 0x0000000084800000|100%| O|  |TAMS 0x0000000084700000, 0x0000000084700000| Untracked 
|  72|0x0000000084800000, 0x0000000084900000, 0x0000000084900000|100%| O|  |TAMS 0x0000000084800000, 0x0000000084800000| Untracked 
|  73|0x0000000084900000, 0x0000000084a00000, 0x0000000084a00000|100%| O|  |TAMS 0x0000000084900000, 0x0000000084900000| Untracked 
|  74|0x0000000084a00000, 0x0000000084b00000, 0x0000000084b00000|100%| O|  |TAMS 0x0000000084b00000, 0x0000000084a00000| Untracked 
|  75|0x0000000084b00000, 0x0000000084c00000, 0x0000000084c00000|100%| O|  |TAMS 0x0000000084c00000, 0x0000000084b00000| Untracked 
|  76|0x0000000084c00000, 0x0000000084d00000, 0x0000000084d00000|100%| O|  |TAMS 0x0000000084d00000, 0x0000000084c00000| Untracked 
|  77|0x0000000084d00000, 0x0000000084e00000, 0x0000000084e00000|100%| O|  |TAMS 0x0000000084e00000, 0x0000000084d00000| Untracked 
|  78|0x0000000084e00000, 0x0000000084f00000, 0x0000000084f00000|100%| O|  |TAMS 0x0000000084f00000, 0x0000000084e00000| Untracked 
|  79|0x0000000084f00000, 0x0000000085000000, 0x0000000085000000|100%| O|  |TAMS 0x0000000085000000, 0x0000000084f00000| Untracked 
|  80|0x0000000085000000, 0x0000000085100000, 0x0000000085100000|100%| O|  |TAMS 0x0000000085100000, 0x0000000085000000| Untracked 
|  81|0x0000000085100000, 0x0000000085200000, 0x0000000085200000|100%| O|  |TAMS 0x0000000085200000, 0x0000000085100000| Untracked 
|  82|0x0000000085200000, 0x0000000085300000, 0x0000000085300000|100%| O|  |TAMS 0x0000000085300000, 0x0000000085200000| Untracked 
|  83|0x0000000085300000, 0x0000000085400000, 0x0000000085400000|100%| O|  |TAMS 0x0000000085400000, 0x0000000085300000| Untracked 
|  84|0x0000000085400000, 0x0000000085500000, 0x0000000085500000|100%| O|  |TAMS 0x0000000085500000, 0x0000000085400000| Untracked 
|  85|0x0000000085500000, 0x0000000085600000, 0x0000000085600000|100%| O|  |TAMS 0x0000000085600000, 0x0000000085500000| Untracked 
|  86|0x0000000085600000, 0x0000000085700000, 0x0000000085700000|100%| O|  |TAMS 0x0000000085700000, 0x0000000085600000| Untracked 
|  87|0x0000000085700000, 0x0000000085800000, 0x0000000085800000|100%| O|  |TAMS 0x0000000085700000, 0x0000000085700000| Untracked 
|  88|0x0000000085800000, 0x0000000085900000, 0x0000000085900000|100%| O|  |TAMS 0x0000000085800000, 0x0000000085800000| Untracked 
|  89|0x0000000085900000, 0x0000000085a00000, 0x0000000085a00000|100%| O|  |TAMS 0x0000000085900000, 0x0000000085900000| Untracked 
|  90|0x0000000085a00000, 0x0000000085adee00, 0x0000000085b00000| 87%| O|  |TAMS 0x0000000085a00000, 0x0000000085a00000| Untracked 
|  91|0x0000000085b00000, 0x0000000085b00000, 0x0000000085c00000|  0%| F|  |TAMS 0x0000000085b00000, 0x0000000085b00000| Untracked 
|  92|0x0000000085c00000, 0x0000000085c00000, 0x0000000085d00000|  0%| F|  |TAMS 0x0000000085c00000, 0x0000000085c00000| Untracked 
|  93|0x0000000085d00000, 0x0000000085d00000, 0x0000000085e00000|  0%| F|  |TAMS 0x0000000085d00000, 0x0000000085d00000| Untracked 
|  94|0x0000000085e00000, 0x0000000085e00000, 0x0000000085f00000|  0%| F|  |TAMS 0x0000000085e00000, 0x0000000085e00000| Untracked 
|  95|0x0000000085f00000, 0x0000000085f00000, 0x0000000086000000|  0%| F|  |TAMS 0x0000000085f00000, 0x0000000085f00000| Untracked 
|  96|0x0000000086000000, 0x0000000086000000, 0x0000000086100000|  0%| F|  |TAMS 0x0000000086000000, 0x0000000086000000| Untracked 
|  97|0x0000000086100000, 0x0000000086100000, 0x0000000086200000|  0%| F|  |TAMS 0x0000000086100000, 0x0000000086100000| Untracked 
|  98|0x0000000086200000, 0x0000000086200000, 0x0000000086300000|  0%| F|  |TAMS 0x0000000086200000, 0x0000000086200000| Untracked 
|  99|0x0000000086300000, 0x0000000086300000, 0x0000000086400000|  0%| F|  |TAMS 0x0000000086300000, 0x0000000086300000| Untracked 
| 100|0x0000000086400000, 0x0000000086400000, 0x0000000086500000|  0%| F|  |TAMS 0x0000000086400000, 0x0000000086400000| Untracked 
| 101|0x0000000086500000, 0x0000000086500000, 0x0000000086600000|  0%| F|  |TAMS 0x0000000086500000, 0x0000000086500000| Untracked 
| 102|0x0000000086600000, 0x0000000086600000, 0x0000000086700000|  0%| F|  |TAMS 0x0000000086600000, 0x0000000086600000| Untracked 
| 103|0x0000000086700000, 0x0000000086700000, 0x0000000086800000|  0%| F|  |TAMS 0x0000000086700000, 0x0000000086700000| Untracked 
| 104|0x0000000086800000, 0x0000000086800000, 0x0000000086900000|  0%| F|  |TAMS 0x0000000086800000, 0x0000000086800000| Untracked 
| 105|0x0000000086900000, 0x0000000086900000, 0x0000000086a00000|  0%| F|  |TAMS 0x0000000086900000, 0x0000000086900000| Untracked 
| 106|0x0000000086a00000, 0x0000000086a00000, 0x0000000086b00000|  0%| F|  |TAMS 0x0000000086a00000, 0x0000000086a00000| Untracked 
| 107|0x0000000086b00000, 0x0000000086b00000, 0x0000000086c00000|  0%| F|  |TAMS 0x0000000086b00000, 0x0000000086b00000| Untracked 
| 108|0x0000000086c00000, 0x0000000086c00000, 0x0000000086d00000|  0%| F|  |TAMS 0x0000000086c00000, 0x0000000086c00000| Untracked 
| 109|0x0000000086d00000, 0x0000000086d00000, 0x0000000086e00000|  0%| F|  |TAMS 0x0000000086d00000, 0x0000000086d00000| Untracked 
| 110|0x0000000086e00000, 0x0000000086e00000, 0x0000000086f00000|  0%| F|  |TAMS 0x0000000086e00000, 0x0000000086e00000| Untracked 
| 111|0x0000000086f00000, 0x0000000086f00000, 0x0000000087000000|  0%| F|  |TAMS 0x0000000086f00000, 0x0000000086f00000| Untracked 
| 112|0x0000000087000000, 0x0000000087000000, 0x0000000087100000|  0%| F|  |TAMS 0x0000000087000000, 0x0000000087000000| Untracked 
| 113|0x0000000087100000, 0x0000000087100000, 0x0000000087200000|  0%| F|  |TAMS 0x0000000087100000, 0x0000000087100000| Untracked 
| 114|0x0000000087200000, 0x0000000087200000, 0x0000000087300000|  0%| F|  |TAMS 0x0000000087200000, 0x0000000087200000| Untracked 
| 115|0x0000000087300000, 0x0000000087300000, 0x0000000087400000|  0%| F|  |TAMS 0x0000000087300000, 0x0000000087300000| Untracked 
| 116|0x0000000087400000, 0x0000000087400000, 0x0000000087500000|  0%| F|  |TAMS 0x0000000087400000, 0x0000000087400000| Untracked 
| 117|0x0000000087500000, 0x0000000087500000, 0x0000000087600000|  0%| F|  |TAMS 0x0000000087500000, 0x0000000087500000| Untracked 
| 118|0x0000000087600000, 0x0000000087600000, 0x0000000087700000|  0%| F|  |TAMS 0x0000000087600000, 0x0000000087600000| Untracked 
| 119|0x0000000087700000, 0x0000000087700000, 0x0000000087800000|  0%| F|  |TAMS 0x0000000087700000, 0x0000000087700000| Untracked 
| 120|0x0000000087800000, 0x0000000087886fd8, 0x0000000087900000| 52%| S|CS|TAMS 0x0000000087800000, 0x0000000087800000| Complete 
| 121|0x0000000087900000, 0x0000000087a00000, 0x0000000087a00000|100%| S|CS|TAMS 0x0000000087900000, 0x0000000087900000| Complete 
| 122|0x0000000087a00000, 0x0000000087a00000, 0x0000000087b00000|  0%| F|  |TAMS 0x0000000087a00000, 0x0000000087a00000| Untracked 
| 123|0x0000000087b00000, 0x0000000087b00000, 0x0000000087c00000|  0%| F|  |TAMS 0x0000000087b00000, 0x0000000087b00000| Untracked 
| 124|0x0000000087c00000, 0x0000000087c00000, 0x0000000087d00000|  0%| F|  |TAMS 0x0000000087c00000, 0x0000000087c00000| Untracked 
| 125|0x0000000087d00000, 0x0000000087d00000, 0x0000000087e00000|  0%| F|  |TAMS 0x0000000087d00000, 0x0000000087d00000| Untracked 
| 126|0x0000000087e00000, 0x0000000087e00000, 0x0000000087f00000|  0%| F|  |TAMS 0x0000000087e00000, 0x0000000087e00000| Untracked 
| 127|0x0000000087f00000, 0x0000000087f00000, 0x0000000088000000|  0%| F|  |TAMS 0x0000000087f00000, 0x0000000087f00000| Untracked 
| 128|0x0000000088000000, 0x0000000088000000, 0x0000000088100000|  0%| F|  |TAMS 0x0000000088000000, 0x0000000088000000| Untracked 
| 129|0x0000000088100000, 0x0000000088100000, 0x0000000088200000|  0%| F|  |TAMS 0x0000000088100000, 0x0000000088100000| Untracked 
| 130|0x0000000088200000, 0x0000000088200000, 0x0000000088300000|  0%| F|  |TAMS 0x0000000088200000, 0x0000000088200000| Untracked 
| 131|0x0000000088300000, 0x0000000088300000, 0x0000000088400000|  0%| F|  |TAMS 0x0000000088300000, 0x0000000088300000| Untracked 
| 132|0x0000000088400000, 0x0000000088400000, 0x0000000088500000|  0%| F|  |TAMS 0x0000000088400000, 0x0000000088400000| Untracked 
| 133|0x0000000088500000, 0x0000000088500000, 0x0000000088600000|  0%| F|  |TAMS 0x0000000088500000, 0x0000000088500000| Untracked 
| 134|0x0000000088600000, 0x0000000088600000, 0x0000000088700000|  0%| F|  |TAMS 0x0000000088600000, 0x0000000088600000| Untracked 
| 135|0x0000000088700000, 0x0000000088700000, 0x0000000088800000|  0%| F|  |TAMS 0x0000000088700000, 0x0000000088700000| Untracked 
| 136|0x0000000088800000, 0x0000000088800000, 0x0000000088900000|  0%| F|  |TAMS 0x0000000088800000, 0x0000000088800000| Untracked 
| 137|0x0000000088900000, 0x0000000088900000, 0x0000000088a00000|  0%| F|  |TAMS 0x0000000088900000, 0x0000000088900000| Untracked 
| 138|0x0000000088a00000, 0x0000000088a00000, 0x0000000088b00000|  0%| F|  |TAMS 0x0000000088a00000, 0x0000000088a00000| Untracked 
| 139|0x0000000088b00000, 0x0000000088b00000, 0x0000000088c00000|  0%| F|  |TAMS 0x0000000088b00000, 0x0000000088b00000| Untracked 
| 140|0x0000000088c00000, 0x0000000088c00000, 0x0000000088d00000|  0%| F|  |TAMS 0x0000000088c00000, 0x0000000088c00000| Untracked 
| 141|0x0000000088d00000, 0x0000000088d00000, 0x0000000088e00000|  0%| F|  |TAMS 0x0000000088d00000, 0x0000000088d00000| Untracked 
| 142|0x0000000088e00000, 0x0000000088e00000, 0x0000000088f00000|  0%| F|  |TAMS 0x0000000088e00000, 0x0000000088e00000| Untracked 
| 143|0x0000000088f00000, 0x0000000088f00000, 0x0000000089000000|  0%| F|  |TAMS 0x0000000088f00000, 0x0000000088f00000| Untracked 
| 144|0x0000000089000000, 0x0000000089000000, 0x0000000089100000|  0%| F|  |TAMS 0x0000000089000000, 0x0000000089000000| Untracked 
| 145|0x0000000089100000, 0x0000000089100000, 0x0000000089200000|  0%| F|  |TAMS 0x0000000089100000, 0x0000000089100000| Untracked 
| 146|0x0000000089200000, 0x0000000089200000, 0x0000000089300000|  0%| F|  |TAMS 0x0000000089200000, 0x0000000089200000| Untracked 
| 147|0x0000000089300000, 0x0000000089300000, 0x0000000089400000|  0%| F|  |TAMS 0x0000000089300000, 0x0000000089300000| Untracked 
| 148|0x0000000089400000, 0x0000000089400000, 0x0000000089500000|  0%| F|  |TAMS 0x0000000089400000, 0x0000000089400000| Untracked 
| 149|0x0000000089500000, 0x0000000089500000, 0x0000000089600000|  0%| F|  |TAMS 0x0000000089500000, 0x0000000089500000| Untracked 
| 150|0x0000000089600000, 0x0000000089600000, 0x0000000089700000|  0%| F|  |TAMS 0x0000000089600000, 0x0000000089600000| Untracked 
| 151|0x0000000089700000, 0x0000000089700000, 0x0000000089800000|  0%| F|  |TAMS 0x0000000089700000, 0x0000000089700000| Untracked 
| 152|0x0000000089800000, 0x0000000089800000, 0x0000000089900000|  0%| F|  |TAMS 0x0000000089800000, 0x0000000089800000| Untracked 
| 153|0x0000000089900000, 0x0000000089900000, 0x0000000089a00000|  0%| F|  |TAMS 0x0000000089900000, 0x0000000089900000| Untracked 
| 154|0x0000000089a00000, 0x0000000089a00000, 0x0000000089b00000|  0%| F|  |TAMS 0x0000000089a00000, 0x0000000089a00000| Untracked 
| 155|0x0000000089b00000, 0x0000000089b00000, 0x0000000089c00000|  0%| F|  |TAMS 0x0000000089b00000, 0x0000000089b00000| Untracked 
| 156|0x0000000089c00000, 0x0000000089c00000, 0x0000000089d00000|  0%| F|  |TAMS 0x0000000089c00000, 0x0000000089c00000| Untracked 
| 157|0x0000000089d00000, 0x0000000089d00000, 0x0000000089e00000|  0%| F|  |TAMS 0x0000000089d00000, 0x0000000089d00000| Untracked 
| 158|0x0000000089e00000, 0x0000000089e00000, 0x0000000089f00000|  0%| F|  |TAMS 0x0000000089e00000, 0x0000000089e00000| Untracked 
| 159|0x0000000089f00000, 0x0000000089f00000, 0x000000008a000000|  0%| F|  |TAMS 0x0000000089f00000, 0x0000000089f00000| Untracked 
| 160|0x000000008a000000, 0x000000008a000000, 0x000000008a100000|  0%| F|  |TAMS 0x000000008a000000, 0x000000008a000000| Untracked 
| 161|0x000000008a100000, 0x000000008a100000, 0x000000008a200000|  0%| F|  |TAMS 0x000000008a100000, 0x000000008a100000| Untracked 
| 162|0x000000008a200000, 0x000000008a200000, 0x000000008a300000|  0%| F|  |TAMS 0x000000008a200000, 0x000000008a200000| Untracked 
| 163|0x000000008a300000, 0x000000008a300000, 0x000000008a400000|  0%| F|  |TAMS 0x000000008a300000, 0x000000008a300000| Untracked 
| 164|0x000000008a400000, 0x000000008a400000, 0x000000008a500000|  0%| F|  |TAMS 0x000000008a400000, 0x000000008a400000| Untracked 
| 165|0x000000008a500000, 0x000000008a500000, 0x000000008a600000|  0%| F|  |TAMS 0x000000008a500000, 0x000000008a500000| Untracked 
| 166|0x000000008a600000, 0x000000008a600000, 0x000000008a700000|  0%| F|  |TAMS 0x000000008a600000, 0x000000008a600000| Untracked 
| 167|0x000000008a700000, 0x000000008a700000, 0x000000008a800000|  0%| F|  |TAMS 0x000000008a700000, 0x000000008a700000| Untracked 
| 168|0x000000008a800000, 0x000000008a800000, 0x000000008a900000|  0%| F|  |TAMS 0x000000008a800000, 0x000000008a800000| Untracked 
| 169|0x000000008a900000, 0x000000008a900000, 0x000000008aa00000|  0%| F|  |TAMS 0x000000008a900000, 0x000000008a900000| Untracked 
| 170|0x000000008aa00000, 0x000000008aa00000, 0x000000008ab00000|  0%| F|  |TAMS 0x000000008aa00000, 0x000000008aa00000| Untracked 
| 171|0x000000008ab00000, 0x000000008ab00000, 0x000000008ac00000|  0%| F|  |TAMS 0x000000008ab00000, 0x000000008ab00000| Untracked 
| 172|0x000000008ac00000, 0x000000008ac00000, 0x000000008ad00000|  0%| F|  |TAMS 0x000000008ac00000, 0x000000008ac00000| Untracked 
| 173|0x000000008ad00000, 0x000000008ad00000, 0x000000008ae00000|  0%| F|  |TAMS 0x000000008ad00000, 0x000000008ad00000| Untracked 
| 174|0x000000008ae00000, 0x000000008ae00000, 0x000000008af00000|  0%| F|  |TAMS 0x000000008ae00000, 0x000000008ae00000| Untracked 
| 175|0x000000008af00000, 0x000000008af00000, 0x000000008b000000|  0%| F|  |TAMS 0x000000008af00000, 0x000000008af00000| Untracked 
| 176|0x000000008b000000, 0x000000008b000000, 0x000000008b100000|  0%| F|  |TAMS 0x000000008b000000, 0x000000008b000000| Untracked 
| 177|0x000000008b100000, 0x000000008b100000, 0x000000008b200000|  0%| F|  |TAMS 0x000000008b100000, 0x000000008b100000| Untracked 
| 178|0x000000008b200000, 0x000000008b200000, 0x000000008b300000|  0%| F|  |TAMS 0x000000008b200000, 0x000000008b200000| Untracked 
| 179|0x000000008b300000, 0x000000008b300000, 0x000000008b400000|  0%| F|  |TAMS 0x000000008b300000, 0x000000008b300000| Untracked 
| 180|0x000000008b400000, 0x000000008b400000, 0x000000008b500000|  0%| F|  |TAMS 0x000000008b400000, 0x000000008b400000| Untracked 
| 181|0x000000008b500000, 0x000000008b500000, 0x000000008b600000|  0%| F|  |TAMS 0x000000008b500000, 0x000000008b500000| Untracked 
| 182|0x000000008b600000, 0x000000008b600000, 0x000000008b700000|  0%| F|  |TAMS 0x000000008b600000, 0x000000008b600000| Untracked 
| 183|0x000000008b700000, 0x000000008b700000, 0x000000008b800000|  0%| F|  |TAMS 0x000000008b700000, 0x000000008b700000| Untracked 
| 184|0x000000008b800000, 0x000000008b800000, 0x000000008b900000|  0%| F|  |TAMS 0x000000008b800000, 0x000000008b800000| Untracked 
| 185|0x000000008b900000, 0x000000008b900000, 0x000000008ba00000|  0%| F|  |TAMS 0x000000008b900000, 0x000000008b900000| Untracked 
| 186|0x000000008ba00000, 0x000000008ba00000, 0x000000008bb00000|  0%| F|  |TAMS 0x000000008ba00000, 0x000000008ba00000| Untracked 
| 187|0x000000008bb00000, 0x000000008bb00000, 0x000000008bc00000|  0%| F|  |TAMS 0x000000008bb00000, 0x000000008bb00000| Untracked 
| 188|0x000000008bc00000, 0x000000008bc00000, 0x000000008bd00000|  0%| F|  |TAMS 0x000000008bc00000, 0x000000008bc00000| Untracked 
| 189|0x000000008bd00000, 0x000000008bd00000, 0x000000008be00000|  0%| F|  |TAMS 0x000000008bd00000, 0x000000008bd00000| Untracked 
| 190|0x000000008be00000, 0x000000008be00000, 0x000000008bf00000|  0%| F|  |TAMS 0x000000008be00000, 0x000000008be00000| Untracked 
| 191|0x000000008bf00000, 0x000000008bf00000, 0x000000008c000000|  0%| F|  |TAMS 0x000000008bf00000, 0x000000008bf00000| Untracked 
| 192|0x000000008c000000, 0x000000008c000000, 0x000000008c100000|  0%| F|  |TAMS 0x000000008c000000, 0x000000008c000000| Untracked 
| 193|0x000000008c100000, 0x000000008c100000, 0x000000008c200000|  0%| F|  |TAMS 0x000000008c100000, 0x000000008c100000| Untracked 
| 194|0x000000008c200000, 0x000000008c200000, 0x000000008c300000|  0%| F|  |TAMS 0x000000008c200000, 0x000000008c200000| Untracked 
| 195|0x000000008c300000, 0x000000008c300000, 0x000000008c400000|  0%| F|  |TAMS 0x000000008c300000, 0x000000008c300000| Untracked 
| 196|0x000000008c400000, 0x000000008c400000, 0x000000008c500000|  0%| F|  |TAMS 0x000000008c400000, 0x000000008c400000| Untracked 
| 197|0x000000008c500000, 0x000000008c500000, 0x000000008c600000|  0%| F|  |TAMS 0x000000008c500000, 0x000000008c500000| Untracked 
| 198|0x000000008c600000, 0x000000008c600000, 0x000000008c700000|  0%| F|  |TAMS 0x000000008c600000, 0x000000008c600000| Untracked 
| 199|0x000000008c700000, 0x000000008c700000, 0x000000008c800000|  0%| F|  |TAMS 0x000000008c700000, 0x000000008c700000| Untracked 
| 200|0x000000008c800000, 0x000000008c800000, 0x000000008c900000|  0%| F|  |TAMS 0x000000008c800000, 0x000000008c800000| Untracked 
| 201|0x000000008c900000, 0x000000008c900000, 0x000000008ca00000|  0%| F|  |TAMS 0x000000008c900000, 0x000000008c900000| Untracked 
| 202|0x000000008ca00000, 0x000000008ca00000, 0x000000008cb00000|  0%| F|  |TAMS 0x000000008ca00000, 0x000000008ca00000| Untracked 
| 203|0x000000008cb00000, 0x000000008cb00000, 0x000000008cc00000|  0%| F|  |TAMS 0x000000008cb00000, 0x000000008cb00000| Untracked 
| 204|0x000000008cc00000, 0x000000008cc00000, 0x000000008cd00000|  0%| F|  |TAMS 0x000000008cc00000, 0x000000008cc00000| Untracked 
| 205|0x000000008cd00000, 0x000000008cd00000, 0x000000008ce00000|  0%| F|  |TAMS 0x000000008cd00000, 0x000000008cd00000| Untracked 
| 206|0x000000008ce00000, 0x000000008ce00000, 0x000000008cf00000|  0%| F|  |TAMS 0x000000008ce00000, 0x000000008ce00000| Untracked 
| 207|0x000000008cf00000, 0x000000008cf00000, 0x000000008d000000|  0%| F|  |TAMS 0x000000008cf00000, 0x000000008cf00000| Untracked 
| 208|0x000000008d000000, 0x000000008d000000, 0x000000008d100000|  0%| F|  |TAMS 0x000000008d000000, 0x000000008d000000| Untracked 
| 209|0x000000008d100000, 0x000000008d100000, 0x000000008d200000|  0%| F|  |TAMS 0x000000008d100000, 0x000000008d100000| Untracked 
| 210|0x000000008d200000, 0x000000008d200000, 0x000000008d300000|  0%| F|  |TAMS 0x000000008d200000, 0x000000008d200000| Untracked 
| 211|0x000000008d300000, 0x000000008d300000, 0x000000008d400000|  0%| F|  |TAMS 0x000000008d300000, 0x000000008d300000| Untracked 
| 212|0x000000008d400000, 0x000000008d400000, 0x000000008d500000|  0%| F|  |TAMS 0x000000008d400000, 0x000000008d400000| Untracked 
| 213|0x000000008d500000, 0x000000008d500000, 0x000000008d600000|  0%| F|  |TAMS 0x000000008d500000, 0x000000008d500000| Untracked 
| 214|0x000000008d600000, 0x000000008d600000, 0x000000008d700000|  0%| F|  |TAMS 0x000000008d600000, 0x000000008d600000| Untracked 
| 215|0x000000008d700000, 0x000000008d700000, 0x000000008d800000|  0%| F|  |TAMS 0x000000008d700000, 0x000000008d700000| Untracked 
| 216|0x000000008d800000, 0x000000008d800000, 0x000000008d900000|  0%| F|  |TAMS 0x000000008d800000, 0x000000008d800000| Untracked 
| 217|0x000000008d900000, 0x000000008d900000, 0x000000008da00000|  0%| F|  |TAMS 0x000000008d900000, 0x000000008d900000| Untracked 
| 218|0x000000008da00000, 0x000000008da00000, 0x000000008db00000|  0%| F|  |TAMS 0x000000008da00000, 0x000000008da00000| Untracked 
| 219|0x000000008db00000, 0x000000008db00000, 0x000000008dc00000|  0%| F|  |TAMS 0x000000008db00000, 0x000000008db00000| Untracked 
| 220|0x000000008dc00000, 0x000000008dc00000, 0x000000008dd00000|  0%| F|  |TAMS 0x000000008dc00000, 0x000000008dc00000| Untracked 
| 221|0x000000008dd00000, 0x000000008dd00000, 0x000000008de00000|  0%| F|  |TAMS 0x000000008dd00000, 0x000000008dd00000| Untracked 
| 222|0x000000008de00000, 0x000000008de00000, 0x000000008df00000|  0%| F|  |TAMS 0x000000008de00000, 0x000000008de00000| Untracked 
| 223|0x000000008df00000, 0x000000008df00000, 0x000000008e000000|  0%| F|  |TAMS 0x000000008df00000, 0x000000008df00000| Untracked 
| 224|0x000000008e000000, 0x000000008e000000, 0x000000008e100000|  0%| F|  |TAMS 0x000000008e000000, 0x000000008e000000| Untracked 
| 225|0x000000008e100000, 0x000000008e100000, 0x000000008e200000|  0%| F|  |TAMS 0x000000008e100000, 0x000000008e100000| Untracked 
| 226|0x000000008e200000, 0x000000008e200000, 0x000000008e300000|  0%| F|  |TAMS 0x000000008e200000, 0x000000008e200000| Untracked 
| 227|0x000000008e300000, 0x000000008e300000, 0x000000008e400000|  0%| F|  |TAMS 0x000000008e300000, 0x000000008e300000| Untracked 
| 228|0x000000008e400000, 0x000000008e400000, 0x000000008e500000|  0%| F|  |TAMS 0x000000008e400000, 0x000000008e400000| Untracked 
| 229|0x000000008e500000, 0x000000008e500000, 0x000000008e600000|  0%| F|  |TAMS 0x000000008e500000, 0x000000008e500000| Untracked 
| 230|0x000000008e600000, 0x000000008e600000, 0x000000008e700000|  0%| F|  |TAMS 0x000000008e600000, 0x000000008e600000| Untracked 
| 231|0x000000008e700000, 0x000000008e700000, 0x000000008e800000|  0%| F|  |TAMS 0x000000008e700000, 0x000000008e700000| Untracked 
| 232|0x000000008e800000, 0x000000008e800000, 0x000000008e900000|  0%| F|  |TAMS 0x000000008e800000, 0x000000008e800000| Untracked 
| 233|0x000000008e900000, 0x000000008e900000, 0x000000008ea00000|  0%| F|  |TAMS 0x000000008e900000, 0x000000008e900000| Untracked 
| 234|0x000000008ea00000, 0x000000008ea00000, 0x000000008eb00000|  0%| F|  |TAMS 0x000000008ea00000, 0x000000008ea00000| Untracked 
| 235|0x000000008eb00000, 0x000000008eb00000, 0x000000008ec00000|  0%| F|  |TAMS 0x000000008eb00000, 0x000000008eb00000| Untracked 
| 236|0x000000008ec00000, 0x000000008ec00000, 0x000000008ed00000|  0%| F|  |TAMS 0x000000008ec00000, 0x000000008ec00000| Untracked 
| 237|0x000000008ed00000, 0x000000008ed00000, 0x000000008ee00000|  0%| F|  |TAMS 0x000000008ed00000, 0x000000008ed00000| Untracked 
| 238|0x000000008ee00000, 0x000000008ee00000, 0x000000008ef00000|  0%| F|  |TAMS 0x000000008ee00000, 0x000000008ee00000| Untracked 
| 239|0x000000008ef00000, 0x000000008ef00000, 0x000000008f000000|  0%| F|  |TAMS 0x000000008ef00000, 0x000000008ef00000| Untracked 
| 240|0x000000008f000000, 0x000000008f000000, 0x000000008f100000|  0%| F|  |TAMS 0x000000008f000000, 0x000000008f000000| Untracked 
| 241|0x000000008f100000, 0x000000008f100000, 0x000000008f200000|  0%| F|  |TAMS 0x000000008f100000, 0x000000008f100000| Untracked 
| 242|0x000000008f200000, 0x000000008f200000, 0x000000008f300000|  0%| F|  |TAMS 0x000000008f200000, 0x000000008f200000| Untracked 
| 243|0x000000008f300000, 0x000000008f300000, 0x000000008f400000|  0%| F|  |TAMS 0x000000008f300000, 0x000000008f300000| Untracked 
| 244|0x000000008f400000, 0x000000008f400000, 0x000000008f500000|  0%| F|  |TAMS 0x000000008f400000, 0x000000008f400000| Untracked 
| 245|0x000000008f500000, 0x000000008f500000, 0x000000008f600000|  0%| F|  |TAMS 0x000000008f500000, 0x000000008f500000| Untracked 
| 246|0x000000008f600000, 0x000000008f600000, 0x000000008f700000|  0%| F|  |TAMS 0x000000008f600000, 0x000000008f600000| Untracked 
| 247|0x000000008f700000, 0x000000008f700000, 0x000000008f800000|  0%| F|  |TAMS 0x000000008f700000, 0x000000008f700000| Untracked 
| 248|0x000000008f800000, 0x000000008f800000, 0x000000008f900000|  0%| F|  |TAMS 0x000000008f800000, 0x000000008f800000| Untracked 
| 249|0x000000008f900000, 0x000000008f900000, 0x000000008fa00000|  0%| F|  |TAMS 0x000000008f900000, 0x000000008f900000| Untracked 
| 250|0x000000008fa00000, 0x000000008fa00000, 0x000000008fb00000|  0%| F|  |TAMS 0x000000008fa00000, 0x000000008fa00000| Untracked 
| 251|0x000000008fb00000, 0x000000008fb00000, 0x000000008fc00000|  0%| F|  |TAMS 0x000000008fb00000, 0x000000008fb00000| Untracked 
| 252|0x000000008fc00000, 0x000000008fc00000, 0x000000008fd00000|  0%| F|  |TAMS 0x000000008fc00000, 0x000000008fc00000| Untracked 
| 253|0x000000008fd00000, 0x000000008fd00000, 0x000000008fe00000|  0%| F|  |TAMS 0x000000008fd00000, 0x000000008fd00000| Untracked 
| 254|0x000000008fe00000, 0x000000008fe00000, 0x000000008ff00000|  0%| F|  |TAMS 0x000000008fe00000, 0x000000008fe00000| Untracked 
| 255|0x000000008ff00000, 0x000000008ff00000, 0x0000000090000000|  0%| F|  |TAMS 0x000000008ff00000, 0x000000008ff00000| Untracked 
| 256|0x0000000090000000, 0x0000000090000000, 0x0000000090100000|  0%| F|  |TAMS 0x0000000090000000, 0x0000000090000000| Untracked 
| 257|0x0000000090100000, 0x0000000090100000, 0x0000000090200000|  0%| F|  |TAMS 0x0000000090100000, 0x0000000090100000| Untracked 
| 258|0x0000000090200000, 0x0000000090200000, 0x0000000090300000|  0%| F|  |TAMS 0x0000000090200000, 0x0000000090200000| Untracked 
| 259|0x0000000090300000, 0x0000000090300000, 0x0000000090400000|  0%| F|  |TAMS 0x0000000090300000, 0x0000000090300000| Untracked 
| 260|0x0000000090400000, 0x0000000090400000, 0x0000000090500000|  0%| F|  |TAMS 0x0000000090400000, 0x0000000090400000| Untracked 
| 261|0x0000000090500000, 0x0000000090500000, 0x0000000090600000|  0%| F|  |TAMS 0x0000000090500000, 0x0000000090500000| Untracked 
| 262|0x0000000090600000, 0x0000000090600000, 0x0000000090700000|  0%| F|  |TAMS 0x0000000090600000, 0x0000000090600000| Untracked 
| 263|0x0000000090700000, 0x0000000090700000, 0x0000000090800000|  0%| F|  |TAMS 0x0000000090700000, 0x0000000090700000| Untracked 
| 264|0x0000000090800000, 0x0000000090800000, 0x0000000090900000|  0%| F|  |TAMS 0x0000000090800000, 0x0000000090800000| Untracked 
| 265|0x0000000090900000, 0x0000000090900000, 0x0000000090a00000|  0%| F|  |TAMS 0x0000000090900000, 0x0000000090900000| Untracked 
| 266|0x0000000090a00000, 0x0000000090a00000, 0x0000000090b00000|  0%| F|  |TAMS 0x0000000090a00000, 0x0000000090a00000| Untracked 
| 267|0x0000000090b00000, 0x0000000090b00000, 0x0000000090c00000|  0%| F|  |TAMS 0x0000000090b00000, 0x0000000090b00000| Untracked 
| 268|0x0000000090c00000, 0x0000000090c00000, 0x0000000090d00000|  0%| F|  |TAMS 0x0000000090c00000, 0x0000000090c00000| Untracked 
| 269|0x0000000090d00000, 0x0000000090d00000, 0x0000000090e00000|  0%| F|  |TAMS 0x0000000090d00000, 0x0000000090d00000| Untracked 
| 270|0x0000000090e00000, 0x0000000090e00000, 0x0000000090f00000|  0%| F|  |TAMS 0x0000000090e00000, 0x0000000090e00000| Untracked 
| 271|0x0000000090f00000, 0x0000000090f00000, 0x0000000091000000|  0%| F|  |TAMS 0x0000000090f00000, 0x0000000090f00000| Untracked 
| 272|0x0000000091000000, 0x0000000091000000, 0x0000000091100000|  0%| F|  |TAMS 0x0000000091000000, 0x0000000091000000| Untracked 
| 273|0x0000000091100000, 0x0000000091100000, 0x0000000091200000|  0%| F|  |TAMS 0x0000000091100000, 0x0000000091100000| Untracked 
| 274|0x0000000091200000, 0x0000000091200000, 0x0000000091300000|  0%| F|  |TAMS 0x0000000091200000, 0x0000000091200000| Untracked 
| 275|0x0000000091300000, 0x0000000091300000, 0x0000000091400000|  0%| F|  |TAMS 0x0000000091300000, 0x0000000091300000| Untracked 
| 276|0x0000000091400000, 0x0000000091400000, 0x0000000091500000|  0%| F|  |TAMS 0x0000000091400000, 0x0000000091400000| Untracked 
| 277|0x0000000091500000, 0x0000000091500000, 0x0000000091600000|  0%| F|  |TAMS 0x0000000091500000, 0x0000000091500000| Untracked 
| 278|0x0000000091600000, 0x0000000091600000, 0x0000000091700000|  0%| F|  |TAMS 0x0000000091600000, 0x0000000091600000| Untracked 

Card table byte_map: [0x000001bf5dc70000,0x000001bf5e070000] _byte_map_base: 0x000001bf5d870000

Marking Bits (Prev, Next): (CMBitMap*) 0x000001bf4b409ed0, (CMBitMap*) 0x000001bf4b409f10
 Prev Bits: [0x000001bf5e470000, 0x000001bf60470000)
 Next Bits: [0x000001bf60470000, 0x000001bf62470000)

Polling page: 0x000001bf49300000

Metaspace:

Usage:
  Non-class:     45.90 MB used.
      Class:      7.01 MB used.
       Both:     52.92 MB used.

Virtual space:
  Non-class space:       48.00 MB reserved,      46.12 MB ( 96%) committed,  6 nodes.
      Class space:        1.00 GB reserved,       7.25 MB ( <1%) committed,  1 nodes.
             Both:        1.05 GB reserved,      53.38 MB (  5%) committed. 

Chunk freelists:
   Non-Class:  1.86 MB
       Class:  836.00 KB
        Both:  2.68 MB

MaxMetaspaceSize: unlimited
CompressedClassSpaceSize: 1.00 GB
Initial GC threshold: 21.00 MB
Current GC threshold: 89.00 MB
CDS: off
MetaspaceReclaimPolicy: balanced
 - commit_granule_bytes: 65536.
 - commit_granule_words: 8192.
 - virtual_space_node_default_size: 1048576.
 - enlarge_chunks_in_place: 1.
 - new_chunks_are_fully_committed: 0.
 - uncommit_free_chunks: 1.
 - use_allocation_guard: 0.
 - handle_deallocations: 1.


Internal statistics:

num_allocs_failed_limit: 3.
num_arena_births: 462.
num_arena_deaths: 8.
num_vsnodes_births: 7.
num_vsnodes_deaths: 0.
num_space_committed: 854.
num_space_uncommitted: 0.
num_chunks_returned_to_freelist: 14.
num_chunks_taken_from_freelist: 2163.
num_chunk_merges: 3.
num_chunk_splits: 1431.
num_chunks_enlarged: 1013.
num_purges: 6.
num_inconsistent_stats: 0.

CodeHeap 'non-profiled nmethods': size=120000Kb used=4674Kb max_used=4674Kb free=115325Kb
 bounds [0x000001bf56340000, 0x000001bf567e0000, 0x000001bf5d870000]
CodeHeap 'profiled nmethods': size=120000Kb used=12189Kb max_used=12698Kb free=107811Kb
 bounds [0x000001bf4e870000, 0x000001bf4f580000, 0x000001bf55da0000]
CodeHeap 'non-nmethods': size=5760Kb used=2316Kb max_used=2447Kb free=3444Kb
 bounds [0x000001bf55da0000, 0x000001bf56010000, 0x000001bf56340000]
 total_blobs=6526 nmethods=5691 adapters=747
 compilation: enabled
              stopped_count=0, restarted_count=0
 full_count=0

Compilation events (20 events):
Event: 80.870 Thread 0x000001bf6543d910 nmethod 7087 0x000001bf4f029090 code [0x000001bf4f029280, 0x000001bf4f0298a8]
Event: 80.877 Thread 0x000001bf6543b000 nmethod 7085 0x000001bf567cea10 code [0x000001bf567ceba0, 0x000001bf567cf198]
Event: 81.235 Thread 0x000001bf6543d910 7088 %     3       org.apache.commons.compress.archivers.zip.ZipArchiveOutputStream::writeCentralDirectoryInChunks @ 27 (95 bytes)
Event: 81.236 Thread 0x000001bf6543d910 nmethod 7088% 0x000001bf4f396e10 code [0x000001bf4f3970c0, 0x000001bf4f398338]
Event: 81.239 Thread 0x000001bf6543d910 7089       3       org.apache.commons.compress.archivers.zip.ZipArchiveOutputStream::writeCentralDirectoryInChunks (95 bytes)
Event: 81.240 Thread 0x000001bf6543d910 nmethod 7089 0x000001bf4eaaed10 code [0x000001bf4eaaefa0, 0x000001bf4eab0118]
Event: 81.338 Thread 0x000001bf6543b000 7090 %     4       java.util.HashMap::clear @ 33 (50 bytes)
Event: 81.340 Thread 0x000001bf6543b000 nmethod 7090% 0x000001bf567cf290 code [0x000001bf567cf400, 0x000001bf567cf558]
Event: 81.341 Thread 0x000001bf6543b000 7091 %     4       java.util.LinkedList::clear @ 5 (60 bytes)
Event: 81.345 Thread 0x000001bf6543b000 nmethod 7091% 0x000001bf567cf690 code [0x000001bf567cf820, 0x000001bf567cfb18]
Event: 81.424 Thread 0x000001bf6543b000 7092       4       org.objectweb.asm.ClassVisitor::visitOuterClass (18 bytes)
Event: 81.438 Thread 0x000001bf6543b000 nmethod 7092 0x000001bf567cfc10 code [0x000001bf567cfde0, 0x000001bf567d00e0]
Event: 81.921 Thread 0x000001bf6543d910 7093       3       org.gradle.internal.classpath.ClassData$$Lambda$602/0x000000010063de18::get (8 bytes)
Event: 81.922 Thread 0x000001bf6543d910 nmethod 7093 0x000001bf4eceb510 code [0x000001bf4eceb700, 0x000001bf4ecebbe8]
Event: 81.922 Thread 0x000001bf6543d910 7094       3       org.gradle.internal.classpath.ClassData::lambda$new$0 (16 bytes)
Event: 81.922 Thread 0x000001bf6543d910 nmethod 7094 0x000001bf4ec3e290 code [0x000001bf4ec3e480, 0x000001bf4ec3e8e8]
Event: 81.922 Thread 0x000001bf6543d910 7095       3       org.objectweb.asm.tree.ClassNode::<init> (24 bytes)
Event: 81.922 Thread 0x000001bf6543d910 nmethod 7095 0x000001bf4ef6be90 code [0x000001bf4ef6c040, 0x000001bf4ef6c2b8]
Event: 82.055 Thread 0x000001bf6543b000 7096       4       java.lang.String::compareTo (9 bytes)
Event: 82.057 Thread 0x000001bf6543b000 nmethod 7096 0x000001bf567d0410 code [0x000001bf567d05a0, 0x000001bf567d07d8]

GC Heap History (20 events):
Event: 76.766 GC heap after
{Heap after GC invocations=84 (full 0):
 garbage-first heap   total 285696K, used 92651K [0x0000000080000000, 0x0000000100000000)
  region size 1024K, 13 young (13312K), 13 survivors (13312K)
 Metaspace       used 54178K, committed 54656K, reserved 1097728K
  class space    used 7182K, committed 7424K, reserved 1048576K
}
Event: 77.278 GC heap before
{Heap before GC invocations=84 (full 0):
 garbage-first heap   total 285696K, used 243179K [0x0000000080000000, 0x0000000100000000)
  region size 1024K, 160 young (163840K), 13 survivors (13312K)
 Metaspace       used 54180K, committed 54656K, reserved 1097728K
  class space    used 7182K, committed 7424K, reserved 1048576K
}
Event: 77.288 GC heap after
{Heap after GC invocations=85 (full 0):
 garbage-first heap   total 285696K, used 93247K [0x0000000080000000, 0x0000000100000000)
  region size 1024K, 12 young (12288K), 12 survivors (12288K)
 Metaspace       used 54180K, committed 54656K, reserved 1097728K
  class space    used 7182K, committed 7424K, reserved 1048576K
}
Event: 77.816 GC heap before
{Heap before GC invocations=86 (full 0):
 garbage-first heap   total 285696K, used 243775K [0x0000000080000000, 0x0000000100000000)
  region size 1024K, 159 young (162816K), 12 survivors (12288K)
 Metaspace       used 54180K, committed 54656K, reserved 1097728K
  class space    used 7182K, committed 7424K, reserved 1048576K
}
Event: 77.830 GC heap after
{Heap after GC invocations=87 (full 0):
 garbage-first heap   total 285696K, used 94567K [0x0000000080000000, 0x0000000100000000)
  region size 1024K, 12 young (12288K), 12 survivors (12288K)
 Metaspace       used 54180K, committed 54656K, reserved 1097728K
  class space    used 7182K, committed 7424K, reserved 1048576K
}
Event: 78.681 GC heap before
{Heap before GC invocations=87 (full 0):
 garbage-first heap   total 285696K, used 244071K [0x0000000080000000, 0x0000000100000000)
  region size 1024K, 158 young (161792K), 12 survivors (12288K)
 Metaspace       used 54180K, committed 54656K, reserved 1097728K
  class space    used 7182K, committed 7424K, reserved 1048576K
}
Event: 78.692 GC heap after
{Heap after GC invocations=88 (full 0):
 garbage-first heap   total 285696K, used 96921K [0x0000000080000000, 0x0000000100000000)
  region size 1024K, 13 young (13312K), 13 survivors (13312K)
 Metaspace       used 54180K, committed 54656K, reserved 1097728K
  class space    used 7182K, committed 7424K, reserved 1048576K
}
Event: 79.008 GC heap before
{Heap before GC invocations=89 (full 0):
 garbage-first heap   total 285696K, used 242329K [0x0000000080000000, 0x0000000100000000)
  region size 1024K, 155 young (158720K), 13 survivors (13312K)
 Metaspace       used 54180K, committed 54656K, reserved 1097728K
  class space    used 7182K, committed 7424K, reserved 1048576K
}
Event: 79.019 GC heap after
{Heap after GC invocations=90 (full 0):
 garbage-first heap   total 285696K, used 98262K [0x0000000080000000, 0x0000000100000000)
  region size 1024K, 12 young (12288K), 12 survivors (12288K)
 Metaspace       used 54180K, committed 54656K, reserved 1097728K
  class space    used 7182K, committed 7424K, reserved 1048576K
}
Event: 79.537 GC heap before
{Heap before GC invocations=90 (full 0):
 garbage-first heap   total 285696K, used 243670K [0x0000000080000000, 0x0000000100000000)
  region size 1024K, 154 young (157696K), 12 survivors (12288K)
 Metaspace       used 54183K, committed 54656K, reserved 1097728K
  class space    used 7183K, committed 7424K, reserved 1048576K
}
Event: 79.547 GC heap after
{Heap after GC invocations=91 (full 0):
 garbage-first heap   total 285696K, used 99501K [0x0000000080000000, 0x0000000100000000)
  region size 1024K, 12 young (12288K), 12 survivors (12288K)
 Metaspace       used 54183K, committed 54656K, reserved 1097728K
  class space    used 7183K, committed 7424K, reserved 1048576K
}
Event: 79.981 GC heap before
{Heap before GC invocations=92 (full 0):
 garbage-first heap   total 285696K, used 243885K [0x0000000080000000, 0x0000000100000000)
  region size 1024K, 153 young (156672K), 12 survivors (12288K)
 Metaspace       used 54183K, committed 54656K, reserved 1097728K
  class space    used 7183K, committed 7424K, reserved 1048576K
}
Event: 79.990 GC heap after
{Heap after GC invocations=93 (full 0):
 garbage-first heap   total 285696K, used 98304K [0x0000000080000000, 0x0000000100000000)
  region size 1024K, 12 young (12288K), 12 survivors (12288K)
 Metaspace       used 54183K, committed 54656K, reserved 1097728K
  class space    used 7183K, committed 7424K, reserved 1048576K
}
Event: 80.393 GC heap before
{Heap before GC invocations=93 (full 0):
 garbage-first heap   total 285696K, used 244736K [0x0000000080000000, 0x0000000100000000)
  region size 1024K, 155 young (158720K), 12 survivors (12288K)
 Metaspace       used 54184K, committed 54656K, reserved 1097728K
  class space    used 7183K, committed 7424K, reserved 1048576K
}
Event: 80.400 GC heap after
{Heap after GC invocations=94 (full 0):
 garbage-first heap   total 285696K, used 96256K [0x0000000080000000, 0x0000000100000000)
  region size 1024K, 9 young (9216K), 9 survivors (9216K)
 Metaspace       used 54184K, committed 54656K, reserved 1097728K
  class space    used 7183K, committed 7424K, reserved 1048576K
}
Event: 81.241 GC heap before
{Heap before GC invocations=95 (full 0):
 garbage-first heap   total 285696K, used 247808K [0x0000000080000000, 0x0000000100000000)
  region size 1024K, 157 young (160768K), 9 survivors (9216K)
 Metaspace       used 54185K, committed 54656K, reserved 1097728K
  class space    used 7183K, committed 7424K, reserved 1048576K
}
Event: 81.250 GC heap after
{Heap after GC invocations=96 (full 0):
 garbage-first heap   total 285696K, used 93457K [0x0000000080000000, 0x0000000100000000)
  region size 1024K, 10 young (10240K), 10 survivors (10240K)
 Metaspace       used 54185K, committed 54656K, reserved 1097728K
  class space    used 7183K, committed 7424K, reserved 1048576K
}
Event: 81.256 GC heap before
{Heap before GC invocations=96 (full 0):
 garbage-first heap   total 285696K, used 96529K [0x0000000080000000, 0x0000000100000000)
  region size 1024K, 13 young (13312K), 10 survivors (10240K)
 Metaspace       used 54185K, committed 54656K, reserved 1097728K
  class space    used 7183K, committed 7424K, reserved 1048576K
}
Event: 81.264 GC heap after
{Heap after GC invocations=97 (full 0):
 garbage-first heap   total 285696K, used 92027K [0x0000000080000000, 0x0000000100000000)
  region size 1024K, 1 young (1024K), 1 survivors (1024K)
 Metaspace       used 54185K, committed 54656K, reserved 1097728K
  class space    used 7183K, committed 7424K, reserved 1048576K
}
Event: 82.128 GC heap before
{Heap before GC invocations=97 (full 0):
 garbage-first heap   total 285696K, used 251771K [0x0000000080000000, 0x0000000100000000)
  region size 1024K, 157 young (160768K), 1 survivors (1024K)
 Metaspace       used 54186K, committed 54656K, reserved 1097728K
  class space    used 7183K, committed 7424K, reserved 1048576K
}

Dll operation events (3 events):
Event: 0.068 Loaded shared library C:\Program Files\Android\Android Studio2\jbr\bin\java.dll
Event: 0.352 Loaded shared library C:\Program Files\Android\Android Studio2\jbr\bin\zip.dll
Event: 1.121 Loaded shared library C:\Program Files\Android\Android Studio2\jbr\bin\verify.dll

Deoptimization events (20 events):
Event: 79.268 Thread 0x000001bf6570b060 Uncommon trap: trap_request=0xffffff45 fr.pc=0x000001bf5649251c relative=0x000000000000035c
Event: 79.268 Thread 0x000001bf6570b060 Uncommon trap: reason=unstable_if action=reinterpret pc=0x000001bf5649251c method=org.objectweb.asm.Type.getTypeInternal(Ljava/lang/String;II)Lorg/objectweb/asm/Type; @ 5 c2
Event: 79.268 Thread 0x000001bf6570b060 DEOPT PACKING pc=0x000001bf5649251c sp=0x0000003a31afe230
Event: 79.268 Thread 0x000001bf6570b060 DEOPT UNPACKING pc=0x000001bf55df69a3 sp=0x0000003a31afe1c8 mode 2
Event: 79.487 Thread 0x000001bf6570a6c0 DEOPT PACKING pc=0x000001bf4ea67306 sp=0x0000003a319fd7c0
Event: 79.487 Thread 0x000001bf6570a6c0 DEOPT UNPACKING pc=0x000001bf55df7143 sp=0x0000003a319fcc88 mode 0
Event: 79.992 Thread 0x000001bf65709380 DEOPT PACKING pc=0x000001bf4ee1ebd7 sp=0x0000003a317fea50
Event: 79.992 Thread 0x000001bf65709380 DEOPT UNPACKING pc=0x000001bf55df7143 sp=0x0000003a317fdee8 mode 0
Event: 79.993 Thread 0x000001bf65709380 DEOPT PACKING pc=0x000001bf4ecb7fee sp=0x0000003a317fea50
Event: 79.993 Thread 0x000001bf65709380 DEOPT UNPACKING pc=0x000001bf55df7143 sp=0x0000003a317fdee8 mode 0
Event: 80.363 Thread 0x000001bf6570b060 DEOPT PACKING pc=0x000001bf4ea683a3 sp=0x0000003a31afe7c0
Event: 80.363 Thread 0x000001bf6570b060 DEOPT UNPACKING pc=0x000001bf55df7143 sp=0x0000003a31afdcd0 mode 0
Event: 80.505 Thread 0x000001bf6570a6c0 Uncommon trap: trap_request=0xffffff45 fr.pc=0x000001bf567b338c relative=0x000000000000218c
Event: 80.505 Thread 0x000001bf6570a6c0 Uncommon trap: reason=unstable_if action=reinterpret pc=0x000001bf567b338c method=org.objectweb.asm.ClassReader.readElementValue(Lorg/objectweb/asm/AnnotationVisitor;ILjava/lang/String;[C)I @ 102 c2
Event: 80.505 Thread 0x000001bf6570a6c0 DEOPT PACKING pc=0x000001bf567b338c sp=0x0000003a319fe2c0
Event: 80.505 Thread 0x000001bf6570a6c0 DEOPT UNPACKING pc=0x000001bf55df69a3 sp=0x0000003a319fe250 mode 2
Event: 80.786 Thread 0x000001bf6570a6c0 Uncommon trap: trap_request=0xffffff45 fr.pc=0x000001bf5676ffa4 relative=0x0000000000000b44
Event: 80.786 Thread 0x000001bf6570a6c0 Uncommon trap: reason=unstable_if action=reinterpret pc=0x000001bf5676ffa4 method=org.objectweb.asm.MethodWriter.visitVarInsn(II)V @ 20 c2
Event: 80.786 Thread 0x000001bf6570a6c0 DEOPT PACKING pc=0x000001bf5676ffa4 sp=0x0000003a319fe0a0
Event: 80.786 Thread 0x000001bf6570a6c0 DEOPT UNPACKING pc=0x000001bf55df69a3 sp=0x0000003a319fe098 mode 2

Classes unloaded (10 events):
Event: 49.727 Thread 0x000001bf649220e0 Unloading class 0x000000010061c000 '_BuildScript_$_run_closure1'
Event: 49.727 Thread 0x000001bf649220e0 Unloading class 0x0000000100614000 '_BuildScript_'
Event: 51.235 Thread 0x000001bf649220e0 Unloading class 0x00000001006a9968 '_BuildScript_$_run_closure1$_closure2'
Event: 51.235 Thread 0x000001bf649220e0 Unloading class 0x00000001006a9558 '_BuildScript_$_run_closure1'
Event: 51.235 Thread 0x000001bf649220e0 Unloading class 0x00000001006a9000 '_BuildScript_'
Event: 73.144 Thread 0x000001bf649220e0 Unloading class 0x000000010072b968 '_BuildScript_$_run_closure1$_closure2'
Event: 73.145 Thread 0x000001bf649220e0 Unloading class 0x000000010072b558 '_BuildScript_$_run_closure1'
Event: 73.145 Thread 0x000001bf649220e0 Unloading class 0x000000010072b000 '_BuildScript_'
Event: 73.145 Thread 0x000001bf649220e0 Unloading class 0x0000000100728558 '_BuildScript_$_run_closure1'
Event: 73.145 Thread 0x000001bf649220e0 Unloading class 0x0000000100728000 '_BuildScript_'

Classes redefined (0 events):
No events

Internal exceptions (20 events):
Event: 69.943 Thread 0x000001bf65709380 Exception <a 'sun/nio/fs/WindowsException'{0x000000008db087c0}> (0x000000008db087c0) 
thrown [s\src\hotspot\share\prims\jni.cpp, line 517]
Event: 69.970 Thread 0x000001bf6570a6c0 Exception <a 'sun/nio/fs/WindowsException'{0x000000008dcfd7a8}> (0x000000008dcfd7a8) 
thrown [s\src\hotspot\share\prims\jni.cpp, line 517]
Event: 69.981 Thread 0x000001bf6570a1f0 Exception <a 'sun/nio/fs/WindowsException'{0x000000008e76d030}> (0x000000008e76d030) 
thrown [s\src\hotspot\share\prims\jni.cpp, line 517]
Event: 69.993 Thread 0x000001bf6570a1f0 Exception <a 'sun/nio/fs/WindowsException'{0x000000008e76d228}> (0x000000008e76d228) 
thrown [s\src\hotspot\share\prims\jni.cpp, line 517]
Event: 70.009 Thread 0x000001bf65709380 Exception <a 'sun/nio/fs/WindowsException'{0x000000008e7773a8}> (0x000000008e7773a8) 
thrown [s\src\hotspot\share\prims\jni.cpp, line 517]
Event: 70.034 Thread 0x000001bf6570a1f0 Exception <a 'sun/nio/fs/WindowsException'{0x000000008e7fa9a0}> (0x000000008e7fa9a0) 
thrown [s\src\hotspot\share\prims\jni.cpp, line 517]
Event: 70.115 Thread 0x000001bf6570a1f0 Exception <a 'sun/nio/fs/WindowsException'{0x000000008e3425e8}> (0x000000008e3425e8) 
thrown [s\src\hotspot\share\prims\jni.cpp, line 517]
Event: 70.150 Thread 0x000001bf6570a1f0 Exception <a 'sun/nio/fs/WindowsException'{0x000000008e3427b0}> (0x000000008e3427b0) 
thrown [s\src\hotspot\share\prims\jni.cpp, line 517]
Event: 70.292 Thread 0x000001bf6570a1f0 Exception <a 'sun/nio/fs/WindowsException'{0x000000008e347a40}> (0x000000008e347a40) 
thrown [s\src\hotspot\share\prims\jni.cpp, line 517]
Event: 70.304 Thread 0x000001bf6570a1f0 Implicit null exception at 0x000001bf5658eeeb to 0x000001bf5658fca8
Event: 70.305 Thread 0x000001bf6570a1f0 Implicit null exception at 0x000001bf563f8f74 to 0x000001bf563fa570
Event: 70.430 Thread 0x000001bf6570a1f0 Exception <a 'sun/nio/fs/WindowsException'{0x0000000088be7520}> (0x0000000088be7520) 
thrown [s\src\hotspot\share\prims\jni.cpp, line 517]
Event: 70.452 Thread 0x000001bf6570a1f0 Exception <a 'sun/nio/fs/WindowsException'{0x0000000088be7718}> (0x0000000088be7718) 
thrown [s\src\hotspot\share\prims\jni.cpp, line 517]
Event: 70.560 Thread 0x000001bf6570a1f0 Exception <a 'sun/nio/fs/WindowsException'{0x000000008e5cf8f0}> (0x000000008e5cf8f0) 
thrown [s\src\hotspot\share\prims\jni.cpp, line 517]
Event: 72.668 Thread 0x000001bf6570a1f0 Exception <a 'sun/nio/fs/WindowsException'{0x0000000088d79998}> (0x0000000088d79998) 
thrown [s\src\hotspot\share\prims\jni.cpp, line 517]
Event: 72.678 Thread 0x000001bf6570a1f0 Exception <a 'sun/nio/fs/WindowsException'{0x0000000088d79b30}> (0x0000000088d79b30) 
thrown [s\src\hotspot\share\prims\jni.cpp, line 517]
Event: 79.996 Thread 0x000001bf65709380 Exception <a 'sun/nio/fs/WindowsException'{0x0000000091521f08}> (0x0000000091521f08) 
thrown [s\src\hotspot\share\prims\jni.cpp, line 517]
Event: 79.998 Thread 0x000001bf65709380 Exception <a 'sun/nio/fs/WindowsException'{0x00000000915220c0}> (0x00000000915220c0) 
thrown [s\src\hotspot\share\prims\jni.cpp, line 517]
Event: 81.384 Thread 0x000001bf6570a6c0 Exception <a 'sun/nio/fs/WindowsException'{0x000000008ee74820}> (0x000000008ee74820) 
thrown [s\src\hotspot\share\prims\jni.cpp, line 517]
Event: 81.387 Thread 0x000001bf6570a6c0 Exception <a 'sun/nio/fs/WindowsException'{0x000000008ee74a00}> (0x000000008ee74a00) 
thrown [s\src\hotspot\share\prims\jni.cpp, line 517]

VM Operations (20 events):
Event: 79.019 Executing VM operation: G1CollectForAllocation done
Event: 79.537 Executing VM operation: G1CollectForAllocation
Event: 79.547 Executing VM operation: G1CollectForAllocation done
Event: 79.667 Executing VM operation: G1Concurrent
Event: 79.672 Executing VM operation: G1Concurrent done
Event: 79.721 Executing VM operation: G1Concurrent
Event: 79.721 Executing VM operation: G1Concurrent done
Event: 79.981 Executing VM operation: G1CollectForAllocation
Event: 79.991 Executing VM operation: G1CollectForAllocation done
Event: 80.393 Executing VM operation: G1CollectForAllocation
Event: 80.400 Executing VM operation: G1CollectForAllocation done
Event: 80.513 Executing VM operation: G1Concurrent
Event: 80.519 Executing VM operation: G1Concurrent done
Event: 80.570 Executing VM operation: G1Concurrent
Event: 80.570 Executing VM operation: G1Concurrent done
Event: 81.241 Executing VM operation: G1CollectForAllocation
Event: 81.251 Executing VM operation: G1CollectForAllocation done
Event: 81.256 Executing VM operation: G1CollectForAllocation
Event: 81.264 Executing VM operation: G1CollectForAllocation done
Event: 82.128 Executing VM operation: G1CollectForAllocation

Events (20 events):
Event: 72.144 Thread 0x000001bf65441710 flushing nmethod 0x000001bf4f39c210
Event: 72.144 Thread 0x000001bf65441710 flushing nmethod 0x000001bf4f39c710
Event: 72.144 Thread 0x000001bf65441710 flushing nmethod 0x000001bf4f39cc90
Event: 72.144 Thread 0x000001bf65441710 flushing nmethod 0x000001bf4f39d410
Event: 72.144 Thread 0x000001bf65441710 flushing nmethod 0x000001bf4f39d910
Event: 72.144 Thread 0x000001bf65441710 flushing nmethod 0x000001bf4f3aa010
Event: 72.144 Thread 0x000001bf65441710 flushing nmethod 0x000001bf4f3abe90
Event: 72.144 Thread 0x000001bf65441710 flushing nmethod 0x000001bf4f3c5390
Event: 72.144 Thread 0x000001bf65441710 flushing nmethod 0x000001bf4f3ca810
Event: 72.144 Thread 0x000001bf65441710 flushing nmethod 0x000001bf4f3cb210
Event: 72.144 Thread 0x000001bf65441710 flushing nmethod 0x000001bf4f3d3310
Event: 72.144 Thread 0x000001bf65441710 flushing nmethod 0x000001bf4f3d3e10
Event: 72.144 Thread 0x000001bf65441710 flushing nmethod 0x000001bf4f3e5790
Event: 72.144 Thread 0x000001bf65441710 flushing nmethod 0x000001bf4f3e5c10
Event: 72.144 Thread 0x000001bf65441710 flushing nmethod 0x000001bf4f3ed890
Event: 72.144 Thread 0x000001bf65441710 flushing nmethod 0x000001bf4f3f0a10
Event: 72.144 Thread 0x000001bf65441710 flushing nmethod 0x000001bf4f3fe790
Event: 72.144 Thread 0x000001bf65441710 flushing nmethod 0x000001bf4f498590
Event: 72.144 Thread 0x000001bf65441710 flushing nmethod 0x000001bf4f4ae010
Event: 76.004 Thread 0x000001bf65441710 flushing nmethod 0x000001bf4ead2090


Dynamic libraries:
0x00007ff691830000 - 0x00007ff69183a000 	C:\Program Files\Android\Android Studio2\jbr\bin\java.exe
0x00007ffa03a30000 - 0x00007ffa03c28000 	C:\WINDOWS\SYSTEM32\ntdll.dll
0x00007ffa02260000 - 0x00007ffa0231f000 	C:\WINDOWS\System32\KERNEL32.DLL
0x00007ffa013f0000 - 0x00007ffa016e6000 	C:\WINDOWS\System32\KERNELBASE.dll
0x0000000069b90000 - 0x0000000069c23000 	C:\WINDOWS\System32\SYSFER.DLL
0x00007ffa012a0000 - 0x00007ffa013a0000 	C:\WINDOWS\System32\ucrtbase.dll
0x00007ff9ebf90000 - 0x00007ff9ebfab000 	C:\Program Files\Android\Android Studio2\jbr\bin\VCRUNTIME140.dll
0x00007ff9eee20000 - 0x00007ff9eee37000 	C:\Program Files\Android\Android Studio2\jbr\bin\jli.dll
0x00007ffa028c0000 - 0x00007ffa02a5d000 	C:\WINDOWS\System32\USER32.dll
0x00007ffa016f0000 - 0x00007ffa01712000 	C:\WINDOWS\System32\win32u.dll
0x00007ff9eeeb0000 - 0x00007ff9ef14a000 	C:\WINDOWS\WinSxS\amd64_microsoft.windows.common-controls_6595b64144ccf1df_6.0.19041.1110_none_60b5254171f9507e\COMCTL32.dll
0x00007ffa021c0000 - 0x00007ffa021ec000 	C:\WINDOWS\System32\GDI32.dll
0x00007ffa02770000 - 0x00007ffa0280e000 	C:\WINDOWS\System32\msvcrt.dll
0x00007ffa01110000 - 0x00007ffa01225000 	C:\WINDOWS\System32\gdi32full.dll
0x00007ffa019f0000 - 0x00007ffa01a8d000 	C:\WINDOWS\System32\msvcp_win.dll
0x00007ffa01b20000 - 0x00007ffa01b50000 	C:\WINDOWS\System32\IMM32.DLL
0x00007ff9f8ed0000 - 0x00007ff9f8edc000 	C:\Program Files\Android\Android Studio2\jbr\bin\vcruntime140_1.dll
0x00007ff9c85c0000 - 0x00007ff9c864d000 	C:\Program Files\Android\Android Studio2\jbr\bin\msvcp140.dll
0x00007ff98dd80000 - 0x00007ff98e9ed000 	C:\Program Files\Android\Android Studio2\jbr\bin\server\jvm.dll
0x00007ffa02810000 - 0x00007ffa028bf000 	C:\WINDOWS\System32\ADVAPI32.dll
0x00007ffa01db0000 - 0x00007ffa01e4c000 	C:\WINDOWS\System32\sechost.dll
0x00007ffa03110000 - 0x00007ffa03236000 	C:\WINDOWS\System32\RPCRT4.dll
0x00007ff9ec390000 - 0x00007ff9ec399000 	C:\WINDOWS\SYSTEM32\WSOCK32.dll
0x00007ffa021f0000 - 0x00007ffa0225b000 	C:\WINDOWS\System32\WS2_32.dll
0x00007ff9edbe0000 - 0x00007ff9edc07000 	C:\WINDOWS\SYSTEM32\WINMM.dll
0x00007ff9f89b0000 - 0x00007ff9f89ba000 	C:\WINDOWS\SYSTEM32\VERSION.dll
0x00007ff9ff960000 - 0x00007ff9ff972000 	C:\WINDOWS\SYSTEM32\kernel.appcore.dll
0x00007ff9eec40000 - 0x00007ff9eec4a000 	C:\Program Files\Android\Android Studio2\jbr\bin\jimage.dll
0x00007ff9ff620000 - 0x00007ff9ff804000 	C:\WINDOWS\SYSTEM32\DBGHELP.DLL
0x00007ff9e7110000 - 0x00007ff9e7144000 	C:\WINDOWS\SYSTEM32\dbgcore.DLL
0x00007ffa01880000 - 0x00007ffa01902000 	C:\WINDOWS\System32\bcryptPrimitives.dll
0x00007ff9faea0000 - 0x00007ff9faeae000 	C:\Program Files\Android\Android Studio2\jbr\bin\instrument.dll
0x00007ff9d81a0000 - 0x00007ff9d81c5000 	C:\Program Files\Android\Android Studio2\jbr\bin\java.dll
0x00007ff9ee3b0000 - 0x00007ff9ee3c8000 	C:\Program Files\Android\Android Studio2\jbr\bin\zip.dll
0x00007ffa03240000 - 0x00007ffa03984000 	C:\WINDOWS\System32\SHELL32.dll
0x00007ff9fedb0000 - 0x00007ff9ff543000 	C:\WINDOWS\SYSTEM32\windows.storage.dll
0x00007ffa023d0000 - 0x00007ffa02724000 	C:\WINDOWS\System32\combase.dll
0x00007ffa00a00000 - 0x00007ffa00a2e000 	C:\WINDOWS\SYSTEM32\Wldp.dll
0x00007ffa02320000 - 0x00007ffa023cd000 	C:\WINDOWS\System32\SHCORE.dll
0x00007ffa01e50000 - 0x00007ffa01ea5000 	C:\WINDOWS\System32\shlwapi.dll
0x00007ffa01050000 - 0x00007ffa0106f000 	C:\WINDOWS\SYSTEM32\profapi.dll
0x00007ff9edaf0000 - 0x00007ff9edb09000 	C:\Program Files\Android\Android Studio2\jbr\bin\net.dll
0x00007ff9f0940000 - 0x00007ff9f0a4a000 	C:\WINDOWS\SYSTEM32\WINHTTP.dll
0x00007ffa007f0000 - 0x00007ffa0085a000 	C:\WINDOWS\system32\mswsock.dll
0x00007ff9ec050000 - 0x00007ff9ec066000 	C:\Program Files\Android\Android Studio2\jbr\bin\nio.dll
0x00007ff9ec890000 - 0x00007ff9ec8a0000 	C:\Program Files\Android\Android Studio2\jbr\bin\verify.dll
0x00007ff9da360000 - 0x00007ff9da387000 	C:\Users\Christiana Renta\.gradle\native\68d5fa5c4cc2d200863cafc0d521ce42e7d3e7ee720ec0a83991735586a16f82\windows-amd64\native-platform.dll
0x00007ff9c7b60000 - 0x00007ff9c7ca4000 	C:\Users\Christiana Renta\.gradle\native\e376f236ea51e6404a007f0833ffe2c6e607c4080706a723a18a27aeea778392\windows-amd64\native-platform-file-events.dll
0x00007ff9ee680000 - 0x00007ff9ee689000 	C:\Program Files\Android\Android Studio2\jbr\bin\management.dll
0x00007ff9edf20000 - 0x00007ff9edf2b000 	C:\Program Files\Android\Android Studio2\jbr\bin\management_ext.dll
0x00007ffa02740000 - 0x00007ffa02748000 	C:\WINDOWS\System32\PSAPI.DLL
0x00007ffa00e00000 - 0x00007ffa00e18000 	C:\WINDOWS\SYSTEM32\CRYPTSP.dll
0x00007ffa000c0000 - 0x00007ffa000f4000 	C:\WINDOWS\system32\rsaenh.dll
0x00007ffa019c0000 - 0x00007ffa019e7000 	C:\WINDOWS\System32\bcrypt.dll
0x00007ffa01010000 - 0x00007ffa0103e000 	C:\WINDOWS\SYSTEM32\USERENV.dll
0x00007ffa00aa0000 - 0x00007ffa00aac000 	C:\WINDOWS\SYSTEM32\CRYPTBASE.dll
0x00007ffa00490000 - 0x00007ffa004cc000 	C:\WINDOWS\SYSTEM32\IPHLPAPI.DLL
0x00007ffa01f80000 - 0x00007ffa01f88000 	C:\WINDOWS\System32\NSI.dll
0x00007ff9f2fd0000 - 0x00007ff9f2fe7000 	C:\WINDOWS\SYSTEM32\dhcpcsvc6.DLL
0x00007ff9f2cf0000 - 0x00007ff9f2d0d000 	C:\WINDOWS\SYSTEM32\dhcpcsvc.DLL
0x00007ffa004e0000 - 0x00007ffa005aa000 	C:\WINDOWS\SYSTEM32\DNSAPI.dll
0x00007ff99cc70000 - 0x00007ff99cc77000 	C:\WINDOWS\system32\wshunix.dll

dbghelp: loaded successfully - version: 4.0.5 - missing functions: none
symbol engine: initialized successfully - sym options: 0x614 - pdb path: .;C:\Program Files\Android\Android Studio2\jbr\bin;C:\WINDOWS\SYSTEM32;C:\WINDOWS\WinSxS\amd64_microsoft.windows.common-controls_6595b64144ccf1df_6.0.19041.1110_none_60b5254171f9507e;C:\Program Files\Android\Android Studio2\jbr\bin\server;C:\Users\Christiana Renta\.gradle\native\68d5fa5c4cc2d200863cafc0d521ce42e7d3e7ee720ec0a83991735586a16f82\windows-amd64;C:\Users\Christiana Renta\.gradle\native\e376f236ea51e6404a007f0833ffe2c6e607c4080706a723a18a27aeea778392\windows-amd64

VM Arguments:
jvm_args: --add-opens=java.base/java.util=ALL-UNNAMED --add-opens=java.base/java.lang=ALL-UNNAMED --add-opens=java.base/java.lang.invoke=ALL-UNNAMED --add-opens=java.prefs/java.util.prefs=ALL-UNNAMED --add-opens=java.base/java.nio.charset=ALL-UNNAMED --add-opens=java.base/java.net=ALL-UNNAMED --add-opens=java.base/java.util.concurrent.atomic=ALL-UNNAMED -Xmx2048m -Dfile.encoding=UTF-8 -Duser.country=US -Duser.language=en -Duser.variant -javaagent:C:\Users\Christiana Renta\.gradle\wrapper\dists\gradle-8.2-bin\bbg7u40eoinfdyxsxr3z4i7ta\gradle-8.2\lib\agents\gradle-instrumentation-agent-8.2.jar 
java_command: org.gradle.launcher.daemon.bootstrap.GradleDaemon 8.2
java_class_path (initial): C:\Users\Christiana Renta\.gradle\wrapper\dists\gradle-8.2-bin\bbg7u40eoinfdyxsxr3z4i7ta\gradle-8.2\lib\gradle-launcher-8.2.jar
Launcher Type: SUN_STANDARD

[Global flags]
     intx CICompilerCount                          = 3                                         {product} {ergonomic}
     uint ConcGCThreads                            = 1                                         {product} {ergonomic}
     uint G1ConcRefinementThreads                  = 4                                         {product} {ergonomic}
   size_t G1HeapRegionSize                         = 1048576                                   {product} {ergonomic}
    uintx GCDrainStackTargetSize                   = 64                                        {product} {ergonomic}
   size_t InitialHeapSize                          = 132120576                                 {product} {ergonomic}
   size_t MarkStackSize                            = 4194304                                   {product} {ergonomic}
   size_t MaxHeapSize                              = 2147483648                                {product} {command line}
   size_t MaxNewSize                               = 1287651328                                {product} {ergonomic}
   size_t MinHeapDeltaBytes                        = 1048576                                   {product} {ergonomic}
   size_t MinHeapSize                              = 8388608                                   {product} {ergonomic}
    uintx NonNMethodCodeHeapSize                   = 5832780                                {pd product} {ergonomic}
    uintx NonProfiledCodeHeapSize                  = 122912730                              {pd product} {ergonomic}
    uintx ProfiledCodeHeapSize                     = 122912730                              {pd product} {ergonomic}
    uintx ReservedCodeCacheSize                    = 251658240                              {pd product} {ergonomic}
     bool SegmentedCodeCache                       = true                                      {product} {ergonomic}
   size_t SoftMaxHeapSize                          = 2147483648                             {manageable} {ergonomic}
     bool UseCompressedClassPointers               = true                           {product lp64_product} {ergonomic}
     bool UseCompressedOops                        = true                           {product lp64_product} {ergonomic}
     bool UseG1GC                                  = true                                      {product} {ergonomic}
     bool UseLargePagesIndividualAllocation        = false                                  {pd product} {ergonomic}

Logging:
Log output configuration:
 #0: stdout all=warning uptime,level,tags
 #1: stderr all=off uptime,level,tags

Environment Variables:
PATH=C:\Program Files (x86)\Common Files\Oracle\Java\javapath;C:\MinGW\bin;C:\ProgramData\Oracle\Java\javapath;C:\WINDOWS\system32;C:\WINDOWS;C:\WINDOWS\System32\Wbem;C:\WINDOWS\System32\WindowsPowerShell\v1.0\;C:\Program Files (x86)\OpenVPN\bin;C:\Program Files\PuTTY\;C:\Program Files\MATLAB\R2017a\runtime\win64;C:\Program Files\MATLAB\R2017a\bin;C:\WINDOWS\System32\OpenSSH\;C:\Program Files\IBM\SPSS\Statistics\Subscription\JRE\bin;C:\Program Files\Intel\WiFi\bin\;C:\Program Files\Common Files\Intel\WirelessCommon\;C:\Program Files\Microsoft SQL Server\110\Tools\Binn\;C:\Program Files (x86)\Intel\Intel(R) Management Engine Components\DAL;C:\Program Files\Intel\Intel(R) Management Engine Components\DAL;C:\Program Files\dotnet\;C:\Users\Christiana Renta\AppData\Local\Microsoft\WindowsApps;C:\Program Files\Intel\WiFi\bin\;C:\Program Files\Common Files\Intel\WirelessCommon\;;C:\Users\Christiana Renta\AppData\Local\Programs\Microsoft VS Code\bin
USERNAME=Christiana Renta
OS=Windows_NT
PROCESSOR_IDENTIFIER=Intel64 Family 6 Model 142 Stepping 9, GenuineIntel
TMP=C:\Users\Christiana Renta\AppData\Local\Temp
TEMP=C:\Users\Christiana Renta\AppData\Local\Temp



---------------  S Y S T E M  ---------------

OS:
 Windows 10 , 64 bit Build 19041 (10.0.19041.3031)
OS uptime: 14 days 0:04 hours
Hyper-V role detected

CPU: total 4 (initial active 4) (2 cores per cpu, 2 threads per core) family 6 model 142 stepping 9 microcode 0xec, cx8, cmov, fxsr, ht, mmx, 3dnowpref, sse, sse2, sse3, ssse3, sse4.1, sse4.2, popcnt, lzcnt, tsc, tscinvbit, avx, avx2, aes, erms, clmul, bmi1, bmi2, adx, fma, vzeroupper, clflush, clflushopt, hv

Memory: 4k page, system-wide physical 7990M (407M free)
TotalPageFile size 32566M (AvailPageFile size 149M)
current process WorkingSet (physical memory assigned to process): 401M, peak: 439M
current process commit charge ("private bytes"): 458M, peak: 825M

vm_info: OpenJDK 64-Bit Server VM (17.0.6+0-b2043.56-9586694) for windows-amd64 JRE (17.0.6+0-b2043.56-9586694), built on Feb  9 2023 20:06:20 by "androidbuild" with MS VC++ 16.10 / 16.11 (VS2019)

END.
