#
# There is insufficient memory for the Java Runtime Environment to continue.
# Native memory allocation (mmap) failed to map 30408704 bytes for G1 virtual space
# Possible reasons:
#   The system is out of physical RAM or swap space
#   The process is running with CompressedOops enabled, and the Java Heap may be blocking the growth of the native heap
# Possible solutions:
#   Reduce memory load on the system
#   Increase physical memory or swap space
#   Check if swap backing store is full
#   Decrease Java heap size (-Xmx/-Xms)
#   Decrease number of Java threads
#   Decrease Java thread stack sizes (-Xss)
#   Set larger code cache with -XX:ReservedCodeCacheSize=
#   JVM is running with Unscaled Compressed Oops mode in which the Java heap is
#     placed in the first 4GB address space. The Java Heap base address is the
#     maximum limit for the native heap growth. Please use -XX:HeapBaseMinAddress
#     to set the Java Heap base and to place the Java Heap above 4GB virtual address.
# This output file may be truncated or incomplete.
#
#  Out of Memory Error (os_windows.cpp:3769), pid=15960, tid=72640
#
# JRE version: OpenJDK Runtime Environment (17.0.6) (build 17.0.6+0-b2043.56-9586694)
# Java VM: OpenJDK 64-Bit Server VM (17.0.6+0-b2043.56-9586694, mixed mode, tiered, compressed oops, compressed class ptrs, g1 gc, windows-amd64)
# No core dump will be written. Minidumps are not enabled by default on client versions of Windows
#

---------------  S U M M A R Y ------------

Command Line: --add-opens=java.base/java.util=ALL-UNNAMED --add-opens=java.base/java.lang=ALL-UNNAMED --add-opens=java.base/java.lang.invoke=ALL-UNNAMED --add-opens=java.prefs/java.util.prefs=ALL-UNNAMED --add-opens=java.base/java.nio.charset=ALL-UNNAMED --add-opens=java.base/java.net=ALL-UNNAMED --add-opens=java.base/java.util.concurrent.atomic=ALL-UNNAMED -Xmx2048m -Dfile.encoding=UTF-8 -Duser.country=US -Duser.language=en -Duser.variant -javaagent:C:\Users\Christiana Renta\.gradle\wrapper\dists\gradle-8.2-bin\bbg7u40eoinfdyxsxr3z4i7ta\gradle-8.2\lib\agents\gradle-instrumentation-agent-8.2.jar org.gradle.launcher.daemon.bootstrap.GradleDaemon 8.2

Host: Intel(R) Core(TM) i5-7200U CPU @ 2.50GHz, 4 cores, 7G,  Windows 10 , 64 bit Build 19041 (10.0.19041.3031)
Time: Thu Jul  6 13:40:18 2023 GTB Daylight Time elapsed time: 85.534007 seconds (0d 0h 1m 25s)

---------------  T H R E A D  ---------------

Current thread (0x000002153d9b16a0):  VMThread "VM Thread" [stack: 0x000000ea63f00000,0x000000ea64000000] [id=72640]

Stack: [0x000000ea63f00000,0x000000ea64000000]
Native frames: (J=compiled Java code, j=interpreted, Vv=VM code, C=native code)
V  [jvm.dll+0x683b4a]
V  [jvm.dll+0x842654]
V  [jvm.dll+0x843dfe]
V  [jvm.dll+0x844463]
V  [jvm.dll+0x249b75]
V  [jvm.dll+0x680a19]
V  [jvm.dll+0x674f0a]
V  [jvm.dll+0x309acb]
V  [jvm.dll+0x310f86]
V  [jvm.dll+0x3608ee]
V  [jvm.dll+0x360b1f]
V  [jvm.dll+0x2dfbf8]
V  [jvm.dll+0x2e2ce6]
V  [jvm.dll+0x2ed478]
V  [jvm.dll+0x322150]
V  [jvm.dll+0x84893b]
V  [jvm.dll+0x849674]
V  [jvm.dll+0x849b8d]
V  [jvm.dll+0x849f64]
V  [jvm.dll+0x84a030]
V  [jvm.dll+0x7f25fa]
V  [jvm.dll+0x682985]
C  [ucrtbase.dll+0x21bb2]
C  [KERNEL32.DLL+0x17614]
C  [ntdll.dll+0x526f1]

VM_Operation (0x000000ea63bffa80): G1Concurrent, mode: safepoint, requested by thread 0x00000215244b42d0


---------------  P R O C E S S  ---------------

Threads class SMR info:
_java_thread_list=0x00000215470c63d0, length=56, elements={
0x0000021524445df0, 0x000002153e413260, 0x000002153da0fe90, 0x000002153da3a430,
0x000002153da3afe0, 0x000002153da3dba0, 0x000002153da3e550, 0x000002153e42bad0,
0x000002153e42c4c0, 0x000002153e48c900, 0x000002153e510bb0, 0x000002153e6e8f00,
0x00000215408004b0, 0x000002153fd3d090, 0x000002153ff4b060, 0x000002153fc0c040,
0x000002153f15e870, 0x000002153f530630, 0x000002153f530b00, 0x00000215409d00f0,
0x00000215409ce8e0, 0x00000215409cda70, 0x00000215409cedb0, 0x00000215409d05c0,
0x00000215409cdf40, 0x00000215409cd0d0, 0x00000215409cf280, 0x00000215409cfc20,
0x00000215409d0a90, 0x00000215409cd5a0, 0x00000215415fb070, 0x00000215415fa200,
0x00000215415fc3b0, 0x00000215415fc880, 0x00000215415fd6f0, 0x00000215415fba10,
0x00000215415fa6d0, 0x0000021541600240, 0x00000215415fea30, 0x00000215415fef00,
0x00000215415fdbc0, 0x0000021541600710, 0x00000215415fbee0, 0x000002153f49f2e0,
0x000002153f49e470, 0x000002153f49d600, 0x000002153f4a44b0, 0x000002153f49f7b0,
0x000002153f49d130, 0x000002153f4a0af0, 0x000002153f4a3b10, 0x000002153f4a2ca0,
0x000002153f49dad0, 0x000002153f49ee10, 0x000002153f4a3170, 0x000002153f4a3640
}

Java Threads: ( => current thread )
  0x0000021524445df0 JavaThread "main" [_thread_blocked, id=82000, stack(0x000000ea63900000,0x000000ea63a00000)]
  0x000002153e413260 JavaThread "Reference Handler" daemon [_thread_blocked, id=100240, stack(0x000000ea64000000,0x000000ea64100000)]
  0x000002153da0fe90 JavaThread "Finalizer" daemon [_thread_blocked, id=26740, stack(0x000000ea64100000,0x000000ea64200000)]
  0x000002153da3a430 JavaThread "Signal Dispatcher" daemon [_thread_blocked, id=102436, stack(0x000000ea64200000,0x000000ea64300000)]
  0x000002153da3afe0 JavaThread "Attach Listener" daemon [_thread_blocked, id=91300, stack(0x000000ea64300000,0x000000ea64400000)]
  0x000002153da3dba0 JavaThread "Service Thread" daemon [_thread_blocked, id=110444, stack(0x000000ea64400000,0x000000ea64500000)]
  0x000002153da3e550 JavaThread "Monitor Deflation Thread" daemon [_thread_blocked, id=40056, stack(0x000000ea64500000,0x000000ea64600000)]
  0x000002153e42bad0 JavaThread "C2 CompilerThread0" daemon [_thread_blocked, id=34956, stack(0x000000ea64600000,0x000000ea64700000)]
  0x000002153e42c4c0 JavaThread "C1 CompilerThread0" daemon [_thread_blocked, id=113688, stack(0x000000ea64700000,0x000000ea64800000)]
  0x000002153e48c900 JavaThread "Sweeper thread" daemon [_thread_blocked, id=85040, stack(0x000000ea64800000,0x000000ea64900000)]
  0x000002153e510bb0 JavaThread "Common-Cleaner" daemon [_thread_blocked, id=41856, stack(0x000000ea64900000,0x000000ea64a00000)]
  0x000002153e6e8f00 JavaThread "Notification Thread" daemon [_thread_blocked, id=36672, stack(0x000000ea64a00000,0x000000ea64b00000)]
  0x00000215408004b0 JavaThread "Daemon health stats" [_thread_blocked, id=109440, stack(0x000000ea64f00000,0x000000ea65000000)]
  0x000002153fd3d090 JavaThread "Incoming local TCP Connector on port 53520" [_thread_in_native, id=81576, stack(0x000000ea65000000,0x000000ea65100000)]
  0x000002153ff4b060 JavaThread "Daemon periodic checks" [_thread_blocked, id=111316, stack(0x000000ea65100000,0x000000ea65200000)]
  0x000002153fc0c040 JavaThread "Daemon" [_thread_blocked, id=83600, stack(0x000000ea65200000,0x000000ea65300000)]
  0x000002153f15e870 JavaThread "Handler for socket connection from /127.0.0.1:53520 to /127.0.0.1:53521" [_thread_blocked, id=105932, stack(0x000000ea65300000,0x000000ea65400000)]
  0x000002153f530630 JavaThread "Cancel handler" [_thread_blocked, id=114208, stack(0x000000ea65400000,0x000000ea65500000)]
  0x000002153f530b00 JavaThread "Daemon worker" [_thread_blocked, id=103772, stack(0x000000ea65500000,0x000000ea65600000)]
  0x00000215409d00f0 JavaThread "Asynchronous log dispatcher for DefaultDaemonConnection: socket connection from /127.0.0.1:53520 to /127.0.0.1:53521" [_thread_blocked, id=83128, stack(0x000000ea65600000,0x000000ea65700000)]
  0x00000215409ce8e0 JavaThread "Daemon client event forwarder" [_thread_blocked, id=88772, stack(0x000000ea65800000,0x000000ea65900000)]
  0x00000215409cda70 JavaThread "Cache worker for journal cache (C:\Users\Christiana Renta\.gradle\caches\journal-1)" [_thread_blocked, id=91028, stack(0x000000ea65900000,0x000000ea65a00000)]
  0x00000215409cedb0 JavaThread "File lock request listener" [_thread_in_native, id=39092, stack(0x000000ea65a00000,0x000000ea65b00000)]
  0x00000215409d05c0 JavaThread "Cache worker for file hash cache (C:\Users\Christiana Renta\.gradle\caches\8.2\fileHashes)" [_thread_blocked, id=93132, stack(0x000000ea65b00000,0x000000ea65c00000)]
  0x00000215409cdf40 JavaThread "File watcher server" daemon [_thread_in_native, id=56204, stack(0x000000ea65c00000,0x000000ea65d00000)]
  0x00000215409cd0d0 JavaThread "File watcher consumer" daemon [_thread_blocked, id=87520, stack(0x000000ea65d00000,0x000000ea65e00000)]
  0x00000215409cf280 JavaThread "jar transforms" [_thread_blocked, id=94616, stack(0x000000ea65e00000,0x000000ea65f00000)]
  0x00000215409cfc20 JavaThread "jar transforms Thread 2" [_thread_blocked, id=77292, stack(0x000000ea65f00000,0x000000ea66000000)]
  0x00000215409d0a90 JavaThread "jar transforms Thread 3" [_thread_blocked, id=103932, stack(0x000000ea66000000,0x000000ea66100000)]
  0x00000215409cd5a0 JavaThread "jar transforms Thread 4" [_thread_blocked, id=104436, stack(0x000000ea66100000,0x000000ea66200000)]
  0x00000215415fb070 JavaThread "File lock release action executor" [_thread_blocked, id=97976, stack(0x000000ea66200000,0x000000ea66300000)]
  0x00000215415fa200 JavaThread "Cache worker for checksums cache (C:\Users\Christiana Renta\AndroidStudioProjects\TexttoSpeech\.gradle\8.2\checksums)" [_thread_blocked, id=51028, stack(0x000000ea66300000,0x000000ea66400000)]
  0x00000215415fc3b0 JavaThread "Cache worker for cache directory md-rule (C:\Users\Christiana Renta\.gradle\caches\8.2\md-rule)" [_thread_blocked, id=112496, stack(0x000000ea66400000,0x000000ea66500000)]
  0x00000215415fc880 JavaThread "Cache worker for file content cache (C:\Users\Christiana Renta\.gradle\caches\8.2\fileContent)" [_thread_blocked, id=97984, stack(0x000000ea66500000,0x000000ea66600000)]
  0x00000215415fd6f0 JavaThread "Cache worker for file hash cache (C:\Users\Christiana Renta\AndroidStudioProjects\TexttoSpeech\.gradle\8.2\fileHashes)" [_thread_blocked, id=100676, stack(0x000000ea66600000,0x000000ea66700000)]
  0x00000215415fba10 JavaThread "Cache worker for cache directory md-supplier (C:\Users\Christiana Renta\.gradle\caches\8.2\md-supplier)" [_thread_blocked, id=37556, stack(0x000000ea66700000,0x000000ea66800000)]
  0x00000215415fa6d0 JavaThread "Cache worker for execution history cache (C:\Users\Christiana Renta\.gradle\caches\8.2\executionHistory)" [_thread_blocked, id=100064, stack(0x000000ea66800000,0x000000ea66900000)]
  0x0000021541600240 JavaThread "Cache worker for dependencies-accessors (C:\Users\Christiana Renta\AndroidStudioProjects\TexttoSpeech\.gradle\8.2\dependencies-accessors)" [_thread_blocked, id=100896, stack(0x000000ea66900000,0x000000ea66a00000)]
  0x00000215415fea30 JavaThread "Cache worker for Build Output Cleanup Cache (C:\Users\Christiana Renta\AndroidStudioProjects\TexttoSpeech\.gradle\buildOutputCleanup)" [_thread_blocked, id=42476, stack(0x000000ea66a00000,0x000000ea66b00000)]
  0x00000215415fef00 JavaThread "Unconstrained build operations" [_thread_blocked, id=106492, stack(0x000000ea63600000,0x000000ea63700000)]
  0x00000215415fdbc0 JavaThread "Unconstrained build operations Thread 2" [_thread_blocked, id=67708, stack(0x000000ea63700000,0x000000ea63800000)]
  0x0000021541600710 JavaThread "Unconstrained build operations Thread 3" [_thread_blocked, id=95728, stack(0x000000ea63800000,0x000000ea63900000)]
  0x00000215415fbee0 JavaThread "Unconstrained build operations Thread 4" [_thread_blocked, id=86468, stack(0x000000ea66e00000,0x000000ea66f00000)]
  0x000002153f49f2e0 JavaThread "Unconstrained build operations Thread 5" [_thread_blocked, id=113080, stack(0x000000ea66f00000,0x000000ea67000000)]
  0x000002153f49e470 JavaThread "Unconstrained build operations Thread 6" [_thread_blocked, id=109724, stack(0x000000ea67000000,0x000000ea67100000)]
  0x000002153f49d600 JavaThread "Unconstrained build operations Thread 7" [_thread_blocked, id=110352, stack(0x000000ea67100000,0x000000ea67200000)]
  0x000002153f4a44b0 JavaThread "Unconstrained build operations Thread 8" [_thread_blocked, id=108856, stack(0x000000ea67200000,0x000000ea67300000)]
  0x000002153f49f7b0 JavaThread "Unconstrained build operations Thread 9" [_thread_blocked, id=94680, stack(0x000000ea67300000,0x000000ea67400000)]
  0x000002153f49d130 JavaThread "Memory manager" [_thread_blocked, id=100764, stack(0x000000ea65700000,0x000000ea65800000)]
  0x000002153f4a0af0 JavaThread "build event listener" [_thread_blocked, id=72060, stack(0x000000ea67400000,0x000000ea67500000)]
  0x000002153f4a3b10 JavaThread "included builds" [_thread_blocked, id=50280, stack(0x000000ea67500000,0x000000ea67600000)]
  0x000002153f4a2ca0 JavaThread "Execution worker" [_thread_blocked, id=97512, stack(0x000000ea67600000,0x000000ea67700000)]
  0x000002153f49dad0 JavaThread "Execution worker Thread 2" [_thread_blocked, id=114520, stack(0x000000ea67700000,0x000000ea67800000)]
  0x000002153f49ee10 JavaThread "Execution worker Thread 3" [_thread_blocked, id=432, stack(0x000000ea67800000,0x000000ea67900000)]
  0x000002153f4a3170 JavaThread "Cache worker for execution history cache (C:\Users\Christiana Renta\AndroidStudioProjects\TexttoSpeech\.gradle\8.2\executionHistory)" [_thread_blocked, id=107704, stack(0x000000ea67900000,0x000000ea67a00000)]
  0x000002153f4a3640 JavaThread "idea-tooling-model-converter" [_thread_blocked, id=74380, stack(0x000000ea67a00000,0x000000ea67b00000)]

Other Threads:
=>0x000002153d9b16a0 VMThread "VM Thread" [stack: 0x000000ea63f00000,0x000000ea64000000] [id=72640]
  0x00000215244c18f0 WatcherThread [stack: 0x000000ea64b00000,0x000000ea64c00000] [id=23676]
  0x00000215244a2380 GCTaskThread "GC Thread#0" [stack: 0x000000ea63a00000,0x000000ea63b00000] [id=86428]
  0x000002153e91db10 GCTaskThread "GC Thread#1" [stack: 0x000000ea64c00000,0x000000ea64d00000] [id=81688]
  0x000002153e91ddc0 GCTaskThread "GC Thread#2" [stack: 0x000000ea64d00000,0x000000ea64e00000] [id=84324]
  0x000002153e887540 GCTaskThread "GC Thread#3" [stack: 0x000000ea64e00000,0x000000ea64f00000] [id=88544]
  0x00000215244b42d0 ConcurrentGCThread "G1 Main Marker" [stack: 0x000000ea63b00000,0x000000ea63c00000] [id=80948]
  0x00000215244b5900 ConcurrentGCThread "G1 Conc#0" [stack: 0x000000ea63c00000,0x000000ea63d00000] [id=71192]
  0x000002153d8600a0 ConcurrentGCThread "G1 Refine#0" [stack: 0x000000ea63d00000,0x000000ea63e00000] [id=81100]
  0x000002153d860770 ConcurrentGCThread "G1 Service" [stack: 0x000000ea63e00000,0x000000ea63f00000] [id=19336]

Threads with active compile tasks:

VM state: at safepoint (normal execution)

VM Mutex/Monitor currently owned by a thread:  ([mutex/lock_event])
[0x0000021524442c00] Threads_lock - owner thread: 0x000002153d9b16a0
[0x00000215244424b0] Heap_lock - owner thread: 0x00000215244b42d0

Heap address: 0x0000000080000000, size: 2048 MB, Compressed Oops mode: 32-bit

CDS archive(s) not mapped
Compressed class space mapped at: 0x0000000100000000-0x0000000140000000, reserved size: 1073741824
Narrow klass base: 0x0000000000000000, Narrow klass shift: 3, Narrow klass range: 0x140000000

GC Precious Log:
 CPUs: 4 total, 4 available
 Memory: 7990M
 Large Page Support: Disabled
 NUMA Support: Disabled
 Compressed Oops: Enabled (32-bit)
 Heap Region Size: 1M
 Heap Min Capacity: 8M
 Heap Initial Capacity: 126M
 Heap Max Capacity: 2G
 Pre-touch: Disabled
 Parallel Workers: 4
 Concurrent Workers: 1
 Concurrent Refinement Workers: 4
 Periodic GC: Disabled

Heap:
 garbage-first heap   total 286720K, used 187606K [0x0000000080000000, 0x0000000100000000)
  region size 1024K, 9 young (9216K), 5 survivors (5120K)
 Metaspace       used 104862K, committed 105600K, reserved 1146880K
  class space    used 14233K, committed 14592K, reserved 1048576K

Heap Regions: E=young(eden), S=young(survivor), O=old, HS=humongous(starts), HC=humongous(continues), CS=collection set, F=free, OA=open archive, CA=closed archive, TAMS=top-at-mark-start (previous, next)
|   0|0x0000000080000000, 0x0000000080100000, 0x0000000080100000|100%| O|  |TAMS 0x0000000080100000, 0x0000000080000000| Untracked 
|   1|0x0000000080100000, 0x0000000080200000, 0x0000000080200000|100%| O|  |TAMS 0x0000000080200000, 0x0000000080100000| Untracked 
|   2|0x0000000080200000, 0x0000000080300000, 0x0000000080300000|100%|HS|  |TAMS 0x0000000080300000, 0x0000000080200000| Complete 
|   3|0x0000000080300000, 0x0000000080400000, 0x0000000080400000|100%|HC|  |TAMS 0x0000000080400000, 0x0000000080300000| Complete 
|   4|0x0000000080400000, 0x0000000080500000, 0x0000000080500000|100%|HC|  |TAMS 0x0000000080500000, 0x0000000080400000| Complete 
|   5|0x0000000080500000, 0x0000000080600000, 0x0000000080600000|100%|HC|  |TAMS 0x0000000080600000, 0x0000000080500000| Complete 
|   6|0x0000000080600000, 0x0000000080700000, 0x0000000080700000|100%| O|  |TAMS 0x0000000080700000, 0x0000000080600000| Untracked 
|   7|0x0000000080700000, 0x0000000080800000, 0x0000000080800000|100%| O|  |TAMS 0x0000000080800000, 0x0000000080700000| Untracked 
|   8|0x0000000080800000, 0x0000000080900000, 0x0000000080900000|100%| O|  |TAMS 0x0000000080900000, 0x0000000080800000| Untracked 
|   9|0x0000000080900000, 0x0000000080a00000, 0x0000000080a00000|100%| O|  |TAMS 0x0000000080a00000, 0x0000000080900000| Untracked 
|  10|0x0000000080a00000, 0x0000000080b00000, 0x0000000080b00000|100%| O|  |TAMS 0x0000000080b00000, 0x0000000080a00000| Untracked 
|  11|0x0000000080b00000, 0x0000000080c00000, 0x0000000080c00000|100%| O|  |TAMS 0x0000000080c00000, 0x0000000080b00000| Untracked 
|  12|0x0000000080c00000, 0x0000000080d00000, 0x0000000080d00000|100%| O|  |TAMS 0x0000000080d00000, 0x0000000080c00000| Untracked 
|  13|0x0000000080d00000, 0x0000000080e00000, 0x0000000080e00000|100%| O|  |TAMS 0x0000000080e00000, 0x0000000080d00000| Untracked 
|  14|0x0000000080e00000, 0x0000000080f00000, 0x0000000080f00000|100%| O|  |TAMS 0x0000000080f00000, 0x0000000080e00000| Untracked 
|  15|0x0000000080f00000, 0x0000000081000000, 0x0000000081000000|100%| O|  |TAMS 0x0000000081000000, 0x0000000080f00000| Untracked 
|  16|0x0000000081000000, 0x0000000081100000, 0x0000000081100000|100%| O|  |TAMS 0x0000000081100000, 0x0000000081000000| Untracked 
|  17|0x0000000081100000, 0x0000000081200000, 0x0000000081200000|100%| O|  |TAMS 0x0000000081200000, 0x0000000081100000| Untracked 
|  18|0x0000000081200000, 0x0000000081300000, 0x0000000081300000|100%| O|  |TAMS 0x0000000081300000, 0x0000000081200000| Untracked 
|  19|0x0000000081300000, 0x0000000081400000, 0x0000000081400000|100%| O|  |TAMS 0x0000000081400000, 0x0000000081300000| Untracked 
|  20|0x0000000081400000, 0x0000000081500000, 0x0000000081500000|100%| O|  |TAMS 0x0000000081500000, 0x0000000081400000| Untracked 
|  21|0x0000000081500000, 0x0000000081600000, 0x0000000081600000|100%|HS|  |TAMS 0x0000000081600000, 0x0000000081500000| Complete 
|  22|0x0000000081600000, 0x0000000081700000, 0x0000000081700000|100%|HC|  |TAMS 0x0000000081700000, 0x0000000081600000| Complete 
|  23|0x0000000081700000, 0x0000000081800000, 0x0000000081800000|100%|HS|  |TAMS 0x0000000081800000, 0x0000000081700000| Complete 
|  24|0x0000000081800000, 0x0000000081900000, 0x0000000081900000|100%|HC|  |TAMS 0x0000000081900000, 0x0000000081800000| Complete 
|  25|0x0000000081900000, 0x0000000081a00000, 0x0000000081a00000|100%|HC|  |TAMS 0x0000000081a00000, 0x0000000081900000| Complete 
|  26|0x0000000081a00000, 0x0000000081b00000, 0x0000000081b00000|100%|HS|  |TAMS 0x0000000081b00000, 0x0000000081a00000| Complete 
|  27|0x0000000081b00000, 0x0000000081c00000, 0x0000000081c00000|100%|HC|  |TAMS 0x0000000081c00000, 0x0000000081b00000| Complete 
|  28|0x0000000081c00000, 0x0000000081d00000, 0x0000000081d00000|100%|HC|  |TAMS 0x0000000081d00000, 0x0000000081c00000| Complete 
|  29|0x0000000081d00000, 0x0000000081e00000, 0x0000000081e00000|100%|HS|  |TAMS 0x0000000081e00000, 0x0000000081d00000| Complete 
|  30|0x0000000081e00000, 0x0000000081f00000, 0x0000000081f00000|100%|HC|  |TAMS 0x0000000081f00000, 0x0000000081e00000| Complete 
|  31|0x0000000081f00000, 0x0000000082000000, 0x0000000082000000|100%| O|  |TAMS 0x0000000082000000, 0x0000000081f00000| Untracked 
|  32|0x0000000082000000, 0x0000000082100000, 0x0000000082100000|100%|HS|  |TAMS 0x0000000082100000, 0x0000000082000000| Complete 
|  33|0x0000000082100000, 0x0000000082200000, 0x0000000082200000|100%| O|  |TAMS 0x0000000082200000, 0x0000000082100000| Untracked 
|  34|0x0000000082200000, 0x0000000082300000, 0x0000000082300000|100%|HS|  |TAMS 0x0000000082300000, 0x0000000082200000| Complete 
|  35|0x0000000082300000, 0x0000000082400000, 0x0000000082400000|100%|HC|  |TAMS 0x0000000082400000, 0x0000000082300000| Complete 
|  36|0x0000000082400000, 0x0000000082500000, 0x0000000082500000|100%|HC|  |TAMS 0x0000000082500000, 0x0000000082400000| Complete 
|  37|0x0000000082500000, 0x0000000082600000, 0x0000000082600000|100%|HC|  |TAMS 0x0000000082600000, 0x0000000082500000| Complete 
|  38|0x0000000082600000, 0x0000000082700000, 0x0000000082700000|100%|HC|  |TAMS 0x0000000082700000, 0x0000000082600000| Complete 
|  39|0x0000000082700000, 0x0000000082800000, 0x0000000082800000|100%|HC|  |TAMS 0x0000000082800000, 0x0000000082700000| Complete 
|  40|0x0000000082800000, 0x0000000082900000, 0x0000000082900000|100%|HC|  |TAMS 0x0000000082900000, 0x0000000082800000| Complete 
|  41|0x0000000082900000, 0x0000000082a00000, 0x0000000082a00000|100%|HC|  |TAMS 0x0000000082a00000, 0x0000000082900000| Complete 
|  42|0x0000000082a00000, 0x0000000082b00000, 0x0000000082b00000|100%|HC|  |TAMS 0x0000000082b00000, 0x0000000082a00000| Complete 
|  43|0x0000000082b00000, 0x0000000082c00000, 0x0000000082c00000|100%|HC|  |TAMS 0x0000000082c00000, 0x0000000082b00000| Complete 
|  44|0x0000000082c00000, 0x0000000082d00000, 0x0000000082d00000|100%|HS|  |TAMS 0x0000000082d00000, 0x0000000082c00000| Complete 
|  45|0x0000000082d00000, 0x0000000082e00000, 0x0000000082e00000|100%|HC|  |TAMS 0x0000000082e00000, 0x0000000082d00000| Complete 
|  46|0x0000000082e00000, 0x0000000082f00000, 0x0000000082f00000|100%|HS|  |TAMS 0x0000000082f00000, 0x0000000082e00000| Complete 
|  47|0x0000000082f00000, 0x0000000083000000, 0x0000000083000000|100%|HC|  |TAMS 0x0000000083000000, 0x0000000082f00000| Complete 
|  48|0x0000000083000000, 0x0000000083100000, 0x0000000083100000|100%|HC|  |TAMS 0x0000000083100000, 0x0000000083000000| Complete 
|  49|0x0000000083100000, 0x0000000083200000, 0x0000000083200000|100%|HC|  |TAMS 0x0000000083200000, 0x0000000083100000| Complete 
|  50|0x0000000083200000, 0x0000000083300000, 0x0000000083300000|100%|HC|  |TAMS 0x0000000083300000, 0x0000000083200000| Complete 
|  51|0x0000000083300000, 0x0000000083400000, 0x0000000083400000|100%|HC|  |TAMS 0x0000000083400000, 0x0000000083300000| Complete 
|  52|0x0000000083400000, 0x0000000083500000, 0x0000000083500000|100%|HS|  |TAMS 0x0000000083500000, 0x0000000083400000| Complete 
|  53|0x0000000083500000, 0x0000000083600000, 0x0000000083600000|100%| O|  |TAMS 0x0000000083600000, 0x0000000083500000| Untracked 
|  54|0x0000000083600000, 0x0000000083700000, 0x0000000083700000|100%| O|  |TAMS 0x0000000083700000, 0x0000000083600000| Untracked 
|  55|0x0000000083700000, 0x0000000083800000, 0x0000000083800000|100%| O|  |TAMS 0x0000000083800000, 0x0000000083700000| Untracked 
|  56|0x0000000083800000, 0x0000000083900000, 0x0000000083900000|100%| O|  |TAMS 0x0000000083900000, 0x0000000083800000| Untracked 
|  57|0x0000000083900000, 0x0000000083a00000, 0x0000000083a00000|100%| O|  |TAMS 0x0000000083a00000, 0x0000000083900000| Untracked 
|  58|0x0000000083a00000, 0x0000000083b00000, 0x0000000083b00000|100%| O|  |TAMS 0x0000000083b00000, 0x0000000083a00000| Untracked 
|  59|0x0000000083b00000, 0x0000000083c00000, 0x0000000083c00000|100%| O|  |TAMS 0x0000000083c00000, 0x0000000083b00000| Untracked 
|  60|0x0000000083c00000, 0x0000000083d00000, 0x0000000083d00000|100%| O|  |TAMS 0x0000000083d00000, 0x0000000083c00000| Untracked 
|  61|0x0000000083d00000, 0x0000000083e00000, 0x0000000083e00000|100%| O|  |TAMS 0x0000000083e00000, 0x0000000083d00000| Untracked 
|  62|0x0000000083e00000, 0x0000000083f00000, 0x0000000083f00000|100%|HS|  |TAMS 0x0000000083f00000, 0x0000000083e00000| Complete 
|  63|0x0000000083f00000, 0x0000000084000000, 0x0000000084000000|100%|HC|  |TAMS 0x0000000084000000, 0x0000000083f00000| Complete 
|  64|0x0000000084000000, 0x0000000084100000, 0x0000000084100000|100%|HC|  |TAMS 0x0000000084100000, 0x0000000084000000| Complete 
|  65|0x0000000084100000, 0x0000000084200000, 0x0000000084200000|100%|HS|  |TAMS 0x0000000084200000, 0x0000000084100000| Complete 
|  66|0x0000000084200000, 0x0000000084300000, 0x0000000084300000|100%|HC|  |TAMS 0x0000000084300000, 0x0000000084200000| Complete 
|  67|0x0000000084300000, 0x0000000084400000, 0x0000000084400000|100%|HC|  |TAMS 0x0000000084400000, 0x0000000084300000| Complete 
|  68|0x0000000084400000, 0x0000000084500000, 0x0000000084500000|100%| O|  |TAMS 0x0000000084500000, 0x0000000084400000| Untracked 
|  69|0x0000000084500000, 0x0000000084600000, 0x0000000084600000|100%| O|  |TAMS 0x0000000084600000, 0x0000000084500000| Untracked 
|  70|0x0000000084600000, 0x0000000084700000, 0x0000000084700000|100%| O|  |TAMS 0x0000000084700000, 0x0000000084600000| Untracked 
|  71|0x0000000084700000, 0x0000000084800000, 0x0000000084800000|100%| O|  |TAMS 0x0000000084800000, 0x0000000084700000| Updating 
|  72|0x0000000084800000, 0x0000000084900000, 0x0000000084900000|100%| O|  |TAMS 0x0000000084900000, 0x0000000084800000| Untracked 
|  73|0x0000000084900000, 0x0000000084a00000, 0x0000000084a00000|100%| O|  |TAMS 0x0000000084a00000, 0x0000000084900000| Untracked 
|  74|0x0000000084a00000, 0x0000000084b00000, 0x0000000084b00000|100%|HS|  |TAMS 0x0000000084b00000, 0x0000000084a00000| Complete 
|  75|0x0000000084b00000, 0x0000000084c00000, 0x0000000084c00000|100%|HC|  |TAMS 0x0000000084c00000, 0x0000000084b00000| Complete 
|  76|0x0000000084c00000, 0x0000000084d00000, 0x0000000084d00000|100%|HC|  |TAMS 0x0000000084d00000, 0x0000000084c00000| Complete 
|  77|0x0000000084d00000, 0x0000000084e00000, 0x0000000084e00000|100%| O|  |TAMS 0x0000000084e00000, 0x0000000084d00000| Untracked 
|  78|0x0000000084e00000, 0x0000000084f00000, 0x0000000084f00000|100%| O|  |TAMS 0x0000000084f00000, 0x0000000084e00000| Untracked 
|  79|0x0000000084f00000, 0x0000000085000000, 0x0000000085000000|100%| O|  |TAMS 0x0000000085000000, 0x0000000084f00000| Untracked 
|  80|0x0000000085000000, 0x0000000085100000, 0x0000000085100000|100%| O|  |TAMS 0x0000000085100000, 0x0000000085000000| Untracked 
|  81|0x0000000085100000, 0x0000000085200000, 0x0000000085200000|100%| O|  |TAMS 0x0000000085200000, 0x0000000085100000| Untracked 
|  82|0x0000000085200000, 0x0000000085300000, 0x0000000085300000|100%| O|  |TAMS 0x0000000085300000, 0x0000000085200000| Untracked 
|  83|0x0000000085300000, 0x0000000085400000, 0x0000000085400000|100%|HS|  |TAMS 0x0000000085400000, 0x0000000085300000| Complete 
|  84|0x0000000085400000, 0x0000000085500000, 0x0000000085500000|100%| O|  |TAMS 0x0000000085500000, 0x0000000085400000| Updating 
|  85|0x0000000085500000, 0x0000000085600000, 0x0000000085600000|100%| O|  |TAMS 0x0000000085600000, 0x0000000085500000| Updating 
|  86|0x0000000085600000, 0x0000000085700000, 0x0000000085700000|100%| O|  |TAMS 0x0000000085700000, 0x0000000085600000| Untracked 
|  87|0x0000000085700000, 0x0000000085800000, 0x0000000085800000|100%| O|  |TAMS 0x0000000085800000, 0x0000000085700000| Untracked 
|  88|0x0000000085800000, 0x0000000085900000, 0x0000000085900000|100%| O|  |TAMS 0x0000000085900000, 0x0000000085800000| Untracked 
|  89|0x0000000085900000, 0x0000000085a00000, 0x0000000085a00000|100%| O|  |TAMS 0x0000000085a00000, 0x0000000085900000| Updating 
|  90|0x0000000085a00000, 0x0000000085b00000, 0x0000000085b00000|100%|HS|  |TAMS 0x0000000085b00000, 0x0000000085a00000| Complete 
|  91|0x0000000085b00000, 0x0000000085c00000, 0x0000000085c00000|100%|HC|  |TAMS 0x0000000085c00000, 0x0000000085b00000| Complete 
|  92|0x0000000085c00000, 0x0000000085d00000, 0x0000000085d00000|100%|HS|  |TAMS 0x0000000085d00000, 0x0000000085c00000| Complete 
|  93|0x0000000085d00000, 0x0000000085e00000, 0x0000000085e00000|100%|HC|  |TAMS 0x0000000085e00000, 0x0000000085d00000| Complete 
|  94|0x0000000085e00000, 0x0000000085f00000, 0x0000000085f00000|100%|HC|  |TAMS 0x0000000085f00000, 0x0000000085e00000| Complete 
|  95|0x0000000085f00000, 0x0000000086000000, 0x0000000086000000|100%|HC|  |TAMS 0x0000000086000000, 0x0000000085f00000| Complete 
|  96|0x0000000086000000, 0x0000000086100000, 0x0000000086100000|100%|HS|  |TAMS 0x0000000086100000, 0x0000000086000000| Complete 
|  97|0x0000000086100000, 0x0000000086200000, 0x0000000086200000|100%|HC|  |TAMS 0x0000000086200000, 0x0000000086100000| Complete 
|  98|0x0000000086200000, 0x0000000086300000, 0x0000000086300000|100%|HS|  |TAMS 0x0000000086300000, 0x0000000086200000| Complete 
|  99|0x0000000086300000, 0x0000000086400000, 0x0000000086400000|100%| O|  |TAMS 0x0000000086400000, 0x0000000086300000| Untracked 
| 100|0x0000000086400000, 0x0000000086500000, 0x0000000086500000|100%| O|  |TAMS 0x0000000086500000, 0x0000000086400000| Updating 
| 101|0x0000000086500000, 0x0000000086600000, 0x0000000086600000|100%| O|  |TAMS 0x0000000086600000, 0x0000000086500000| Untracked 
| 102|0x0000000086600000, 0x0000000086700000, 0x0000000086700000|100%| O|  |TAMS 0x0000000086700000, 0x0000000086600000| Untracked 
| 103|0x0000000086700000, 0x0000000086800000, 0x0000000086800000|100%| O|  |TAMS 0x0000000086800000, 0x0000000086700000| Untracked 
| 104|0x0000000086800000, 0x0000000086900000, 0x0000000086900000|100%| O|  |TAMS 0x0000000086900000, 0x0000000086800000| Untracked 
| 105|0x0000000086900000, 0x0000000086a00000, 0x0000000086a00000|100%| O|  |TAMS 0x0000000086a00000, 0x0000000086900000| Untracked 
| 106|0x0000000086a00000, 0x0000000086b00000, 0x0000000086b00000|100%| O|  |TAMS 0x0000000086b00000, 0x0000000086a00000| Untracked 
| 107|0x0000000086b00000, 0x0000000086c00000, 0x0000000086c00000|100%| O|  |TAMS 0x0000000086c00000, 0x0000000086b00000| Untracked 
| 108|0x0000000086c00000, 0x0000000086d00000, 0x0000000086d00000|100%| O|  |TAMS 0x0000000086d00000, 0x0000000086c00000| Untracked 
| 109|0x0000000086d00000, 0x0000000086e00000, 0x0000000086e00000|100%| O|  |TAMS 0x0000000086e00000, 0x0000000086d00000| Untracked 
| 110|0x0000000086e00000, 0x0000000086f00000, 0x0000000086f00000|100%| O|  |TAMS 0x0000000086f00000, 0x0000000086e00000| Untracked 
| 111|0x0000000086f00000, 0x0000000087000000, 0x0000000087000000|100%| O|  |TAMS 0x0000000087000000, 0x0000000086f00000| Untracked 
| 112|0x0000000087000000, 0x0000000087100000, 0x0000000087100000|100%| O|  |TAMS 0x0000000087100000, 0x0000000087000000| Updating 
| 113|0x0000000087100000, 0x0000000087200000, 0x0000000087200000|100%| O|  |TAMS 0x0000000087200000, 0x0000000087100000| Untracked 
| 114|0x0000000087200000, 0x0000000087300000, 0x0000000087300000|100%| O|  |TAMS 0x0000000087300000, 0x0000000087200000| Untracked 
| 115|0x0000000087300000, 0x0000000087400000, 0x0000000087400000|100%| O|  |TAMS 0x0000000087400000, 0x0000000087300000| Untracked 
| 116|0x0000000087400000, 0x0000000087500000, 0x0000000087500000|100%| O|  |TAMS 0x0000000087500000, 0x0000000087400000| Untracked 
| 117|0x0000000087500000, 0x0000000087600000, 0x0000000087600000|100%|HS|  |TAMS 0x0000000087600000, 0x0000000087500000| Complete 
| 118|0x0000000087600000, 0x0000000087700000, 0x0000000087700000|100%|HC|  |TAMS 0x0000000087700000, 0x0000000087600000| Complete 
| 119|0x0000000087700000, 0x0000000087800000, 0x0000000087800000|100%|HC|  |TAMS 0x0000000087800000, 0x0000000087700000| Complete 
| 120|0x0000000087800000, 0x0000000087900000, 0x0000000087900000|100%|HC|  |TAMS 0x0000000087900000, 0x0000000087800000| Complete 
| 121|0x0000000087900000, 0x0000000087a00000, 0x0000000087a00000|100%| O|  |TAMS 0x0000000087a00000, 0x0000000087900000| Untracked 
| 122|0x0000000087a00000, 0x0000000087b00000, 0x0000000087b00000|100%| O|  |TAMS 0x0000000087b00000, 0x0000000087a00000| Untracked 
| 123|0x0000000087b00000, 0x0000000087c00000, 0x0000000087c00000|100%| O|  |TAMS 0x0000000087c00000, 0x0000000087b00000| Untracked 
| 124|0x0000000087c00000, 0x0000000087d00000, 0x0000000087d00000|100%| O|  |TAMS 0x0000000087d00000, 0x0000000087c00000| Untracked 
| 125|0x0000000087d00000, 0x0000000087e00000, 0x0000000087e00000|100%| O|  |TAMS 0x0000000087e00000, 0x0000000087d00000| Updating 
| 126|0x0000000087e00000, 0x0000000087f00000, 0x0000000087f00000|100%| O|  |TAMS 0x0000000087f00000, 0x0000000087e00000| Untracked 
| 127|0x0000000087f00000, 0x0000000088000000, 0x0000000088000000|100%| O|  |TAMS 0x0000000088000000, 0x0000000087f00000| Untracked 
| 128|0x0000000088000000, 0x0000000088100000, 0x0000000088100000|100%| O|  |TAMS 0x0000000088100000, 0x0000000088000000| Updating 
| 129|0x0000000088100000, 0x0000000088200000, 0x0000000088200000|100%|HS|  |TAMS 0x0000000088200000, 0x0000000088100000| Complete 
| 130|0x0000000088200000, 0x0000000088300000, 0x0000000088300000|100%|HC|  |TAMS 0x0000000088300000, 0x0000000088200000| Complete 
| 131|0x0000000088300000, 0x0000000088400000, 0x0000000088400000|100%|HS|  |TAMS 0x0000000088400000, 0x0000000088300000| Complete 
| 132|0x0000000088400000, 0x0000000088500000, 0x0000000088500000|100%|HC|  |TAMS 0x0000000088500000, 0x0000000088400000| Complete 
| 133|0x0000000088500000, 0x0000000088600000, 0x0000000088600000|100%|HC|  |TAMS 0x0000000088600000, 0x0000000088500000| Complete 
| 134|0x0000000088600000, 0x0000000088700000, 0x0000000088700000|100%|HS|  |TAMS 0x0000000088700000, 0x0000000088600000| Complete 
| 135|0x0000000088700000, 0x0000000088800000, 0x0000000088800000|100%|HC|  |TAMS 0x0000000088800000, 0x0000000088700000| Complete 
| 136|0x0000000088800000, 0x0000000088900000, 0x0000000088900000|100%|HC|  |TAMS 0x0000000088900000, 0x0000000088800000| Complete 
| 137|0x0000000088900000, 0x0000000088a00000, 0x0000000088a00000|100%|HS|  |TAMS 0x0000000088a00000, 0x0000000088900000| Complete 
| 138|0x0000000088a00000, 0x0000000088b00000, 0x0000000088b00000|100%|HC|  |TAMS 0x0000000088b00000, 0x0000000088a00000| Complete 
| 139|0x0000000088b00000, 0x0000000088c00000, 0x0000000088c00000|100%|HS|  |TAMS 0x0000000088c00000, 0x0000000088b00000| Complete 
| 140|0x0000000088c00000, 0x0000000088d00000, 0x0000000088d00000|100%|HC|  |TAMS 0x0000000088d00000, 0x0000000088c00000| Complete 
| 141|0x0000000088d00000, 0x0000000088e00000, 0x0000000088e00000|100%|HC|  |TAMS 0x0000000088e00000, 0x0000000088d00000| Complete 
| 142|0x0000000088e00000, 0x0000000088f00000, 0x0000000088f00000|100%|HC|  |TAMS 0x0000000088f00000, 0x0000000088e00000| Complete 
| 143|0x0000000088f00000, 0x0000000089000000, 0x0000000089000000|100%|HC|  |TAMS 0x0000000089000000, 0x0000000088f00000| Complete 
| 144|0x0000000089000000, 0x0000000089100000, 0x0000000089100000|100%|HC|  |TAMS 0x0000000089100000, 0x0000000089000000| Complete 
| 145|0x0000000089100000, 0x0000000089200000, 0x0000000089200000|100%|HC|  |TAMS 0x0000000089200000, 0x0000000089100000| Complete 
| 146|0x0000000089200000, 0x0000000089300000, 0x0000000089300000|100%|HC|  |TAMS 0x0000000089300000, 0x0000000089200000| Complete 
| 147|0x0000000089300000, 0x0000000089400000, 0x0000000089400000|100%|HC|  |TAMS 0x0000000089400000, 0x0000000089300000| Complete 
| 148|0x0000000089400000, 0x0000000089500000, 0x0000000089500000|100%|HC|  |TAMS 0x0000000089500000, 0x0000000089400000| Complete 
| 149|0x0000000089500000, 0x0000000089600000, 0x0000000089600000|100%|HS|  |TAMS 0x0000000089600000, 0x0000000089500000| Complete 
| 150|0x0000000089600000, 0x0000000089700000, 0x0000000089700000|100%|HC|  |TAMS 0x0000000089700000, 0x0000000089600000| Complete 
| 151|0x0000000089700000, 0x0000000089800000, 0x0000000089800000|100%| O|  |TAMS 0x0000000089800000, 0x0000000089700000| Untracked 
| 152|0x0000000089800000, 0x0000000089900000, 0x0000000089900000|100%| O|  |TAMS 0x0000000089900000, 0x0000000089800000| Updating 
| 153|0x0000000089900000, 0x0000000089a00000, 0x0000000089a00000|100%|HS|  |TAMS 0x0000000089a00000, 0x0000000089900000| Complete 
| 154|0x0000000089a00000, 0x0000000089b00000, 0x0000000089b00000|100%|HC|  |TAMS 0x0000000089b00000, 0x0000000089a00000| Complete 
| 155|0x0000000089b00000, 0x0000000089c00000, 0x0000000089c00000|100%|HC|  |TAMS 0x0000000089c00000, 0x0000000089b00000| Complete 
| 156|0x0000000089c00000, 0x0000000089d00000, 0x0000000089d00000|100%|HC|  |TAMS 0x0000000089d00000, 0x0000000089c00000| Complete 
| 157|0x0000000089d00000, 0x0000000089e00000, 0x0000000089e00000|100%|HC|  |TAMS 0x0000000089e00000, 0x0000000089d00000| Complete 
| 158|0x0000000089e00000, 0x0000000089f00000, 0x0000000089f00000|100%|HC|  |TAMS 0x0000000089f00000, 0x0000000089e00000| Complete 
| 159|0x0000000089f00000, 0x000000008a000000, 0x000000008a000000|100%|HS|  |TAMS 0x000000008a000000, 0x0000000089f00000| Complete 
| 160|0x000000008a000000, 0x000000008a100000, 0x000000008a100000|100%| O|  |TAMS 0x000000008a000000, 0x000000008a000000| Untracked 
| 161|0x000000008a100000, 0x000000008a200000, 0x000000008a200000|100%| O|  |TAMS 0x000000008a100000, 0x000000008a100000| Untracked 
| 162|0x000000008a200000, 0x000000008a300000, 0x000000008a300000|100%| O|  |TAMS 0x000000008a200000, 0x000000008a200000| Untracked 
| 163|0x000000008a300000, 0x000000008a335a00, 0x000000008a400000| 20%| O|  |TAMS 0x000000008a300000, 0x000000008a300000| Updating 
| 164|0x000000008a400000, 0x000000008a500000, 0x000000008a500000|100%|HS|  |TAMS 0x000000008a400000, 0x000000008a400000| Complete 
| 165|0x000000008a500000, 0x000000008a600000, 0x000000008a600000|100%|HC|  |TAMS 0x000000008a500000, 0x000000008a500000| Complete 
| 166|0x000000008a600000, 0x000000008a700000, 0x000000008a700000|100%|HC|  |TAMS 0x000000008a600000, 0x000000008a600000| Complete 
| 167|0x000000008a700000, 0x000000008a800000, 0x000000008a800000|100%|HC|  |TAMS 0x000000008a700000, 0x000000008a700000| Complete 
| 168|0x000000008a800000, 0x000000008a900000, 0x000000008a900000|100%|HC|  |TAMS 0x000000008a800000, 0x000000008a800000| Complete 
| 169|0x000000008a900000, 0x000000008aa00000, 0x000000008aa00000|100%|HC|  |TAMS 0x000000008a900000, 0x000000008a900000| Complete 
| 170|0x000000008aa00000, 0x000000008ab00000, 0x000000008ab00000|100%|HC|  |TAMS 0x000000008aa00000, 0x000000008aa00000| Complete 
| 171|0x000000008ab00000, 0x000000008ac00000, 0x000000008ac00000|100%|HC|  |TAMS 0x000000008ab00000, 0x000000008ab00000| Complete 
| 172|0x000000008ac00000, 0x000000008ad00000, 0x000000008ad00000|100%|HC|  |TAMS 0x000000008ac00000, 0x000000008ac00000| Complete 
| 173|0x000000008ad00000, 0x000000008ae00000, 0x000000008ae00000|100%|HC|  |TAMS 0x000000008ad00000, 0x000000008ad00000| Complete 
| 174|0x000000008ae00000, 0x000000008af00000, 0x000000008af00000|100%|HS|  |TAMS 0x000000008ae00000, 0x000000008ae00000| Complete 
| 175|0x000000008af00000, 0x000000008b000000, 0x000000008b000000|100%|HC|  |TAMS 0x000000008af00000, 0x000000008af00000| Complete 
| 176|0x000000008b000000, 0x000000008b000000, 0x000000008b100000|  0%| F|  |TAMS 0x000000008b000000, 0x000000008b000000| Untracked 
| 177|0x000000008b100000, 0x000000008b100000, 0x000000008b200000|  0%| F|  |TAMS 0x000000008b100000, 0x000000008b100000| Untracked 
| 178|0x000000008b200000, 0x000000008b200000, 0x000000008b300000|  0%| F|  |TAMS 0x000000008b200000, 0x000000008b200000| Untracked 
| 179|0x000000008b300000, 0x000000008b300000, 0x000000008b400000|  0%| F|  |TAMS 0x000000008b300000, 0x000000008b300000| Untracked 
| 180|0x000000008b400000, 0x000000008b400000, 0x000000008b500000|  0%| F|  |TAMS 0x000000008b400000, 0x000000008b400000| Untracked 
| 181|0x000000008b500000, 0x000000008b500000, 0x000000008b600000|  0%| F|  |TAMS 0x000000008b500000, 0x000000008b500000| Untracked 
| 182|0x000000008b600000, 0x000000008b600000, 0x000000008b700000|  0%| F|  |TAMS 0x000000008b600000, 0x000000008b600000| Untracked 
| 183|0x000000008b700000, 0x000000008b700000, 0x000000008b800000|  0%| F|  |TAMS 0x000000008b700000, 0x000000008b700000| Untracked 
| 184|0x000000008b800000, 0x000000008b800000, 0x000000008b900000|  0%| F|  |TAMS 0x000000008b800000, 0x000000008b800000| Untracked 
| 185|0x000000008b900000, 0x000000008b900000, 0x000000008ba00000|  0%| F|  |TAMS 0x000000008b900000, 0x000000008b900000| Untracked 
| 186|0x000000008ba00000, 0x000000008ba00000, 0x000000008bb00000|  0%| F|  |TAMS 0x000000008ba00000, 0x000000008ba00000| Untracked 
| 187|0x000000008bb00000, 0x000000008bb00000, 0x000000008bc00000|  0%| F|  |TAMS 0x000000008bb00000, 0x000000008bb00000| Untracked 
| 188|0x000000008bc00000, 0x000000008bc00000, 0x000000008bd00000|  0%| F|  |TAMS 0x000000008bc00000, 0x000000008bc00000| Untracked 
| 189|0x000000008bd00000, 0x000000008bd00000, 0x000000008be00000|  0%| F|  |TAMS 0x000000008bd00000, 0x000000008bd00000| Untracked 
| 190|0x000000008be00000, 0x000000008be00000, 0x000000008bf00000|  0%| F|  |TAMS 0x000000008be00000, 0x000000008be00000| Untracked 
| 191|0x000000008bf00000, 0x000000008bf00000, 0x000000008c000000|  0%| F|  |TAMS 0x000000008bf00000, 0x000000008bf00000| Untracked 
| 192|0x000000008c000000, 0x000000008c000000, 0x000000008c100000|  0%| F|  |TAMS 0x000000008c000000, 0x000000008c000000| Untracked 
| 193|0x000000008c100000, 0x000000008c100000, 0x000000008c200000|  0%| F|  |TAMS 0x000000008c100000, 0x000000008c100000| Untracked 
| 194|0x000000008c200000, 0x000000008c200000, 0x000000008c300000|  0%| F|  |TAMS 0x000000008c200000, 0x000000008c200000| Untracked 
| 195|0x000000008c300000, 0x000000008c300000, 0x000000008c400000|  0%| F|  |TAMS 0x000000008c300000, 0x000000008c300000| Untracked 
| 196|0x000000008c400000, 0x000000008c400000, 0x000000008c500000|  0%| F|  |TAMS 0x000000008c400000, 0x000000008c400000| Untracked 
| 197|0x000000008c500000, 0x000000008c500000, 0x000000008c600000|  0%| F|  |TAMS 0x000000008c500000, 0x000000008c500000| Untracked 
| 198|0x000000008c600000, 0x000000008c600000, 0x000000008c700000|  0%| F|  |TAMS 0x000000008c600000, 0x000000008c600000| Untracked 
| 199|0x000000008c700000, 0x000000008c700000, 0x000000008c800000|  0%| F|  |TAMS 0x000000008c700000, 0x000000008c700000| Untracked 
| 200|0x000000008c800000, 0x000000008c800000, 0x000000008c900000|  0%| F|  |TAMS 0x000000008c800000, 0x000000008c800000| Untracked 
| 201|0x000000008c900000, 0x000000008c900000, 0x000000008ca00000|  0%| F|  |TAMS 0x000000008c900000, 0x000000008c900000| Untracked 
| 202|0x000000008ca00000, 0x000000008ca00000, 0x000000008cb00000|  0%| F|  |TAMS 0x000000008ca00000, 0x000000008ca00000| Untracked 
| 203|0x000000008cb00000, 0x000000008cb00000, 0x000000008cc00000|  0%| F|  |TAMS 0x000000008cb00000, 0x000000008cb00000| Untracked 
| 204|0x000000008cc00000, 0x000000008cc00000, 0x000000008cd00000|  0%| F|  |TAMS 0x000000008cc00000, 0x000000008cc00000| Untracked 
| 205|0x000000008cd00000, 0x000000008cd00000, 0x000000008ce00000|  0%| F|  |TAMS 0x000000008cd00000, 0x000000008cd00000| Untracked 
| 206|0x000000008ce00000, 0x000000008ce00000, 0x000000008cf00000|  0%| F|  |TAMS 0x000000008ce00000, 0x000000008ce00000| Untracked 
| 207|0x000000008cf00000, 0x000000008cf00000, 0x000000008d000000|  0%| F|  |TAMS 0x000000008cf00000, 0x000000008cf00000| Untracked 
| 208|0x000000008d000000, 0x000000008d000000, 0x000000008d100000|  0%| F|  |TAMS 0x000000008d000000, 0x000000008d000000| Untracked 
| 209|0x000000008d100000, 0x000000008d100000, 0x000000008d200000|  0%| F|  |TAMS 0x000000008d100000, 0x000000008d100000| Untracked 
| 210|0x000000008d200000, 0x000000008d200000, 0x000000008d300000|  0%| F|  |TAMS 0x000000008d200000, 0x000000008d200000| Untracked 
| 211|0x000000008d300000, 0x000000008d300000, 0x000000008d400000|  0%| F|  |TAMS 0x000000008d300000, 0x000000008d300000| Untracked 
| 212|0x000000008d400000, 0x000000008d400000, 0x000000008d500000|  0%| F|  |TAMS 0x000000008d400000, 0x000000008d400000| Untracked 
| 213|0x000000008d500000, 0x000000008d500000, 0x000000008d600000|  0%| F|  |TAMS 0x000000008d500000, 0x000000008d500000| Untracked 
| 214|0x000000008d600000, 0x000000008d600000, 0x000000008d700000|  0%| F|  |TAMS 0x000000008d600000, 0x000000008d600000| Untracked 
| 215|0x000000008d700000, 0x000000008d700000, 0x000000008d800000|  0%| F|  |TAMS 0x000000008d700000, 0x000000008d700000| Untracked 
| 216|0x000000008d800000, 0x000000008d800000, 0x000000008d900000|  0%| F|  |TAMS 0x000000008d800000, 0x000000008d800000| Untracked 
| 217|0x000000008d900000, 0x000000008d900000, 0x000000008da00000|  0%| F|  |TAMS 0x000000008d900000, 0x000000008d900000| Untracked 
| 218|0x000000008da00000, 0x000000008da00000, 0x000000008db00000|  0%| F|  |TAMS 0x000000008da00000, 0x000000008da00000| Untracked 
| 219|0x000000008db00000, 0x000000008db00000, 0x000000008dc00000|  0%| F|  |TAMS 0x000000008db00000, 0x000000008db00000| Untracked 
| 220|0x000000008dc00000, 0x000000008dc00000, 0x000000008dd00000|  0%| F|  |TAMS 0x000000008dc00000, 0x000000008dc00000| Untracked 
| 221|0x000000008dd00000, 0x000000008dd00000, 0x000000008de00000|  0%| F|  |TAMS 0x000000008dd00000, 0x000000008dd00000| Untracked 
| 222|0x000000008de00000, 0x000000008de00000, 0x000000008df00000|  0%| F|  |TAMS 0x000000008de00000, 0x000000008de00000| Untracked 
| 223|0x000000008df00000, 0x000000008df00000, 0x000000008e000000|  0%| F|  |TAMS 0x000000008df00000, 0x000000008df00000| Untracked 
| 224|0x000000008e000000, 0x000000008e000000, 0x000000008e100000|  0%| F|  |TAMS 0x000000008e000000, 0x000000008e000000| Untracked 
| 225|0x000000008e100000, 0x000000008e100000, 0x000000008e200000|  0%| F|  |TAMS 0x000000008e100000, 0x000000008e100000| Untracked 
| 226|0x000000008e200000, 0x000000008e200000, 0x000000008e300000|  0%| F|  |TAMS 0x000000008e200000, 0x000000008e200000| Untracked 
| 227|0x000000008e300000, 0x000000008e300000, 0x000000008e400000|  0%| F|  |TAMS 0x000000008e300000, 0x000000008e300000| Untracked 
| 228|0x000000008e400000, 0x000000008e400000, 0x000000008e500000|  0%| F|  |TAMS 0x000000008e400000, 0x000000008e400000| Untracked 
| 229|0x000000008e500000, 0x000000008e500000, 0x000000008e600000|  0%| F|  |TAMS 0x000000008e500000, 0x000000008e500000| Untracked 
| 230|0x000000008e600000, 0x000000008e600000, 0x000000008e700000|  0%| F|  |TAMS 0x000000008e600000, 0x000000008e600000| Untracked 
| 231|0x000000008e700000, 0x000000008e700000, 0x000000008e800000|  0%| F|  |TAMS 0x000000008e700000, 0x000000008e700000| Untracked 
| 232|0x000000008e800000, 0x000000008e800000, 0x000000008e900000|  0%| F|  |TAMS 0x000000008e800000, 0x000000008e800000| Untracked 
| 233|0x000000008e900000, 0x000000008e900000, 0x000000008ea00000|  0%| F|  |TAMS 0x000000008e900000, 0x000000008e900000| Untracked 
| 234|0x000000008ea00000, 0x000000008ea00000, 0x000000008eb00000|  0%| F|  |TAMS 0x000000008ea00000, 0x000000008ea00000| Untracked 
| 235|0x000000008eb00000, 0x000000008eb00000, 0x000000008ec00000|  0%| F|  |TAMS 0x000000008eb00000, 0x000000008eb00000| Untracked 
| 236|0x000000008ec00000, 0x000000008ec00000, 0x000000008ed00000|  0%| F|  |TAMS 0x000000008ec00000, 0x000000008ec00000| Untracked 
| 237|0x000000008ed00000, 0x000000008ed00000, 0x000000008ee00000|  0%| F|  |TAMS 0x000000008ed00000, 0x000000008ed00000| Untracked 
| 238|0x000000008ee00000, 0x000000008ee00000, 0x000000008ef00000|  0%| F|  |TAMS 0x000000008ee00000, 0x000000008ee00000| Untracked 
| 239|0x000000008ef00000, 0x000000008ef00000, 0x000000008f000000|  0%| F|  |TAMS 0x000000008ef00000, 0x000000008ef00000| Untracked 
| 240|0x000000008f000000, 0x000000008f000000, 0x000000008f100000|  0%| F|  |TAMS 0x000000008f000000, 0x000000008f000000| Untracked 
| 241|0x000000008f100000, 0x000000008f100000, 0x000000008f200000|  0%| F|  |TAMS 0x000000008f100000, 0x000000008f100000| Untracked 
| 242|0x000000008f200000, 0x000000008f200000, 0x000000008f300000|  0%| F|  |TAMS 0x000000008f200000, 0x000000008f200000| Untracked 
| 243|0x000000008f300000, 0x000000008f300000, 0x000000008f400000|  0%| F|  |TAMS 0x000000008f300000, 0x000000008f300000| Untracked 
| 244|0x000000008f400000, 0x000000008f400000, 0x000000008f500000|  0%| F|  |TAMS 0x000000008f400000, 0x000000008f400000| Untracked 
| 245|0x000000008f500000, 0x000000008f500000, 0x000000008f600000|  0%| F|  |TAMS 0x000000008f500000, 0x000000008f500000| Untracked 
| 246|0x000000008f600000, 0x000000008f600000, 0x000000008f700000|  0%| F|  |TAMS 0x000000008f600000, 0x000000008f600000| Untracked 
| 247|0x000000008f700000, 0x000000008f700000, 0x000000008f800000|  0%| F|  |TAMS 0x000000008f700000, 0x000000008f700000| Untracked 
| 248|0x000000008f800000, 0x000000008f800000, 0x000000008f900000|  0%| F|  |TAMS 0x000000008f800000, 0x000000008f800000| Untracked 
| 249|0x000000008f900000, 0x000000008f900000, 0x000000008fa00000|  0%| F|  |TAMS 0x000000008f900000, 0x000000008f900000| Untracked 
| 250|0x000000008fa00000, 0x000000008fa00000, 0x000000008fb00000|  0%| F|  |TAMS 0x000000008fa00000, 0x000000008fa00000| Untracked 
| 251|0x000000008fb00000, 0x000000008fb00000, 0x000000008fc00000|  0%| F|  |TAMS 0x000000008fb00000, 0x000000008fb00000| Untracked 
| 252|0x000000008fc00000, 0x000000008fd00000, 0x000000008fd00000|100%| S|CS|TAMS 0x000000008fc00000, 0x000000008fc00000| Complete 
| 253|0x000000008fd00000, 0x000000008fe00000, 0x000000008fe00000|100%| S|CS|TAMS 0x000000008fd00000, 0x000000008fd00000| Complete 
| 254|0x000000008fe00000, 0x000000008ff00000, 0x000000008ff00000|100%| S|CS|TAMS 0x000000008fe00000, 0x000000008fe00000| Complete 
| 255|0x000000008ff00000, 0x0000000090000000, 0x0000000090000000|100%| S|CS|TAMS 0x000000008ff00000, 0x000000008ff00000| Complete 
| 256|0x0000000090000000, 0x0000000090100000, 0x0000000090100000|100%| S|CS|TAMS 0x0000000090000000, 0x0000000090000000| Complete 
| 257|0x0000000090100000, 0x0000000090100000, 0x0000000090200000|  0%| F|  |TAMS 0x0000000090100000, 0x0000000090100000| Untracked 
| 258|0x0000000090200000, 0x0000000090200000, 0x0000000090300000|  0%| F|  |TAMS 0x0000000090200000, 0x0000000090200000| Untracked 
| 259|0x0000000090300000, 0x0000000090300000, 0x0000000090400000|  0%| F|  |TAMS 0x0000000090300000, 0x0000000090300000| Untracked 
| 260|0x0000000090400000, 0x0000000090400000, 0x0000000090500000|  0%| F|  |TAMS 0x0000000090400000, 0x0000000090400000| Untracked 
| 261|0x0000000090500000, 0x0000000090500000, 0x0000000090600000|  0%| F|  |TAMS 0x0000000090500000, 0x0000000090500000| Untracked 
| 262|0x0000000090600000, 0x0000000090600000, 0x0000000090700000|  0%| F|  |TAMS 0x0000000090600000, 0x0000000090600000| Untracked 
| 263|0x0000000090700000, 0x0000000090700000, 0x0000000090800000|  0%| F|  |TAMS 0x0000000090700000, 0x0000000090700000| Untracked 
| 264|0x0000000090800000, 0x0000000090800000, 0x0000000090900000|  0%| F|  |TAMS 0x0000000090800000, 0x0000000090800000| Untracked 
| 265|0x0000000090900000, 0x0000000090900000, 0x0000000090a00000|  0%| F|  |TAMS 0x0000000090900000, 0x0000000090900000| Untracked 
| 266|0x0000000090a00000, 0x0000000090a00000, 0x0000000090b00000|  0%| F|  |TAMS 0x0000000090a00000, 0x0000000090a00000| Untracked 
| 267|0x0000000090b00000, 0x0000000090b00000, 0x0000000090c00000|  0%| F|  |TAMS 0x0000000090b00000, 0x0000000090b00000| Untracked 
| 268|0x0000000090c00000, 0x0000000090c00000, 0x0000000090d00000|  0%| F|  |TAMS 0x0000000090c00000, 0x0000000090c00000| Untracked 
| 269|0x0000000090d00000, 0x0000000090d00000, 0x0000000090e00000|  0%| F|  |TAMS 0x0000000090d00000, 0x0000000090d00000| Untracked 
| 270|0x0000000090e00000, 0x0000000090e00000, 0x0000000090f00000|  0%| F|  |TAMS 0x0000000090e00000, 0x0000000090e00000| Untracked 
| 271|0x0000000090f00000, 0x0000000090f00000, 0x0000000091000000|  0%| F|  |TAMS 0x0000000090f00000, 0x0000000090f00000| Untracked 
| 272|0x0000000091000000, 0x0000000091000000, 0x0000000091100000|  0%| F|  |TAMS 0x0000000091000000, 0x0000000091000000| Untracked 
| 273|0x0000000091100000, 0x0000000091100000, 0x0000000091200000|  0%| F|  |TAMS 0x0000000091100000, 0x0000000091100000| Untracked 
| 274|0x0000000091200000, 0x0000000091200000, 0x0000000091300000|  0%| F|  |TAMS 0x0000000091200000, 0x0000000091200000| Untracked 
| 275|0x0000000091300000, 0x0000000091300000, 0x0000000091400000|  0%| F|  |TAMS 0x0000000091300000, 0x0000000091300000| Untracked 
| 276|0x0000000091400000, 0x00000000914196c8, 0x0000000091500000|  9%| E|  |TAMS 0x0000000091400000, 0x0000000091400000| Complete 
| 277|0x0000000091500000, 0x0000000091600000, 0x0000000091600000|100%| E|CS|TAMS 0x0000000091500000, 0x0000000091500000| Complete 
| 278|0x0000000091600000, 0x0000000091700000, 0x0000000091700000|100%| E|CS|TAMS 0x0000000091600000, 0x0000000091600000| Complete 
| 279|0x0000000091700000, 0x0000000091800000, 0x0000000091800000|100%| E|CS|TAMS 0x0000000091700000, 0x0000000091700000| Complete 

Card table byte_map: [0x0000021536d10000,0x0000021537110000] _byte_map_base: 0x0000021536910000

Marking Bits (Prev, Next): (CMBitMap*) 0x00000215244a39a0, (CMBitMap*) 0x00000215244a39e0
 Prev Bits: [0x0000021537510000, 0x0000021539510000)
 Next Bits: [0x0000021539510000, 0x000002153b510000)

Polling page: 0x0000021522430000

Metaspace:

Usage:
  Non-class:     88.50 MB used.
      Class:     13.90 MB used.
       Both:    102.40 MB used.

Virtual space:
  Non-class space:       96.00 MB reserved,      88.88 MB ( 93%) committed,  12 nodes.
      Class space:        1.00 GB reserved,      14.25 MB (  1%) committed,  1 nodes.
             Both:        1.09 GB reserved,     103.12 MB (  9%) committed. 

Chunk freelists:
   Non-Class:  2.59 MB
       Class:  1.59 MB
        Both:  4.19 MB

MaxMetaspaceSize: unlimited
CompressedClassSpaceSize: 1.00 GB
Initial GC threshold: 21.00 MB
Current GC threshold: 167.50 MB
CDS: off
MetaspaceReclaimPolicy: balanced
 - commit_granule_bytes: 65536.
 - commit_granule_words: 8192.
 - virtual_space_node_default_size: 1048576.
 - enlarge_chunks_in_place: 1.
 - new_chunks_are_fully_committed: 0.
 - uncommit_free_chunks: 1.
 - use_allocation_guard: 0.
 - handle_deallocations: 1.


Internal statistics:

num_allocs_failed_limit: 3.
num_arena_births: 920.
num_arena_deaths: 6.
num_vsnodes_births: 13.
num_vsnodes_deaths: 0.
num_space_committed: 1650.
num_space_uncommitted: 0.
num_chunks_returned_to_freelist: 15.
num_chunks_taken_from_freelist: 4626.
num_chunk_merges: 5.
num_chunk_splits: 3097.
num_chunks_enlarged: 2092.
num_purges: 6.
num_inconsistent_stats: 0.

CodeHeap 'non-profiled nmethods': size=120000Kb used=7381Kb max_used=7381Kb free=112619Kb
 bounds [0x000002152f3e0000, 0x000002152fb20000, 0x0000021536910000]
CodeHeap 'profiled nmethods': size=120000Kb used=22150Kb max_used=22150Kb free=97849Kb
 bounds [0x0000021527910000, 0x0000021528ec0000, 0x000002152ee40000]
CodeHeap 'non-nmethods': size=5760Kb used=2442Kb max_used=2521Kb free=3317Kb
 bounds [0x000002152ee40000, 0x000002152f0c0000, 0x000002152f3e0000]
 total_blobs=12106 nmethods=11120 adapters=896
 compilation: enabled
              stopped_count=0, restarted_count=0
 full_count=0

Compilation events (20 events):
Event: 85.456 Thread 0x000002153e42c4c0 nmethod 12621 0x0000021528922510 code [0x00000215289226c0, 0x0000021528922888]
Event: 85.459 Thread 0x000002153e42bad0 nmethod 12618 0x000002152fb14090 code [0x000002152fb14220, 0x000002152fb143d8]
Event: 85.459 Thread 0x000002153e42bad0 12624       4       sun.security.util.math.intpoly.IntegerPolynomial$MutableElement::setProduct (6 bytes)
Event: 85.462 Thread 0x000002153e42c4c0 12625       3       java.math.MutableBigInteger::<init> (29 bytes)
Event: 85.462 Thread 0x000002153e42c4c0 nmethod 12625 0x0000021528eac390 code [0x0000021528eac540, 0x0000021528eac7b8]
Event: 85.462 Thread 0x000002153e42c4c0 12626       3       java.math.MutableBigInteger::divideOneWord (332 bytes)
Event: 85.463 Thread 0x000002153e42c4c0 nmethod 12626 0x0000021528eac890 code [0x0000021528eacac0, 0x0000021528ead3a8]
Event: 85.463 Thread 0x000002153e42c4c0 12627       3       java.math.MutableBigInteger::divideKnuth (272 bytes)
Event: 85.465 Thread 0x000002153e42c4c0 nmethod 12627 0x0000021528ead890 code [0x0000021528eadc00, 0x0000021528eaf438]
Event: 85.465 Thread 0x000002153e42c4c0 12628       3       sun.security.ec.point.ProjectivePoint::<init> (20 bytes)
Event: 85.465 Thread 0x000002153e42c4c0 nmethod 12628 0x0000021528eafb10 code [0x0000021528eafcc0, 0x0000021528eaff38]
Event: 85.465 Thread 0x000002153e42c4c0 12631       3       java.math.BigInteger::shiftLeft (48 bytes)
Event: 85.465 Thread 0x000002153e42c4c0 nmethod 12631 0x0000021528eb0010 code [0x0000021528eb01e0, 0x0000021528eb0528]
Event: 85.465 Thread 0x000002153e42c4c0 12632       3       javax.crypto.Mac::getMacLength (12 bytes)
Event: 85.466 Thread 0x000002153e42c4c0 nmethod 12632 0x0000021528eb0610 code [0x0000021528eb0820, 0x0000021528eb1178]
Event: 85.466 Thread 0x000002153e42c4c0 12630       3       sun.security.util.ArrayUtil::swap (15 bytes)
Event: 85.466 Thread 0x000002153e42c4c0 nmethod 12630 0x0000021528eb1510 code [0x0000021528eb16a0, 0x0000021528eb17d8]
Event: 85.473 Thread 0x000002153e42bad0 nmethod 12624 0x000002152fb14590 code [0x000002152fb14740, 0x000002152fb14bb8]
Event: 85.473 Thread 0x000002153e42bad0 12629       4       java.math.BigInteger::testBit (38 bytes)
Event: 85.477 Thread 0x000002153e42bad0 nmethod 12629 0x000002152fb14e90 code [0x000002152fb15020, 0x000002152fb15218]

GC Heap History (20 events):
Event: 70.523 GC heap before
{Heap before GC invocations=60 (full 0):
 garbage-first heap   total 215040K, used 162182K [0x0000000080000000, 0x0000000100000000)
  region size 1024K, 48 young (49152K), 7 survivors (7168K)
 Metaspace       used 83612K, committed 84224K, reserved 1130496K
  class space    used 11013K, committed 11264K, reserved 1048576K
}
Event: 70.534 GC heap after
{Heap after GC invocations=61 (full 0):
 garbage-first heap   total 215040K, used 118523K [0x0000000080000000, 0x0000000100000000)
  region size 1024K, 5 young (5120K), 5 survivors (5120K)
 Metaspace       used 83612K, committed 84224K, reserved 1130496K
  class space    used 11013K, committed 11264K, reserved 1048576K
}
Event: 71.115 GC heap before
{Heap before GC invocations=61 (full 0):
 garbage-first heap   total 215040K, used 132859K [0x0000000080000000, 0x0000000100000000)
  region size 1024K, 20 young (20480K), 5 survivors (5120K)
 Metaspace       used 84883K, committed 85504K, reserved 1130496K
  class space    used 11162K, committed 11456K, reserved 1048576K
}
Event: 71.121 GC heap after
{Heap after GC invocations=62 (full 0):
 garbage-first heap   total 215040K, used 118136K [0x0000000080000000, 0x0000000100000000)
  region size 1024K, 5 young (5120K), 5 survivors (5120K)
 Metaspace       used 84883K, committed 85504K, reserved 1130496K
  class space    used 11162K, committed 11456K, reserved 1048576K
}
Event: 73.353 GC heap before
{Heap before GC invocations=63 (full 0):
 garbage-first heap   total 215040K, used 145784K [0x0000000080000000, 0x0000000100000000)
  region size 1024K, 32 young (32768K), 5 survivors (5120K)
 Metaspace       used 87033K, committed 87680K, reserved 1130496K
  class space    used 11501K, committed 11840K, reserved 1048576K
}
Event: 73.360 GC heap after
{Heap after GC invocations=64 (full 0):
 garbage-first heap   total 215040K, used 118927K [0x0000000080000000, 0x0000000100000000)
  region size 1024K, 2 young (2048K), 2 survivors (2048K)
 Metaspace       used 87033K, committed 87680K, reserved 1130496K
  class space    used 11501K, committed 11840K, reserved 1048576K
}
Event: 75.254 GC heap before
{Heap before GC invocations=65 (full 0):
 garbage-first heap   total 215040K, used 174223K [0x0000000080000000, 0x0000000100000000)
  region size 1024K, 52 young (53248K), 2 survivors (2048K)
 Metaspace       used 92160K, committed 92864K, reserved 1130496K
  class space    used 12201K, committed 12544K, reserved 1048576K
}
Event: 75.264 GC heap after
{Heap after GC invocations=66 (full 0):
 garbage-first heap   total 215040K, used 126040K [0x0000000080000000, 0x0000000100000000)
  region size 1024K, 5 young (5120K), 5 survivors (5120K)
 Metaspace       used 92160K, committed 92864K, reserved 1130496K
  class space    used 12201K, committed 12544K, reserved 1048576K
}
Event: 77.052 GC heap before
{Heap before GC invocations=66 (full 0):
 garbage-first heap   total 215040K, used 174168K [0x0000000080000000, 0x0000000100000000)
  region size 1024K, 52 young (53248K), 5 survivors (5120K)
 Metaspace       used 93534K, committed 94208K, reserved 1138688K
  class space    used 12379K, committed 12736K, reserved 1048576K
}
Event: 77.065 GC heap after
{Heap after GC invocations=67 (full 0):
 garbage-first heap   total 215040K, used 128774K [0x0000000080000000, 0x0000000100000000)
  region size 1024K, 6 young (6144K), 6 survivors (6144K)
 Metaspace       used 93534K, committed 94208K, reserved 1138688K
  class space    used 12379K, committed 12736K, reserved 1048576K
}
Event: 78.689 GC heap before
{Heap before GC invocations=68 (full 0):
 garbage-first heap   total 225280K, used 176902K [0x0000000080000000, 0x0000000100000000)
  region size 1024K, 53 young (54272K), 6 survivors (6144K)
 Metaspace       used 95621K, committed 96384K, reserved 1138688K
  class space    used 12688K, committed 13056K, reserved 1048576K
}
Event: 78.701 GC heap after
{Heap after GC invocations=69 (full 0):
 garbage-first heap   total 225280K, used 132179K [0x0000000080000000, 0x0000000100000000)
  region size 1024K, 6 young (6144K), 6 survivors (6144K)
 Metaspace       used 95621K, committed 96384K, reserved 1138688K
  class space    used 12688K, committed 13056K, reserved 1048576K
}
Event: 80.908 GC heap before
{Heap before GC invocations=69 (full 0):
 garbage-first heap   total 225280K, used 185427K [0x0000000080000000, 0x0000000100000000)
  region size 1024K, 58 young (59392K), 6 survivors (6144K)
 Metaspace       used 99767K, committed 100480K, reserved 1138688K
  class space    used 13445K, committed 13760K, reserved 1048576K
}
Event: 80.920 GC heap after
{Heap after GC invocations=70 (full 0):
 garbage-first heap   total 225280K, used 134312K [0x0000000080000000, 0x0000000100000000)
  region size 1024K, 6 young (6144K), 6 survivors (6144K)
 Metaspace       used 99767K, committed 100480K, reserved 1138688K
  class space    used 13445K, committed 13760K, reserved 1048576K
}
Event: 82.334 GC heap before
{Heap before GC invocations=71 (full 0):
 garbage-first heap   total 232448K, used 164008K [0x0000000080000000, 0x0000000100000000)
  region size 1024K, 36 young (36864K), 6 survivors (6144K)
 Metaspace       used 102188K, committed 102912K, reserved 1138688K
  class space    used 13799K, committed 14144K, reserved 1048576K
}
Event: 82.349 GC heap after
{Heap after GC invocations=72 (full 0):
 garbage-first heap   total 232448K, used 137075K [0x0000000080000000, 0x0000000100000000)
  region size 1024K, 5 young (5120K), 5 survivors (5120K)
 Metaspace       used 102188K, committed 102912K, reserved 1138688K
  class space    used 13799K, committed 14144K, reserved 1048576K
}
Event: 82.688 GC heap before
{Heap before GC invocations=73 (full 0):
 garbage-first heap   total 249856K, used 160627K [0x0000000080000000, 0x0000000100000000)
  region size 1024K, 8 young (8192K), 5 survivors (5120K)
 Metaspace       used 102154K, committed 102912K, reserved 1138688K
  class space    used 13789K, committed 14144K, reserved 1048576K
}
Event: 82.697 GC heap after
{Heap after GC invocations=74 (full 0):
 garbage-first heap   total 249856K, used 161995K [0x0000000080000000, 0x0000000100000000)
  region size 1024K, 6 young (6144K), 6 survivors (6144K)
 Metaspace       used 102154K, committed 102912K, reserved 1138688K
  class space    used 13789K, committed 14144K, reserved 1048576K
}
Event: 85.256 GC heap before
{Heap before GC invocations=75 (full 0):
 garbage-first heap   total 286720K, used 192715K [0x0000000080000000, 0x0000000100000000)
  region size 1024K, 31 young (31744K), 6 survivors (6144K)
 Metaspace       used 104340K, committed 105088K, reserved 1146880K
  class space    used 14171K, committed 14528K, reserved 1048576K
}
Event: 85.294 GC heap after
{Heap after GC invocations=76 (full 0):
 garbage-first heap   total 286720K, used 172246K [0x0000000080000000, 0x0000000100000000)
  region size 1024K, 5 young (5120K), 5 survivors (5120K)
 Metaspace       used 104340K, committed 105088K, reserved 1146880K
  class space    used 14171K, committed 14528K, reserved 1048576K
}

Dll operation events (3 events):
Event: 0.150 Loaded shared library C:\Program Files\Android\Android Studio2\jbr\bin\java.dll
Event: 0.459 Loaded shared library C:\Program Files\Android\Android Studio2\jbr\bin\zip.dll
Event: 1.329 Loaded shared library C:\Program Files\Android\Android Studio2\jbr\bin\verify.dll

Deoptimization events (20 events):
Event: 84.864 Thread 0x000002153f530b00 Uncommon trap: trap_request=0xffffffbe fr.pc=0x000002152fb00bc0 relative=0x00000000000025e0
Event: 84.864 Thread 0x000002153f530b00 Uncommon trap: reason=profile_predicate action=maybe_recompile pc=0x000002152fb00bc0 method=jdk.internal.jimage.ImageStringsReader.stringFromByteBufferMatches(Ljava/nio/ByteBuffer;ILjava/lang/String;I)I @ 19 c2
Event: 84.864 Thread 0x000002153f530b00 DEOPT PACKING pc=0x000002152fb00bc0 sp=0x000000ea655f9f00
Event: 84.864 Thread 0x000002153f530b00 DEOPT UNPACKING pc=0x000002152ee969a3 sp=0x000000ea655f9c58 mode 2
Event: 84.864 Thread 0x000002153f530b00 Uncommon trap: trap_request=0xffffffbe fr.pc=0x000002152fb00bc0 relative=0x00000000000025e0
Event: 84.864 Thread 0x000002153f530b00 Uncommon trap: reason=profile_predicate action=maybe_recompile pc=0x000002152fb00bc0 method=jdk.internal.jimage.ImageStringsReader.stringFromByteBufferMatches(Ljava/nio/ByteBuffer;ILjava/lang/String;I)I @ 19 c2
Event: 84.864 Thread 0x000002153f530b00 DEOPT PACKING pc=0x000002152fb00bc0 sp=0x000000ea655f9f00
Event: 84.864 Thread 0x000002153f530b00 DEOPT UNPACKING pc=0x000002152ee969a3 sp=0x000000ea655f9c58 mode 2
Event: 84.864 Thread 0x000002153f530b00 Uncommon trap: trap_request=0xffffffbe fr.pc=0x000002152fb00bc0 relative=0x00000000000025e0
Event: 84.864 Thread 0x000002153f530b00 Uncommon trap: reason=profile_predicate action=maybe_recompile pc=0x000002152fb00bc0 method=jdk.internal.jimage.ImageStringsReader.stringFromByteBufferMatches(Ljava/nio/ByteBuffer;ILjava/lang/String;I)I @ 19 c2
Event: 84.864 Thread 0x000002153f530b00 DEOPT PACKING pc=0x000002152fb00bc0 sp=0x000000ea655f9f00
Event: 84.864 Thread 0x000002153f530b00 DEOPT UNPACKING pc=0x000002152ee969a3 sp=0x000000ea655f9c58 mode 2
Event: 85.015 Thread 0x000002153f530b00 DEOPT PACKING pc=0x000002152824c5ce sp=0x000000ea655fac90
Event: 85.015 Thread 0x000002153f530b00 DEOPT UNPACKING pc=0x000002152ee97143 sp=0x000000ea655fa0f0 mode 0
Event: 85.305 Thread 0x000002153f530b00 Uncommon trap: trap_request=0xffffffde fr.pc=0x000002152f7f247c relative=0x000000000000069c
Event: 85.305 Thread 0x000002153f530b00 Uncommon trap: reason=class_check action=maybe_recompile pc=0x000002152f7f247c method=java.nio.charset.CharsetEncoder.replaceWith([B)Ljava/nio/charset/CharsetEncoder; @ 53 c2
Event: 85.305 Thread 0x000002153f530b00 DEOPT PACKING pc=0x000002152f7f247c sp=0x000000ea655f86e0
Event: 85.305 Thread 0x000002153f530b00 DEOPT UNPACKING pc=0x000002152ee969a3 sp=0x000000ea655f85b8 mode 2
Event: 85.341 Thread 0x000002153f4a3640 DEOPT PACKING pc=0x0000021528e3d6e9 sp=0x000000ea67afbc80
Event: 85.341 Thread 0x000002153f4a3640 DEOPT UNPACKING pc=0x000002152ee97143 sp=0x000000ea67afb200 mode 0

Classes unloaded (11 events):
Event: 45.292 Thread 0x000002153d9b16a0 Unloading class 0x000000010080c560 '_BuildScript_$_run_closure1'
Event: 45.293 Thread 0x000002153d9b16a0 Unloading class 0x000000010080c000 '_BuildScript_'
Event: 68.569 Thread 0x000002153d9b16a0 Unloading class 0x0000000100974000 '_BuildScript_'
Event: 82.538 Thread 0x000002153d9b16a0 Unloading class 0x0000000100c8a410 '_BuildScript_$_run_closure2'
Event: 82.538 Thread 0x000002153d9b16a0 Unloading class 0x0000000100c8a000 '_BuildScript_$_run_closure1$_closure6'
Event: 82.538 Thread 0x000002153d9b16a0 Unloading class 0x0000000100c89820 '_BuildScript_$_run_closure1$_closure5'
Event: 82.538 Thread 0x000002153d9b16a0 Unloading class 0x0000000100c89410 '_BuildScript_$_run_closure1$_closure4$_closure7'
Event: 82.538 Thread 0x000002153d9b16a0 Unloading class 0x0000000100c89000 '_BuildScript_$_run_closure1$_closure4'
Event: 82.538 Thread 0x000002153d9b16a0 Unloading class 0x0000000100c88970 '_BuildScript_$_run_closure1$_closure3'
Event: 82.538 Thread 0x000002153d9b16a0 Unloading class 0x0000000100c88560 '_BuildScript_$_run_closure1'
Event: 82.538 Thread 0x000002153d9b16a0 Unloading class 0x0000000100c88000 '_BuildScript_'

Classes redefined (0 events):
No events

Internal exceptions (20 events):
Event: 83.698 Thread 0x000002153f530b00 Exception <a 'java/lang/ClassNotFoundException'{0x0000000090e68328}: org/gradle/api/tasks/testing/AbstractTestTaskBeanInfo> (0x0000000090e68328) 
thrown [s\src\hotspot\share\classfile\systemDictionary.cpp, line 256]
Event: 83.706 Thread 0x000002153f530b00 Exception <a 'java/lang/ClassNotFoundException'{0x0000000090e72ac8}: org/gradle/api/internal/ConventionTaskBeanInfo> (0x0000000090e72ac8) 
thrown [s\src\hotspot\share\classfile\systemDictionary.cpp, line 256]
Event: 83.707 Thread 0x000002153f530b00 Exception <a 'java/lang/ClassNotFoundException'{0x0000000090e7d298}: org/gradle/api/internal/ConventionTaskCustomizer> (0x0000000090e7d298) 
thrown [s\src\hotspot\share\classfile\systemDictionary.cpp, line 256]
Event: 83.714 Thread 0x000002153f530b00 Exception <a 'java/lang/ClassNotFoundException'{0x0000000090e99a50}: org/gradle/api/tasks/testing/AbstractTestTaskCustomizer> (0x0000000090e99a50) 
thrown [s\src\hotspot\share\classfile\systemDictionary.cpp, line 256]
Event: 84.340 Thread 0x00000215409ce8e0 Exception <a 'java/lang/NoSuchMethodError'{0x000000009094e770}: static Lorg/gradle/internal/build/event/types/DefaultTaskStartedProgressEvent;.<clinit>()V> (0x000000009094e770) 
thrown [s\src\hotspot\share\prims\jni.cpp, line 1108]
Event: 84.341 Thread 0x00000215409ce8e0 Exception <a 'java/lang/NoSuchMethodError'{0x000000009097d8c8}: static Lorg/gradle/internal/build/event/types/DefaultTaskDescriptor;.<clinit>()V> (0x000000009097d8c8) 
thrown [s\src\hotspot\share\prims\jni.cpp, line 1108]
Event: 84.357 Thread 0x00000215409ce8e0 Exception <a 'java/lang/NoSuchMethodError'{0x0000000090999710}: static Lorg/gradle/internal/build/event/types/DefaultTaskFinishedProgressEvent;.<clinit>()V> (0x0000000090999710) 
thrown [s\src\hotspot\share\prims\jni.cpp, line 1108]
Event: 84.359 Thread 0x00000215409ce8e0 Exception <a 'java/lang/NoSuchMethodError'{0x00000000909af370}: static Lorg/gradle/internal/build/event/types/DefaultTaskSuccessResult;.<clinit>()V> (0x00000000909af370) 
thrown [s\src\hotspot\share\prims\jni.cpp, line 1108]
Event: 84.360 Thread 0x00000215409ce8e0 Exception <a 'java/lang/NoSuchMethodError'{0x00000000909b0a78}: static Lorg/gradle/internal/build/event/types/AbstractTaskResult;.<clinit>()V> (0x00000000909b0a78) 
thrown [s\src\hotspot\share\prims\jni.cpp, line 1108]
Event: 84.361 Thread 0x00000215409ce8e0 Implicit null exception at 0x000002152f81e90c to 0x000002152f81e9ec
Event: 84.452 Thread 0x000002153f4a3640 Exception <a 'java/lang/NoSuchMethodError'{0x000000009070b730}: static Lorg/jetbrains/kotlin/idea/gradleTooling/model/samWithReceiver/SamWithReceiverModelImpl;.<clinit>()V> (0x000000009070b730) 
thrown [s\src\hotspot\share\prims\jni.cpp, line 1108]
Event: 84.469 Thread 0x000002153f4a3640 Exception <a 'java/lang/NoSuchMethodError'{0x000000009071df78}: static Lorg/jetbrains/kotlin/idea/gradleTooling/model/allopen/AllOpenModelImpl;.<clinit>()V> (0x000000009071df78) 
thrown [s\src\hotspot\share\prims\jni.cpp, line 1108]
Event: 85.002 Thread 0x000002153f530b00 Exception <a 'java/lang/ClassNotFoundException'{0x0000000090402558}: org/jetbrains/plugins/gradle/tooling/util/SourceSetCachedFinder$1BeanInfo> (0x0000000090402558) 
thrown [s\src\hotspot\share\classfile\systemDictionary.cpp, line 256]
Event: 85.008 Thread 0x000002153f530b00 Exception <a 'java/lang/ClassNotFoundException'{0x000000009040ace0}: org/jetbrains/plugins/gradle/tooling/util/SourceSetCachedFinder$1Customizer> (0x000000009040ace0) 
thrown [s\src\hotspot\share\classfile\systemDictionary.cpp, line 256]
Event: 85.013 Thread 0x000002153f530b00 Exception <a 'java/lang/ClassNotFoundException'{0x0000000090436a80}: org/jetbrains/plugins/gradle/tooling/util/SourceSetCachedFinder$2BeanInfo> (0x0000000090436a80) 
thrown [s\src\hotspot\share\classfile\systemDictionary.cpp, line 256]
Event: 85.013 Thread 0x000002153f530b00 Exception <a 'java/lang/ClassNotFoundException'{0x000000009043f208}: org/jetbrains/plugins/gradle/tooling/util/SourceSetCachedFinder$2Customizer> (0x000000009043f208) 
thrown [s\src\hotspot\share\classfile\systemDictionary.cpp, line 256]
Event: 85.020 Thread 0x000002153f530b00 Exception <a 'java/lang/ClassNotFoundException'{0x000000009046d410}: org/jetbrains/plugins/gradle/tooling/util/SourceSetCachedFinderBeanInfo> (0x000000009046d410) 
thrown [s\src\hotspot\share\classfile\systemDictionary.cpp, line 256]
Event: 85.021 Thread 0x000002153f530b00 Exception <a 'java/lang/ClassNotFoundException'{0x0000000090475b80}: org/jetbrains/plugins/gradle/tooling/util/SourceSetCachedFinderCustomizer> (0x0000000090475b80) 
thrown [s\src\hotspot\share\classfile\systemDictionary.cpp, line 256]
Event: 85.032 Thread 0x000002153f530b00 Exception <a 'java/lang/ClassNotFoundException'{0x00000000904c9770}: org/jetbrains/plugins/gradle/tooling/util/SourceSetCachedFinder$ArtifactsMapBeanInfo> (0x00000000904c9770) 
thrown [s\src\hotspot\share\classfile\systemDictionary.cpp, line 256]
Event: 85.041 Thread 0x000002153f530b00 Exception <a 'java/lang/ClassNotFoundException'{0x00000000904d1fe8}: org/jetbrains/plugins/gradle/tooling/util/SourceSetCachedFinder$ArtifactsMapCustomizer> (0x00000000904d1fe8) 
thrown [s\src\hotspot\share\classfile\systemDictionary.cpp, line 256]

VM Operations (20 events):
Event: 84.304 Executing VM operation: HandshakeAllThreads done
Event: 84.306 Executing VM operation: HandshakeAllThreads
Event: 84.306 Executing VM operation: HandshakeAllThreads done
Event: 84.309 Executing VM operation: HandshakeAllThreads
Event: 84.309 Executing VM operation: HandshakeAllThreads done
Event: 84.352 Executing VM operation: HandshakeAllThreads
Event: 84.352 Executing VM operation: HandshakeAllThreads done
Event: 84.514 Executing VM operation: HandshakeAllThreads
Event: 84.514 Executing VM operation: HandshakeAllThreads done
Event: 85.157 Executing VM operation: HandshakeAllThreads
Event: 85.157 Executing VM operation: HandshakeAllThreads done
Event: 85.161 Executing VM operation: HandshakeAllThreads
Event: 85.161 Executing VM operation: HandshakeAllThreads done
Event: 85.175 Executing VM operation: HandshakeAllThreads
Event: 85.175 Executing VM operation: HandshakeAllThreads done
Event: 85.255 Executing VM operation: G1TryInitiateConcMark
Event: 85.295 Executing VM operation: G1TryInitiateConcMark done
Event: 85.413 Executing VM operation: HandshakeAllThreads
Event: 85.414 Executing VM operation: HandshakeAllThreads done
Event: 85.507 Executing VM operation: G1Concurrent

Events (20 events):
Event: 83.851 Thread 0x000002153f4a2ca0 Thread added: 0x000002153f4a2ca0
Event: 83.851 Thread 0x000002153f49dad0 Thread added: 0x000002153f49dad0
Event: 83.852 Thread 0x000002153f49ee10 Thread added: 0x000002153f49ee10
Event: 84.054 Thread 0x000002153f4a3170 Thread added: 0x000002153f4a3170
Event: 84.330 loading class java/util/TreeMap$KeySpliterator
Event: 84.332 loading class java/util/TreeMap$TreeMapSpliterator
Event: 84.332 loading class java/util/TreeMap$TreeMapSpliterator done
Event: 84.332 loading class java/util/TreeMap$KeySpliterator done
Event: 84.382 loading class java/util/concurrent/ConcurrentLinkedQueue$Itr
Event: 84.383 loading class java/util/concurrent/ConcurrentLinkedQueue$Itr done
Event: 84.435 Thread 0x000002153f4a3640 Thread added: 0x000002153f4a3640
Event: 85.184 Thread 0x000002153e48c900 flushing nmethod 0x0000021527c67890
Event: 85.186 Thread 0x000002153e48c900 flushing nmethod 0x0000021527ef7290
Event: 85.195 Thread 0x000002153e48c900 flushing nmethod 0x0000021528865910
Event: 85.195 Thread 0x000002153e48c900 flushing nmethod 0x0000021528875910
Event: 85.195 Thread 0x000002153e48c900 flushing nmethod 0x000002152888e510
Event: 85.195 Thread 0x000002153e48c900 flushing nmethod 0x00000215288c6490
Event: 85.196 Thread 0x000002153e48c900 flushing nmethod 0x0000021528922510
Event: 85.472 loading class java/io/PushbackInputStream
Event: 85.473 loading class java/io/PushbackInputStream done


Dynamic libraries:
0x00007ff691830000 - 0x00007ff69183a000 	C:\Program Files\Android\Android Studio2\jbr\bin\java.exe
0x00007ffa03a30000 - 0x00007ffa03c28000 	C:\WINDOWS\SYSTEM32\ntdll.dll
0x00007ffa02260000 - 0x00007ffa0231f000 	C:\WINDOWS\System32\KERNEL32.DLL
0x00007ffa013f0000 - 0x00007ffa016e6000 	C:\WINDOWS\System32\KERNELBASE.dll
0x0000000069b90000 - 0x0000000069c23000 	C:\WINDOWS\System32\SYSFER.DLL
0x00007ffa012a0000 - 0x00007ffa013a0000 	C:\WINDOWS\System32\ucrtbase.dll
0x00007ff9ebf90000 - 0x00007ff9ebfab000 	C:\Program Files\Android\Android Studio2\jbr\bin\VCRUNTIME140.dll
0x00007ff9eee20000 - 0x00007ff9eee37000 	C:\Program Files\Android\Android Studio2\jbr\bin\jli.dll
0x00007ffa028c0000 - 0x00007ffa02a5d000 	C:\WINDOWS\System32\USER32.dll
0x00007ffa016f0000 - 0x00007ffa01712000 	C:\WINDOWS\System32\win32u.dll
0x00007ffa021c0000 - 0x00007ffa021ec000 	C:\WINDOWS\System32\GDI32.dll
0x00007ffa01110000 - 0x00007ffa01225000 	C:\WINDOWS\System32\gdi32full.dll
0x00007ffa019f0000 - 0x00007ffa01a8d000 	C:\WINDOWS\System32\msvcp_win.dll
0x00007ff9eeeb0000 - 0x00007ff9ef14a000 	C:\WINDOWS\WinSxS\amd64_microsoft.windows.common-controls_6595b64144ccf1df_6.0.19041.1110_none_60b5254171f9507e\COMCTL32.dll
0x00007ffa02770000 - 0x00007ffa0280e000 	C:\WINDOWS\System32\msvcrt.dll
0x00007ffa01b20000 - 0x00007ffa01b50000 	C:\WINDOWS\System32\IMM32.DLL
0x00007ff9f8ed0000 - 0x00007ff9f8edc000 	C:\Program Files\Android\Android Studio2\jbr\bin\vcruntime140_1.dll
0x00007ff9c85c0000 - 0x00007ff9c864d000 	C:\Program Files\Android\Android Studio2\jbr\bin\msvcp140.dll
0x00007ff98dd80000 - 0x00007ff98e9ed000 	C:\Program Files\Android\Android Studio2\jbr\bin\server\jvm.dll
0x00007ffa02810000 - 0x00007ffa028bf000 	C:\WINDOWS\System32\ADVAPI32.dll
0x00007ffa01db0000 - 0x00007ffa01e4c000 	C:\WINDOWS\System32\sechost.dll
0x00007ffa03110000 - 0x00007ffa03236000 	C:\WINDOWS\System32\RPCRT4.dll
0x00007ff9ec390000 - 0x00007ff9ec399000 	C:\WINDOWS\SYSTEM32\WSOCK32.dll
0x00007ffa021f0000 - 0x00007ffa0225b000 	C:\WINDOWS\System32\WS2_32.dll
0x00007ff9edbe0000 - 0x00007ff9edc07000 	C:\WINDOWS\SYSTEM32\WINMM.dll
0x00007ff9f89b0000 - 0x00007ff9f89ba000 	C:\WINDOWS\SYSTEM32\VERSION.dll
0x00007ff9ff960000 - 0x00007ff9ff972000 	C:\WINDOWS\SYSTEM32\kernel.appcore.dll
0x00007ff9eec40000 - 0x00007ff9eec4a000 	C:\Program Files\Android\Android Studio2\jbr\bin\jimage.dll
0x00007ff9ff620000 - 0x00007ff9ff804000 	C:\WINDOWS\SYSTEM32\DBGHELP.DLL
0x00007ff9e7110000 - 0x00007ff9e7144000 	C:\WINDOWS\SYSTEM32\dbgcore.DLL
0x00007ffa01880000 - 0x00007ffa01902000 	C:\WINDOWS\System32\bcryptPrimitives.dll
0x00007ff9faea0000 - 0x00007ff9faeae000 	C:\Program Files\Android\Android Studio2\jbr\bin\instrument.dll
0x00007ff9d81a0000 - 0x00007ff9d81c5000 	C:\Program Files\Android\Android Studio2\jbr\bin\java.dll
0x00007ff9ee3b0000 - 0x00007ff9ee3c8000 	C:\Program Files\Android\Android Studio2\jbr\bin\zip.dll
0x00007ffa03240000 - 0x00007ffa03984000 	C:\WINDOWS\System32\SHELL32.dll
0x00007ff9fedb0000 - 0x00007ff9ff543000 	C:\WINDOWS\SYSTEM32\windows.storage.dll
0x00007ffa023d0000 - 0x00007ffa02724000 	C:\WINDOWS\System32\combase.dll
0x00007ffa00a00000 - 0x00007ffa00a2e000 	C:\WINDOWS\SYSTEM32\Wldp.dll
0x00007ffa02320000 - 0x00007ffa023cd000 	C:\WINDOWS\System32\SHCORE.dll
0x00007ffa01e50000 - 0x00007ffa01ea5000 	C:\WINDOWS\System32\shlwapi.dll
0x00007ffa01050000 - 0x00007ffa0106f000 	C:\WINDOWS\SYSTEM32\profapi.dll
0x00007ff9edaf0000 - 0x00007ff9edb09000 	C:\Program Files\Android\Android Studio2\jbr\bin\net.dll
0x00007ff9f0940000 - 0x00007ff9f0a4a000 	C:\WINDOWS\SYSTEM32\WINHTTP.dll
0x00007ffa007f0000 - 0x00007ffa0085a000 	C:\WINDOWS\system32\mswsock.dll
0x00007ff9ec050000 - 0x00007ff9ec066000 	C:\Program Files\Android\Android Studio2\jbr\bin\nio.dll
0x00007ff9ec890000 - 0x00007ff9ec8a0000 	C:\Program Files\Android\Android Studio2\jbr\bin\verify.dll
0x00007ff9da360000 - 0x00007ff9da387000 	C:\Users\Christiana Renta\.gradle\native\68d5fa5c4cc2d200863cafc0d521ce42e7d3e7ee720ec0a83991735586a16f82\windows-amd64\native-platform.dll
0x00007ff9c7b60000 - 0x00007ff9c7ca4000 	C:\Users\Christiana Renta\.gradle\native\e376f236ea51e6404a007f0833ffe2c6e607c4080706a723a18a27aeea778392\windows-amd64\native-platform-file-events.dll
0x00007ff9ee680000 - 0x00007ff9ee689000 	C:\Program Files\Android\Android Studio2\jbr\bin\management.dll
0x00007ff9edf20000 - 0x00007ff9edf2b000 	C:\Program Files\Android\Android Studio2\jbr\bin\management_ext.dll
0x00007ffa02740000 - 0x00007ffa02748000 	C:\WINDOWS\System32\PSAPI.DLL
0x00007ffa00e00000 - 0x00007ffa00e18000 	C:\WINDOWS\SYSTEM32\CRYPTSP.dll
0x00007ffa000c0000 - 0x00007ffa000f4000 	C:\WINDOWS\system32\rsaenh.dll
0x00007ffa019c0000 - 0x00007ffa019e7000 	C:\WINDOWS\System32\bcrypt.dll
0x00007ffa01010000 - 0x00007ffa0103e000 	C:\WINDOWS\SYSTEM32\USERENV.dll
0x00007ffa00aa0000 - 0x00007ffa00aac000 	C:\WINDOWS\SYSTEM32\CRYPTBASE.dll
0x00007ffa00490000 - 0x00007ffa004cc000 	C:\WINDOWS\SYSTEM32\IPHLPAPI.DLL
0x00007ffa01f80000 - 0x00007ffa01f88000 	C:\WINDOWS\System32\NSI.dll
0x00007ff9f2fd0000 - 0x00007ff9f2fe7000 	C:\WINDOWS\SYSTEM32\dhcpcsvc6.DLL
0x00007ff9f2cf0000 - 0x00007ff9f2d0d000 	C:\WINDOWS\SYSTEM32\dhcpcsvc.DLL
0x00007ffa004e0000 - 0x00007ffa005aa000 	C:\WINDOWS\SYSTEM32\DNSAPI.dll
0x00007ff99cc70000 - 0x00007ff99cc77000 	C:\WINDOWS\system32\wshunix.dll
0x00007ff9efc60000 - 0x00007ff9efc6a000 	C:\Windows\System32\rasadhlp.dll
0x00007ff9ef830000 - 0x00007ff9ef8b2000 	C:\WINDOWS\System32\fwpuclnt.dll

dbghelp: loaded successfully - version: 4.0.5 - missing functions: none
symbol engine: initialized successfully - sym options: 0x614 - pdb path: .;C:\Program Files\Android\Android Studio2\jbr\bin;C:\WINDOWS\SYSTEM32;C:\WINDOWS\WinSxS\amd64_microsoft.windows.common-controls_6595b64144ccf1df_6.0.19041.1110_none_60b5254171f9507e;C:\Program Files\Android\Android Studio2\jbr\bin\server;C:\Users\Christiana Renta\.gradle\native\68d5fa5c4cc2d200863cafc0d521ce42e7d3e7ee720ec0a83991735586a16f82\windows-amd64;C:\Users\Christiana Renta\.gradle\native\e376f236ea51e6404a007f0833ffe2c6e607c4080706a723a18a27aeea778392\windows-amd64

VM Arguments:
jvm_args: --add-opens=java.base/java.util=ALL-UNNAMED --add-opens=java.base/java.lang=ALL-UNNAMED --add-opens=java.base/java.lang.invoke=ALL-UNNAMED --add-opens=java.prefs/java.util.prefs=ALL-UNNAMED --add-opens=java.base/java.nio.charset=ALL-UNNAMED --add-opens=java.base/java.net=ALL-UNNAMED --add-opens=java.base/java.util.concurrent.atomic=ALL-UNNAMED -Xmx2048m -Dfile.encoding=UTF-8 -Duser.country=US -Duser.language=en -Duser.variant -javaagent:C:\Users\Christiana Renta\.gradle\wrapper\dists\gradle-8.2-bin\bbg7u40eoinfdyxsxr3z4i7ta\gradle-8.2\lib\agents\gradle-instrumentation-agent-8.2.jar 
java_command: org.gradle.launcher.daemon.bootstrap.GradleDaemon 8.2
java_class_path (initial): C:\Users\Christiana Renta\.gradle\wrapper\dists\gradle-8.2-bin\bbg7u40eoinfdyxsxr3z4i7ta\gradle-8.2\lib\gradle-launcher-8.2.jar
Launcher Type: SUN_STANDARD

[Global flags]
     intx CICompilerCount                          = 3                                         {product} {ergonomic}
     uint ConcGCThreads                            = 1                                         {product} {ergonomic}
     uint G1ConcRefinementThreads                  = 4                                         {product} {ergonomic}
   size_t G1HeapRegionSize                         = 1048576                                   {product} {ergonomic}
    uintx GCDrainStackTargetSize                   = 64                                        {product} {ergonomic}
   size_t InitialHeapSize                          = 132120576                                 {product} {ergonomic}
   size_t MarkStackSize                            = 4194304                                   {product} {ergonomic}
   size_t MaxHeapSize                              = 2147483648                                {product} {command line}
   size_t MaxNewSize                               = 1287651328                                {product} {ergonomic}
   size_t MinHeapDeltaBytes                        = 1048576                                   {product} {ergonomic}
   size_t MinHeapSize                              = 8388608                                   {product} {ergonomic}
    uintx NonNMethodCodeHeapSize                   = 5832780                                {pd product} {ergonomic}
    uintx NonProfiledCodeHeapSize                  = 122912730                              {pd product} {ergonomic}
    uintx ProfiledCodeHeapSize                     = 122912730                              {pd product} {ergonomic}
    uintx ReservedCodeCacheSize                    = 251658240                              {pd product} {ergonomic}
     bool SegmentedCodeCache                       = true                                      {product} {ergonomic}
   size_t SoftMaxHeapSize                          = 2147483648                             {manageable} {ergonomic}
     bool UseCompressedClassPointers               = true                           {product lp64_product} {ergonomic}
     bool UseCompressedOops                        = true                           {product lp64_product} {ergonomic}
     bool UseG1GC                                  = true                                      {product} {ergonomic}
     bool UseLargePagesIndividualAllocation        = false                                  {pd product} {ergonomic}

Logging:
Log output configuration:
 #0: stdout all=warning uptime,level,tags
 #1: stderr all=off uptime,level,tags

Environment Variables:
PATH=C:\Program Files (x86)\Common Files\Oracle\Java\javapath;C:\MinGW\bin;C:\ProgramData\Oracle\Java\javapath;C:\WINDOWS\system32;C:\WINDOWS;C:\WINDOWS\System32\Wbem;C:\WINDOWS\System32\WindowsPowerShell\v1.0\;C:\Program Files (x86)\OpenVPN\bin;C:\Program Files\PuTTY\;C:\Program Files\MATLAB\R2017a\runtime\win64;C:\Program Files\MATLAB\R2017a\bin;C:\WINDOWS\System32\OpenSSH\;C:\Program Files\IBM\SPSS\Statistics\Subscription\JRE\bin;C:\Program Files\Intel\WiFi\bin\;C:\Program Files\Common Files\Intel\WirelessCommon\;C:\Program Files\Microsoft SQL Server\110\Tools\Binn\;C:\Program Files (x86)\Intel\Intel(R) Management Engine Components\DAL;C:\Program Files\Intel\Intel(R) Management Engine Components\DAL;C:\Program Files\dotnet\;C:\Users\Christiana Renta\AppData\Local\Microsoft\WindowsApps;C:\Program Files\Intel\WiFi\bin\;C:\Program Files\Common Files\Intel\WirelessCommon\;;C:\Users\Christiana Renta\AppData\Local\Programs\Microsoft VS Code\bin
USERNAME=Christiana Renta
OS=Windows_NT
PROCESSOR_IDENTIFIER=Intel64 Family 6 Model 142 Stepping 9, GenuineIntel
TMP=C:\Users\Christiana Renta\AppData\Local\Temp
TEMP=C:\Users\Christiana Renta\AppData\Local\Temp



---------------  S Y S T E M  ---------------

OS:
 Windows 10 , 64 bit Build 19041 (10.0.19041.3031)
OS uptime: 14 days 0:11 hours
Hyper-V role detected

CPU: total 4 (initial active 4) (2 cores per cpu, 2 threads per core) family 6 model 142 stepping 9 microcode 0xec, cx8, cmov, fxsr, ht, mmx, 3dnowpref, sse, sse2, sse3, ssse3, sse4.1, sse4.2, popcnt, lzcnt, tsc, tscinvbit, avx, avx2, aes, erms, clmul, bmi1, bmi2, adx, fma, vzeroupper, clflush, clflushopt, hv

Memory: 4k page, system-wide physical 7990M (282M free)
TotalPageFile size 32566M (AvailPageFile size 31M)
current process WorkingSet (physical memory assigned to process): 399M, peak: 406M
current process commit charge ("private bytes"): 566M, peak: 595M

vm_info: OpenJDK 64-Bit Server VM (17.0.6+0-b2043.56-9586694) for windows-amd64 JRE (17.0.6+0-b2043.56-9586694), built on Feb  9 2023 20:06:20 by "androidbuild" with MS VC++ 16.10 / 16.11 (VS2019)

END.
