#
# There is insufficient memory for the Java Runtime Environment to continue.
# Native memory allocation (mmap) failed to map 24117248 bytes for G1 virtual space
# Possible reasons:
#   The system is out of physical RAM or swap space
#   The process is running with CompressedOops enabled, and the Java Heap may be blocking the growth of the native heap
# Possible solutions:
#   Reduce memory load on the system
#   Increase physical memory or swap space
#   Check if swap backing store is full
#   Decrease Java heap size (-Xmx/-Xms)
#   Decrease number of Java threads
#   Decrease Java thread stack sizes (-Xss)
#   Set larger code cache with -XX:ReservedCodeCacheSize=
#   JVM is running with Unscaled Compressed Oops mode in which the Java heap is
#     placed in the first 4GB address space. The Java Heap base address is the
#     maximum limit for the native heap growth. Please use -XX:HeapBaseMinAddress
#     to set the Java Heap base and to place the Java Heap above 4GB virtual address.
# This output file may be truncated or incomplete.
#
#  Out of Memory Error (os_windows.cpp:3769), pid=103684, tid=107312
#
# JRE version: OpenJDK Runtime Environment (17.0.6) (build 17.0.6+0-b2043.56-9586694)
# Java VM: OpenJDK 64-Bit Server VM (17.0.6+0-b2043.56-9586694, mixed mode, tiered, compressed oops, compressed class ptrs, g1 gc, windows-amd64)
# No core dump will be written. Minidumps are not enabled by default on client versions of Windows
#

---------------  S U M M A R Y ------------

Command Line: --add-opens=java.base/java.util=ALL-UNNAMED --add-opens=java.base/java.lang=ALL-UNNAMED --add-opens=java.base/java.lang.invoke=ALL-UNNAMED --add-opens=java.prefs/java.util.prefs=ALL-UNNAMED --add-opens=java.base/java.nio.charset=ALL-UNNAMED --add-opens=java.base/java.net=ALL-UNNAMED --add-opens=java.base/java.util.concurrent.atomic=ALL-UNNAMED -Xmx2048m -Dfile.encoding=UTF-8 -Duser.country=US -Duser.language=en -Duser.variant org.gradle.launcher.daemon.bootstrap.GradleDaemon 8.0

Host: Intel(R) Core(TM) i5-7200U CPU @ 2.50GHz, 4 cores, 7G,  Windows 10 , 64 bit Build 19041 (10.0.19041.3031)
Time: Fri Jul  7 00:09:00 2023 GTB Daylight Time elapsed time: 55.658202 seconds (0d 0h 0m 55s)

---------------  T H R E A D  ---------------

Current thread (0x000002ba56c09010):  VMThread "VM Thread" [stack: 0x000000efde800000,0x000000efde900000] [id=107312]

Stack: [0x000000efde800000,0x000000efde900000]
Native frames: (J=compiled Java code, j=interpreted, Vv=VM code, C=native code)
V  [jvm.dll+0x683b4a]
V  [jvm.dll+0x842654]
V  [jvm.dll+0x843dfe]
V  [jvm.dll+0x844463]
V  [jvm.dll+0x249b75]
V  [jvm.dll+0x680a19]
V  [jvm.dll+0x674f0a]
V  [jvm.dll+0x309acb]
V  [jvm.dll+0x310f86]
V  [jvm.dll+0x3608ee]
V  [jvm.dll+0x360b1f]
V  [jvm.dll+0x2dfbf8]
V  [jvm.dll+0x2e2ce6]
V  [jvm.dll+0x2ed478]
V  [jvm.dll+0x322150]
V  [jvm.dll+0x84893b]
V  [jvm.dll+0x849674]
V  [jvm.dll+0x849b8d]
V  [jvm.dll+0x849f64]
V  [jvm.dll+0x84a030]
V  [jvm.dll+0x7f25fa]
V  [jvm.dll+0x682985]
C  [ucrtbase.dll+0x21bb2]
C  [KERNEL32.DLL+0x17614]
C  [ntdll.dll+0x526f1]

VM_Operation (0x000000efde4ffa20): G1Concurrent, mode: safepoint, requested by thread 0x000002ba3d6b2c00


---------------  P R O C E S S  ---------------

Threads class SMR info:
_java_thread_list=0x000002ba5e7c52a0, length=86, elements={
0x000002ba3d6445c0, 0x000002ba56c0d1b0, 0x000002ba56c0f5d0, 0x000002ba57830b70,
0x000002ba57831630, 0x000002ba578237a0, 0x000002ba57828500, 0x000002ba5783f470,
0x000002ba57865b60, 0x000002ba578a9650, 0x000002ba579a6850, 0x000002ba579c5480,
0x000002ba590c2910, 0x000002ba58817460, 0x000002ba5930e030, 0x000002ba58d0d750,
0x000002ba593a0360, 0x000002ba593c7a40, 0x000002ba58d1bd60, 0x000002ba587b7ee0,
0x000002ba587ba560, 0x000002ba587ba090, 0x000002ba587baa30, 0x000002ba587b7070,
0x000002ba587b8d50, 0x000002ba587b7540, 0x000002ba587b7a10, 0x000002ba587b9220,
0x000002ba587b96f0, 0x000002ba587b83b0, 0x000002ba587b9bc0, 0x000002ba5ba7b080,
0x000002ba5ba7cd60, 0x000002ba5ba7f8b0, 0x000002ba5ba7b550, 0x000002ba5ba7d230,
0x000002ba5ba7bef0, 0x000002ba5ba79d40, 0x000002ba5ba7abb0, 0x000002ba5ba7f3e0,
0x000002ba5ba7c890, 0x000002ba5ba7c3c0, 0x000002ba5ba7ba20, 0x000002ba5ba78530,
0x000002ba5ba79870, 0x000002ba5ba7a210, 0x000002ba5ba7a6e0, 0x000002ba5ba793a0,
0x000002ba5ba78a00, 0x000002ba5ba78ed0, 0x000002ba5ba7e0a0, 0x000002ba5ba7e570,
0x000002ba5ba7ea40, 0x000002ba5ba7ef10, 0x000002ba5dc89cf0, 0x000002ba5dc8e520,
0x000002ba5dc8c840, 0x000002ba5dc8cd10, 0x000002ba5dc90200, 0x000002ba5dc8f860,
0x000002ba5dc906d0, 0x000002ba5dc89350, 0x000002ba5dc8db80, 0x000002ba5dc8a1c0,
0x000002ba5dc8eec0, 0x000002ba5dc8b500, 0x000002ba5dc8c370, 0x000002ba5dc8a690,
0x000002ba5dc8ab60, 0x000002ba5dc8bea0, 0x000002ba5dc8b030, 0x000002ba5dc8fd30,
0x000002ba5dc88e80, 0x000002ba5dc8b9d0, 0x000002ba5dc89820, 0x000002ba5dc8d1e0,
0x000002ba5dc8e9f0, 0x000002ba5dc8d6b0, 0x000002ba5dc8e050, 0x000002ba5e41dbb0,
0x000002ba5e421a40, 0x000002ba5e41f890, 0x000002ba5e41fd60, 0x000002ba5e41c870,
0x000002ba5e41cd40, 0x000002ba5e41d210
}

Java Threads: ( => current thread )
  0x000002ba3d6445c0 JavaThread "main" [_thread_blocked, id=105564, stack(0x000000efde200000,0x000000efde300000)]
  0x000002ba56c0d1b0 JavaThread "Reference Handler" daemon [_thread_blocked, id=107368, stack(0x000000efde900000,0x000000efdea00000)]
  0x000002ba56c0f5d0 JavaThread "Finalizer" daemon [_thread_blocked, id=94524, stack(0x000000efdea00000,0x000000efdeb00000)]
  0x000002ba57830b70 JavaThread "Signal Dispatcher" daemon [_thread_blocked, id=99680, stack(0x000000efdeb00000,0x000000efdec00000)]
  0x000002ba57831630 JavaThread "Attach Listener" daemon [_thread_blocked, id=106696, stack(0x000000efdec00000,0x000000efded00000)]
  0x000002ba578237a0 JavaThread "Service Thread" daemon [_thread_blocked, id=106388, stack(0x000000efded00000,0x000000efdee00000)]
  0x000002ba57828500 JavaThread "Monitor Deflation Thread" daemon [_thread_blocked, id=106636, stack(0x000000efdee00000,0x000000efdef00000)]
  0x000002ba5783f470 JavaThread "C2 CompilerThread0" daemon [_thread_blocked, id=106800, stack(0x000000efdef00000,0x000000efdf000000)]
  0x000002ba57865b60 JavaThread "C1 CompilerThread0" daemon [_thread_blocked, id=97240, stack(0x000000efdf000000,0x000000efdf100000)]
  0x000002ba578a9650 JavaThread "Sweeper thread" daemon [_thread_blocked, id=106840, stack(0x000000efdf100000,0x000000efdf200000)]
  0x000002ba579a6850 JavaThread "Common-Cleaner" daemon [_thread_blocked, id=106848, stack(0x000000efdf200000,0x000000efdf300000)]
  0x000002ba579c5480 JavaThread "Notification Thread" daemon [_thread_blocked, id=107388, stack(0x000000efdf300000,0x000000efdf400000)]
  0x000002ba590c2910 JavaThread "Daemon health stats" [_thread_blocked, id=107448, stack(0x000000efdf800000,0x000000efdf900000)]
  0x000002ba58817460 JavaThread "Incoming local TCP Connector on port 62422" [_thread_in_native, id=57312, stack(0x000000efdf900000,0x000000efdfa00000)]
  0x000002ba5930e030 JavaThread "Daemon periodic checks" [_thread_blocked, id=31804, stack(0x000000efdfa00000,0x000000efdfb00000)]
  0x000002ba58d0d750 JavaThread "Daemon" [_thread_blocked, id=111884, stack(0x000000efdfb00000,0x000000efdfc00000)]
  0x000002ba593a0360 JavaThread "Handler for socket connection from /127.0.0.1:62422 to /127.0.0.1:62424" [_thread_in_native, id=81832, stack(0x000000efdfc00000,0x000000efdfd00000)]
  0x000002ba593c7a40 JavaThread "Cancel handler" [_thread_blocked, id=55668, stack(0x000000efddf00000,0x000000efde000000)]
  0x000002ba58d1bd60 JavaThread "Daemon worker" [_thread_blocked, id=87312, stack(0x000000efde000000,0x000000efde100000)]
  0x000002ba587b7ee0 JavaThread "Asynchronous log dispatcher for DefaultDaemonConnection: socket connection from /127.0.0.1:62422 to /127.0.0.1:62424" [_thread_blocked, id=101216, stack(0x000000efde100000,0x000000efde200000)]
  0x000002ba587ba560 JavaThread "Stdin handler" [_thread_blocked, id=69636, stack(0x000000efdfd00000,0x000000efdfe00000)]
  0x000002ba587ba090 JavaThread "Daemon client event forwarder" [_thread_blocked, id=79056, stack(0x000000efdfe00000,0x000000efdff00000)]
  0x000002ba587baa30 JavaThread "Cache worker for journal cache (C:\Users\Christiana Renta\.gradle\caches\journal-1)" [_thread_blocked, id=109928, stack(0x000000efdff00000,0x000000efe0000000)]
  0x000002ba587b7070 JavaThread "File lock request listener" [_thread_in_native, id=114304, stack(0x000000efe0000000,0x000000efe0100000)]
  0x000002ba587b8d50 JavaThread "Cache worker for file hash cache (C:\Users\Christiana Renta\.gradle\caches\8.0\fileHashes)" [_thread_blocked, id=87112, stack(0x000000efe0100000,0x000000efe0200000)]
  0x000002ba587b7540 JavaThread "File watcher server" daemon [_thread_in_native, id=107164, stack(0x000000efe0200000,0x000000efe0300000)]
  0x000002ba587b7a10 JavaThread "File watcher consumer" daemon [_thread_blocked, id=76772, stack(0x000000efe0300000,0x000000efe0400000)]
  0x000002ba587b9220 JavaThread "jar transforms" [_thread_blocked, id=89812, stack(0x000000efe0400000,0x000000efe0500000)]
  0x000002ba587b96f0 JavaThread "jar transforms Thread 2" [_thread_blocked, id=82160, stack(0x000000efe0500000,0x000000efe0600000)]
  0x000002ba587b83b0 JavaThread "jar transforms Thread 3" [_thread_blocked, id=52060, stack(0x000000efe0600000,0x000000efe0700000)]
  0x000002ba587b9bc0 JavaThread "jar transforms Thread 4" [_thread_blocked, id=74360, stack(0x000000efe0700000,0x000000efe0800000)]
  0x000002ba5ba7b080 JavaThread "Cache worker for checksums cache (C:\Users\Christiana Renta\AndroidStudioProjects\ShoppingList\.gradle\8.0\checksums)" [_thread_blocked, id=87460, stack(0x000000efe0800000,0x000000efe0900000)]
  0x000002ba5ba7cd60 JavaThread "Cache worker for cache directory md-rule (C:\Users\Christiana Renta\.gradle\caches\8.0\md-rule)" [_thread_blocked, id=73480, stack(0x000000efe0900000,0x000000efe0a00000)]
  0x000002ba5ba7f8b0 JavaThread "Cache worker for file content cache (C:\Users\Christiana Renta\.gradle\caches\8.0\fileContent)" [_thread_blocked, id=95860, stack(0x000000efe0a00000,0x000000efe0b00000)]
  0x000002ba5ba7b550 JavaThread "Cache worker for file hash cache (C:\Users\Christiana Renta\AndroidStudioProjects\ShoppingList\.gradle\8.0\fileHashes)" [_thread_blocked, id=113460, stack(0x000000efe0b00000,0x000000efe0c00000)]
  0x000002ba5ba7d230 JavaThread "Cache worker for cache directory md-supplier (C:\Users\Christiana Renta\.gradle\caches\8.0\md-supplier)" [_thread_blocked, id=41864, stack(0x000000efe0c00000,0x000000efe0d00000)]
  0x000002ba5ba7bef0 JavaThread "Cache worker for execution history cache (C:\Users\Christiana Renta\.gradle\caches\8.0\executionHistory)" [_thread_blocked, id=88604, stack(0x000000efe0d00000,0x000000efe0e00000)]
  0x000002ba5ba79d40 JavaThread "Cache worker for dependencies-accessors (C:\Users\Christiana Renta\AndroidStudioProjects\ShoppingList\.gradle\8.0\dependencies-accessors)" [_thread_blocked, id=74764, stack(0x000000efe1000000,0x000000efe1100000)]
  0x000002ba5ba7abb0 JavaThread "Cache worker for Build Output Cleanup Cache (C:\Users\Christiana Renta\AndroidStudioProjects\ShoppingList\.gradle\buildOutputCleanup)" [_thread_blocked, id=74212, stack(0x000000efe1100000,0x000000efe1200000)]
  0x000002ba5ba7f3e0 JavaThread "Unconstrained build operations" [_thread_blocked, id=70876, stack(0x000000efe1200000,0x000000efe1300000)]
  0x000002ba5ba7c890 JavaThread "Unconstrained build operations Thread 2" [_thread_blocked, id=71444, stack(0x000000efe1300000,0x000000efe1400000)]
  0x000002ba5ba7c3c0 JavaThread "Unconstrained build operations Thread 3" [_thread_blocked, id=104864, stack(0x000000efe1400000,0x000000efe1500000)]
  0x000002ba5ba7ba20 JavaThread "Unconstrained build operations Thread 4" [_thread_blocked, id=79988, stack(0x000000efe1500000,0x000000efe1600000)]
  0x000002ba5ba78530 JavaThread "Unconstrained build operations Thread 5" [_thread_blocked, id=35216, stack(0x000000efe1600000,0x000000efe1700000)]
  0x000002ba5ba79870 JavaThread "Unconstrained build operations Thread 6" [_thread_blocked, id=5400, stack(0x000000efe1700000,0x000000efe1800000)]
  0x000002ba5ba7a210 JavaThread "Unconstrained build operations Thread 7" [_thread_blocked, id=47228, stack(0x000000efe1800000,0x000000efe1900000)]
  0x000002ba5ba7a6e0 JavaThread "Unconstrained build operations Thread 8" [_thread_blocked, id=88912, stack(0x000000efe1900000,0x000000efe1a00000)]
  0x000002ba5ba793a0 JavaThread "Unconstrained build operations Thread 9" [_thread_blocked, id=39052, stack(0x000000efe1a00000,0x000000efe1b00000)]
  0x000002ba5ba78a00 JavaThread "Unconstrained build operations Thread 10" [_thread_blocked, id=58416, stack(0x000000efe1b00000,0x000000efe1c00000)]
  0x000002ba5ba78ed0 JavaThread "Unconstrained build operations Thread 11" [_thread_blocked, id=80152, stack(0x000000efe1c00000,0x000000efe1d00000)]
  0x000002ba5ba7e0a0 JavaThread "Unconstrained build operations Thread 12" [_thread_blocked, id=114320, stack(0x000000efe1d00000,0x000000efe1e00000)]
  0x000002ba5ba7e570 JavaThread "Unconstrained build operations Thread 13" [_thread_blocked, id=106640, stack(0x000000efe1e00000,0x000000efe1f00000)]
  0x000002ba5ba7ea40 JavaThread "Unconstrained build operations Thread 14" [_thread_blocked, id=25756, stack(0x000000efe1f00000,0x000000efe2000000)]
  0x000002ba5ba7ef10 JavaThread "Unconstrained build operations Thread 15" [_thread_blocked, id=93308, stack(0x000000efe2000000,0x000000efe2100000)]
  0x000002ba5dc89cf0 JavaThread "Unconstrained build operations Thread 16" [_thread_blocked, id=82828, stack(0x000000efe2100000,0x000000efe2200000)]
  0x000002ba5dc8e520 JavaThread "Unconstrained build operations Thread 17" [_thread_blocked, id=111376, stack(0x000000efe2200000,0x000000efe2300000)]
  0x000002ba5dc8c840 JavaThread "Unconstrained build operations Thread 18" [_thread_blocked, id=49960, stack(0x000000efe2300000,0x000000efe2400000)]
  0x000002ba5dc8cd10 JavaThread "Unconstrained build operations Thread 19" [_thread_blocked, id=68340, stack(0x000000efe2400000,0x000000efe2500000)]
  0x000002ba5dc90200 JavaThread "Unconstrained build operations Thread 20" [_thread_blocked, id=107436, stack(0x000000efe2500000,0x000000efe2600000)]
  0x000002ba5dc8f860 JavaThread "Unconstrained build operations Thread 21" [_thread_blocked, id=91760, stack(0x000000efe2600000,0x000000efe2700000)]
  0x000002ba5dc906d0 JavaThread "Unconstrained build operations Thread 22" [_thread_blocked, id=58268, stack(0x000000efe2700000,0x000000efe2800000)]
  0x000002ba5dc89350 JavaThread "Unconstrained build operations Thread 23" [_thread_blocked, id=70332, stack(0x000000efe2800000,0x000000efe2900000)]
  0x000002ba5dc8db80 JavaThread "Unconstrained build operations Thread 24" [_thread_blocked, id=30880, stack(0x000000efe2900000,0x000000efe2a00000)]
  0x000002ba5dc8a1c0 JavaThread "Unconstrained build operations Thread 25" [_thread_blocked, id=58280, stack(0x000000efe2a00000,0x000000efe2b00000)]
  0x000002ba5dc8eec0 JavaThread "Unconstrained build operations Thread 26" [_thread_blocked, id=77820, stack(0x000000efe2b00000,0x000000efe2c00000)]
  0x000002ba5dc8b500 JavaThread "Unconstrained build operations Thread 27" [_thread_blocked, id=69952, stack(0x000000efe2c00000,0x000000efe2d00000)]
  0x000002ba5dc8c370 JavaThread "Unconstrained build operations Thread 28" [_thread_blocked, id=111508, stack(0x000000efe2d00000,0x000000efe2e00000)]
  0x000002ba5dc8a690 JavaThread "Unconstrained build operations Thread 29" [_thread_blocked, id=107228, stack(0x000000efe2e00000,0x000000efe2f00000)]
  0x000002ba5dc8ab60 JavaThread "Unconstrained build operations Thread 30" [_thread_blocked, id=101964, stack(0x000000efe2f00000,0x000000efe3000000)]
  0x000002ba5dc8bea0 JavaThread "Unconstrained build operations Thread 31" [_thread_blocked, id=21608, stack(0x000000efe3000000,0x000000efe3100000)]
  0x000002ba5dc8b030 JavaThread "Unconstrained build operations Thread 32" [_thread_blocked, id=105576, stack(0x000000efe3100000,0x000000efe3200000)]
  0x000002ba5dc8fd30 JavaThread "Unconstrained build operations Thread 33" [_thread_blocked, id=85844, stack(0x000000efe3200000,0x000000efe3300000)]
  0x000002ba5dc88e80 JavaThread "Unconstrained build operations Thread 34" [_thread_blocked, id=23204, stack(0x000000efe3300000,0x000000efe3400000)]
  0x000002ba5dc8b9d0 JavaThread "Unconstrained build operations Thread 35" [_thread_blocked, id=90252, stack(0x000000efe3400000,0x000000efe3500000)]
  0x000002ba5dc89820 JavaThread "Unconstrained build operations Thread 36" [_thread_blocked, id=50032, stack(0x000000efe3500000,0x000000efe3600000)]
  0x000002ba5dc8d1e0 JavaThread "Unconstrained build operations Thread 37" [_thread_blocked, id=56236, stack(0x000000efe3600000,0x000000efe3700000)]
  0x000002ba5dc8e9f0 JavaThread "Unconstrained build operations Thread 38" [_thread_blocked, id=106308, stack(0x000000efe3700000,0x000000efe3800000)]
  0x000002ba5dc8d6b0 JavaThread "Unconstrained build operations Thread 39" [_thread_blocked, id=61648, stack(0x000000efe3800000,0x000000efe3900000)]
  0x000002ba5dc8e050 JavaThread "Unconstrained build operations Thread 40" [_thread_blocked, id=104848, stack(0x000000efe3900000,0x000000efe3a00000)]
  0x000002ba5e41dbb0 JavaThread "Memory manager" [_thread_blocked, id=100544, stack(0x000000efe3a00000,0x000000efe3b00000)]
  0x000002ba5e421a40 JavaThread "included builds" [_thread_blocked, id=69832, stack(0x000000efe3b00000,0x000000efe3c00000)]
  0x000002ba5e41f890 JavaThread "Execution worker" [_thread_blocked, id=111428, stack(0x000000efe3c00000,0x000000efe3d00000)]
  0x000002ba5e41fd60 JavaThread "Execution worker Thread 2" [_thread_blocked, id=107056, stack(0x000000efe3d00000,0x000000efe3e00000)]
  0x000002ba5e41c870 JavaThread "Execution worker Thread 3" [_thread_blocked, id=53048, stack(0x000000efe3e00000,0x000000efe3f00000)]
  0x000002ba5e41cd40 JavaThread "Cache worker for execution history cache (C:\Users\Christiana Renta\AndroidStudioProjects\ShoppingList\.gradle\8.0\executionHistory)" [_thread_blocked, id=75884, stack(0x000000efe3f00000,0x000000efe4000000)]
  0x000002ba5e41d210 JavaThread "idea-tooling-model-converter" [_thread_blocked, id=97928, stack(0x000000efe4000000,0x000000efe4100000)]

Other Threads:
=>0x000002ba56c09010 VMThread "VM Thread" [stack: 0x000000efde800000,0x000000efde900000] [id=107312]
  0x000002ba3d6bd4d0 WatcherThread [stack: 0x000000efdf400000,0x000000efdf500000] [id=107404]
  0x000002ba3d6a0cb0 GCTaskThread "GC Thread#0" [stack: 0x000000efde300000,0x000000efde400000] [id=88704]
  0x000002ba582c37e0 GCTaskThread "GC Thread#1" [stack: 0x000000efdf500000,0x000000efdf600000] [id=89836]
  0x000002ba582c3a90 GCTaskThread "GC Thread#2" [stack: 0x000000efdf600000,0x000000efdf700000] [id=99612]
  0x000002ba57de3640 GCTaskThread "GC Thread#3" [stack: 0x000000efdf700000,0x000000efdf800000] [id=97912]
  0x000002ba3d6b2c00 ConcurrentGCThread "G1 Main Marker" [stack: 0x000000efde400000,0x000000efde500000] [id=84484]
  0x000002ba3d6b3610 ConcurrentGCThread "G1 Conc#0" [stack: 0x000000efde500000,0x000000efde600000] [id=73704]
  0x000002ba3d70d890 ConcurrentGCThread "G1 Refine#0" [stack: 0x000000efde600000,0x000000efde700000] [id=106360]
  0x000002ba3d70e2b0 ConcurrentGCThread "G1 Service" [stack: 0x000000efde700000,0x000000efde800000] [id=92456]

Threads with active compile tasks:

VM state: at safepoint (normal execution)

VM Mutex/Monitor currently owned by a thread:  ([mutex/lock_event])
[0x000002ba3d640650] Threads_lock - owner thread: 0x000002ba56c09010
[0x000002ba3d641bb0] Heap_lock - owner thread: 0x000002ba3d6b2c00

Heap address: 0x0000000080000000, size: 2048 MB, Compressed Oops mode: 32-bit

CDS archive(s) not mapped
Compressed class space mapped at: 0x0000000100000000-0x0000000140000000, reserved size: 1073741824
Narrow klass base: 0x0000000000000000, Narrow klass shift: 3, Narrow klass range: 0x140000000

GC Precious Log:
 CPUs: 4 total, 4 available
 Memory: 7990M
 Large Page Support: Disabled
 NUMA Support: Disabled
 Compressed Oops: Enabled (32-bit)
 Heap Region Size: 1M
 Heap Min Capacity: 8M
 Heap Initial Capacity: 126M
 Heap Max Capacity: 2G
 Pre-touch: Disabled
 Parallel Workers: 4
 Concurrent Workers: 1
 Concurrent Refinement Workers: 4
 Periodic GC: Disabled

Heap:
 garbage-first heap   total 280576K, used 180510K [0x0000000080000000, 0x0000000100000000)
  region size 1024K, 6 young (6144K), 3 survivors (3072K)
 Metaspace       used 88883K, committed 89600K, reserved 1130496K
  class space    used 11981K, committed 12288K, reserved 1048576K

Heap Regions: E=young(eden), S=young(survivor), O=old, HS=humongous(starts), HC=humongous(continues), CS=collection set, F=free, OA=open archive, CA=closed archive, TAMS=top-at-mark-start (previous, next)
|   0|0x0000000080000000, 0x0000000080100000, 0x0000000080100000|100%| O|  |TAMS 0x0000000080100000, 0x0000000080000000| Untracked 
|   1|0x0000000080100000, 0x0000000080200000, 0x0000000080200000|100%| O|  |TAMS 0x0000000080200000, 0x0000000080100000| Updating 
|   2|0x0000000080200000, 0x0000000080300000, 0x0000000080300000|100%|HS|  |TAMS 0x0000000080300000, 0x0000000080200000| Complete 
|   3|0x0000000080300000, 0x0000000080400000, 0x0000000080400000|100%|HC|  |TAMS 0x0000000080400000, 0x0000000080300000| Complete 
|   4|0x0000000080400000, 0x0000000080500000, 0x0000000080500000|100%|HC|  |TAMS 0x0000000080500000, 0x0000000080400000| Complete 
|   5|0x0000000080500000, 0x0000000080600000, 0x0000000080600000|100%|HC|  |TAMS 0x0000000080600000, 0x0000000080500000| Complete 
|   6|0x0000000080600000, 0x0000000080700000, 0x0000000080700000|100%| O|  |TAMS 0x0000000080700000, 0x0000000080600000| Updating 
|   7|0x0000000080700000, 0x0000000080800000, 0x0000000080800000|100%| O|  |TAMS 0x0000000080800000, 0x0000000080700000| Untracked 
|   8|0x0000000080800000, 0x0000000080900000, 0x0000000080900000|100%| O|  |TAMS 0x0000000080900000, 0x0000000080800000| Untracked 
|   9|0x0000000080900000, 0x0000000080a00000, 0x0000000080a00000|100%| O|  |TAMS 0x0000000080a00000, 0x0000000080900000| Untracked 
|  10|0x0000000080a00000, 0x0000000080b00000, 0x0000000080b00000|100%| O|  |TAMS 0x0000000080b00000, 0x0000000080a00000| Untracked 
|  11|0x0000000080b00000, 0x0000000080c00000, 0x0000000080c00000|100%| O|  |TAMS 0x0000000080c00000, 0x0000000080b00000| Untracked 
|  12|0x0000000080c00000, 0x0000000080d00000, 0x0000000080d00000|100%| O|  |TAMS 0x0000000080d00000, 0x0000000080c00000| Untracked 
|  13|0x0000000080d00000, 0x0000000080e00000, 0x0000000080e00000|100%| O|  |TAMS 0x0000000080e00000, 0x0000000080d00000| Untracked 
|  14|0x0000000080e00000, 0x0000000080f00000, 0x0000000080f00000|100%| O|  |TAMS 0x0000000080f00000, 0x0000000080e00000| Untracked 
|  15|0x0000000080f00000, 0x0000000081000000, 0x0000000081000000|100%| O|  |TAMS 0x0000000081000000, 0x0000000080f00000| Untracked 
|  16|0x0000000081000000, 0x0000000081100000, 0x0000000081100000|100%| O|  |TAMS 0x0000000081100000, 0x0000000081000000| Untracked 
|  17|0x0000000081100000, 0x0000000081200000, 0x0000000081200000|100%| O|  |TAMS 0x0000000081200000, 0x0000000081100000| Untracked 
|  18|0x0000000081200000, 0x0000000081300000, 0x0000000081300000|100%| O|  |TAMS 0x0000000081300000, 0x0000000081200000| Updating 
|  19|0x0000000081300000, 0x0000000081400000, 0x0000000081400000|100%|HS|  |TAMS 0x0000000081400000, 0x0000000081300000| Complete 
|  20|0x0000000081400000, 0x0000000081500000, 0x0000000081500000|100%|HC|  |TAMS 0x0000000081500000, 0x0000000081400000| Complete 
|  21|0x0000000081500000, 0x0000000081600000, 0x0000000081600000|100%|HS|  |TAMS 0x0000000081600000, 0x0000000081500000| Complete 
|  22|0x0000000081600000, 0x0000000081700000, 0x0000000081700000|100%|HC|  |TAMS 0x0000000081700000, 0x0000000081600000| Complete 
|  23|0x0000000081700000, 0x0000000081800000, 0x0000000081800000|100%|HC|  |TAMS 0x0000000081800000, 0x0000000081700000| Complete 
|  24|0x0000000081800000, 0x0000000081900000, 0x0000000081900000|100%| O|  |TAMS 0x0000000081900000, 0x0000000081800000| Untracked 
|  25|0x0000000081900000, 0x0000000081a00000, 0x0000000081a00000|100%| O|  |TAMS 0x0000000081a00000, 0x0000000081900000| Untracked 
|  26|0x0000000081a00000, 0x0000000081b00000, 0x0000000081b00000|100%| O|  |TAMS 0x0000000081b00000, 0x0000000081a00000| Untracked 
|  27|0x0000000081b00000, 0x0000000081c00000, 0x0000000081c00000|100%|HS|  |TAMS 0x0000000081c00000, 0x0000000081b00000| Complete 
|  28|0x0000000081c00000, 0x0000000081d00000, 0x0000000081d00000|100%|HC|  |TAMS 0x0000000081d00000, 0x0000000081c00000| Complete 
|  29|0x0000000081d00000, 0x0000000081e00000, 0x0000000081e00000|100%|HC|  |TAMS 0x0000000081e00000, 0x0000000081d00000| Complete 
|  30|0x0000000081e00000, 0x0000000081f00000, 0x0000000081f00000|100%| O|  |TAMS 0x0000000081f00000, 0x0000000081e00000| Untracked 
|  31|0x0000000081f00000, 0x0000000082000000, 0x0000000082000000|100%|HS|  |TAMS 0x0000000082000000, 0x0000000081f00000| Complete 
|  32|0x0000000082000000, 0x0000000082100000, 0x0000000082100000|100%|HC|  |TAMS 0x0000000082100000, 0x0000000082000000| Complete 
|  33|0x0000000082100000, 0x0000000082200000, 0x0000000082200000|100%|HC|  |TAMS 0x0000000082200000, 0x0000000082100000| Complete 
|  34|0x0000000082200000, 0x0000000082300000, 0x0000000082300000|100%|HC|  |TAMS 0x0000000082300000, 0x0000000082200000| Complete 
|  35|0x0000000082300000, 0x0000000082400000, 0x0000000082400000|100%|HC|  |TAMS 0x0000000082400000, 0x0000000082300000| Complete 
|  36|0x0000000082400000, 0x0000000082500000, 0x0000000082500000|100%|HC|  |TAMS 0x0000000082500000, 0x0000000082400000| Complete 
|  37|0x0000000082500000, 0x0000000082600000, 0x0000000082600000|100%| O|  |TAMS 0x0000000082600000, 0x0000000082500000| Updating 
|  38|0x0000000082600000, 0x0000000082700000, 0x0000000082700000|100%|HS|  |TAMS 0x0000000082700000, 0x0000000082600000| Complete 
|  39|0x0000000082700000, 0x0000000082800000, 0x0000000082800000|100%|HS|  |TAMS 0x0000000082800000, 0x0000000082700000| Complete 
|  40|0x0000000082800000, 0x0000000082900000, 0x0000000082900000|100%|HC|  |TAMS 0x0000000082900000, 0x0000000082800000| Complete 
|  41|0x0000000082900000, 0x0000000082a00000, 0x0000000082a00000|100%|HS|  |TAMS 0x0000000082a00000, 0x0000000082900000| Complete 
|  42|0x0000000082a00000, 0x0000000082b00000, 0x0000000082b00000|100%|HC|  |TAMS 0x0000000082b00000, 0x0000000082a00000| Complete 
|  43|0x0000000082b00000, 0x0000000082c00000, 0x0000000082c00000|100%|HC|  |TAMS 0x0000000082c00000, 0x0000000082b00000| Complete 
|  44|0x0000000082c00000, 0x0000000082d00000, 0x0000000082d00000|100%|HC|  |TAMS 0x0000000082d00000, 0x0000000082c00000| Complete 
|  45|0x0000000082d00000, 0x0000000082e00000, 0x0000000082e00000|100%|HC|  |TAMS 0x0000000082e00000, 0x0000000082d00000| Complete 
|  46|0x0000000082e00000, 0x0000000082f00000, 0x0000000082f00000|100%|HC|  |TAMS 0x0000000082f00000, 0x0000000082e00000| Complete 
|  47|0x0000000082f00000, 0x0000000083000000, 0x0000000083000000|100%|HC|  |TAMS 0x0000000083000000, 0x0000000082f00000| Complete 
|  48|0x0000000083000000, 0x0000000083100000, 0x0000000083100000|100%|HC|  |TAMS 0x0000000083100000, 0x0000000083000000| Complete 
|  49|0x0000000083100000, 0x0000000083200000, 0x0000000083200000|100%|HC|  |TAMS 0x0000000083200000, 0x0000000083100000| Complete 
|  50|0x0000000083200000, 0x0000000083300000, 0x0000000083300000|100%|HC|  |TAMS 0x0000000083300000, 0x0000000083200000| Complete 
|  51|0x0000000083300000, 0x0000000083400000, 0x0000000083400000|100%|HS|  |TAMS 0x0000000083400000, 0x0000000083300000| Complete 
|  52|0x0000000083400000, 0x0000000083500000, 0x0000000083500000|100%|HC|  |TAMS 0x0000000083500000, 0x0000000083400000| Complete 
|  53|0x0000000083500000, 0x0000000083600000, 0x0000000083600000|100%| O|  |TAMS 0x0000000083600000, 0x0000000083500000| Untracked 
|  54|0x0000000083600000, 0x0000000083700000, 0x0000000083700000|100%| O|  |TAMS 0x0000000083700000, 0x0000000083600000| Untracked 
|  55|0x0000000083700000, 0x0000000083800000, 0x0000000083800000|100%| O|  |TAMS 0x0000000083800000, 0x0000000083700000| Untracked 
|  56|0x0000000083800000, 0x0000000083900000, 0x0000000083900000|100%| O|  |TAMS 0x0000000083900000, 0x0000000083800000| Untracked 
|  57|0x0000000083900000, 0x0000000083a00000, 0x0000000083a00000|100%| O|  |TAMS 0x0000000083a00000, 0x0000000083900000| Untracked 
|  58|0x0000000083a00000, 0x0000000083b00000, 0x0000000083b00000|100%| O|  |TAMS 0x0000000083b00000, 0x0000000083a00000| Untracked 
|  59|0x0000000083b00000, 0x0000000083c00000, 0x0000000083c00000|100%| O|  |TAMS 0x0000000083c00000, 0x0000000083b00000| Updating 
|  60|0x0000000083c00000, 0x0000000083d00000, 0x0000000083d00000|100%| O|  |TAMS 0x0000000083d00000, 0x0000000083c00000| Untracked 
|  61|0x0000000083d00000, 0x0000000083e00000, 0x0000000083e00000|100%|HS|  |TAMS 0x0000000083e00000, 0x0000000083d00000| Complete 
|  62|0x0000000083e00000, 0x0000000083f00000, 0x0000000083f00000|100%|HC|  |TAMS 0x0000000083f00000, 0x0000000083e00000| Complete 
|  63|0x0000000083f00000, 0x0000000084000000, 0x0000000084000000|100%| O|  |TAMS 0x0000000084000000, 0x0000000083f00000| Updating 
|  64|0x0000000084000000, 0x0000000084100000, 0x0000000084100000|100%| O|  |TAMS 0x0000000084100000, 0x0000000084000000| Untracked 
|  65|0x0000000084100000, 0x0000000084200000, 0x0000000084200000|100%|HS|  |TAMS 0x0000000084200000, 0x0000000084100000| Complete 
|  66|0x0000000084200000, 0x0000000084300000, 0x0000000084300000|100%|HC|  |TAMS 0x0000000084300000, 0x0000000084200000| Complete 
|  67|0x0000000084300000, 0x0000000084400000, 0x0000000084400000|100%|HC|  |TAMS 0x0000000084400000, 0x0000000084300000| Complete 
|  68|0x0000000084400000, 0x0000000084500000, 0x0000000084500000|100%|HC|  |TAMS 0x0000000084500000, 0x0000000084400000| Complete 
|  69|0x0000000084500000, 0x0000000084600000, 0x0000000084600000|100%|HC|  |TAMS 0x0000000084600000, 0x0000000084500000| Complete 
|  70|0x0000000084600000, 0x0000000084700000, 0x0000000084700000|100%|HC|  |TAMS 0x0000000084700000, 0x0000000084600000| Complete 
|  71|0x0000000084700000, 0x0000000084800000, 0x0000000084800000|100%|HC|  |TAMS 0x0000000084800000, 0x0000000084700000| Complete 
|  72|0x0000000084800000, 0x0000000084900000, 0x0000000084900000|100%|HC|  |TAMS 0x0000000084900000, 0x0000000084800000| Complete 
|  73|0x0000000084900000, 0x0000000084a00000, 0x0000000084a00000|100%|HC|  |TAMS 0x0000000084a00000, 0x0000000084900000| Complete 
|  74|0x0000000084a00000, 0x0000000084b00000, 0x0000000084b00000|100%|HC|  |TAMS 0x0000000084b00000, 0x0000000084a00000| Complete 
|  75|0x0000000084b00000, 0x0000000084c00000, 0x0000000084c00000|100%|HC|  |TAMS 0x0000000084c00000, 0x0000000084b00000| Complete 
|  76|0x0000000084c00000, 0x0000000084d00000, 0x0000000084d00000|100%|HS|  |TAMS 0x0000000084d00000, 0x0000000084c00000| Complete 
|  77|0x0000000084d00000, 0x0000000084e00000, 0x0000000084e00000|100%|HC|  |TAMS 0x0000000084e00000, 0x0000000084d00000| Complete 
|  78|0x0000000084e00000, 0x0000000084f00000, 0x0000000084f00000|100%|HS|  |TAMS 0x0000000084f00000, 0x0000000084e00000| Complete 
|  79|0x0000000084f00000, 0x0000000085000000, 0x0000000085000000|100%|HC|  |TAMS 0x0000000085000000, 0x0000000084f00000| Complete 
|  80|0x0000000085000000, 0x0000000085100000, 0x0000000085100000|100%|HC|  |TAMS 0x0000000085100000, 0x0000000085000000| Complete 
|  81|0x0000000085100000, 0x0000000085200000, 0x0000000085200000|100%|HS|  |TAMS 0x0000000085200000, 0x0000000085100000| Complete 
|  82|0x0000000085200000, 0x0000000085300000, 0x0000000085300000|100%|HC|  |TAMS 0x0000000085300000, 0x0000000085200000| Complete 
|  83|0x0000000085300000, 0x0000000085400000, 0x0000000085400000|100%|HC|  |TAMS 0x0000000085400000, 0x0000000085300000| Complete 
|  84|0x0000000085400000, 0x0000000085500000, 0x0000000085500000|100%| O|  |TAMS 0x0000000085500000, 0x0000000085400000| Untracked 
|  85|0x0000000085500000, 0x0000000085600000, 0x0000000085600000|100%| O|  |TAMS 0x0000000085600000, 0x0000000085500000| Untracked 
|  86|0x0000000085600000, 0x0000000085700000, 0x0000000085700000|100%| O|  |TAMS 0x0000000085700000, 0x0000000085600000| Untracked 
|  87|0x0000000085700000, 0x0000000085800000, 0x0000000085800000|100%| O|  |TAMS 0x0000000085800000, 0x0000000085700000| Untracked 
|  88|0x0000000085800000, 0x0000000085900000, 0x0000000085900000|100%| O|  |TAMS 0x0000000085900000, 0x0000000085800000| Untracked 
|  89|0x0000000085900000, 0x0000000085a00000, 0x0000000085a00000|100%| O|  |TAMS 0x0000000085a00000, 0x0000000085900000| Untracked 
|  90|0x0000000085a00000, 0x0000000085b00000, 0x0000000085b00000|100%|HS|  |TAMS 0x0000000085b00000, 0x0000000085a00000| Complete 
|  91|0x0000000085b00000, 0x0000000085c00000, 0x0000000085c00000|100%|HC|  |TAMS 0x0000000085c00000, 0x0000000085b00000| Complete 
|  92|0x0000000085c00000, 0x0000000085d00000, 0x0000000085d00000|100%|HC|  |TAMS 0x0000000085d00000, 0x0000000085c00000| Complete 
|  93|0x0000000085d00000, 0x0000000085e00000, 0x0000000085e00000|100%|HC|  |TAMS 0x0000000085e00000, 0x0000000085d00000| Complete 
|  94|0x0000000085e00000, 0x0000000085f00000, 0x0000000085f00000|100%|HC|  |TAMS 0x0000000085f00000, 0x0000000085e00000| Complete 
|  95|0x0000000085f00000, 0x0000000086000000, 0x0000000086000000|100%|HC|  |TAMS 0x0000000086000000, 0x0000000085f00000| Complete 
|  96|0x0000000086000000, 0x0000000086100000, 0x0000000086100000|100%|HS|  |TAMS 0x0000000086100000, 0x0000000086000000| Complete 
|  97|0x0000000086100000, 0x0000000086200000, 0x0000000086200000|100%| O|  |TAMS 0x0000000086200000, 0x0000000086100000| Untracked 
|  98|0x0000000086200000, 0x0000000086300000, 0x0000000086300000|100%| O|  |TAMS 0x0000000086300000, 0x0000000086200000| Untracked 
|  99|0x0000000086300000, 0x0000000086400000, 0x0000000086400000|100%| O|  |TAMS 0x0000000086400000, 0x0000000086300000| Untracked 
| 100|0x0000000086400000, 0x0000000086500000, 0x0000000086500000|100%| O|  |TAMS 0x0000000086500000, 0x0000000086400000| Untracked 
| 101|0x0000000086500000, 0x0000000086600000, 0x0000000086600000|100%| O|  |TAMS 0x0000000086600000, 0x0000000086500000| Untracked 
| 102|0x0000000086600000, 0x0000000086700000, 0x0000000086700000|100%|HS|  |TAMS 0x0000000086700000, 0x0000000086600000| Complete 
| 103|0x0000000086700000, 0x0000000086800000, 0x0000000086800000|100%|HS|  |TAMS 0x0000000086800000, 0x0000000086700000| Complete 
| 104|0x0000000086800000, 0x0000000086900000, 0x0000000086900000|100%|HC|  |TAMS 0x0000000086900000, 0x0000000086800000| Complete 
| 105|0x0000000086900000, 0x0000000086a00000, 0x0000000086a00000|100%|HS|  |TAMS 0x0000000086a00000, 0x0000000086900000| Complete 
| 106|0x0000000086a00000, 0x0000000086b00000, 0x0000000086b00000|100%|HS|  |TAMS 0x0000000086b00000, 0x0000000086a00000| Complete 
| 107|0x0000000086b00000, 0x0000000086c00000, 0x0000000086c00000|100%|HC|  |TAMS 0x0000000086c00000, 0x0000000086b00000| Complete 
| 108|0x0000000086c00000, 0x0000000086d00000, 0x0000000086d00000|100%|HC|  |TAMS 0x0000000086d00000, 0x0000000086c00000| Complete 
| 109|0x0000000086d00000, 0x0000000086e00000, 0x0000000086e00000|100%|HC|  |TAMS 0x0000000086e00000, 0x0000000086d00000| Complete 
| 110|0x0000000086e00000, 0x0000000086f00000, 0x0000000086f00000|100%| O|  |TAMS 0x0000000086f00000, 0x0000000086e00000| Untracked 
| 111|0x0000000086f00000, 0x0000000087000000, 0x0000000087000000|100%| O|  |TAMS 0x0000000087000000, 0x0000000086f00000| Updating 
| 112|0x0000000087000000, 0x0000000087100000, 0x0000000087100000|100%| O|  |TAMS 0x0000000087100000, 0x0000000087000000| Untracked 
| 113|0x0000000087100000, 0x0000000087200000, 0x0000000087200000|100%| O|  |TAMS 0x0000000087200000, 0x0000000087100000| Updating 
| 114|0x0000000087200000, 0x0000000087300000, 0x0000000087300000|100%| O|  |TAMS 0x0000000087300000, 0x0000000087200000| Untracked 
| 115|0x0000000087300000, 0x0000000087400000, 0x0000000087400000|100%| O|  |TAMS 0x0000000087400000, 0x0000000087300000| Untracked 
| 116|0x0000000087400000, 0x0000000087500000, 0x0000000087500000|100%| O|  |TAMS 0x0000000087500000, 0x0000000087400000| Updating 
| 117|0x0000000087500000, 0x0000000087600000, 0x0000000087600000|100%| O|  |TAMS 0x0000000087600000, 0x0000000087500000| Untracked 
| 118|0x0000000087600000, 0x0000000087700000, 0x0000000087700000|100%| O|  |TAMS 0x0000000087700000, 0x0000000087600000| Untracked 
| 119|0x0000000087700000, 0x0000000087800000, 0x0000000087800000|100%| O|  |TAMS 0x0000000087800000, 0x0000000087700000| Untracked 
| 120|0x0000000087800000, 0x0000000087900000, 0x0000000087900000|100%| O|  |TAMS 0x0000000087900000, 0x0000000087800000| Untracked 
| 121|0x0000000087900000, 0x0000000087a00000, 0x0000000087a00000|100%| O|  |TAMS 0x0000000087a00000, 0x0000000087900000| Untracked 
| 122|0x0000000087a00000, 0x0000000087b00000, 0x0000000087b00000|100%| O|  |TAMS 0x0000000087b00000, 0x0000000087a00000| Untracked 
| 123|0x0000000087b00000, 0x0000000087c00000, 0x0000000087c00000|100%| O|  |TAMS 0x0000000087c00000, 0x0000000087b00000| Untracked 
| 124|0x0000000087c00000, 0x0000000087d00000, 0x0000000087d00000|100%| O|  |TAMS 0x0000000087d00000, 0x0000000087c00000| Untracked 
| 125|0x0000000087d00000, 0x0000000087e00000, 0x0000000087e00000|100%| O|  |TAMS 0x0000000087e00000, 0x0000000087d00000| Untracked 
| 126|0x0000000087e00000, 0x0000000087f00000, 0x0000000087f00000|100%| O|  |TAMS 0x0000000087f00000, 0x0000000087e00000| Untracked 
| 127|0x0000000087f00000, 0x0000000088000000, 0x0000000088000000|100%| O|  |TAMS 0x0000000088000000, 0x0000000087f00000| Untracked 
| 128|0x0000000088000000, 0x0000000088100000, 0x0000000088100000|100%| O|  |TAMS 0x0000000088100000, 0x0000000088000000| Untracked 
| 129|0x0000000088100000, 0x0000000088200000, 0x0000000088200000|100%| O|  |TAMS 0x0000000088200000, 0x0000000088100000| Untracked 
| 130|0x0000000088200000, 0x0000000088300000, 0x0000000088300000|100%|HS|  |TAMS 0x0000000088300000, 0x0000000088200000| Complete 
| 131|0x0000000088300000, 0x0000000088400000, 0x0000000088400000|100%|HC|  |TAMS 0x0000000088400000, 0x0000000088300000| Complete 
| 132|0x0000000088400000, 0x0000000088500000, 0x0000000088500000|100%|HS|  |TAMS 0x0000000088500000, 0x0000000088400000| Complete 
| 133|0x0000000088500000, 0x0000000088600000, 0x0000000088600000|100%|HC|  |TAMS 0x0000000088600000, 0x0000000088500000| Complete 
| 134|0x0000000088600000, 0x0000000088700000, 0x0000000088700000|100%|HC|  |TAMS 0x0000000088700000, 0x0000000088600000| Complete 
| 135|0x0000000088700000, 0x0000000088800000, 0x0000000088800000|100%|HS|  |TAMS 0x0000000088800000, 0x0000000088700000| Complete 
| 136|0x0000000088800000, 0x0000000088900000, 0x0000000088900000|100%|HC|  |TAMS 0x0000000088900000, 0x0000000088800000| Complete 
| 137|0x0000000088900000, 0x0000000088a00000, 0x0000000088a00000|100%|HC|  |TAMS 0x0000000088a00000, 0x0000000088900000| Complete 
| 138|0x0000000088a00000, 0x0000000088b00000, 0x0000000088b00000|100%|HS|  |TAMS 0x0000000088b00000, 0x0000000088a00000| Complete 
| 139|0x0000000088b00000, 0x0000000088c00000, 0x0000000088c00000|100%|HC|  |TAMS 0x0000000088c00000, 0x0000000088b00000| Complete 
| 140|0x0000000088c00000, 0x0000000088d00000, 0x0000000088d00000|100%|HC|  |TAMS 0x0000000088d00000, 0x0000000088c00000| Complete 
| 141|0x0000000088d00000, 0x0000000088e00000, 0x0000000088e00000|100%|HC|  |TAMS 0x0000000088e00000, 0x0000000088d00000| Complete 
| 142|0x0000000088e00000, 0x0000000088f00000, 0x0000000088f00000|100%|HC|  |TAMS 0x0000000088f00000, 0x0000000088e00000| Complete 
| 143|0x0000000088f00000, 0x0000000089000000, 0x0000000089000000|100%|HC|  |TAMS 0x0000000089000000, 0x0000000088f00000| Complete 
| 144|0x0000000089000000, 0x0000000089100000, 0x0000000089100000|100%|HS|  |TAMS 0x0000000089100000, 0x0000000089000000| Complete 
| 145|0x0000000089100000, 0x0000000089200000, 0x0000000089200000|100%|HS|  |TAMS 0x0000000089200000, 0x0000000089100000| Complete 
| 146|0x0000000089200000, 0x0000000089300000, 0x0000000089300000|100%|HC|  |TAMS 0x0000000089300000, 0x0000000089200000| Complete 
| 147|0x0000000089300000, 0x0000000089400000, 0x0000000089400000|100%|HS|  |TAMS 0x0000000089400000, 0x0000000089300000| Complete 
| 148|0x0000000089400000, 0x0000000089500000, 0x0000000089500000|100%|HC|  |TAMS 0x0000000089500000, 0x0000000089400000| Complete 
| 149|0x0000000089500000, 0x0000000089600000, 0x0000000089600000|100%|HC|  |TAMS 0x0000000089600000, 0x0000000089500000| Complete 
| 150|0x0000000089600000, 0x0000000089700000, 0x0000000089700000|100%|HC|  |TAMS 0x0000000089700000, 0x0000000089600000| Complete 
| 151|0x0000000089700000, 0x0000000089800000, 0x0000000089800000|100%|HC|  |TAMS 0x0000000089800000, 0x0000000089700000| Complete 
| 152|0x0000000089800000, 0x0000000089900000, 0x0000000089900000|100%|HC|  |TAMS 0x0000000089900000, 0x0000000089800000| Complete 
| 153|0x0000000089900000, 0x0000000089a00000, 0x0000000089a00000|100%|HC|  |TAMS 0x0000000089a00000, 0x0000000089900000| Complete 
| 154|0x0000000089a00000, 0x0000000089b00000, 0x0000000089b00000|100%|HC|  |TAMS 0x0000000089b00000, 0x0000000089a00000| Complete 
| 155|0x0000000089b00000, 0x0000000089c00000, 0x0000000089c00000|100%|HC|  |TAMS 0x0000000089c00000, 0x0000000089b00000| Complete 
| 156|0x0000000089c00000, 0x0000000089d00000, 0x0000000089d00000|100%|HC|  |TAMS 0x0000000089d00000, 0x0000000089c00000| Complete 
| 157|0x0000000089d00000, 0x0000000089e00000, 0x0000000089e00000|100%|HS|  |TAMS 0x0000000089e00000, 0x0000000089d00000| Complete 
| 158|0x0000000089e00000, 0x0000000089f00000, 0x0000000089f00000|100%|HC|  |TAMS 0x0000000089f00000, 0x0000000089e00000| Complete 
| 159|0x0000000089f00000, 0x000000008a000000, 0x000000008a000000|100%| O|  |TAMS 0x000000008a000000, 0x0000000089f00000| Untracked 
| 160|0x000000008a000000, 0x000000008a100000, 0x000000008a100000|100%| O|  |TAMS 0x000000008a100000, 0x000000008a000000| Updating 
| 161|0x000000008a100000, 0x000000008a200000, 0x000000008a200000|100%| O|  |TAMS 0x000000008a200000, 0x000000008a100000| Untracked 
| 162|0x000000008a200000, 0x000000008a300000, 0x000000008a300000|100%| O|  |TAMS 0x000000008a300000, 0x000000008a200000| Untracked 
| 163|0x000000008a300000, 0x000000008a400000, 0x000000008a400000|100%| O|  |TAMS 0x000000008a400000, 0x000000008a300000| Untracked 
| 164|0x000000008a400000, 0x000000008a500000, 0x000000008a500000|100%| O|  |TAMS 0x000000008a43a800, 0x000000008a400000| Untracked 
| 165|0x000000008a500000, 0x000000008a600000, 0x000000008a600000|100%| O|  |TAMS 0x000000008a500000, 0x000000008a500000| Untracked 
| 166|0x000000008a600000, 0x000000008a700000, 0x000000008a700000|100%| O|  |TAMS 0x000000008a600000, 0x000000008a600000| Untracked 
| 167|0x000000008a700000, 0x000000008a800000, 0x000000008a800000|100%| O|  |TAMS 0x000000008a700000, 0x000000008a700000| Untracked 
| 168|0x000000008a800000, 0x000000008a900000, 0x000000008a900000|100%| O|  |TAMS 0x000000008a800000, 0x000000008a800000| Untracked 
| 169|0x000000008a900000, 0x000000008aa00000, 0x000000008aa00000|100%| O|  |TAMS 0x000000008a900000, 0x000000008a900000| Untracked 
| 170|0x000000008aa00000, 0x000000008aa6fe00, 0x000000008ab00000| 43%| O|  |TAMS 0x000000008aa00000, 0x000000008aa00000| Updating 
| 171|0x000000008ab00000, 0x000000008ac00000, 0x000000008ac00000|100%|HS|  |TAMS 0x000000008ab00000, 0x000000008ab00000| Complete 
| 172|0x000000008ac00000, 0x000000008ac00000, 0x000000008ad00000|  0%| F|  |TAMS 0x000000008ac00000, 0x000000008ac00000| Untracked 
| 173|0x000000008ad00000, 0x000000008ad00000, 0x000000008ae00000|  0%| F|  |TAMS 0x000000008ad00000, 0x000000008ad00000| Untracked 
| 174|0x000000008ae00000, 0x000000008ae00000, 0x000000008af00000|  0%| F|  |TAMS 0x000000008ae00000, 0x000000008ae00000| Untracked 
| 175|0x000000008af00000, 0x000000008af00000, 0x000000008b000000|  0%| F|  |TAMS 0x000000008af00000, 0x000000008af00000| Untracked 
| 176|0x000000008b000000, 0x000000008b000000, 0x000000008b100000|  0%| F|  |TAMS 0x000000008b000000, 0x000000008b000000| Untracked 
| 177|0x000000008b100000, 0x000000008b100000, 0x000000008b200000|  0%| F|  |TAMS 0x000000008b100000, 0x000000008b100000| Untracked 
| 178|0x000000008b200000, 0x000000008b200000, 0x000000008b300000|  0%| F|  |TAMS 0x000000008b200000, 0x000000008b200000| Untracked 
| 179|0x000000008b300000, 0x000000008b300000, 0x000000008b400000|  0%| F|  |TAMS 0x000000008b300000, 0x000000008b300000| Untracked 
| 180|0x000000008b400000, 0x000000008b400000, 0x000000008b500000|  0%| F|  |TAMS 0x000000008b400000, 0x000000008b400000| Untracked 
| 181|0x000000008b500000, 0x000000008b500000, 0x000000008b600000|  0%| F|  |TAMS 0x000000008b500000, 0x000000008b500000| Untracked 
| 182|0x000000008b600000, 0x000000008b600000, 0x000000008b700000|  0%| F|  |TAMS 0x000000008b600000, 0x000000008b600000| Untracked 
| 183|0x000000008b700000, 0x000000008b700000, 0x000000008b800000|  0%| F|  |TAMS 0x000000008b700000, 0x000000008b700000| Untracked 
| 184|0x000000008b800000, 0x000000008b800000, 0x000000008b900000|  0%| F|  |TAMS 0x000000008b800000, 0x000000008b800000| Untracked 
| 185|0x000000008b900000, 0x000000008b900000, 0x000000008ba00000|  0%| F|  |TAMS 0x000000008b900000, 0x000000008b900000| Untracked 
| 186|0x000000008ba00000, 0x000000008ba00000, 0x000000008bb00000|  0%| F|  |TAMS 0x000000008ba00000, 0x000000008ba00000| Untracked 
| 187|0x000000008bb00000, 0x000000008bb00000, 0x000000008bc00000|  0%| F|  |TAMS 0x000000008bb00000, 0x000000008bb00000| Untracked 
| 188|0x000000008bc00000, 0x000000008bc00000, 0x000000008bd00000|  0%| F|  |TAMS 0x000000008bc00000, 0x000000008bc00000| Untracked 
| 189|0x000000008bd00000, 0x000000008bd00000, 0x000000008be00000|  0%| F|  |TAMS 0x000000008bd00000, 0x000000008bd00000| Untracked 
| 190|0x000000008be00000, 0x000000008be00000, 0x000000008bf00000|  0%| F|  |TAMS 0x000000008be00000, 0x000000008be00000| Untracked 
| 191|0x000000008bf00000, 0x000000008bf00000, 0x000000008c000000|  0%| F|  |TAMS 0x000000008bf00000, 0x000000008bf00000| Untracked 
| 192|0x000000008c000000, 0x000000008c000000, 0x000000008c100000|  0%| F|  |TAMS 0x000000008c000000, 0x000000008c000000| Untracked 
| 193|0x000000008c100000, 0x000000008c100000, 0x000000008c200000|  0%| F|  |TAMS 0x000000008c100000, 0x000000008c100000| Untracked 
| 194|0x000000008c200000, 0x000000008c200000, 0x000000008c300000|  0%| F|  |TAMS 0x000000008c200000, 0x000000008c200000| Untracked 
| 195|0x000000008c300000, 0x000000008c300000, 0x000000008c400000|  0%| F|  |TAMS 0x000000008c300000, 0x000000008c300000| Untracked 
| 196|0x000000008c400000, 0x000000008c400000, 0x000000008c500000|  0%| F|  |TAMS 0x000000008c400000, 0x000000008c400000| Untracked 
| 197|0x000000008c500000, 0x000000008c500000, 0x000000008c600000|  0%| F|  |TAMS 0x000000008c500000, 0x000000008c500000| Untracked 
| 198|0x000000008c600000, 0x000000008c600000, 0x000000008c700000|  0%| F|  |TAMS 0x000000008c600000, 0x000000008c600000| Untracked 
| 199|0x000000008c700000, 0x000000008c700000, 0x000000008c800000|  0%| F|  |TAMS 0x000000008c700000, 0x000000008c700000| Untracked 
| 200|0x000000008c800000, 0x000000008c800000, 0x000000008c900000|  0%| F|  |TAMS 0x000000008c800000, 0x000000008c800000| Untracked 
| 201|0x000000008c900000, 0x000000008c900000, 0x000000008ca00000|  0%| F|  |TAMS 0x000000008c900000, 0x000000008c900000| Untracked 
| 202|0x000000008ca00000, 0x000000008ca00000, 0x000000008cb00000|  0%| F|  |TAMS 0x000000008ca00000, 0x000000008ca00000| Untracked 
| 203|0x000000008cb00000, 0x000000008cb00000, 0x000000008cc00000|  0%| F|  |TAMS 0x000000008cb00000, 0x000000008cb00000| Untracked 
| 204|0x000000008cc00000, 0x000000008cc00000, 0x000000008cd00000|  0%| F|  |TAMS 0x000000008cc00000, 0x000000008cc00000| Untracked 
| 205|0x000000008cd00000, 0x000000008cd00000, 0x000000008ce00000|  0%| F|  |TAMS 0x000000008cd00000, 0x000000008cd00000| Untracked 
| 206|0x000000008ce00000, 0x000000008ce00000, 0x000000008cf00000|  0%| F|  |TAMS 0x000000008ce00000, 0x000000008ce00000| Untracked 
| 207|0x000000008cf00000, 0x000000008cf00000, 0x000000008d000000|  0%| F|  |TAMS 0x000000008cf00000, 0x000000008cf00000| Untracked 
| 208|0x000000008d000000, 0x000000008d000000, 0x000000008d100000|  0%| F|  |TAMS 0x000000008d000000, 0x000000008d000000| Untracked 
| 209|0x000000008d100000, 0x000000008d100000, 0x000000008d200000|  0%| F|  |TAMS 0x000000008d100000, 0x000000008d100000| Untracked 
| 210|0x000000008d200000, 0x000000008d200000, 0x000000008d300000|  0%| F|  |TAMS 0x000000008d200000, 0x000000008d200000| Untracked 
| 211|0x000000008d300000, 0x000000008d300000, 0x000000008d400000|  0%| F|  |TAMS 0x000000008d300000, 0x000000008d300000| Untracked 
| 212|0x000000008d400000, 0x000000008d400000, 0x000000008d500000|  0%| F|  |TAMS 0x000000008d400000, 0x000000008d400000| Untracked 
| 213|0x000000008d500000, 0x000000008d500000, 0x000000008d600000|  0%| F|  |TAMS 0x000000008d500000, 0x000000008d500000| Untracked 
| 214|0x000000008d600000, 0x000000008d600000, 0x000000008d700000|  0%| F|  |TAMS 0x000000008d600000, 0x000000008d600000| Untracked 
| 215|0x000000008d700000, 0x000000008d700000, 0x000000008d800000|  0%| F|  |TAMS 0x000000008d700000, 0x000000008d700000| Untracked 
| 216|0x000000008d800000, 0x000000008d800000, 0x000000008d900000|  0%| F|  |TAMS 0x000000008d800000, 0x000000008d800000| Untracked 
| 217|0x000000008d900000, 0x000000008d900000, 0x000000008da00000|  0%| F|  |TAMS 0x000000008d900000, 0x000000008d900000| Untracked 
| 218|0x000000008da00000, 0x000000008da00000, 0x000000008db00000|  0%| F|  |TAMS 0x000000008da00000, 0x000000008da00000| Untracked 
| 219|0x000000008db00000, 0x000000008db00000, 0x000000008dc00000|  0%| F|  |TAMS 0x000000008db00000, 0x000000008db00000| Untracked 
| 220|0x000000008dc00000, 0x000000008dc00000, 0x000000008dd00000|  0%| F|  |TAMS 0x000000008dc00000, 0x000000008dc00000| Untracked 
| 221|0x000000008dd00000, 0x000000008dd00000, 0x000000008de00000|  0%| F|  |TAMS 0x000000008dd00000, 0x000000008dd00000| Untracked 
| 222|0x000000008de00000, 0x000000008de00000, 0x000000008df00000|  0%| F|  |TAMS 0x000000008de00000, 0x000000008de00000| Untracked 
| 223|0x000000008df00000, 0x000000008df00000, 0x000000008e000000|  0%| F|  |TAMS 0x000000008df00000, 0x000000008df00000| Untracked 
| 224|0x000000008e000000, 0x000000008e000000, 0x000000008e100000|  0%| F|  |TAMS 0x000000008e000000, 0x000000008e000000| Untracked 
| 225|0x000000008e100000, 0x000000008e100000, 0x000000008e200000|  0%| F|  |TAMS 0x000000008e100000, 0x000000008e100000| Untracked 
| 226|0x000000008e200000, 0x000000008e200000, 0x000000008e300000|  0%| F|  |TAMS 0x000000008e200000, 0x000000008e200000| Untracked 
| 227|0x000000008e300000, 0x000000008e300000, 0x000000008e400000|  0%| F|  |TAMS 0x000000008e300000, 0x000000008e300000| Untracked 
| 228|0x000000008e400000, 0x000000008e400000, 0x000000008e500000|  0%| F|  |TAMS 0x000000008e400000, 0x000000008e400000| Untracked 
| 229|0x000000008e500000, 0x000000008e500000, 0x000000008e600000|  0%| F|  |TAMS 0x000000008e500000, 0x000000008e500000| Untracked 
| 230|0x000000008e600000, 0x000000008e600000, 0x000000008e700000|  0%| F|  |TAMS 0x000000008e600000, 0x000000008e600000| Untracked 
| 231|0x000000008e700000, 0x000000008e700000, 0x000000008e800000|  0%| F|  |TAMS 0x000000008e700000, 0x000000008e700000| Untracked 
| 232|0x000000008e800000, 0x000000008e800000, 0x000000008e900000|  0%| F|  |TAMS 0x000000008e800000, 0x000000008e800000| Untracked 
| 233|0x000000008e900000, 0x000000008e900000, 0x000000008ea00000|  0%| F|  |TAMS 0x000000008e900000, 0x000000008e900000| Untracked 
| 234|0x000000008ea00000, 0x000000008ea00000, 0x000000008eb00000|  0%| F|  |TAMS 0x000000008ea00000, 0x000000008ea00000| Untracked 
| 235|0x000000008eb00000, 0x000000008eb00000, 0x000000008ec00000|  0%| F|  |TAMS 0x000000008eb00000, 0x000000008eb00000| Untracked 
| 236|0x000000008ec00000, 0x000000008ecd7d38, 0x000000008ed00000| 84%| S|CS|TAMS 0x000000008ec00000, 0x000000008ec00000| Complete 
| 237|0x000000008ed00000, 0x000000008ee00000, 0x000000008ee00000|100%| S|CS|TAMS 0x000000008ed00000, 0x000000008ed00000| Complete 
| 238|0x000000008ee00000, 0x000000008ef00000, 0x000000008ef00000|100%| S|CS|TAMS 0x000000008ee00000, 0x000000008ee00000| Complete 
| 239|0x000000008ef00000, 0x000000008ef00000, 0x000000008f000000|  0%| F|  |TAMS 0x000000008ef00000, 0x000000008ef00000| Untracked 
| 240|0x000000008f000000, 0x000000008f000000, 0x000000008f100000|  0%| F|  |TAMS 0x000000008f000000, 0x000000008f000000| Untracked 
| 241|0x000000008f100000, 0x000000008f100000, 0x000000008f200000|  0%| F|  |TAMS 0x000000008f100000, 0x000000008f100000| Untracked 
| 242|0x000000008f200000, 0x000000008f200000, 0x000000008f300000|  0%| F|  |TAMS 0x000000008f200000, 0x000000008f200000| Untracked 
| 243|0x000000008f300000, 0x000000008f300000, 0x000000008f400000|  0%| F|  |TAMS 0x000000008f300000, 0x000000008f300000| Untracked 
| 244|0x000000008f400000, 0x000000008f400000, 0x000000008f500000|  0%| F|  |TAMS 0x000000008f400000, 0x000000008f400000| Untracked 
| 245|0x000000008f500000, 0x000000008f500000, 0x000000008f600000|  0%| F|  |TAMS 0x000000008f500000, 0x000000008f500000| Untracked 
| 246|0x000000008f600000, 0x000000008f600000, 0x000000008f700000|  0%| F|  |TAMS 0x000000008f600000, 0x000000008f600000| Untracked 
| 247|0x000000008f700000, 0x000000008f700000, 0x000000008f800000|  0%| F|  |TAMS 0x000000008f700000, 0x000000008f700000| Untracked 
| 248|0x000000008f800000, 0x000000008f800000, 0x000000008f900000|  0%| F|  |TAMS 0x000000008f800000, 0x000000008f800000| Untracked 
| 249|0x000000008f900000, 0x000000008f900000, 0x000000008fa00000|  0%| F|  |TAMS 0x000000008f900000, 0x000000008f900000| Untracked 
| 250|0x000000008fa00000, 0x000000008fa00000, 0x000000008fb00000|  0%| F|  |TAMS 0x000000008fa00000, 0x000000008fa00000| Untracked 
| 251|0x000000008fb00000, 0x000000008fb00000, 0x000000008fc00000|  0%| F|  |TAMS 0x000000008fb00000, 0x000000008fb00000| Untracked 
| 252|0x000000008fc00000, 0x000000008fc00000, 0x000000008fd00000|  0%| F|  |TAMS 0x000000008fc00000, 0x000000008fc00000| Untracked 
| 253|0x000000008fd00000, 0x000000008fd00000, 0x000000008fe00000|  0%| F|  |TAMS 0x000000008fd00000, 0x000000008fd00000| Untracked 
| 254|0x000000008fe00000, 0x000000008fe00000, 0x000000008ff00000|  0%| F|  |TAMS 0x000000008fe00000, 0x000000008fe00000| Untracked 
| 255|0x000000008ff00000, 0x000000008ff00000, 0x0000000090000000|  0%| F|  |TAMS 0x000000008ff00000, 0x000000008ff00000| Untracked 
| 256|0x0000000090000000, 0x0000000090000000, 0x0000000090100000|  0%| F|  |TAMS 0x0000000090000000, 0x0000000090000000| Untracked 
| 257|0x0000000090100000, 0x0000000090100000, 0x0000000090200000|  0%| F|  |TAMS 0x0000000090100000, 0x0000000090100000| Untracked 
| 258|0x0000000090200000, 0x0000000090200000, 0x0000000090300000|  0%| F|  |TAMS 0x0000000090200000, 0x0000000090200000| Untracked 
| 259|0x0000000090300000, 0x0000000090300000, 0x0000000090400000|  0%| F|  |TAMS 0x0000000090300000, 0x0000000090300000| Untracked 
| 260|0x0000000090400000, 0x0000000090400000, 0x0000000090500000|  0%| F|  |TAMS 0x0000000090400000, 0x0000000090400000| Untracked 
| 261|0x0000000090500000, 0x0000000090500000, 0x0000000090600000|  0%| F|  |TAMS 0x0000000090500000, 0x0000000090500000| Untracked 
| 262|0x0000000090600000, 0x0000000090600000, 0x0000000090700000|  0%| F|  |TAMS 0x0000000090600000, 0x0000000090600000| Untracked 
| 263|0x0000000090700000, 0x0000000090700000, 0x0000000090800000|  0%| F|  |TAMS 0x0000000090700000, 0x0000000090700000| Untracked 
| 264|0x0000000090800000, 0x0000000090800000, 0x0000000090900000|  0%| F|  |TAMS 0x0000000090800000, 0x0000000090800000| Untracked 
| 265|0x0000000090900000, 0x0000000090900000, 0x0000000090a00000|  0%| F|  |TAMS 0x0000000090900000, 0x0000000090900000| Untracked 
| 266|0x0000000090a00000, 0x0000000090a00000, 0x0000000090b00000|  0%| F|  |TAMS 0x0000000090a00000, 0x0000000090a00000| Untracked 
| 267|0x0000000090b00000, 0x0000000090b00000, 0x0000000090c00000|  0%| F|  |TAMS 0x0000000090b00000, 0x0000000090b00000| Untracked 
| 268|0x0000000090c00000, 0x0000000090c00000, 0x0000000090d00000|  0%| F|  |TAMS 0x0000000090c00000, 0x0000000090c00000| Untracked 
| 269|0x0000000090d00000, 0x0000000090d00000, 0x0000000090e00000|  0%| F|  |TAMS 0x0000000090d00000, 0x0000000090d00000| Untracked 
| 270|0x0000000090e00000, 0x0000000090e00000, 0x0000000090f00000|  0%| F|  |TAMS 0x0000000090e00000, 0x0000000090e00000| Untracked 
| 271|0x0000000090f00000, 0x0000000091000000, 0x0000000091000000|100%| E|  |TAMS 0x0000000090f00000, 0x0000000090f00000| Complete 
| 272|0x0000000091000000, 0x0000000091100000, 0x0000000091100000|100%| E|CS|TAMS 0x0000000091000000, 0x0000000091000000| Complete 
| 273|0x0000000091100000, 0x0000000091200000, 0x0000000091200000|100%| E|CS|TAMS 0x0000000091100000, 0x0000000091100000| Complete 

Card table byte_map: [0x000002ba4ff10000,0x000002ba50310000] _byte_map_base: 0x000002ba4fb10000

Marking Bits (Prev, Next): (CMBitMap*) 0x000002ba3d6a2310, (CMBitMap*) 0x000002ba3d6a22d0
 Prev Bits: [0x000002ba52710000, 0x000002ba54710000)
 Next Bits: [0x000002ba50710000, 0x000002ba52710000)

Polling page: 0x000002ba3b5e0000

Metaspace:

Usage:
  Non-class:     75.10 MB used.
      Class:     11.70 MB used.
       Both:     86.80 MB used.

Virtual space:
  Non-class space:       80.00 MB reserved,      75.50 MB ( 94%) committed,  10 nodes.
      Class space:        1.00 GB reserved,      12.00 MB (  1%) committed,  1 nodes.
             Both:        1.08 GB reserved,      87.50 MB (  8%) committed. 

Chunk freelists:
   Non-Class:  3.66 MB
       Class:  3.85 MB
        Both:  7.50 MB

MaxMetaspaceSize: unlimited
CompressedClassSpaceSize: 1.00 GB
Initial GC threshold: 21.00 MB
Current GC threshold: 134.00 MB
CDS: off
MetaspaceReclaimPolicy: balanced
 - commit_granule_bytes: 65536.
 - commit_granule_words: 8192.
 - virtual_space_node_default_size: 1048576.
 - enlarge_chunks_in_place: 1.
 - new_chunks_are_fully_committed: 0.
 - uncommit_free_chunks: 1.
 - use_allocation_guard: 0.
 - handle_deallocations: 1.


Internal statistics:

num_allocs_failed_limit: 3.
num_arena_births: 868.
num_arena_deaths: 0.
num_vsnodes_births: 11.
num_vsnodes_deaths: 0.
num_space_committed: 1400.
num_space_uncommitted: 0.
num_chunks_returned_to_freelist: 3.
num_chunks_taken_from_freelist: 4115.
num_chunk_merges: 3.
num_chunk_splits: 2707.
num_chunks_enlarged: 1823.
num_purges: 0.
num_inconsistent_stats: 0.

CodeHeap 'non-profiled nmethods': size=120000Kb used=4044Kb max_used=4044Kb free=115955Kb
 bounds [0x000002ba485e0000, 0x000002ba489e0000, 0x000002ba4fb10000]
CodeHeap 'profiled nmethods': size=120000Kb used=16287Kb max_used=16287Kb free=103712Kb
 bounds [0x000002ba40b10000, 0x000002ba41b00000, 0x000002ba48040000]
CodeHeap 'non-nmethods': size=5760Kb used=2375Kb max_used=2434Kb free=3384Kb
 bounds [0x000002ba48040000, 0x000002ba482b0000, 0x000002ba485e0000]
 total_blobs=9164 nmethods=8253 adapters=823
 compilation: enabled
              stopped_count=0, restarted_count=0
 full_count=0

Compilation events (20 events):
Event: 55.555 Thread 0x000002ba5783f470 9188       4       org.gradle.tooling.internal.provider.runner.ClientBuildEventGenerator$Disabled::accept (20 bytes)
Event: 55.557 Thread 0x000002ba5783f470 nmethod 9188 0x000002ba489d2810 code [0x000002ba489d29a0, 0x000002ba489d2ab8]
Event: 55.557 Thread 0x000002ba57865b60 9189       1       java.lang.reflect.ProxyGenerator::getClassLoader (5 bytes)
Event: 55.557 Thread 0x000002ba57865b60 nmethod 9189 0x000002ba489d2c10 code [0x000002ba489d2da0, 0x000002ba489d2e78]
Event: 55.562 Thread 0x000002ba57865b60 9190       3       java.util.concurrent.locks.AbstractQueuedSynchronizer$ConditionNode::block (15 bytes)
Event: 55.563 Thread 0x000002ba57865b60 nmethod 9190 0x000002ba41af4390 code [0x000002ba41af4560, 0x000002ba41af4988]
Event: 55.563 Thread 0x000002ba57865b60 9191       3       java.util.concurrent.locks.LockSupport::park (9 bytes)
Event: 55.563 Thread 0x000002ba57865b60 nmethod 9191 0x000002ba41af4b10 code [0x000002ba41af4ca0, 0x000002ba41af4de8]
Event: 55.569 Thread 0x000002ba57865b60 9192       3       groovy.lang.MetaClassImpl::getNormalMethodWithCaching (93 bytes)
Event: 55.569 Thread 0x000002ba57865b60 nmethod 9192 0x000002ba41af4e90 code [0x000002ba41af50a0, 0x000002ba41af58a8]
Event: 55.569 Thread 0x000002ba57865b60 9193       3       org.gradle.model.internal.type.ClassTypeWrapper::equals (41 bytes)
Event: 55.570 Thread 0x000002ba57865b60 nmethod 9193 0x000002ba41af5a90 code [0x000002ba41af5c80, 0x000002ba41af6538]
Event: 55.570 Thread 0x000002ba57865b60 9195       3       org.gradle.internal.extensibility.ExtensionsStorage::firstHolderWithExactPublicType (58 bytes)
Event: 55.570 Thread 0x000002ba57865b60 nmethod 9195 0x000002ba41af6790 code [0x000002ba41af69c0, 0x000002ba41af7388]
Event: 55.570 Thread 0x000002ba57865b60 9194       3       org.gradle.internal.extensibility.ExtensionsStorage::findHolderByType (20 bytes)
Event: 55.570 Thread 0x000002ba57865b60 nmethod 9194 0x000002ba41af7690 code [0x000002ba41af7840, 0x000002ba41af7a38]
Event: 55.572 Thread 0x000002ba57865b60 9196       3       jdk.internal.reflect.AccessorGenerator::isPrimitive (20 bytes)
Event: 55.572 Thread 0x000002ba57865b60 nmethod 9196 0x000002ba41af7b10 code [0x000002ba41af7ca0, 0x000002ba41af7e58]
Event: 55.575 Thread 0x000002ba57865b60 9197       1       org.gradle.tooling.internal.adapter.ProtocolToModelAdapter$ViewGraphDetails::access$400 (5 bytes)
Event: 55.576 Thread 0x000002ba57865b60 nmethod 9197 0x000002ba489d2f10 code [0x000002ba489d30a0, 0x000002ba489d3158]

GC Heap History (20 events):
Event: 49.059 GC heap before
{Heap before GC invocations=42 (full 0):
 garbage-first heap   total 214016K, used 156967K [0x0000000080000000, 0x0000000100000000)
  region size 1024K, 31 young (31744K), 2 survivors (2048K)
 Metaspace       used 66247K, committed 66880K, reserved 1114112K
  class space    used 8797K, committed 9088K, reserved 1048576K
}
Event: 49.065 GC heap after
{Heap after GC invocations=43 (full 0):
 garbage-first heap   total 214016K, used 124550K [0x0000000080000000, 0x0000000100000000)
  region size 1024K, 4 young (4096K), 4 survivors (4096K)
 Metaspace       used 66247K, committed 66880K, reserved 1114112K
  class space    used 8797K, committed 9088K, reserved 1048576K
}
Event: 49.238 GC heap before
{Heap before GC invocations=43 (full 0):
 garbage-first heap   total 214016K, used 130694K [0x0000000080000000, 0x0000000100000000)
  region size 1024K, 10 young (10240K), 4 survivors (4096K)
 Metaspace       used 66915K, committed 67520K, reserved 1114112K
  class space    used 8876K, committed 9152K, reserved 1048576K
}
Event: 49.243 GC heap after
{Heap after GC invocations=44 (full 0):
 garbage-first heap   total 214016K, used 125324K [0x0000000080000000, 0x0000000100000000)
  region size 1024K, 1 young (1024K), 1 survivors (1024K)
 Metaspace       used 66915K, committed 67520K, reserved 1114112K
  class space    used 8876K, committed 9152K, reserved 1048576K
}
Event: 49.856 GC heap before
{Heap before GC invocations=44 (full 0):
 garbage-first heap   total 214016K, used 152972K [0x0000000080000000, 0x0000000100000000)
  region size 1024K, 29 young (29696K), 1 survivors (1024K)
 Metaspace       used 69316K, committed 69952K, reserved 1114112K
  class space    used 9169K, committed 9472K, reserved 1048576K
}
Event: 49.861 GC heap after
{Heap after GC invocations=45 (full 0):
 garbage-first heap   total 214016K, used 127220K [0x0000000080000000, 0x0000000100000000)
  region size 1024K, 3 young (3072K), 3 survivors (3072K)
 Metaspace       used 69316K, committed 69952K, reserved 1114112K
  class space    used 9169K, committed 9472K, reserved 1048576K
}
Event: 50.787 GC heap before
{Heap before GC invocations=46 (full 0):
 garbage-first heap   total 224256K, used 165108K [0x0000000080000000, 0x0000000100000000)
  region size 1024K, 39 young (39936K), 3 survivors (3072K)
 Metaspace       used 73072K, committed 73664K, reserved 1114112K
  class space    used 9673K, committed 9920K, reserved 1048576K
}
Event: 50.795 GC heap after
{Heap after GC invocations=47 (full 0):
 garbage-first heap   total 224256K, used 129062K [0x0000000080000000, 0x0000000100000000)
  region size 1024K, 4 young (4096K), 4 survivors (4096K)
 Metaspace       used 73072K, committed 73664K, reserved 1114112K
  class space    used 9673K, committed 9920K, reserved 1048576K
}
Event: 50.864 GC heap before
{Heap before GC invocations=47 (full 0):
 garbage-first heap   total 224256K, used 134182K [0x0000000080000000, 0x0000000100000000)
  region size 1024K, 10 young (10240K), 4 survivors (4096K)
 Metaspace       used 73206K, committed 73856K, reserved 1114112K
  class space    used 9700K, committed 9984K, reserved 1048576K
}
Event: 50.876 GC heap after
{Heap after GC invocations=48 (full 0):
 garbage-first heap   total 224256K, used 129822K [0x0000000080000000, 0x0000000100000000)
  region size 1024K, 2 young (2048K), 2 survivors (2048K)
 Metaspace       used 73206K, committed 73856K, reserved 1114112K
  class space    used 9700K, committed 9984K, reserved 1048576K
}
Event: 51.793 GC heap before
{Heap before GC invocations=48 (full 0):
 garbage-first heap   total 224256K, used 173854K [0x0000000080000000, 0x0000000100000000)
  region size 1024K, 45 young (46080K), 2 survivors (2048K)
 Metaspace       used 75289K, committed 75904K, reserved 1122304K
  class space    used 10006K, committed 10240K, reserved 1048576K
}
Event: 51.799 GC heap after
{Heap after GC invocations=49 (full 0):
 garbage-first heap   total 224256K, used 132344K [0x0000000080000000, 0x0000000100000000)
  region size 1024K, 4 young (4096K), 4 survivors (4096K)
 Metaspace       used 75289K, committed 75904K, reserved 1122304K
  class space    used 10006K, committed 10240K, reserved 1048576K
}
Event: 53.015 GC heap before
{Heap before GC invocations=50 (full 0):
 garbage-first heap   total 230400K, used 176376K [0x0000000080000000, 0x0000000100000000)
  region size 1024K, 47 young (48128K), 4 survivors (4096K)
 Metaspace       used 80180K, committed 80832K, reserved 1122304K
  class space    used 10882K, committed 11200K, reserved 1048576K
}
Event: 53.024 GC heap after
{Heap after GC invocations=51 (full 0):
 garbage-first heap   total 230400K, used 135223K [0x0000000080000000, 0x0000000100000000)
  region size 1024K, 6 young (6144K), 6 survivors (6144K)
 Metaspace       used 80180K, committed 80832K, reserved 1122304K
  class space    used 10882K, committed 11200K, reserved 1048576K
}
Event: 53.448 GC heap before
{Heap before GC invocations=51 (full 0):
 garbage-first heap   total 230400K, used 145463K [0x0000000080000000, 0x0000000100000000)
  region size 1024K, 17 young (17408K), 6 survivors (6144K)
 Metaspace       used 81587K, committed 82304K, reserved 1122304K
  class space    used 11053K, committed 11328K, reserved 1048576K
}
Event: 53.457 GC heap after
{Heap after GC invocations=52 (full 0):
 garbage-first heap   total 230400K, used 137243K [0x0000000080000000, 0x0000000100000000)
  region size 1024K, 5 young (5120K), 5 survivors (5120K)
 Metaspace       used 81587K, committed 82304K, reserved 1122304K
  class space    used 11053K, committed 11328K, reserved 1048576K
}
Event: 54.750 GC heap before
{Heap before GC invocations=53 (full 0):
 garbage-first heap   total 280576K, used 210971K [0x0000000080000000, 0x0000000100000000)
  region size 1024K, 48 young (49152K), 5 survivors (5120K)
 Metaspace       used 84968K, committed 85632K, reserved 1130496K
  class space    used 11564K, committed 11840K, reserved 1048576K
}
Event: 54.768 GC heap after
{Heap after GC invocations=54 (full 0):
 garbage-first heap   total 280576K, used 174314K [0x0000000080000000, 0x0000000100000000)
  region size 1024K, 6 young (6144K), 6 survivors (6144K)
 Metaspace       used 84968K, committed 85632K, reserved 1130496K
  class space    used 11564K, committed 11840K, reserved 1048576K
}
Event: 55.408 GC heap before
{Heap before GC invocations=54 (full 0):
 garbage-first heap   total 280576K, used 209130K [0x0000000080000000, 0x0000000100000000)
  region size 1024K, 41 young (41984K), 6 survivors (6144K)
 Metaspace       used 87754K, committed 88448K, reserved 1130496K
  class space    used 11929K, committed 12224K, reserved 1048576K
}
Event: 55.416 GC heap after
{Heap after GC invocations=55 (full 0):
 garbage-first heap   total 280576K, used 177438K [0x0000000080000000, 0x0000000100000000)
  region size 1024K, 3 young (3072K), 3 survivors (3072K)
 Metaspace       used 87754K, committed 88448K, reserved 1130496K
  class space    used 11929K, committed 12224K, reserved 1048576K
}

Dll operation events (2 events):
Event: 0.074 Loaded shared library C:\Program Files\Android\Android Studio2\jbr\bin\java.dll
Event: 3.093 Loaded shared library C:\Program Files\Android\Android Studio2\jbr\bin\verify.dll

Deoptimization events (20 events):
Event: 55.337 Thread 0x000002ba58d1bd60 Uncommon trap: trap_request=0xffffffde fr.pc=0x000002ba488b6600 relative=0x00000000000003a0
Event: 55.337 Thread 0x000002ba58d1bd60 Uncommon trap: reason=class_check action=maybe_recompile pc=0x000002ba488b6600 method=java.util.stream.AbstractPipeline.copyIntoWithCancel(Ljava/util/stream/Sink;Ljava/util/Spliterator;)Z @ 32 c2
Event: 55.337 Thread 0x000002ba58d1bd60 DEOPT PACKING pc=0x000002ba488b6600 sp=0x000000efde0fb2c0
Event: 55.337 Thread 0x000002ba58d1bd60 DEOPT UNPACKING pc=0x000002ba480969a3 sp=0x000000efde0fb180 mode 2
Event: 55.337 Thread 0x000002ba58d1bd60 Uncommon trap: trap_request=0xffffffde fr.pc=0x000002ba488b6600 relative=0x00000000000003a0
Event: 55.337 Thread 0x000002ba58d1bd60 Uncommon trap: reason=class_check action=maybe_recompile pc=0x000002ba488b6600 method=java.util.stream.AbstractPipeline.copyIntoWithCancel(Ljava/util/stream/Sink;Ljava/util/Spliterator;)Z @ 32 c2
Event: 55.337 Thread 0x000002ba58d1bd60 DEOPT PACKING pc=0x000002ba488b6600 sp=0x000000efde0fb2c0
Event: 55.337 Thread 0x000002ba58d1bd60 DEOPT UNPACKING pc=0x000002ba480969a3 sp=0x000000efde0fb180 mode 2
Event: 55.337 Thread 0x000002ba58d1bd60 Uncommon trap: trap_request=0xffffffde fr.pc=0x000002ba488b6600 relative=0x00000000000003a0
Event: 55.337 Thread 0x000002ba58d1bd60 Uncommon trap: reason=class_check action=maybe_recompile pc=0x000002ba488b6600 method=java.util.stream.AbstractPipeline.copyIntoWithCancel(Ljava/util/stream/Sink;Ljava/util/Spliterator;)Z @ 32 c2
Event: 55.337 Thread 0x000002ba58d1bd60 DEOPT PACKING pc=0x000002ba488b6600 sp=0x000000efde0fb2c0
Event: 55.337 Thread 0x000002ba58d1bd60 DEOPT UNPACKING pc=0x000002ba480969a3 sp=0x000000efde0fb180 mode 2
Event: 55.425 Thread 0x000002ba5e41d210 Uncommon trap: trap_request=0xfffffff4 fr.pc=0x000002ba4878f900 relative=0x0000000000006b20
Event: 55.425 Thread 0x000002ba5e41d210 Uncommon trap: reason=null_check action=make_not_entrant pc=0x000002ba4878f900 method=java.lang.invoke.MethodType.equals(Ljava/lang/Object;)Z @ 39 c2
Event: 55.426 Thread 0x000002ba5e41d210 DEOPT PACKING pc=0x000002ba4878f900 sp=0x000000efe40fdb80
Event: 55.426 Thread 0x000002ba5e41d210 DEOPT UNPACKING pc=0x000002ba480969a3 sp=0x000000efe40fda10 mode 2
Event: 55.569 Thread 0x000002ba58d1bd60 Uncommon trap: trap_request=0xffffffde fr.pc=0x000002ba4872d0e8 relative=0x0000000000000588
Event: 55.569 Thread 0x000002ba58d1bd60 Uncommon trap: reason=class_check action=maybe_recompile pc=0x000002ba4872d0e8 method=java.util.regex.Matcher.search(I)Z @ 121 c2
Event: 55.569 Thread 0x000002ba58d1bd60 DEOPT PACKING pc=0x000002ba4872d0e8 sp=0x000000efde0fae40
Event: 55.569 Thread 0x000002ba58d1bd60 DEOPT UNPACKING pc=0x000002ba480969a3 sp=0x000000efde0fad88 mode 2

Classes unloaded (0 events):
No events

Classes redefined (0 events):
No events

Internal exceptions (20 events):
Event: 55.017 Thread 0x000002ba58d1bd60 Exception <a 'java/lang/ClassNotFoundException'{0x00000000900dd7c8}: org/gradle/api/internal/tasks/DefaultTaskContainer_DecoratedBeanInfo> (0x00000000900dd7c8) 
thrown [s\src\hotspot\share\classfile\systemDictionary.cpp, line 256]
Event: 55.017 Thread 0x000002ba58d1bd60 Exception <a 'java/lang/ClassNotFoundException'{0x00000000900e66a0}: org/gradle/api/internal/tasks/DefaultTaskContainerBeanInfo> (0x00000000900e66a0) 
thrown [s\src\hotspot\share\classfile\systemDictionary.cpp, line 256]
Event: 55.018 Thread 0x000002ba58d1bd60 Exception <a 'java/lang/ClassNotFoundException'{0x00000000900ef838}: org/gradle/api/internal/tasks/DefaultTaskCollectionBeanInfo> (0x00000000900ef838) 
thrown [s\src\hotspot\share\classfile\systemDictionary.cpp, line 256]
Event: 55.019 Thread 0x000002ba58d1bd60 Exception <a 'java/lang/ClassNotFoundException'{0x00000000900f8c48}: org/gradle/api/internal/tasks/DefaultTaskCollectionCustomizer> (0x00000000900f8c48) 
thrown [s\src\hotspot\share\classfile\systemDictionary.cpp, line 256]
Event: 55.020 Thread 0x000002ba58d1bd60 Exception <a 'java/lang/ClassNotFoundException'{0x000000008ff2eb28}: org/gradle/api/internal/tasks/DefaultTaskContainerCustomizer> (0x000000008ff2eb28) 
thrown [s\src\hotspot\share\classfile\systemDictionary.cpp, line 256]
Event: 55.022 Thread 0x000002ba58d1bd60 Exception <a 'java/lang/ClassNotFoundException'{0x000000008ff88990}: org/gradle/api/internal/tasks/DefaultTaskContainer_DecoratedCustomizer> (0x000000008ff88990) 
thrown [s\src\hotspot\share\classfile\systemDictionary.cpp, line 256]
Event: 55.033 Thread 0x000002ba58d1bd60 Exception <a 'java/lang/ClassNotFoundException'{0x000000008fef2bc0}: java/util/ArrayListBeanInfo> (0x000000008fef2bc0) 
thrown [s\src\hotspot\share\classfile\systemDictionary.cpp, line 256]
Event: 55.033 Thread 0x000002ba58d1bd60 Exception <a 'java/lang/ClassNotFoundException'{0x000000008fef7118}: java/util/ArrayListCustomizer> (0x000000008fef7118) 
thrown [s\src\hotspot\share\classfile\systemDictionary.cpp, line 256]
Event: 55.042 Thread 0x000002ba58d1bd60 Exception <a 'java/lang/ClassNotFoundException'{0x000000008fd819c8}: java/util/CollectionBeanInfo> (0x000000008fd819c8) 
thrown [s\src\hotspot\share\classfile\systemDictionary.cpp, line 256]
Event: 55.043 Thread 0x000002ba58d1bd60 Exception <a 'java/lang/ClassNotFoundException'{0x000000008fd85f20}: java/util/CollectionCustomizer> (0x000000008fd85f20) 
thrown [s\src\hotspot\share\classfile\systemDictionary.cpp, line 256]
Event: 55.055 Thread 0x000002ba58d1bd60 Exception <a 'java/lang/ClassNotFoundException'{0x000000008fdd4688}: org/gradle/api/tasks/SourceSetBeanInfo> (0x000000008fdd4688) 
thrown [s\src\hotspot\share\classfile\systemDictionary.cpp, line 256]
Event: 55.056 Thread 0x000002ba58d1bd60 Exception <a 'java/lang/ClassNotFoundException'{0x000000008fdde028}: org/gradle/api/tasks/SourceSetCustomizer> (0x000000008fdde028) 
thrown [s\src\hotspot\share\classfile\systemDictionary.cpp, line 256]
Event: 55.061 Thread 0x000002ba58d1bd60 Exception <a 'java/lang/ClassNotFoundException'{0x000000008fc4d2b8}: java/util/LinkedHashMapBeanInfo> (0x000000008fc4d2b8) 
thrown [s\src\hotspot\share\classfile\systemDictionary.cpp, line 256]
Event: 55.062 Thread 0x000002ba58d1bd60 Exception <a 'java/lang/ClassNotFoundException'{0x000000008fc51830}: java/util/HashMapBeanInfo> (0x000000008fc51830) 
thrown [s\src\hotspot\share\classfile\systemDictionary.cpp, line 256]
Event: 55.063 Thread 0x000002ba58d1bd60 Exception <a 'java/lang/ClassNotFoundException'{0x000000008fc56300}: java/util/AbstractMapBeanInfo> (0x000000008fc56300) 
thrown [s\src\hotspot\share\classfile\systemDictionary.cpp, line 256]
Event: 55.063 Thread 0x000002ba58d1bd60 Exception <a 'java/lang/ClassNotFoundException'{0x000000008fc5a878}: java/util/AbstractMapCustomizer> (0x000000008fc5a878) 
thrown [s\src\hotspot\share\classfile\systemDictionary.cpp, line 256]
Event: 55.065 Thread 0x000002ba58d1bd60 Exception <a 'java/lang/ClassNotFoundException'{0x000000008fc68fc0}: java/util/HashMapCustomizer> (0x000000008fc68fc0) 
thrown [s\src\hotspot\share\classfile\systemDictionary.cpp, line 256]
Event: 55.066 Thread 0x000002ba58d1bd60 Exception <a 'java/lang/ClassNotFoundException'{0x000000008fc857a0}: java/util/LinkedHashMapCustomizer> (0x000000008fc857a0) 
thrown [s\src\hotspot\share\classfile\systemDictionary.cpp, line 256]
Event: 55.425 Thread 0x000002ba5e41d210 Implicit null exception at 0x000002ba487890ab to 0x000002ba4878f8e8
Event: 55.546 Thread 0x000002ba5e41d210 Exception <a 'java/lang/NoSuchMethodError'{0x0000000091065478}: static Lorg/jetbrains/plugins/gradle/tooling/serialization/internal/adapter/kotlin/dsl/InternalKotlinDslScriptsModel;.<clinit>()V> (0x0000000091065478) 
thrown [s\src\hotspot\share\prims\jni.cpp, line 1108]

VM Operations (20 events):
Event: 53.691 Executing VM operation: G1Concurrent done
Event: 54.023 Executing VM operation: HandshakeAllThreads
Event: 54.023 Executing VM operation: HandshakeAllThreads done
Event: 54.025 Executing VM operation: HandshakeAllThreads
Event: 54.025 Executing VM operation: HandshakeAllThreads done
Event: 54.039 Executing VM operation: HandshakeAllThreads
Event: 54.039 Executing VM operation: HandshakeAllThreads done
Event: 54.046 Executing VM operation: HandshakeAllThreads
Event: 54.047 Executing VM operation: HandshakeAllThreads done
Event: 54.195 Executing VM operation: HandshakeAllThreads
Event: 54.195 Executing VM operation: HandshakeAllThreads done
Event: 54.197 Executing VM operation: HandshakeAllThreads
Event: 54.197 Executing VM operation: HandshakeAllThreads done
Event: 54.724 Executing VM operation: ICBufferFull
Event: 54.725 Executing VM operation: ICBufferFull done
Event: 54.750 Executing VM operation: G1CollectForAllocation
Event: 54.768 Executing VM operation: G1CollectForAllocation done
Event: 55.408 Executing VM operation: G1TryInitiateConcMark
Event: 55.417 Executing VM operation: G1TryInitiateConcMark done
Event: 55.598 Executing VM operation: G1Concurrent

Events (20 events):
Event: 55.062 loading class java/util/HashMapBeanInfo
Event: 55.062 loading class java/util/HashMapBeanInfo done
Event: 55.062 loading class java/util/AbstractMapBeanInfo
Event: 55.062 loading class java/util/AbstractMapBeanInfo done
Event: 55.063 loading class java/util/AbstractMapBeanInfo
Event: 55.063 loading class java/util/AbstractMapBeanInfo done
Event: 55.063 loading class java/util/AbstractMapCustomizer
Event: 55.063 loading class java/util/AbstractMapCustomizer done
Event: 55.063 loading class java/util/AbstractMapCustomizer
Event: 55.063 loading class java/util/AbstractMapCustomizer done
Event: 55.064 loading class java/util/HashMapCustomizer
Event: 55.064 loading class java/util/HashMapCustomizer done
Event: 55.065 loading class java/util/HashMapCustomizer
Event: 55.065 loading class java/util/HashMapCustomizer done
Event: 55.066 loading class java/util/LinkedHashMapCustomizer
Event: 55.066 loading class java/util/LinkedHashMapCustomizer done
Event: 55.066 loading class java/util/LinkedHashMapCustomizer
Event: 55.066 loading class java/util/LinkedHashMapCustomizer done
Event: 55.562 loading class java/util/function/LongUnaryOperator
Event: 55.563 loading class java/util/function/LongUnaryOperator done


Dynamic libraries:
0x00007ff691830000 - 0x00007ff69183a000 	C:\Program Files\Android\Android Studio2\jbr\bin\java.exe
0x00007ffa03a30000 - 0x00007ffa03c28000 	C:\WINDOWS\SYSTEM32\ntdll.dll
0x00007ffa02260000 - 0x00007ffa0231f000 	C:\WINDOWS\System32\KERNEL32.DLL
0x00007ffa013f0000 - 0x00007ffa016e6000 	C:\WINDOWS\System32\KERNELBASE.dll
0x0000000069b90000 - 0x0000000069c23000 	C:\WINDOWS\System32\SYSFER.DLL
0x00007ffa012a0000 - 0x00007ffa013a0000 	C:\WINDOWS\System32\ucrtbase.dll
0x00007ff9ebf90000 - 0x00007ff9ebfab000 	C:\Program Files\Android\Android Studio2\jbr\bin\VCRUNTIME140.dll
0x00007ff9eee20000 - 0x00007ff9eee37000 	C:\Program Files\Android\Android Studio2\jbr\bin\jli.dll
0x00007ffa028c0000 - 0x00007ffa02a5d000 	C:\WINDOWS\System32\USER32.dll
0x00007ffa016f0000 - 0x00007ffa01712000 	C:\WINDOWS\System32\win32u.dll
0x00007ffa021c0000 - 0x00007ffa021ec000 	C:\WINDOWS\System32\GDI32.dll
0x00007ffa01110000 - 0x00007ffa01225000 	C:\WINDOWS\System32\gdi32full.dll
0x00007ffa019f0000 - 0x00007ffa01a8d000 	C:\WINDOWS\System32\msvcp_win.dll
0x00007ff9eeeb0000 - 0x00007ff9ef14a000 	C:\WINDOWS\WinSxS\amd64_microsoft.windows.common-controls_6595b64144ccf1df_6.0.19041.1110_none_60b5254171f9507e\COMCTL32.dll
0x00007ffa02770000 - 0x00007ffa0280e000 	C:\WINDOWS\System32\msvcrt.dll
0x00007ffa01b20000 - 0x00007ffa01b50000 	C:\WINDOWS\System32\IMM32.DLL
0x00007ff9f8ed0000 - 0x00007ff9f8edc000 	C:\Program Files\Android\Android Studio2\jbr\bin\vcruntime140_1.dll
0x00007ff9c85c0000 - 0x00007ff9c864d000 	C:\Program Files\Android\Android Studio2\jbr\bin\msvcp140.dll
0x00007ff98dd80000 - 0x00007ff98e9ed000 	C:\Program Files\Android\Android Studio2\jbr\bin\server\jvm.dll
0x00007ffa02810000 - 0x00007ffa028bf000 	C:\WINDOWS\System32\ADVAPI32.dll
0x00007ffa01db0000 - 0x00007ffa01e4c000 	C:\WINDOWS\System32\sechost.dll
0x00007ffa03110000 - 0x00007ffa03236000 	C:\WINDOWS\System32\RPCRT4.dll
0x00007ff9ec390000 - 0x00007ff9ec399000 	C:\WINDOWS\SYSTEM32\WSOCK32.dll
0x00007ffa021f0000 - 0x00007ffa0225b000 	C:\WINDOWS\System32\WS2_32.dll
0x00007ff9edbe0000 - 0x00007ff9edc07000 	C:\WINDOWS\SYSTEM32\WINMM.dll
0x00007ff9f89b0000 - 0x00007ff9f89ba000 	C:\WINDOWS\SYSTEM32\VERSION.dll
0x00007ff9ff960000 - 0x00007ff9ff972000 	C:\WINDOWS\SYSTEM32\kernel.appcore.dll
0x00007ff9eec40000 - 0x00007ff9eec4a000 	C:\Program Files\Android\Android Studio2\jbr\bin\jimage.dll
0x00007ff9ff620000 - 0x00007ff9ff804000 	C:\WINDOWS\SYSTEM32\DBGHELP.DLL
0x00007ff9e7110000 - 0x00007ff9e7144000 	C:\WINDOWS\SYSTEM32\dbgcore.DLL
0x00007ffa01880000 - 0x00007ffa01902000 	C:\WINDOWS\System32\bcryptPrimitives.dll
0x00007ff9d81a0000 - 0x00007ff9d81c5000 	C:\Program Files\Android\Android Studio2\jbr\bin\java.dll
0x00007ff9ee3b0000 - 0x00007ff9ee3c8000 	C:\Program Files\Android\Android Studio2\jbr\bin\zip.dll
0x00007ffa03240000 - 0x00007ffa03984000 	C:\WINDOWS\System32\SHELL32.dll
0x00007ff9fedb0000 - 0x00007ff9ff543000 	C:\WINDOWS\SYSTEM32\windows.storage.dll
0x00007ffa023d0000 - 0x00007ffa02724000 	C:\WINDOWS\System32\combase.dll
0x00007ffa00a00000 - 0x00007ffa00a2e000 	C:\WINDOWS\SYSTEM32\Wldp.dll
0x00007ffa02320000 - 0x00007ffa023cd000 	C:\WINDOWS\System32\SHCORE.dll
0x00007ffa01e50000 - 0x00007ffa01ea5000 	C:\WINDOWS\System32\shlwapi.dll
0x00007ffa01050000 - 0x00007ffa0106f000 	C:\WINDOWS\SYSTEM32\profapi.dll
0x00007ff9edaf0000 - 0x00007ff9edb09000 	C:\Program Files\Android\Android Studio2\jbr\bin\net.dll
0x00007ff9f0940000 - 0x00007ff9f0a4a000 	C:\WINDOWS\SYSTEM32\WINHTTP.dll
0x00007ffa007f0000 - 0x00007ffa0085a000 	C:\WINDOWS\system32\mswsock.dll
0x00007ff9ec050000 - 0x00007ff9ec066000 	C:\Program Files\Android\Android Studio2\jbr\bin\nio.dll
0x00007ff9ec890000 - 0x00007ff9ec8a0000 	C:\Program Files\Android\Android Studio2\jbr\bin\verify.dll
0x00007ff9da360000 - 0x00007ff9da387000 	C:\Users\Christiana Renta\.gradle\native\68d5fa5c4cc2d200863cafc0d521ce42e7d3e7ee720ec0a83991735586a16f82\windows-amd64\native-platform.dll
0x00007ff9c7b60000 - 0x00007ff9c7ca4000 	C:\Users\Christiana Renta\.gradle\native\e376f236ea51e6404a007f0833ffe2c6e607c4080706a723a18a27aeea778392\windows-amd64\native-platform-file-events.dll
0x00007ff9ee680000 - 0x00007ff9ee689000 	C:\Program Files\Android\Android Studio2\jbr\bin\management.dll
0x00007ff9edf20000 - 0x00007ff9edf2b000 	C:\Program Files\Android\Android Studio2\jbr\bin\management_ext.dll
0x00007ffa02740000 - 0x00007ffa02748000 	C:\WINDOWS\System32\PSAPI.DLL
0x00007ffa00e00000 - 0x00007ffa00e18000 	C:\WINDOWS\SYSTEM32\CRYPTSP.dll
0x00007ffa000c0000 - 0x00007ffa000f4000 	C:\WINDOWS\system32\rsaenh.dll
0x00007ffa019c0000 - 0x00007ffa019e7000 	C:\WINDOWS\System32\bcrypt.dll
0x00007ffa01010000 - 0x00007ffa0103e000 	C:\WINDOWS\SYSTEM32\USERENV.dll
0x00007ffa00aa0000 - 0x00007ffa00aac000 	C:\WINDOWS\SYSTEM32\CRYPTBASE.dll
0x00007ffa00490000 - 0x00007ffa004cc000 	C:\WINDOWS\SYSTEM32\IPHLPAPI.DLL
0x00007ffa01f80000 - 0x00007ffa01f88000 	C:\WINDOWS\System32\NSI.dll
0x00007ff9f2fd0000 - 0x00007ff9f2fe7000 	C:\WINDOWS\SYSTEM32\dhcpcsvc6.DLL
0x00007ff9f2cf0000 - 0x00007ff9f2d0d000 	C:\WINDOWS\SYSTEM32\dhcpcsvc.DLL
0x00007ffa004e0000 - 0x00007ffa005aa000 	C:\WINDOWS\SYSTEM32\DNSAPI.dll
0x00007ff99cc70000 - 0x00007ff99cc77000 	C:\WINDOWS\system32\wshunix.dll

dbghelp: loaded successfully - version: 4.0.5 - missing functions: none
symbol engine: initialized successfully - sym options: 0x614 - pdb path: .;C:\Program Files\Android\Android Studio2\jbr\bin;C:\WINDOWS\SYSTEM32;C:\WINDOWS\WinSxS\amd64_microsoft.windows.common-controls_6595b64144ccf1df_6.0.19041.1110_none_60b5254171f9507e;C:\Program Files\Android\Android Studio2\jbr\bin\server;C:\Users\Christiana Renta\.gradle\native\68d5fa5c4cc2d200863cafc0d521ce42e7d3e7ee720ec0a83991735586a16f82\windows-amd64;C:\Users\Christiana Renta\.gradle\native\e376f236ea51e6404a007f0833ffe2c6e607c4080706a723a18a27aeea778392\windows-amd64

VM Arguments:
jvm_args: --add-opens=java.base/java.util=ALL-UNNAMED --add-opens=java.base/java.lang=ALL-UNNAMED --add-opens=java.base/java.lang.invoke=ALL-UNNAMED --add-opens=java.prefs/java.util.prefs=ALL-UNNAMED --add-opens=java.base/java.nio.charset=ALL-UNNAMED --add-opens=java.base/java.net=ALL-UNNAMED --add-opens=java.base/java.util.concurrent.atomic=ALL-UNNAMED -Xmx2048m -Dfile.encoding=UTF-8 -Duser.country=US -Duser.language=en -Duser.variant 
java_command: org.gradle.launcher.daemon.bootstrap.GradleDaemon 8.0
java_class_path (initial): C:\Users\Christiana Renta\.gradle\wrapper\dists\gradle-8.0-bin\ca5e32bp14vu59qr306oxotwh\gradle-8.0\lib\gradle-launcher-8.0.jar
Launcher Type: SUN_STANDARD

[Global flags]
     intx CICompilerCount                          = 3                                         {product} {ergonomic}
     uint ConcGCThreads                            = 1                                         {product} {ergonomic}
     uint G1ConcRefinementThreads                  = 4                                         {product} {ergonomic}
   size_t G1HeapRegionSize                         = 1048576                                   {product} {ergonomic}
    uintx GCDrainStackTargetSize                   = 64                                        {product} {ergonomic}
   size_t InitialHeapSize                          = 132120576                                 {product} {ergonomic}
   size_t MarkStackSize                            = 4194304                                   {product} {ergonomic}
   size_t MaxHeapSize                              = 2147483648                                {product} {command line}
   size_t MaxNewSize                               = 1287651328                                {product} {ergonomic}
   size_t MinHeapDeltaBytes                        = 1048576                                   {product} {ergonomic}
   size_t MinHeapSize                              = 8388608                                   {product} {ergonomic}
    uintx NonNMethodCodeHeapSize                   = 5832780                                {pd product} {ergonomic}
    uintx NonProfiledCodeHeapSize                  = 122912730                              {pd product} {ergonomic}
    uintx ProfiledCodeHeapSize                     = 122912730                              {pd product} {ergonomic}
    uintx ReservedCodeCacheSize                    = 251658240                              {pd product} {ergonomic}
     bool SegmentedCodeCache                       = true                                      {product} {ergonomic}
   size_t SoftMaxHeapSize                          = 2147483648                             {manageable} {ergonomic}
     bool UseCompressedClassPointers               = true                           {product lp64_product} {ergonomic}
     bool UseCompressedOops                        = true                           {product lp64_product} {ergonomic}
     bool UseG1GC                                  = true                                      {product} {ergonomic}
     bool UseLargePagesIndividualAllocation        = false                                  {pd product} {ergonomic}

Logging:
Log output configuration:
 #0: stdout all=warning uptime,level,tags
 #1: stderr all=off uptime,level,tags

Environment Variables:
PATH=C:\Program Files (x86)\Common Files\Oracle\Java\javapath;C:\MinGW\bin;C:\ProgramData\Oracle\Java\javapath;C:\WINDOWS\system32;C:\WINDOWS;C:\WINDOWS\System32\Wbem;C:\WINDOWS\System32\WindowsPowerShell\v1.0\;C:\Program Files (x86)\OpenVPN\bin;C:\Program Files\PuTTY\;C:\Program Files\MATLAB\R2017a\runtime\win64;C:\Program Files\MATLAB\R2017a\bin;C:\WINDOWS\System32\OpenSSH\;C:\Program Files\IBM\SPSS\Statistics\Subscription\JRE\bin;C:\Program Files\Intel\WiFi\bin\;C:\Program Files\Common Files\Intel\WirelessCommon\;C:\Program Files\Microsoft SQL Server\110\Tools\Binn\;C:\Program Files (x86)\Intel\Intel(R) Management Engine Components\DAL;C:\Program Files\Intel\Intel(R) Management Engine Components\DAL;C:\Program Files\dotnet\;C:\Users\Christiana Renta\AppData\Local\Microsoft\WindowsApps;C:\Program Files\Intel\WiFi\bin\;C:\Program Files\Common Files\Intel\WirelessCommon\;;C:\Users\Christiana Renta\AppData\Local\Programs\Microsoft VS Code\bin
USERNAME=Christiana Renta
OS=Windows_NT
PROCESSOR_IDENTIFIER=Intel64 Family 6 Model 142 Stepping 9, GenuineIntel
TMP=C:\Users\Christiana Renta\AppData\Local\Temp
TEMP=C:\Users\Christiana Renta\AppData\Local\Temp



---------------  S Y S T E M  ---------------

OS:
 Windows 10 , 64 bit Build 19041 (10.0.19041.3031)
OS uptime: 14 days 10:40 hours
Hyper-V role detected

CPU: total 4 (initial active 4) (2 cores per cpu, 2 threads per core) family 6 model 142 stepping 9 microcode 0xec, cx8, cmov, fxsr, ht, mmx, 3dnowpref, sse, sse2, sse3, ssse3, sse4.1, sse4.2, popcnt, lzcnt, tsc, tscinvbit, avx, avx2, aes, erms, clmul, bmi1, bmi2, adx, fma, vzeroupper, clflush, clflushopt, hv

Memory: 4k page, system-wide physical 7990M (296M free)
TotalPageFile size 32566M (AvailPageFile size 15M)
current process WorkingSet (physical memory assigned to process): 402M, peak: 404M
current process commit charge ("private bytes"): 525M, peak: 548M

vm_info: OpenJDK 64-Bit Server VM (17.0.6+0-b2043.56-9586694) for windows-amd64 JRE (17.0.6+0-b2043.56-9586694), built on Feb  9 2023 20:06:20 by "androidbuild" with MS VC++ 16.10 / 16.11 (VS2019)

END.
