#
# There is insufficient memory for the Java Runtime Environment to continue.
# Native memory allocation (mmap) failed to map 20971520 bytes for G1 virtual space
# Possible reasons:
#   The system is out of physical RAM or swap space
#   The process is running with CompressedOops enabled, and the Java Heap may be blocking the growth of the native heap
# Possible solutions:
#   Reduce memory load on the system
#   Increase physical memory or swap space
#   Check if swap backing store is full
#   Decrease Java heap size (-Xmx/-Xms)
#   Decrease number of Java threads
#   Decrease Java thread stack sizes (-Xss)
#   Set larger code cache with -XX:ReservedCodeCacheSize=
#   JVM is running with Unscaled Compressed Oops mode in which the Java heap is
#     placed in the first 4GB address space. The Java Heap base address is the
#     maximum limit for the native heap growth. Please use -XX:HeapBaseMinAddress
#     to set the Java Heap base and to place the Java Heap above 4GB virtual address.
# This output file may be truncated or incomplete.
#
#  Out of Memory Error (os_windows.cpp:3769), pid=37264, tid=58180
#
# JRE version: OpenJDK Runtime Environment (17.0.6) (build 17.0.6+0-b2043.56-9586694)
# Java VM: OpenJDK 64-Bit Server VM (17.0.6+0-b2043.56-9586694, mixed mode, tiered, compressed oops, compressed class ptrs, g1 gc, windows-amd64)
# No core dump will be written. Minidumps are not enabled by default on client versions of Windows
#

---------------  S U M M A R Y ------------

Command Line: --add-opens=java.base/java.util=ALL-UNNAMED --add-opens=java.base/java.lang=ALL-UNNAMED --add-opens=java.base/java.lang.invoke=ALL-UNNAMED --add-opens=java.prefs/java.util.prefs=ALL-UNNAMED --add-opens=java.base/java.nio.charset=ALL-UNNAMED --add-opens=java.base/java.net=ALL-UNNAMED --add-opens=java.base/java.util.concurrent.atomic=ALL-UNNAMED -Xmx2048m -Dfile.encoding=UTF-8 -Duser.country=US -Duser.language=en -Duser.variant org.gradle.launcher.daemon.bootstrap.GradleDaemon 8.0

Host: Intel(R) Core(TM) i5-7200U CPU @ 2.50GHz, 4 cores, 7G,  Windows 10 , 64 bit Build 19041 (10.0.19041.3031)
Time: Fri Jul  7 00:04:30 2023 GTB Daylight Time elapsed time: 38.217887 seconds (0d 0h 0m 38s)

---------------  T H R E A D  ---------------

Current thread (0x000001680238dcb0):  VMThread "VM Thread" [stack: 0x00000034d4200000,0x00000034d4300000] [id=58180]

Stack: [0x00000034d4200000,0x00000034d4300000]
Native frames: (J=compiled Java code, j=interpreted, Vv=VM code, C=native code)
V  [jvm.dll+0x683b4a]
V  [jvm.dll+0x842654]
V  [jvm.dll+0x843dfe]
V  [jvm.dll+0x844463]
V  [jvm.dll+0x249b75]
V  [jvm.dll+0x680a19]
V  [jvm.dll+0x674f0a]
V  [jvm.dll+0x309acb]
V  [jvm.dll+0x310f86]
V  [jvm.dll+0x3608ee]
V  [jvm.dll+0x360b1f]
V  [jvm.dll+0x2dfbf8]
V  [jvm.dll+0x2e2ce6]
V  [jvm.dll+0x2ed478]
V  [jvm.dll+0x322150]
V  [jvm.dll+0x84893b]
V  [jvm.dll+0x849674]
V  [jvm.dll+0x849b8d]
V  [jvm.dll+0x849f64]
V  [jvm.dll+0x84a030]
V  [jvm.dll+0x7f25fa]
V  [jvm.dll+0x682985]
C  [ucrtbase.dll+0x21bb2]
C  [KERNEL32.DLL+0x17614]
C  [ntdll.dll+0x526f1]

VM_Operation (0x00000034d3eff700): G1Concurrent, mode: safepoint, requested by thread 0x0000016868e84540


---------------  P R O C E S S  ---------------

Threads class SMR info:
_java_thread_list=0x000001680ce1c6e0, length=86, elements={
0x0000016868e15440, 0x00000168023f8620, 0x00000168023fa340, 0x000001680302e0b0,
0x000001680302ea70, 0x000001680302fc30, 0x00000168030325f0, 0x0000016803027c50,
0x0000016803065020, 0x000001680306ecf0, 0x00000168031d2490, 0x00000168031f5460,
0x00000168047fe1f0, 0x0000016804707ae0, 0x0000016803f686a0, 0x0000016804ad3c60,
0x00000168046964c0, 0x000001680471df20, 0x000001680471ec10, 0x00000168032ebe50,
0x00000168032ec320, 0x00000168032ee4d0, 0x00000168032ec7f0, 0x00000168032ee9a0,
0x00000168032ed660, 0x00000168032eee70, 0x00000168032ef340, 0x00000168032ef810,
0x00000168032eccc0, 0x00000168032ed190, 0x00000168032edb30, 0x00000168032ee000,
0x0000016807324a90, 0x0000016807327f80, 0x0000016807326c40, 0x0000016807326770,
0x0000016807328920, 0x00000168073262a0, 0x0000016807325dd0, 0x00000168073275e0,
0x0000016807323c20, 0x00000168073292c0, 0x00000168073240f0, 0x000001680732a130,
0x0000016807327ab0, 0x0000016807324f60, 0x0000016807328450, 0x0000016807325430,
0x0000016807325900, 0x0000016807328df0, 0x0000016807329790, 0x0000016807329c60,
0x000001680732a600, 0x0000016807804820, 0x0000016807808b80, 0x00000168078039b0,
0x0000016807806500, 0x0000016807803e80, 0x0000016807805690, 0x0000016807802b40,
0x0000016807803010, 0x0000016807806ea0, 0x0000016807807d10, 0x00000168078034e0,
0x0000016807805b60, 0x0000016807804cf0, 0x0000016807809520, 0x0000016807802670,
0x0000016807804350, 0x00000168078099f0, 0x0000016807807370, 0x00000168078051c0,
0x00000168078081e0, 0x0000016807809ec0, 0x0000016807806030, 0x00000168078069d0,
0x00000168078086b0, 0x0000016807807840, 0x0000016807809050, 0x0000016809f4e890,
0x0000016809f50a40, 0x0000016809f4aed0, 0x0000016809f4b3a0, 0x0000016809f4aa00,
0x0000016809f4b870, 0x0000016809f50f10
}

Java Threads: ( => current thread )
  0x0000016868e15440 JavaThread "main" [_thread_blocked, id=22816, stack(0x00000034d3c00000,0x00000034d3d00000)]
  0x00000168023f8620 JavaThread "Reference Handler" daemon [_thread_blocked, id=60180, stack(0x00000034d4300000,0x00000034d4400000)]
  0x00000168023fa340 JavaThread "Finalizer" daemon [_thread_blocked, id=71812, stack(0x00000034d4400000,0x00000034d4500000)]
  0x000001680302e0b0 JavaThread "Signal Dispatcher" daemon [_thread_blocked, id=58384, stack(0x00000034d4500000,0x00000034d4600000)]
  0x000001680302ea70 JavaThread "Attach Listener" daemon [_thread_blocked, id=110260, stack(0x00000034d4600000,0x00000034d4700000)]
  0x000001680302fc30 JavaThread "Service Thread" daemon [_thread_blocked, id=88044, stack(0x00000034d4700000,0x00000034d4800000)]
  0x00000168030325f0 JavaThread "Monitor Deflation Thread" daemon [_thread_blocked, id=69316, stack(0x00000034d4800000,0x00000034d4900000)]
  0x0000016803027c50 JavaThread "C2 CompilerThread0" daemon [_thread_blocked, id=94500, stack(0x00000034d4900000,0x00000034d4a00000)]
  0x0000016803065020 JavaThread "C1 CompilerThread0" daemon [_thread_blocked, id=71480, stack(0x00000034d4a00000,0x00000034d4b00000)]
  0x000001680306ecf0 JavaThread "Sweeper thread" daemon [_thread_blocked, id=106760, stack(0x00000034d4b00000,0x00000034d4c00000)]
  0x00000168031d2490 JavaThread "Common-Cleaner" daemon [_thread_blocked, id=70324, stack(0x00000034d4c00000,0x00000034d4d00000)]
  0x00000168031f5460 JavaThread "Notification Thread" daemon [_thread_blocked, id=91340, stack(0x00000034d4d00000,0x00000034d4e00000)]
  0x00000168047fe1f0 JavaThread "Daemon health stats" [_thread_blocked, id=96056, stack(0x00000034d5200000,0x00000034d5300000)]
  0x0000016804707ae0 JavaThread "Incoming local TCP Connector on port 62407" [_thread_in_native, id=102744, stack(0x00000034d5300000,0x00000034d5400000)]
  0x0000016803f686a0 JavaThread "Daemon periodic checks" [_thread_blocked, id=114444, stack(0x00000034d5400000,0x00000034d5500000)]
  0x0000016804ad3c60 JavaThread "Daemon" [_thread_blocked, id=58376, stack(0x00000034d5500000,0x00000034d5600000)]
  0x00000168046964c0 JavaThread "Handler for socket connection from /127.0.0.1:62407 to /127.0.0.1:62408" [_thread_in_native, id=68368, stack(0x00000034d5600000,0x00000034d5700000)]
  0x000001680471df20 JavaThread "Cancel handler" [_thread_blocked, id=98764, stack(0x00000034d5700000,0x00000034d5800000)]
  0x000001680471ec10 JavaThread "Daemon worker" [_thread_blocked, id=41868, stack(0x00000034d5800000,0x00000034d5900000)]
  0x00000168032ebe50 JavaThread "Asynchronous log dispatcher for DefaultDaemonConnection: socket connection from /127.0.0.1:62407 to /127.0.0.1:62408" [_thread_blocked, id=94100, stack(0x00000034d5900000,0x00000034d5a00000)]
  0x00000168032ec320 JavaThread "Stdin handler" [_thread_blocked, id=106392, stack(0x00000034d5a00000,0x00000034d5b00000)]
  0x00000168032ee4d0 JavaThread "Daemon client event forwarder" [_thread_blocked, id=85224, stack(0x00000034d5b00000,0x00000034d5c00000)]
  0x00000168032ec7f0 JavaThread "Cache worker for journal cache (C:\Users\Christiana Renta\.gradle\caches\journal-1)" [_thread_blocked, id=84668, stack(0x00000034d5c00000,0x00000034d5d00000)]
  0x00000168032ee9a0 JavaThread "File lock request listener" [_thread_in_native, id=103768, stack(0x00000034d5d00000,0x00000034d5e00000)]
  0x00000168032ed660 JavaThread "Cache worker for file hash cache (C:\Users\Christiana Renta\.gradle\caches\8.0\fileHashes)" [_thread_blocked, id=115536, stack(0x00000034d5e00000,0x00000034d5f00000)]
  0x00000168032eee70 JavaThread "File watcher server" daemon [_thread_in_native, id=21860, stack(0x00000034d5f00000,0x00000034d6000000)]
  0x00000168032ef340 JavaThread "File watcher consumer" daemon [_thread_blocked, id=101472, stack(0x00000034d6000000,0x00000034d6100000)]
  0x00000168032ef810 JavaThread "jar transforms" [_thread_blocked, id=106064, stack(0x00000034d6100000,0x00000034d6200000)]
  0x00000168032eccc0 JavaThread "jar transforms Thread 2" [_thread_blocked, id=89668, stack(0x00000034d6200000,0x00000034d6300000)]
  0x00000168032ed190 JavaThread "jar transforms Thread 3" [_thread_blocked, id=108768, stack(0x00000034d6300000,0x00000034d6400000)]
  0x00000168032edb30 JavaThread "jar transforms Thread 4" [_thread_blocked, id=77096, stack(0x00000034d6400000,0x00000034d6500000)]
  0x00000168032ee000 JavaThread "Cache worker for checksums cache (C:\Users\Christiana Renta\AndroidStudioProjects\ShoppingList\.gradle\8.0\checksums)" [_thread_blocked, id=64932, stack(0x00000034d6500000,0x00000034d6600000)]
  0x0000016807324a90 JavaThread "Cache worker for cache directory md-rule (C:\Users\Christiana Renta\.gradle\caches\8.0\md-rule)" [_thread_blocked, id=113508, stack(0x00000034d6600000,0x00000034d6700000)]
  0x0000016807327f80 JavaThread "Cache worker for file content cache (C:\Users\Christiana Renta\.gradle\caches\8.0\fileContent)" [_thread_blocked, id=70840, stack(0x00000034d6700000,0x00000034d6800000)]
  0x0000016807326c40 JavaThread "Cache worker for file hash cache (C:\Users\Christiana Renta\AndroidStudioProjects\ShoppingList\.gradle\8.0\fileHashes)" [_thread_blocked, id=104932, stack(0x00000034d6800000,0x00000034d6900000)]
  0x0000016807326770 JavaThread "Cache worker for cache directory md-supplier (C:\Users\Christiana Renta\.gradle\caches\8.0\md-supplier)" [_thread_blocked, id=107536, stack(0x00000034d6900000,0x00000034d6a00000)]
  0x0000016807328920 JavaThread "Cache worker for execution history cache (C:\Users\Christiana Renta\.gradle\caches\8.0\executionHistory)" [_thread_blocked, id=66156, stack(0x00000034d6a00000,0x00000034d6b00000)]
  0x00000168073262a0 JavaThread "Cache worker for dependencies-accessors (C:\Users\Christiana Renta\AndroidStudioProjects\ShoppingList\.gradle\8.0\dependencies-accessors)" [_thread_blocked, id=76760, stack(0x00000034d6b00000,0x00000034d6c00000)]
  0x0000016807325dd0 JavaThread "Cache worker for Build Output Cleanup Cache (C:\Users\Christiana Renta\AndroidStudioProjects\ShoppingList\.gradle\buildOutputCleanup)" [_thread_blocked, id=76764, stack(0x00000034d6c00000,0x00000034d6d00000)]
  0x00000168073275e0 JavaThread "Unconstrained build operations" [_thread_blocked, id=69680, stack(0x00000034d6d00000,0x00000034d6e00000)]
  0x0000016807323c20 JavaThread "Unconstrained build operations Thread 2" [_thread_blocked, id=29116, stack(0x00000034d6e00000,0x00000034d6f00000)]
  0x00000168073292c0 JavaThread "Unconstrained build operations Thread 3" [_thread_blocked, id=80092, stack(0x00000034d6f00000,0x00000034d7000000)]
  0x00000168073240f0 JavaThread "Unconstrained build operations Thread 4" [_thread_blocked, id=77880, stack(0x00000034d7000000,0x00000034d7100000)]
  0x000001680732a130 JavaThread "Unconstrained build operations Thread 5" [_thread_blocked, id=115364, stack(0x00000034d7100000,0x00000034d7200000)]
  0x0000016807327ab0 JavaThread "Unconstrained build operations Thread 6" [_thread_blocked, id=93088, stack(0x00000034d7200000,0x00000034d7300000)]
  0x0000016807324f60 JavaThread "Unconstrained build operations Thread 7" [_thread_blocked, id=58204, stack(0x00000034d7300000,0x00000034d7400000)]
  0x0000016807328450 JavaThread "Unconstrained build operations Thread 8" [_thread_blocked, id=104460, stack(0x00000034d7400000,0x00000034d7500000)]
  0x0000016807325430 JavaThread "Unconstrained build operations Thread 9" [_thread_blocked, id=114908, stack(0x00000034d7500000,0x00000034d7600000)]
  0x0000016807325900 JavaThread "Unconstrained build operations Thread 10" [_thread_blocked, id=102188, stack(0x00000034d7600000,0x00000034d7700000)]
  0x0000016807328df0 JavaThread "Unconstrained build operations Thread 11" [_thread_blocked, id=48980, stack(0x00000034d7700000,0x00000034d7800000)]
  0x0000016807329790 JavaThread "Unconstrained build operations Thread 12" [_thread_blocked, id=98232, stack(0x00000034d7800000,0x00000034d7900000)]
  0x0000016807329c60 JavaThread "Unconstrained build operations Thread 13" [_thread_blocked, id=38616, stack(0x00000034d7900000,0x00000034d7a00000)]
  0x000001680732a600 JavaThread "Unconstrained build operations Thread 14" [_thread_blocked, id=103936, stack(0x00000034d7a00000,0x00000034d7b00000)]
  0x0000016807804820 JavaThread "Unconstrained build operations Thread 15" [_thread_blocked, id=71432, stack(0x00000034d7b00000,0x00000034d7c00000)]
  0x0000016807808b80 JavaThread "Unconstrained build operations Thread 16" [_thread_blocked, id=54784, stack(0x00000034d7c00000,0x00000034d7d00000)]
  0x00000168078039b0 JavaThread "Unconstrained build operations Thread 17" [_thread_blocked, id=101168, stack(0x00000034d7d00000,0x00000034d7e00000)]
  0x0000016807806500 JavaThread "Unconstrained build operations Thread 18" [_thread_blocked, id=49248, stack(0x00000034d7e00000,0x00000034d7f00000)]
  0x0000016807803e80 JavaThread "Unconstrained build operations Thread 19" [_thread_blocked, id=77828, stack(0x00000034d7f00000,0x00000034d8000000)]
  0x0000016807805690 JavaThread "Unconstrained build operations Thread 20" [_thread_blocked, id=58676, stack(0x00000034d8000000,0x00000034d8100000)]
  0x0000016807802b40 JavaThread "Unconstrained build operations Thread 21" [_thread_blocked, id=115076, stack(0x00000034d8100000,0x00000034d8200000)]
  0x0000016807803010 JavaThread "Unconstrained build operations Thread 22" [_thread_blocked, id=104088, stack(0x00000034d8200000,0x00000034d8300000)]
  0x0000016807806ea0 JavaThread "Unconstrained build operations Thread 23" [_thread_blocked, id=20888, stack(0x00000034d8300000,0x00000034d8400000)]
  0x0000016807807d10 JavaThread "Unconstrained build operations Thread 24" [_thread_blocked, id=112888, stack(0x00000034d8400000,0x00000034d8500000)]
  0x00000168078034e0 JavaThread "Unconstrained build operations Thread 25" [_thread_blocked, id=4004, stack(0x00000034d8500000,0x00000034d8600000)]
  0x0000016807805b60 JavaThread "Unconstrained build operations Thread 26" [_thread_blocked, id=46968, stack(0x00000034d8600000,0x00000034d8700000)]
  0x0000016807804cf0 JavaThread "Unconstrained build operations Thread 27" [_thread_blocked, id=50376, stack(0x00000034d8700000,0x00000034d8800000)]
  0x0000016807809520 JavaThread "Unconstrained build operations Thread 28" [_thread_blocked, id=9324, stack(0x00000034d8800000,0x00000034d8900000)]
  0x0000016807802670 JavaThread "Unconstrained build operations Thread 29" [_thread_blocked, id=5140, stack(0x00000034d8900000,0x00000034d8a00000)]
  0x0000016807804350 JavaThread "Unconstrained build operations Thread 30" [_thread_blocked, id=72788, stack(0x00000034d8a00000,0x00000034d8b00000)]
  0x00000168078099f0 JavaThread "Unconstrained build operations Thread 31" [_thread_blocked, id=60020, stack(0x00000034d8b00000,0x00000034d8c00000)]
  0x0000016807807370 JavaThread "Unconstrained build operations Thread 32" [_thread_blocked, id=72664, stack(0x00000034d8c00000,0x00000034d8d00000)]
  0x00000168078051c0 JavaThread "Unconstrained build operations Thread 33" [_thread_blocked, id=68160, stack(0x00000034d8d00000,0x00000034d8e00000)]
  0x00000168078081e0 JavaThread "Unconstrained build operations Thread 34" [_thread_blocked, id=111492, stack(0x00000034d8e00000,0x00000034d8f00000)]
  0x0000016807809ec0 JavaThread "Unconstrained build operations Thread 35" [_thread_blocked, id=115664, stack(0x00000034d8f00000,0x00000034d9000000)]
  0x0000016807806030 JavaThread "Unconstrained build operations Thread 36" [_thread_blocked, id=84056, stack(0x00000034d9000000,0x00000034d9100000)]
  0x00000168078069d0 JavaThread "Unconstrained build operations Thread 37" [_thread_blocked, id=44216, stack(0x00000034d9100000,0x00000034d9200000)]
  0x00000168078086b0 JavaThread "Unconstrained build operations Thread 38" [_thread_blocked, id=54876, stack(0x00000034d9200000,0x00000034d9300000)]
  0x0000016807807840 JavaThread "Unconstrained build operations Thread 39" [_thread_blocked, id=47904, stack(0x00000034d9300000,0x00000034d9400000)]
  0x0000016807809050 JavaThread "Unconstrained build operations Thread 40" [_thread_blocked, id=76200, stack(0x00000034d9400000,0x00000034d9500000)]
  0x0000016809f4e890 JavaThread "Memory manager" [_thread_blocked, id=87448, stack(0x00000034d9500000,0x00000034d9600000)]
  0x0000016809f50a40 JavaThread "included builds" [_thread_blocked, id=92476, stack(0x00000034d9600000,0x00000034d9700000)]
  0x0000016809f4aed0 JavaThread "Execution worker" [_thread_blocked, id=109712, stack(0x00000034d9700000,0x00000034d9800000)]
  0x0000016809f4b3a0 JavaThread "Execution worker Thread 2" [_thread_blocked, id=74700, stack(0x00000034d9800000,0x00000034d9900000)]
  0x0000016809f4aa00 JavaThread "Execution worker Thread 3" [_thread_blocked, id=115080, stack(0x00000034d9900000,0x00000034d9a00000)]
  0x0000016809f4b870 JavaThread "Cache worker for execution history cache (C:\Users\Christiana Renta\AndroidStudioProjects\ShoppingList\.gradle\8.0\executionHistory)" [_thread_blocked, id=114040, stack(0x00000034d9a00000,0x00000034d9b00000)]
  0x0000016809f50f10 JavaThread "idea-tooling-model-converter" [_thread_blocked, id=102544, stack(0x00000034d9b00000,0x00000034d9c00000)]

Other Threads:
=>0x000001680238dcb0 VMThread "VM Thread" [stack: 0x00000034d4200000,0x00000034d4300000] [id=58180]
  0x00000168031f5930 WatcherThread [stack: 0x00000034d4e00000,0x00000034d4f00000] [id=89240]
  0x0000016868e725f0 GCTaskThread "GC Thread#0" [stack: 0x00000034d3d00000,0x00000034d3e00000] [id=38844]
  0x0000016803739510 GCTaskThread "GC Thread#1" [stack: 0x00000034d4f00000,0x00000034d5000000] [id=110944]
  0x00000168035865d0 GCTaskThread "GC Thread#2" [stack: 0x00000034d5000000,0x00000034d5100000] [id=42476]
  0x0000016803f73c80 GCTaskThread "GC Thread#3" [stack: 0x00000034d5100000,0x00000034d5200000] [id=70496]
  0x0000016868e84540 ConcurrentGCThread "G1 Main Marker" [stack: 0x00000034d3e00000,0x00000034d3f00000] [id=101096]
  0x0000016868e84f50 ConcurrentGCThread "G1 Conc#0" [stack: 0x00000034d3f00000,0x00000034d4000000] [id=84820]
  0x00000168022400a0 ConcurrentGCThread "G1 Refine#0" [stack: 0x00000034d4000000,0x00000034d4100000] [id=10856]
  0x0000016802241820 ConcurrentGCThread "G1 Service" [stack: 0x00000034d4100000,0x00000034d4200000] [id=37532]

Threads with active compile tasks:
C2 CompilerThread0    38298 13317       4       org.gradle.internal.hash.HashCode::toStringBuilder (67 bytes)

VM state: at safepoint (normal execution)

VM Mutex/Monitor currently owned by a thread:  ([mutex/lock_event])
[0x0000016868e11dd0] Threads_lock - owner thread: 0x000001680238dcb0
[0x0000016868e115f0] Heap_lock - owner thread: 0x0000016868e84540

Heap address: 0x0000000080000000, size: 2048 MB, Compressed Oops mode: 32-bit

CDS archive(s) not mapped
Compressed class space mapped at: 0x0000000100000000-0x0000000140000000, reserved size: 1073741824
Narrow klass base: 0x0000000000000000, Narrow klass shift: 3, Narrow klass range: 0x140000000

GC Precious Log:
 CPUs: 4 total, 4 available
 Memory: 7990M
 Large Page Support: Disabled
 NUMA Support: Disabled
 Compressed Oops: Enabled (32-bit)
 Heap Region Size: 1M
 Heap Min Capacity: 8M
 Heap Initial Capacity: 126M
 Heap Max Capacity: 2G
 Pre-touch: Disabled
 Parallel Workers: 4
 Concurrent Workers: 1
 Concurrent Refinement Workers: 4
 Periodic GC: Disabled

Heap:
 garbage-first heap   total 317440K, used 201313K [0x0000000080000000, 0x0000000100000000)
  region size 1024K, 13 young (13312K), 6 survivors (6144K)
 Metaspace       used 111988K, committed 112832K, reserved 1146880K
  class space    used 14994K, committed 15360K, reserved 1048576K

Heap Regions: E=young(eden), S=young(survivor), O=old, HS=humongous(starts), HC=humongous(continues), CS=collection set, F=free, OA=open archive, CA=closed archive, TAMS=top-at-mark-start (previous, next)
|   0|0x0000000080000000, 0x0000000080100000, 0x0000000080100000|100%| O|  |TAMS 0x0000000080100000, 0x0000000080000000| Untracked 
|   1|0x0000000080100000, 0x0000000080200000, 0x0000000080200000|100%| O|  |TAMS 0x0000000080200000, 0x0000000080100000| Updating 
|   2|0x0000000080200000, 0x0000000080300000, 0x0000000080300000|100%|HS|  |TAMS 0x0000000080300000, 0x0000000080200000| Complete 
|   3|0x0000000080300000, 0x0000000080400000, 0x0000000080400000|100%|HC|  |TAMS 0x0000000080400000, 0x0000000080300000| Complete 
|   4|0x0000000080400000, 0x0000000080500000, 0x0000000080500000|100%|HC|  |TAMS 0x0000000080500000, 0x0000000080400000| Complete 
|   5|0x0000000080500000, 0x0000000080600000, 0x0000000080600000|100%|HC|  |TAMS 0x0000000080600000, 0x0000000080500000| Complete 
|   6|0x0000000080600000, 0x0000000080700000, 0x0000000080700000|100%| O|  |TAMS 0x0000000080700000, 0x0000000080600000| Untracked 
|   7|0x0000000080700000, 0x0000000080800000, 0x0000000080800000|100%| O|  |TAMS 0x0000000080800000, 0x0000000080700000| Untracked 
|   8|0x0000000080800000, 0x0000000080900000, 0x0000000080900000|100%| O|  |TAMS 0x0000000080900000, 0x0000000080800000| Untracked 
|   9|0x0000000080900000, 0x0000000080a00000, 0x0000000080a00000|100%| O|  |TAMS 0x0000000080a00000, 0x0000000080900000| Untracked 
|  10|0x0000000080a00000, 0x0000000080b00000, 0x0000000080b00000|100%| O|  |TAMS 0x0000000080b00000, 0x0000000080a00000| Untracked 
|  11|0x0000000080b00000, 0x0000000080c00000, 0x0000000080c00000|100%| O|  |TAMS 0x0000000080c00000, 0x0000000080b00000| Untracked 
|  12|0x0000000080c00000, 0x0000000080d00000, 0x0000000080d00000|100%| O|  |TAMS 0x0000000080d00000, 0x0000000080c00000| Untracked 
|  13|0x0000000080d00000, 0x0000000080e00000, 0x0000000080e00000|100%| O|  |TAMS 0x0000000080e00000, 0x0000000080d00000| Untracked 
|  14|0x0000000080e00000, 0x0000000080f00000, 0x0000000080f00000|100%| O|  |TAMS 0x0000000080f00000, 0x0000000080e00000| Untracked 
|  15|0x0000000080f00000, 0x0000000081000000, 0x0000000081000000|100%| O|  |TAMS 0x0000000081000000, 0x0000000080f00000| Untracked 
|  16|0x0000000081000000, 0x0000000081100000, 0x0000000081100000|100%| O|  |TAMS 0x0000000081100000, 0x0000000081000000| Untracked 
|  17|0x0000000081100000, 0x0000000081200000, 0x0000000081200000|100%| O|  |TAMS 0x0000000081200000, 0x0000000081100000| Untracked 
|  18|0x0000000081200000, 0x0000000081300000, 0x0000000081300000|100%| O|  |TAMS 0x0000000081300000, 0x0000000081200000| Updating 
|  19|0x0000000081300000, 0x0000000081400000, 0x0000000081400000|100%|HS|  |TAMS 0x0000000081400000, 0x0000000081300000| Complete 
|  20|0x0000000081400000, 0x0000000081500000, 0x0000000081500000|100%|HC|  |TAMS 0x0000000081500000, 0x0000000081400000| Complete 
|  21|0x0000000081500000, 0x0000000081600000, 0x0000000081600000|100%|HS|  |TAMS 0x0000000081600000, 0x0000000081500000| Complete 
|  22|0x0000000081600000, 0x0000000081700000, 0x0000000081700000|100%|HC|  |TAMS 0x0000000081700000, 0x0000000081600000| Complete 
|  23|0x0000000081700000, 0x0000000081800000, 0x0000000081800000|100%|HC|  |TAMS 0x0000000081800000, 0x0000000081700000| Complete 
|  24|0x0000000081800000, 0x0000000081900000, 0x0000000081900000|100%| O|  |TAMS 0x0000000081900000, 0x0000000081800000| Untracked 
|  25|0x0000000081900000, 0x0000000081a00000, 0x0000000081a00000|100%| O|  |TAMS 0x0000000081a00000, 0x0000000081900000| Untracked 
|  26|0x0000000081a00000, 0x0000000081b00000, 0x0000000081b00000|100%| O|  |TAMS 0x0000000081b00000, 0x0000000081a00000| Untracked 
|  27|0x0000000081b00000, 0x0000000081c00000, 0x0000000081c00000|100%| O|  |TAMS 0x0000000081c00000, 0x0000000081b00000| Untracked 
|  28|0x0000000081c00000, 0x0000000081d00000, 0x0000000081d00000|100%|HS|  |TAMS 0x0000000081d00000, 0x0000000081c00000| Complete 
|  29|0x0000000081d00000, 0x0000000081e00000, 0x0000000081e00000|100%|HC|  |TAMS 0x0000000081e00000, 0x0000000081d00000| Complete 
|  30|0x0000000081e00000, 0x0000000081f00000, 0x0000000081f00000|100%|HC|  |TAMS 0x0000000081f00000, 0x0000000081e00000| Complete 
|  31|0x0000000081f00000, 0x0000000082000000, 0x0000000082000000|100%|HS|  |TAMS 0x0000000082000000, 0x0000000081f00000| Complete 
|  32|0x0000000082000000, 0x0000000082100000, 0x0000000082100000|100%|HC|  |TAMS 0x0000000082100000, 0x0000000082000000| Complete 
|  33|0x0000000082100000, 0x0000000082200000, 0x0000000082200000|100%| O|  |TAMS 0x0000000082200000, 0x0000000082100000| Updating 
|  34|0x0000000082200000, 0x0000000082300000, 0x0000000082300000|100%|HS|  |TAMS 0x0000000082300000, 0x0000000082200000| Complete 
|  35|0x0000000082300000, 0x0000000082400000, 0x0000000082400000|100%|HC|  |TAMS 0x0000000082400000, 0x0000000082300000| Complete 
|  36|0x0000000082400000, 0x0000000082500000, 0x0000000082500000|100%|HC|  |TAMS 0x0000000082500000, 0x0000000082400000| Complete 
|  37|0x0000000082500000, 0x0000000082600000, 0x0000000082600000|100%|HC|  |TAMS 0x0000000082600000, 0x0000000082500000| Complete 
|  38|0x0000000082600000, 0x0000000082700000, 0x0000000082700000|100%|HC|  |TAMS 0x0000000082700000, 0x0000000082600000| Complete 
|  39|0x0000000082700000, 0x0000000082800000, 0x0000000082800000|100%|HC|  |TAMS 0x0000000082800000, 0x0000000082700000| Complete 
|  40|0x0000000082800000, 0x0000000082900000, 0x0000000082900000|100%|HC|  |TAMS 0x0000000082900000, 0x0000000082800000| Complete 
|  41|0x0000000082900000, 0x0000000082a00000, 0x0000000082a00000|100%|HC|  |TAMS 0x0000000082a00000, 0x0000000082900000| Complete 
|  42|0x0000000082a00000, 0x0000000082b00000, 0x0000000082b00000|100%|HC|  |TAMS 0x0000000082b00000, 0x0000000082a00000| Complete 
|  43|0x0000000082b00000, 0x0000000082c00000, 0x0000000082c00000|100%|HC|  |TAMS 0x0000000082c00000, 0x0000000082b00000| Complete 
|  44|0x0000000082c00000, 0x0000000082d00000, 0x0000000082d00000|100%| O|  |TAMS 0x0000000082d00000, 0x0000000082c00000| Updating 
|  45|0x0000000082d00000, 0x0000000082e00000, 0x0000000082e00000|100%|HS|  |TAMS 0x0000000082e00000, 0x0000000082d00000| Complete 
|  46|0x0000000082e00000, 0x0000000082f00000, 0x0000000082f00000|100%|HC|  |TAMS 0x0000000082f00000, 0x0000000082e00000| Complete 
|  47|0x0000000082f00000, 0x0000000083000000, 0x0000000083000000|100%|HS|  |TAMS 0x0000000083000000, 0x0000000082f00000| Complete 
|  48|0x0000000083000000, 0x0000000083100000, 0x0000000083100000|100%|HC|  |TAMS 0x0000000083100000, 0x0000000083000000| Complete 
|  49|0x0000000083100000, 0x0000000083200000, 0x0000000083200000|100%|HC|  |TAMS 0x0000000083200000, 0x0000000083100000| Complete 
|  50|0x0000000083200000, 0x0000000083300000, 0x0000000083300000|100%|HC|  |TAMS 0x0000000083300000, 0x0000000083200000| Complete 
|  51|0x0000000083300000, 0x0000000083400000, 0x0000000083400000|100%|HC|  |TAMS 0x0000000083400000, 0x0000000083300000| Complete 
|  52|0x0000000083400000, 0x0000000083500000, 0x0000000083500000|100%|HC|  |TAMS 0x0000000083500000, 0x0000000083400000| Complete 
|  53|0x0000000083500000, 0x0000000083600000, 0x0000000083600000|100%|HS|  |TAMS 0x0000000083600000, 0x0000000083500000| Complete 
|  54|0x0000000083600000, 0x0000000083700000, 0x0000000083700000|100%| O|  |TAMS 0x0000000083700000, 0x0000000083600000| Untracked 
|  55|0x0000000083700000, 0x0000000083800000, 0x0000000083800000|100%| O|  |TAMS 0x0000000083800000, 0x0000000083700000| Untracked 
|  56|0x0000000083800000, 0x0000000083900000, 0x0000000083900000|100%| O|  |TAMS 0x0000000083900000, 0x0000000083800000| Updating 
|  57|0x0000000083900000, 0x0000000083a00000, 0x0000000083a00000|100%| O|  |TAMS 0x0000000083a00000, 0x0000000083900000| Untracked 
|  58|0x0000000083a00000, 0x0000000083b00000, 0x0000000083b00000|100%| O|  |TAMS 0x0000000083b00000, 0x0000000083a00000| Untracked 
|  59|0x0000000083b00000, 0x0000000083c00000, 0x0000000083c00000|100%| O|  |TAMS 0x0000000083c00000, 0x0000000083b00000| Updating 
|  60|0x0000000083c00000, 0x0000000083d00000, 0x0000000083d00000|100%| O|  |TAMS 0x0000000083d00000, 0x0000000083c00000| Untracked 
|  61|0x0000000083d00000, 0x0000000083e00000, 0x0000000083e00000|100%| O|  |TAMS 0x0000000083e00000, 0x0000000083d00000| Untracked 
|  62|0x0000000083e00000, 0x0000000083f00000, 0x0000000083f00000|100%| O|  |TAMS 0x0000000083f00000, 0x0000000083e00000| Untracked 
|  63|0x0000000083f00000, 0x0000000084000000, 0x0000000084000000|100%| O|  |TAMS 0x0000000084000000, 0x0000000083f00000| Untracked 
|  64|0x0000000084000000, 0x0000000084100000, 0x0000000084100000|100%|HS|  |TAMS 0x0000000084100000, 0x0000000084000000| Complete 
|  65|0x0000000084100000, 0x0000000084200000, 0x0000000084200000|100%|HC|  |TAMS 0x0000000084200000, 0x0000000084100000| Complete 
|  66|0x0000000084200000, 0x0000000084300000, 0x0000000084300000|100%|HC|  |TAMS 0x0000000084300000, 0x0000000084200000| Complete 
|  67|0x0000000084300000, 0x0000000084400000, 0x0000000084400000|100%|HC|  |TAMS 0x0000000084400000, 0x0000000084300000| Complete 
|  68|0x0000000084400000, 0x0000000084500000, 0x0000000084500000|100%|HC|  |TAMS 0x0000000084500000, 0x0000000084400000| Complete 
|  69|0x0000000084500000, 0x0000000084600000, 0x0000000084600000|100%|HC|  |TAMS 0x0000000084600000, 0x0000000084500000| Complete 
|  70|0x0000000084600000, 0x0000000084700000, 0x0000000084700000|100%|HC|  |TAMS 0x0000000084700000, 0x0000000084600000| Complete 
|  71|0x0000000084700000, 0x0000000084800000, 0x0000000084800000|100%|HC|  |TAMS 0x0000000084800000, 0x0000000084700000| Complete 
|  72|0x0000000084800000, 0x0000000084900000, 0x0000000084900000|100%|HC|  |TAMS 0x0000000084900000, 0x0000000084800000| Complete 
|  73|0x0000000084900000, 0x0000000084a00000, 0x0000000084a00000|100%|HC|  |TAMS 0x0000000084a00000, 0x0000000084900000| Complete 
|  74|0x0000000084a00000, 0x0000000084b00000, 0x0000000084b00000|100%|HC|  |TAMS 0x0000000084b00000, 0x0000000084a00000| Complete 
|  75|0x0000000084b00000, 0x0000000084c00000, 0x0000000084c00000|100%|HS|  |TAMS 0x0000000084c00000, 0x0000000084b00000| Complete 
|  76|0x0000000084c00000, 0x0000000084d00000, 0x0000000084d00000|100%|HC|  |TAMS 0x0000000084d00000, 0x0000000084c00000| Complete 
|  77|0x0000000084d00000, 0x0000000084e00000, 0x0000000084e00000|100%|HS|  |TAMS 0x0000000084e00000, 0x0000000084d00000| Complete 
|  78|0x0000000084e00000, 0x0000000084f00000, 0x0000000084f00000|100%|HC|  |TAMS 0x0000000084f00000, 0x0000000084e00000| Complete 
|  79|0x0000000084f00000, 0x0000000085000000, 0x0000000085000000|100%|HS|  |TAMS 0x0000000085000000, 0x0000000084f00000| Complete 
|  80|0x0000000085000000, 0x0000000085100000, 0x0000000085100000|100%|HC|  |TAMS 0x0000000085100000, 0x0000000085000000| Complete 
|  81|0x0000000085100000, 0x0000000085200000, 0x0000000085200000|100%|HC|  |TAMS 0x0000000085200000, 0x0000000085100000| Complete 
|  82|0x0000000085200000, 0x0000000085300000, 0x0000000085300000|100%|HS|  |TAMS 0x0000000085300000, 0x0000000085200000| Complete 
|  83|0x0000000085300000, 0x0000000085400000, 0x0000000085400000|100%|HC|  |TAMS 0x0000000085400000, 0x0000000085300000| Complete 
|  84|0x0000000085400000, 0x0000000085500000, 0x0000000085500000|100%|HC|  |TAMS 0x0000000085500000, 0x0000000085400000| Complete 
|  85|0x0000000085500000, 0x0000000085600000, 0x0000000085600000|100%| O|  |TAMS 0x0000000085600000, 0x0000000085500000| Untracked 
|  86|0x0000000085600000, 0x0000000085700000, 0x0000000085700000|100%| O|  |TAMS 0x0000000085700000, 0x0000000085600000| Untracked 
|  87|0x0000000085700000, 0x0000000085800000, 0x0000000085800000|100%| O|  |TAMS 0x0000000085800000, 0x0000000085700000| Untracked 
|  88|0x0000000085800000, 0x0000000085900000, 0x0000000085900000|100%| O|  |TAMS 0x0000000085900000, 0x0000000085800000| Untracked 
|  89|0x0000000085900000, 0x0000000085a00000, 0x0000000085a00000|100%| O|  |TAMS 0x0000000085a00000, 0x0000000085900000| Untracked 
|  90|0x0000000085a00000, 0x0000000085b00000, 0x0000000085b00000|100%|HS|  |TAMS 0x0000000085b00000, 0x0000000085a00000| Complete 
|  91|0x0000000085b00000, 0x0000000085c00000, 0x0000000085c00000|100%|HC|  |TAMS 0x0000000085c00000, 0x0000000085b00000| Complete 
|  92|0x0000000085c00000, 0x0000000085d00000, 0x0000000085d00000|100%|HC|  |TAMS 0x0000000085d00000, 0x0000000085c00000| Complete 
|  93|0x0000000085d00000, 0x0000000085e00000, 0x0000000085e00000|100%|HC|  |TAMS 0x0000000085e00000, 0x0000000085d00000| Complete 
|  94|0x0000000085e00000, 0x0000000085f00000, 0x0000000085f00000|100%|HC|  |TAMS 0x0000000085f00000, 0x0000000085e00000| Complete 
|  95|0x0000000085f00000, 0x0000000086000000, 0x0000000086000000|100%|HC|  |TAMS 0x0000000086000000, 0x0000000085f00000| Complete 
|  96|0x0000000086000000, 0x0000000086100000, 0x0000000086100000|100%|HS|  |TAMS 0x0000000086100000, 0x0000000086000000| Complete 
|  97|0x0000000086100000, 0x0000000086200000, 0x0000000086200000|100%| O|  |TAMS 0x0000000086200000, 0x0000000086100000| Untracked 
|  98|0x0000000086200000, 0x0000000086300000, 0x0000000086300000|100%| O|  |TAMS 0x0000000086300000, 0x0000000086200000| Untracked 
|  99|0x0000000086300000, 0x0000000086400000, 0x0000000086400000|100%| O|  |TAMS 0x0000000086400000, 0x0000000086300000| Untracked 
| 100|0x0000000086400000, 0x0000000086500000, 0x0000000086500000|100%| O|  |TAMS 0x0000000086500000, 0x0000000086400000| Untracked 
| 101|0x0000000086500000, 0x0000000086600000, 0x0000000086600000|100%| O|  |TAMS 0x0000000086600000, 0x0000000086500000| Updating 
| 102|0x0000000086600000, 0x0000000086700000, 0x0000000086700000|100%|HS|  |TAMS 0x0000000086700000, 0x0000000086600000| Complete 
| 103|0x0000000086700000, 0x0000000086800000, 0x0000000086800000|100%|HS|  |TAMS 0x0000000086800000, 0x0000000086700000| Complete 
| 104|0x0000000086800000, 0x0000000086900000, 0x0000000086900000|100%|HC|  |TAMS 0x0000000086900000, 0x0000000086800000| Complete 
| 105|0x0000000086900000, 0x0000000086a00000, 0x0000000086a00000|100%|HS|  |TAMS 0x0000000086a00000, 0x0000000086900000| Complete 
| 106|0x0000000086a00000, 0x0000000086b00000, 0x0000000086b00000|100%| O|  |TAMS 0x0000000086b00000, 0x0000000086a00000| Untracked 
| 107|0x0000000086b00000, 0x0000000086c00000, 0x0000000086c00000|100%| O|  |TAMS 0x0000000086c00000, 0x0000000086b00000| Untracked 
| 108|0x0000000086c00000, 0x0000000086d00000, 0x0000000086d00000|100%|HS|  |TAMS 0x0000000086d00000, 0x0000000086c00000| Complete 
| 109|0x0000000086d00000, 0x0000000086e00000, 0x0000000086e00000|100%|HC|  |TAMS 0x0000000086e00000, 0x0000000086d00000| Complete 
| 110|0x0000000086e00000, 0x0000000086f00000, 0x0000000086f00000|100%|HC|  |TAMS 0x0000000086f00000, 0x0000000086e00000| Complete 
| 111|0x0000000086f00000, 0x0000000087000000, 0x0000000087000000|100%|HC|  |TAMS 0x0000000087000000, 0x0000000086f00000| Complete 
| 112|0x0000000087000000, 0x0000000087100000, 0x0000000087100000|100%| O|  |TAMS 0x0000000087100000, 0x0000000087000000| Untracked 
| 113|0x0000000087100000, 0x0000000087200000, 0x0000000087200000|100%| O|  |TAMS 0x0000000087200000, 0x0000000087100000| Untracked 
| 114|0x0000000087200000, 0x0000000087300000, 0x0000000087300000|100%| O|  |TAMS 0x0000000087300000, 0x0000000087200000| Untracked 
| 115|0x0000000087300000, 0x0000000087400000, 0x0000000087400000|100%| O|  |TAMS 0x0000000087400000, 0x0000000087300000| Untracked 
| 116|0x0000000087400000, 0x0000000087500000, 0x0000000087500000|100%| O|  |TAMS 0x0000000087500000, 0x0000000087400000| Untracked 
| 117|0x0000000087500000, 0x0000000087600000, 0x0000000087600000|100%| O|  |TAMS 0x0000000087600000, 0x0000000087500000| Untracked 
| 118|0x0000000087600000, 0x0000000087700000, 0x0000000087700000|100%| O|  |TAMS 0x0000000087700000, 0x0000000087600000| Untracked 
| 119|0x0000000087700000, 0x0000000087800000, 0x0000000087800000|100%| O|  |TAMS 0x0000000087800000, 0x0000000087700000| Updating 
| 120|0x0000000087800000, 0x0000000087900000, 0x0000000087900000|100%| O|  |TAMS 0x0000000087900000, 0x0000000087800000| Untracked 
| 121|0x0000000087900000, 0x0000000087a00000, 0x0000000087a00000|100%|HS|  |TAMS 0x0000000087a00000, 0x0000000087900000| Complete 
| 122|0x0000000087a00000, 0x0000000087b00000, 0x0000000087b00000|100%|HC|  |TAMS 0x0000000087b00000, 0x0000000087a00000| Complete 
| 123|0x0000000087b00000, 0x0000000087c00000, 0x0000000087c00000|100%| O|  |TAMS 0x0000000087c00000, 0x0000000087b00000| Untracked 
| 124|0x0000000087c00000, 0x0000000087d00000, 0x0000000087d00000|100%| O|  |TAMS 0x0000000087d00000, 0x0000000087c00000| Untracked 
| 125|0x0000000087d00000, 0x0000000087e00000, 0x0000000087e00000|100%| O|  |TAMS 0x0000000087e00000, 0x0000000087d00000| Untracked 
| 126|0x0000000087e00000, 0x0000000087f00000, 0x0000000087f00000|100%| O|  |TAMS 0x0000000087f00000, 0x0000000087e00000| Untracked 
| 127|0x0000000087f00000, 0x0000000088000000, 0x0000000088000000|100%|HS|  |TAMS 0x0000000088000000, 0x0000000087f00000| Complete 
| 128|0x0000000088000000, 0x0000000088100000, 0x0000000088100000|100%|HC|  |TAMS 0x0000000088100000, 0x0000000088000000| Complete 
| 129|0x0000000088100000, 0x0000000088200000, 0x0000000088200000|100%|HC|  |TAMS 0x0000000088200000, 0x0000000088100000| Complete 
| 130|0x0000000088200000, 0x0000000088300000, 0x0000000088300000|100%|HS|  |TAMS 0x0000000088300000, 0x0000000088200000| Complete 
| 131|0x0000000088300000, 0x0000000088400000, 0x0000000088400000|100%|HC|  |TAMS 0x0000000088400000, 0x0000000088300000| Complete 
| 132|0x0000000088400000, 0x0000000088500000, 0x0000000088500000|100%|HC|  |TAMS 0x0000000088500000, 0x0000000088400000| Complete 
| 133|0x0000000088500000, 0x0000000088600000, 0x0000000088600000|100%|HS|  |TAMS 0x0000000088600000, 0x0000000088500000| Complete 
| 134|0x0000000088600000, 0x0000000088700000, 0x0000000088700000|100%|HC|  |TAMS 0x0000000088700000, 0x0000000088600000| Complete 
| 135|0x0000000088700000, 0x0000000088800000, 0x0000000088800000|100%|HS|  |TAMS 0x0000000088800000, 0x0000000088700000| Complete 
| 136|0x0000000088800000, 0x0000000088900000, 0x0000000088900000|100%|HC|  |TAMS 0x0000000088900000, 0x0000000088800000| Complete 
| 137|0x0000000088900000, 0x0000000088a00000, 0x0000000088a00000|100%|HC|  |TAMS 0x0000000088a00000, 0x0000000088900000| Complete 
| 138|0x0000000088a00000, 0x0000000088b00000, 0x0000000088b00000|100%|HC|  |TAMS 0x0000000088b00000, 0x0000000088a00000| Complete 
| 139|0x0000000088b00000, 0x0000000088c00000, 0x0000000088c00000|100%|HC|  |TAMS 0x0000000088c00000, 0x0000000088b00000| Complete 
| 140|0x0000000088c00000, 0x0000000088d00000, 0x0000000088d00000|100%|HC|  |TAMS 0x0000000088d00000, 0x0000000088c00000| Complete 
| 141|0x0000000088d00000, 0x0000000088e00000, 0x0000000088e00000|100%|HC|  |TAMS 0x0000000088e00000, 0x0000000088d00000| Complete 
| 142|0x0000000088e00000, 0x0000000088f00000, 0x0000000088f00000|100%|HC|  |TAMS 0x0000000088f00000, 0x0000000088e00000| Complete 
| 143|0x0000000088f00000, 0x0000000089000000, 0x0000000089000000|100%|HC|  |TAMS 0x0000000089000000, 0x0000000088f00000| Complete 
| 144|0x0000000089000000, 0x0000000089100000, 0x0000000089100000|100%|HC|  |TAMS 0x0000000089100000, 0x0000000089000000| Complete 
| 145|0x0000000089100000, 0x0000000089200000, 0x0000000089200000|100%|HS|  |TAMS 0x0000000089200000, 0x0000000089100000| Complete 
| 146|0x0000000089200000, 0x0000000089300000, 0x0000000089300000|100%|HC|  |TAMS 0x0000000089300000, 0x0000000089200000| Complete 
| 147|0x0000000089300000, 0x0000000089400000, 0x0000000089400000|100%|HS|  |TAMS 0x0000000089400000, 0x0000000089300000| Complete 
| 148|0x0000000089400000, 0x0000000089500000, 0x0000000089500000|100%|HC|  |TAMS 0x0000000089500000, 0x0000000089400000| Complete 
| 149|0x0000000089500000, 0x0000000089600000, 0x0000000089600000|100%|HC|  |TAMS 0x0000000089600000, 0x0000000089500000| Complete 
| 150|0x0000000089600000, 0x0000000089700000, 0x0000000089700000|100%|HC|  |TAMS 0x0000000089700000, 0x0000000089600000| Complete 
| 151|0x0000000089700000, 0x0000000089800000, 0x0000000089800000|100%|HC|  |TAMS 0x0000000089800000, 0x0000000089700000| Complete 
| 152|0x0000000089800000, 0x0000000089900000, 0x0000000089900000|100%|HC|  |TAMS 0x0000000089900000, 0x0000000089800000| Complete 
| 153|0x0000000089900000, 0x0000000089a00000, 0x0000000089a00000|100%|HS|  |TAMS 0x0000000089a00000, 0x0000000089900000| Complete 
| 154|0x0000000089a00000, 0x0000000089b00000, 0x0000000089b00000|100%| O|  |TAMS 0x0000000089b00000, 0x0000000089a00000| Untracked 
| 155|0x0000000089b00000, 0x0000000089c00000, 0x0000000089c00000|100%| O|  |TAMS 0x0000000089c00000, 0x0000000089b00000| Untracked 
| 156|0x0000000089c00000, 0x0000000089d00000, 0x0000000089d00000|100%| O|  |TAMS 0x0000000089d00000, 0x0000000089c00000| Untracked 
| 157|0x0000000089d00000, 0x0000000089e00000, 0x0000000089e00000|100%| O|  |TAMS 0x0000000089e00000, 0x0000000089d00000| Untracked 
| 158|0x0000000089e00000, 0x0000000089f00000, 0x0000000089f00000|100%| O|  |TAMS 0x0000000089f00000, 0x0000000089e00000| Untracked 
| 159|0x0000000089f00000, 0x000000008a000000, 0x000000008a000000|100%| O|  |TAMS 0x000000008a000000, 0x0000000089f00000| Untracked 
| 160|0x000000008a000000, 0x000000008a100000, 0x000000008a100000|100%| O|  |TAMS 0x000000008a100000, 0x000000008a000000| Untracked 
| 161|0x000000008a100000, 0x000000008a200000, 0x000000008a200000|100%| O|  |TAMS 0x000000008a200000, 0x000000008a100000| Untracked 
| 162|0x000000008a200000, 0x000000008a300000, 0x000000008a300000|100%| O|  |TAMS 0x000000008a300000, 0x000000008a200000| Updating 
| 163|0x000000008a300000, 0x000000008a400000, 0x000000008a400000|100%| O|  |TAMS 0x000000008a400000, 0x000000008a300000| Updating 
| 164|0x000000008a400000, 0x000000008a500000, 0x000000008a500000|100%| O|  |TAMS 0x000000008a500000, 0x000000008a400000| Untracked 
| 165|0x000000008a500000, 0x000000008a500000, 0x000000008a600000|  0%| F|  |TAMS 0x000000008a500000, 0x000000008a500000| Untracked 
| 166|0x000000008a600000, 0x000000008a700000, 0x000000008a700000|100%| O|  |TAMS 0x000000008a700000, 0x000000008a600000| Untracked 
| 167|0x000000008a700000, 0x000000008a800000, 0x000000008a800000|100%| O|  |TAMS 0x000000008a800000, 0x000000008a700000| Untracked 
| 168|0x000000008a800000, 0x000000008a900000, 0x000000008a900000|100%| O|  |TAMS 0x000000008a900000, 0x000000008a800000| Untracked 
| 169|0x000000008a900000, 0x000000008aa00000, 0x000000008aa00000|100%| O|  |TAMS 0x000000008aa00000, 0x000000008a900000| Untracked 
| 170|0x000000008aa00000, 0x000000008ab00000, 0x000000008ab00000|100%| O|  |TAMS 0x000000008ab00000, 0x000000008aa00000| Untracked 
| 171|0x000000008ab00000, 0x000000008ac00000, 0x000000008ac00000|100%| O|  |TAMS 0x000000008ac00000, 0x000000008ab00000| Untracked 
| 172|0x000000008ac00000, 0x000000008ad00000, 0x000000008ad00000|100%| O|  |TAMS 0x000000008ad00000, 0x000000008ac00000| Untracked 
| 173|0x000000008ad00000, 0x000000008ae00000, 0x000000008ae00000|100%| O|  |TAMS 0x000000008ae00000, 0x000000008ad00000| Untracked 
| 174|0x000000008ae00000, 0x000000008af00000, 0x000000008af00000|100%| O|  |TAMS 0x000000008af00000, 0x000000008ae00000| Untracked 
| 175|0x000000008af00000, 0x000000008b000000, 0x000000008b000000|100%| O|  |TAMS 0x000000008b000000, 0x000000008af00000| Untracked 
| 176|0x000000008b000000, 0x000000008b100000, 0x000000008b100000|100%| O|  |TAMS 0x000000008b100000, 0x000000008b000000| Untracked 
| 177|0x000000008b100000, 0x000000008b200000, 0x000000008b200000|100%| O|  |TAMS 0x000000008b200000, 0x000000008b100000| Untracked 
| 178|0x000000008b200000, 0x000000008b300000, 0x000000008b300000|100%| O|  |TAMS 0x000000008b300000, 0x000000008b200000| Untracked 
| 179|0x000000008b300000, 0x000000008b400000, 0x000000008b400000|100%| O|  |TAMS 0x000000008b400000, 0x000000008b300000| Updating 
| 180|0x000000008b400000, 0x000000008b500000, 0x000000008b500000|100%| O|  |TAMS 0x000000008b500000, 0x000000008b400000| Untracked 
| 181|0x000000008b500000, 0x000000008b600000, 0x000000008b600000|100%| O|  |TAMS 0x000000008b600000, 0x000000008b500000| Untracked 
| 182|0x000000008b600000, 0x000000008b6d3800, 0x000000008b700000| 82%| O|  |TAMS 0x000000008b6d3800, 0x000000008b600000| Updating 
| 183|0x000000008b700000, 0x000000008b700000, 0x000000008b800000|  0%| F|  |TAMS 0x000000008b700000, 0x000000008b700000| Untracked 
| 184|0x000000008b800000, 0x000000008b800000, 0x000000008b900000|  0%| F|  |TAMS 0x000000008b800000, 0x000000008b800000| Untracked 
| 185|0x000000008b900000, 0x000000008b900000, 0x000000008ba00000|  0%| F|  |TAMS 0x000000008b900000, 0x000000008b900000| Untracked 
| 186|0x000000008ba00000, 0x000000008ba00000, 0x000000008bb00000|  0%| F|  |TAMS 0x000000008ba00000, 0x000000008ba00000| Untracked 
| 187|0x000000008bb00000, 0x000000008bc00000, 0x000000008bc00000|100%| O|  |TAMS 0x000000008bc00000, 0x000000008bb00000| Untracked 
| 188|0x000000008bc00000, 0x000000008bd00000, 0x000000008bd00000|100%| O|  |TAMS 0x000000008bd00000, 0x000000008bc00000| Updating 
| 189|0x000000008bd00000, 0x000000008be00000, 0x000000008be00000|100%| O|  |TAMS 0x000000008be00000, 0x000000008bd00000| Updating 
| 190|0x000000008be00000, 0x000000008be00000, 0x000000008bf00000|  0%| F|  |TAMS 0x000000008be00000, 0x000000008be00000| Untracked 
| 191|0x000000008bf00000, 0x000000008bf00000, 0x000000008c000000|  0%| F|  |TAMS 0x000000008bf00000, 0x000000008bf00000| Untracked 
| 192|0x000000008c000000, 0x000000008c000000, 0x000000008c100000|  0%| F|  |TAMS 0x000000008c000000, 0x000000008c000000| Untracked 
| 193|0x000000008c100000, 0x000000008c100000, 0x000000008c200000|  0%| F|  |TAMS 0x000000008c100000, 0x000000008c100000| Untracked 
| 194|0x000000008c200000, 0x000000008c200000, 0x000000008c300000|  0%| F|  |TAMS 0x000000008c200000, 0x000000008c200000| Untracked 
| 195|0x000000008c300000, 0x000000008c300000, 0x000000008c400000|  0%| F|  |TAMS 0x000000008c300000, 0x000000008c300000| Untracked 
| 196|0x000000008c400000, 0x000000008c400000, 0x000000008c500000|  0%| F|  |TAMS 0x000000008c400000, 0x000000008c400000| Untracked 
| 197|0x000000008c500000, 0x000000008c500000, 0x000000008c600000|  0%| F|  |TAMS 0x000000008c500000, 0x000000008c500000| Untracked 
| 198|0x000000008c600000, 0x000000008c600000, 0x000000008c700000|  0%| F|  |TAMS 0x000000008c600000, 0x000000008c600000| Untracked 
| 199|0x000000008c700000, 0x000000008c700000, 0x000000008c800000|  0%| F|  |TAMS 0x000000008c700000, 0x000000008c700000| Untracked 
| 200|0x000000008c800000, 0x000000008c800000, 0x000000008c900000|  0%| F|  |TAMS 0x000000008c800000, 0x000000008c800000| Untracked 
| 201|0x000000008c900000, 0x000000008c900000, 0x000000008ca00000|  0%| F|  |TAMS 0x000000008c900000, 0x000000008c900000| Untracked 
| 202|0x000000008ca00000, 0x000000008ca00000, 0x000000008cb00000|  0%| F|  |TAMS 0x000000008ca00000, 0x000000008ca00000| Untracked 
| 203|0x000000008cb00000, 0x000000008cb00000, 0x000000008cc00000|  0%| F|  |TAMS 0x000000008cb00000, 0x000000008cb00000| Untracked 
| 204|0x000000008cc00000, 0x000000008cc00000, 0x000000008cd00000|  0%| F|  |TAMS 0x000000008cc00000, 0x000000008cc00000| Untracked 
| 205|0x000000008cd00000, 0x000000008cd00000, 0x000000008ce00000|  0%| F|  |TAMS 0x000000008cd00000, 0x000000008cd00000| Untracked 
| 206|0x000000008ce00000, 0x000000008ce00000, 0x000000008cf00000|  0%| F|  |TAMS 0x000000008ce00000, 0x000000008ce00000| Untracked 
| 207|0x000000008cf00000, 0x000000008cf00000, 0x000000008d000000|  0%| F|  |TAMS 0x000000008cf00000, 0x000000008cf00000| Untracked 
| 208|0x000000008d000000, 0x000000008d000000, 0x000000008d100000|  0%| F|  |TAMS 0x000000008d000000, 0x000000008d000000| Untracked 
| 209|0x000000008d100000, 0x000000008d100000, 0x000000008d200000|  0%| F|  |TAMS 0x000000008d100000, 0x000000008d100000| Untracked 
| 210|0x000000008d200000, 0x000000008d200000, 0x000000008d300000|  0%| F|  |TAMS 0x000000008d200000, 0x000000008d200000| Untracked 
| 211|0x000000008d300000, 0x000000008d300000, 0x000000008d400000|  0%| F|  |TAMS 0x000000008d300000, 0x000000008d300000| Untracked 
| 212|0x000000008d400000, 0x000000008d400000, 0x000000008d500000|  0%| F|  |TAMS 0x000000008d400000, 0x000000008d400000| Untracked 
| 213|0x000000008d500000, 0x000000008d500000, 0x000000008d600000|  0%| F|  |TAMS 0x000000008d500000, 0x000000008d500000| Untracked 
| 214|0x000000008d600000, 0x000000008d600000, 0x000000008d700000|  0%| F|  |TAMS 0x000000008d600000, 0x000000008d600000| Untracked 
| 215|0x000000008d700000, 0x000000008d700000, 0x000000008d800000|  0%| F|  |TAMS 0x000000008d700000, 0x000000008d700000| Untracked 
| 216|0x000000008d800000, 0x000000008d800000, 0x000000008d900000|  0%| F|  |TAMS 0x000000008d800000, 0x000000008d800000| Untracked 
| 217|0x000000008d900000, 0x000000008d900000, 0x000000008da00000|  0%| F|  |TAMS 0x000000008d900000, 0x000000008d900000| Untracked 
| 218|0x000000008da00000, 0x000000008da00000, 0x000000008db00000|  0%| F|  |TAMS 0x000000008da00000, 0x000000008da00000| Untracked 
| 219|0x000000008db00000, 0x000000008db00000, 0x000000008dc00000|  0%| F|  |TAMS 0x000000008db00000, 0x000000008db00000| Untracked 
| 220|0x000000008dc00000, 0x000000008dc00000, 0x000000008dd00000|  0%| F|  |TAMS 0x000000008dc00000, 0x000000008dc00000| Untracked 
| 221|0x000000008dd00000, 0x000000008dd00000, 0x000000008de00000|  0%| F|  |TAMS 0x000000008dd00000, 0x000000008dd00000| Untracked 
| 222|0x000000008de00000, 0x000000008de00000, 0x000000008df00000|  0%| F|  |TAMS 0x000000008de00000, 0x000000008de00000| Untracked 
| 223|0x000000008df00000, 0x000000008df00000, 0x000000008e000000|  0%| F|  |TAMS 0x000000008df00000, 0x000000008df00000| Untracked 
| 224|0x000000008e000000, 0x000000008e000000, 0x000000008e100000|  0%| F|  |TAMS 0x000000008e000000, 0x000000008e000000| Untracked 
| 225|0x000000008e100000, 0x000000008e100000, 0x000000008e200000|  0%| F|  |TAMS 0x000000008e100000, 0x000000008e100000| Untracked 
| 226|0x000000008e200000, 0x000000008e200000, 0x000000008e300000|  0%| F|  |TAMS 0x000000008e200000, 0x000000008e200000| Untracked 
| 227|0x000000008e300000, 0x000000008e300000, 0x000000008e400000|  0%| F|  |TAMS 0x000000008e300000, 0x000000008e300000| Untracked 
| 228|0x000000008e400000, 0x000000008e400000, 0x000000008e500000|  0%| F|  |TAMS 0x000000008e400000, 0x000000008e400000| Untracked 
| 229|0x000000008e500000, 0x000000008e5c4f68, 0x000000008e600000| 76%| S|CS|TAMS 0x000000008e500000, 0x000000008e500000| Complete 
| 230|0x000000008e600000, 0x000000008e700000, 0x000000008e700000|100%| S|CS|TAMS 0x000000008e600000, 0x000000008e600000| Complete 
| 231|0x000000008e700000, 0x000000008e800000, 0x000000008e800000|100%| S|CS|TAMS 0x000000008e700000, 0x000000008e700000| Complete 
| 232|0x000000008e800000, 0x000000008e900000, 0x000000008e900000|100%| S|CS|TAMS 0x000000008e800000, 0x000000008e800000| Complete 
| 233|0x000000008e900000, 0x000000008ea00000, 0x000000008ea00000|100%| S|CS|TAMS 0x000000008e900000, 0x000000008e900000| Complete 
| 234|0x000000008ea00000, 0x000000008eb00000, 0x000000008eb00000|100%| S|CS|TAMS 0x000000008ea00000, 0x000000008ea00000| Complete 
| 235|0x000000008eb00000, 0x000000008eb00000, 0x000000008ec00000|  0%| F|  |TAMS 0x000000008eb00000, 0x000000008eb00000| Untracked 
| 236|0x000000008ec00000, 0x000000008ec00000, 0x000000008ed00000|  0%| F|  |TAMS 0x000000008ec00000, 0x000000008ec00000| Untracked 
| 237|0x000000008ed00000, 0x000000008ed00000, 0x000000008ee00000|  0%| F|  |TAMS 0x000000008ed00000, 0x000000008ed00000| Untracked 
| 238|0x000000008ee00000, 0x000000008ee00000, 0x000000008ef00000|  0%| F|  |TAMS 0x000000008ee00000, 0x000000008ee00000| Untracked 
| 239|0x000000008ef00000, 0x000000008ef00000, 0x000000008f000000|  0%| F|  |TAMS 0x000000008ef00000, 0x000000008ef00000| Untracked 
| 240|0x000000008f000000, 0x000000008f000000, 0x000000008f100000|  0%| F|  |TAMS 0x000000008f000000, 0x000000008f000000| Untracked 
| 241|0x000000008f100000, 0x000000008f100000, 0x000000008f200000|  0%| F|  |TAMS 0x000000008f100000, 0x000000008f100000| Untracked 
| 242|0x000000008f200000, 0x000000008f200000, 0x000000008f300000|  0%| F|  |TAMS 0x000000008f200000, 0x000000008f200000| Untracked 
| 243|0x000000008f300000, 0x000000008f300000, 0x000000008f400000|  0%| F|  |TAMS 0x000000008f300000, 0x000000008f300000| Untracked 
| 244|0x000000008f400000, 0x000000008f400000, 0x000000008f500000|  0%| F|  |TAMS 0x000000008f400000, 0x000000008f400000| Untracked 
| 245|0x000000008f500000, 0x000000008f500000, 0x000000008f600000|  0%| F|  |TAMS 0x000000008f500000, 0x000000008f500000| Untracked 
| 246|0x000000008f600000, 0x000000008f600000, 0x000000008f700000|  0%| F|  |TAMS 0x000000008f600000, 0x000000008f600000| Untracked 
| 247|0x000000008f700000, 0x000000008f700000, 0x000000008f800000|  0%| F|  |TAMS 0x000000008f700000, 0x000000008f700000| Untracked 
| 248|0x000000008f800000, 0x000000008f800000, 0x000000008f900000|  0%| F|  |TAMS 0x000000008f800000, 0x000000008f800000| Untracked 
| 249|0x000000008f900000, 0x000000008f900000, 0x000000008fa00000|  0%| F|  |TAMS 0x000000008f900000, 0x000000008f900000| Untracked 
| 250|0x000000008fa00000, 0x000000008fa00000, 0x000000008fb00000|  0%| F|  |TAMS 0x000000008fa00000, 0x000000008fa00000| Untracked 
| 251|0x000000008fb00000, 0x000000008fb00000, 0x000000008fc00000|  0%| F|  |TAMS 0x000000008fb00000, 0x000000008fb00000| Untracked 
| 252|0x000000008fc00000, 0x000000008fc00000, 0x000000008fd00000|  0%| F|  |TAMS 0x000000008fc00000, 0x000000008fc00000| Untracked 
| 253|0x000000008fd00000, 0x000000008fd00000, 0x000000008fe00000|  0%| F|  |TAMS 0x000000008fd00000, 0x000000008fd00000| Untracked 
| 254|0x000000008fe00000, 0x000000008fe00000, 0x000000008ff00000|  0%| F|  |TAMS 0x000000008fe00000, 0x000000008fe00000| Untracked 
| 255|0x000000008ff00000, 0x000000008ff00000, 0x0000000090000000|  0%| F|  |TAMS 0x000000008ff00000, 0x000000008ff00000| Untracked 
| 256|0x0000000090000000, 0x0000000090000000, 0x0000000090100000|  0%| F|  |TAMS 0x0000000090000000, 0x0000000090000000| Untracked 
| 257|0x0000000090100000, 0x0000000090100000, 0x0000000090200000|  0%| F|  |TAMS 0x0000000090100000, 0x0000000090100000| Untracked 
| 258|0x0000000090200000, 0x0000000090200000, 0x0000000090300000|  0%| F|  |TAMS 0x0000000090200000, 0x0000000090200000| Untracked 
| 259|0x0000000090300000, 0x0000000090300000, 0x0000000090400000|  0%| F|  |TAMS 0x0000000090300000, 0x0000000090300000| Untracked 
| 260|0x0000000090400000, 0x0000000090400000, 0x0000000090500000|  0%| F|  |TAMS 0x0000000090400000, 0x0000000090400000| Untracked 
| 261|0x0000000090500000, 0x0000000090500000, 0x0000000090600000|  0%| F|  |TAMS 0x0000000090500000, 0x0000000090500000| Untracked 
| 262|0x0000000090600000, 0x0000000090600000, 0x0000000090700000|  0%| F|  |TAMS 0x0000000090600000, 0x0000000090600000| Untracked 
| 263|0x0000000090700000, 0x0000000090700000, 0x0000000090800000|  0%| F|  |TAMS 0x0000000090700000, 0x0000000090700000| Untracked 
| 264|0x0000000090800000, 0x0000000090800000, 0x0000000090900000|  0%| F|  |TAMS 0x0000000090800000, 0x0000000090800000| Untracked 
| 265|0x0000000090900000, 0x0000000090900000, 0x0000000090a00000|  0%| F|  |TAMS 0x0000000090900000, 0x0000000090900000| Untracked 
| 266|0x0000000090a00000, 0x0000000090a00000, 0x0000000090b00000|  0%| F|  |TAMS 0x0000000090a00000, 0x0000000090a00000| Untracked 
| 267|0x0000000090b00000, 0x0000000090b00000, 0x0000000090c00000|  0%| F|  |TAMS 0x0000000090b00000, 0x0000000090b00000| Untracked 
| 268|0x0000000090c00000, 0x0000000090c00000, 0x0000000090d00000|  0%| F|  |TAMS 0x0000000090c00000, 0x0000000090c00000| Untracked 
| 269|0x0000000090d00000, 0x0000000090d00000, 0x0000000090e00000|  0%| F|  |TAMS 0x0000000090d00000, 0x0000000090d00000| Untracked 
| 270|0x0000000090e00000, 0x0000000090e00000, 0x0000000090f00000|  0%| F|  |TAMS 0x0000000090e00000, 0x0000000090e00000| Untracked 
| 271|0x0000000090f00000, 0x0000000090f00000, 0x0000000091000000|  0%| F|  |TAMS 0x0000000090f00000, 0x0000000090f00000| Untracked 
| 272|0x0000000091000000, 0x0000000091000000, 0x0000000091100000|  0%| F|  |TAMS 0x0000000091000000, 0x0000000091000000| Untracked 
| 273|0x0000000091100000, 0x0000000091100000, 0x0000000091200000|  0%| F|  |TAMS 0x0000000091100000, 0x0000000091100000| Untracked 
| 274|0x0000000091200000, 0x0000000091200000, 0x0000000091300000|  0%| F|  |TAMS 0x0000000091200000, 0x0000000091200000| Untracked 
| 275|0x0000000091300000, 0x0000000091300000, 0x0000000091400000|  0%| F|  |TAMS 0x0000000091300000, 0x0000000091300000| Untracked 
| 276|0x0000000091400000, 0x0000000091400000, 0x0000000091500000|  0%| F|  |TAMS 0x0000000091400000, 0x0000000091400000| Untracked 
| 277|0x0000000091500000, 0x0000000091500000, 0x0000000091600000|  0%| F|  |TAMS 0x0000000091500000, 0x0000000091500000| Untracked 
| 278|0x0000000091600000, 0x0000000091600000, 0x0000000091700000|  0%| F|  |TAMS 0x0000000091600000, 0x0000000091600000| Untracked 
| 279|0x0000000091700000, 0x0000000091700000, 0x0000000091800000|  0%| F|  |TAMS 0x0000000091700000, 0x0000000091700000| Untracked 
| 280|0x0000000091800000, 0x0000000091800000, 0x0000000091900000|  0%| F|  |TAMS 0x0000000091800000, 0x0000000091800000| Untracked 
| 281|0x0000000091900000, 0x0000000091900000, 0x0000000091a00000|  0%| F|  |TAMS 0x0000000091900000, 0x0000000091900000| Untracked 
| 282|0x0000000091a00000, 0x0000000091a00000, 0x0000000091b00000|  0%| F|  |TAMS 0x0000000091a00000, 0x0000000091a00000| Untracked 
| 283|0x0000000091b00000, 0x0000000091b00000, 0x0000000091c00000|  0%| F|  |TAMS 0x0000000091b00000, 0x0000000091b00000| Untracked 
| 284|0x0000000091c00000, 0x0000000091c00000, 0x0000000091d00000|  0%| F|  |TAMS 0x0000000091c00000, 0x0000000091c00000| Untracked 
| 285|0x0000000091d00000, 0x0000000091d00000, 0x0000000091e00000|  0%| F|  |TAMS 0x0000000091d00000, 0x0000000091d00000| Untracked 
| 286|0x0000000091e00000, 0x0000000091e00000, 0x0000000091f00000|  0%| F|  |TAMS 0x0000000091e00000, 0x0000000091e00000| Untracked 
| 287|0x0000000091f00000, 0x0000000091f00000, 0x0000000092000000|  0%| F|  |TAMS 0x0000000091f00000, 0x0000000091f00000| Untracked 
| 288|0x0000000092000000, 0x0000000092000000, 0x0000000092100000|  0%| F|  |TAMS 0x0000000092000000, 0x0000000092000000| Untracked 
| 289|0x0000000092100000, 0x0000000092100000, 0x0000000092200000|  0%| F|  |TAMS 0x0000000092100000, 0x0000000092100000| Untracked 
| 290|0x0000000092200000, 0x0000000092200000, 0x0000000092300000|  0%| F|  |TAMS 0x0000000092200000, 0x0000000092200000| Untracked 
| 291|0x0000000092300000, 0x0000000092300000, 0x0000000092400000|  0%| F|  |TAMS 0x0000000092300000, 0x0000000092300000| Untracked 
| 292|0x0000000092400000, 0x0000000092400000, 0x0000000092500000|  0%| F|  |TAMS 0x0000000092400000, 0x0000000092400000| Untracked 
| 293|0x0000000092500000, 0x0000000092500000, 0x0000000092600000|  0%| F|  |TAMS 0x0000000092500000, 0x0000000092500000| Untracked 
| 294|0x0000000092600000, 0x0000000092600000, 0x0000000092700000|  0%| F|  |TAMS 0x0000000092600000, 0x0000000092600000| Untracked 
| 295|0x0000000092700000, 0x0000000092700000, 0x0000000092800000|  0%| F|  |TAMS 0x0000000092700000, 0x0000000092700000| Untracked 
| 296|0x0000000092800000, 0x0000000092800000, 0x0000000092900000|  0%| F|  |TAMS 0x0000000092800000, 0x0000000092800000| Untracked 
| 297|0x0000000092900000, 0x0000000092900000, 0x0000000092a00000|  0%| F|  |TAMS 0x0000000092900000, 0x0000000092900000| Untracked 
| 298|0x0000000092a00000, 0x0000000092a00000, 0x0000000092b00000|  0%| F|  |TAMS 0x0000000092a00000, 0x0000000092a00000| Untracked 
| 299|0x0000000092b00000, 0x0000000092b00000, 0x0000000092c00000|  0%| F|  |TAMS 0x0000000092b00000, 0x0000000092b00000| Untracked 
| 300|0x0000000092c00000, 0x0000000092c00000, 0x0000000092d00000|  0%| F|  |TAMS 0x0000000092c00000, 0x0000000092c00000| Untracked 
| 301|0x0000000092d00000, 0x0000000092d00000, 0x0000000092e00000|  0%| F|  |TAMS 0x0000000092d00000, 0x0000000092d00000| Untracked 
| 302|0x0000000092e00000, 0x0000000092e00000, 0x0000000092f00000|  0%| F|  |TAMS 0x0000000092e00000, 0x0000000092e00000| Untracked 
| 303|0x0000000092f00000, 0x0000000092ff3900, 0x0000000093000000| 95%| E|  |TAMS 0x0000000092f00000, 0x0000000092f00000| Complete 
| 304|0x0000000093000000, 0x0000000093100000, 0x0000000093100000|100%| E|CS|TAMS 0x0000000093000000, 0x0000000093000000| Complete 
| 305|0x0000000093100000, 0x0000000093200000, 0x0000000093200000|100%| E|CS|TAMS 0x0000000093100000, 0x0000000093100000| Complete 
| 306|0x0000000093200000, 0x0000000093300000, 0x0000000093300000|100%| E|CS|TAMS 0x0000000093200000, 0x0000000093200000| Complete 
| 307|0x0000000093300000, 0x0000000093400000, 0x0000000093400000|100%| E|CS|TAMS 0x0000000093300000, 0x0000000093300000| Complete 
| 308|0x0000000093400000, 0x0000000093500000, 0x0000000093500000|100%| E|CS|TAMS 0x0000000093400000, 0x0000000093400000| Complete 
| 309|0x0000000093500000, 0x0000000093600000, 0x0000000093600000|100%| E|CS|TAMS 0x0000000093500000, 0x0000000093500000| Complete 

Card table byte_map: [0x000001687b6e0000,0x000001687bae0000] _byte_map_base: 0x000001687b2e0000

Marking Bits (Prev, Next): (CMBitMap*) 0x0000016868e73c10, (CMBitMap*) 0x0000016868e73c50
 Prev Bits: [0x000001687bee0000, 0x000001687dee0000)
 Next Bits: [0x000001687dee0000, 0x000001687fee0000)

Polling page: 0x0000016866da0000

Metaspace:

Usage:
  Non-class:     94.72 MB used.
      Class:     14.64 MB used.
       Both:    109.36 MB used.

Virtual space:
  Non-class space:       96.00 MB reserved,      95.19 MB (>99%) committed,  12 nodes.
      Class space:        1.00 GB reserved,      15.00 MB (  1%) committed,  1 nodes.
             Both:        1.09 GB reserved,     110.19 MB ( 10%) committed. 

Chunk freelists:
   Non-Class:  496.00 KB
       Class:  959.00 KB
        Both:  1.42 MB

MaxMetaspaceSize: unlimited
CompressedClassSpaceSize: 1.00 GB
Initial GC threshold: 21.00 MB
Current GC threshold: 169.38 MB
CDS: off
MetaspaceReclaimPolicy: balanced
 - commit_granule_bytes: 65536.
 - commit_granule_words: 8192.
 - virtual_space_node_default_size: 1048576.
 - enlarge_chunks_in_place: 1.
 - new_chunks_are_fully_committed: 0.
 - uncommit_free_chunks: 1.
 - use_allocation_guard: 0.
 - handle_deallocations: 1.


Internal statistics:

num_allocs_failed_limit: 3.
num_arena_births: 1054.
num_arena_deaths: 4.
num_vsnodes_births: 13.
num_vsnodes_deaths: 0.
num_space_committed: 1763.
num_space_uncommitted: 0.
num_chunks_returned_to_freelist: 11.
num_chunks_taken_from_freelist: 5283.
num_chunk_merges: 4.
num_chunk_splits: 3502.
num_chunks_enlarged: 2367.
num_purges: 4.
num_inconsistent_stats: 0.

CodeHeap 'non-profiled nmethods': size=120000Kb used=5314Kb max_used=5343Kb free=114685Kb
 bounds [0x0000016873db0000, 0x0000016874300000, 0x000001687b2e0000]
CodeHeap 'profiled nmethods': size=120000Kb used=22081Kb max_used=22081Kb free=97918Kb
 bounds [0x000001686c2e0000, 0x000001686d880000, 0x0000016873810000]
CodeHeap 'non-nmethods': size=5760Kb used=2450Kb max_used=2524Kb free=3309Kb
 bounds [0x0000016873810000, 0x0000016873ab0000, 0x0000016873db0000]
 total_blobs=12565 nmethods=11573 adapters=904
 compilation: enabled
              stopped_count=0, restarted_count=0
 full_count=0

Compilation events (20 events):
Event: 38.181 Thread 0x0000016803065020 13397       3       org.gradle.internal.execution.steps.ResolveChangesStep::execute (10 bytes)
Event: 38.181 Thread 0x0000016803065020 nmethod 13397 0x000001686d86b510 code [0x000001686d86b6c0, 0x000001686d86b8e8]
Event: 38.181 Thread 0x0000016803065020 13398       3       org.gradle.internal.execution.steps.SkipUpToDateStep$$Lambda$1194/0x0000000100da4b88::<init> (10 bytes)
Event: 38.181 Thread 0x0000016803065020 nmethod 13398 0x000001686d86b990 code [0x000001686d86bb20, 0x000001686d86bcd8]
Event: 38.181 Thread 0x0000016803065020 13399       3       org.gradle.api.internal.artifacts.transform.TransformationResult::builder (8 bytes)
Event: 38.182 Thread 0x0000016803065020 nmethod 13399 0x000001686d86bd90 code [0x000001686d86bf60, 0x000001686d86c4f8]
Event: 38.185 Thread 0x0000016803027c50 nmethod 13320 0x0000016873dfd190 code [0x0000016873dfd520, 0x0000016873dff210]
Event: 38.185 Thread 0x0000016803027c50 13317       4       org.gradle.internal.hash.HashCode::toStringBuilder (67 bytes)
Event: 38.188 Thread 0x0000016803065020 13401       3       java.nio.ByteBuffer::put (124 bytes)
Event: 38.188 Thread 0x0000016803065020 nmethod 13401 0x000001686d86c710 code [0x000001686d86c940, 0x000001686d86d148]
Event: 38.189 Thread 0x0000016803065020 13402   !   3       java.nio.ByteBuffer::putBuffer (142 bytes)
Event: 38.190 Thread 0x0000016803065020 nmethod 13402 0x000001686d86d390 code [0x000001686d86d640, 0x000001686d86e438]
Event: 38.190 Thread 0x0000016803065020 13403       3       java.io.BufferedReader::<init> (62 bytes)
Event: 38.190 Thread 0x0000016803065020 nmethod 13403 0x000001686d86ec10 code [0x000001686d86ee00, 0x000001686d86f3d8]
Event: 38.191 Thread 0x0000016803065020 13404       3       java.nio.HeapByteBuffer::put (12 bytes)
Event: 38.191 Thread 0x0000016803065020 nmethod 13404 0x000001686d86f590 code [0x000001686d86f760, 0x000001686d86fb68]
Event: 38.193 Thread 0x0000016803065020 13406       3       org.gradle.internal.file.impl.DefaultFileMetadata::directory (52 bytes)
Event: 38.193 Thread 0x0000016803065020 nmethod 13406 0x000001686d86fd10 code [0x000001686d86fec0, 0x000001686d870168]
Event: 38.196 Thread 0x0000016803065020 13407       3       org.gradle.internal.work.DefaultWorkerLeaseService::releaseLocks (15 bytes)
Event: 38.196 Thread 0x0000016803065020 nmethod 13407 0x000001686d870290 code [0x000001686d870460, 0x000001686d8707a8]

GC Heap History (20 events):
Event: 21.983 GC heap before
{Heap before GC invocations=39 (full 0):
 garbage-first heap   total 239616K, used 164479K [0x0000000080000000, 0x0000000100000000)
  region size 1024K, 36 young (36864K), 3 survivors (3072K)
 Metaspace       used 72481K, committed 73088K, reserved 1114112K
  class space    used 9679K, committed 9920K, reserved 1048576K
}
Event: 21.993 GC heap after
{Heap after GC invocations=40 (full 0):
 garbage-first heap   total 239616K, used 127398K [0x0000000080000000, 0x0000000100000000)
  region size 1024K, 5 young (5120K), 5 survivors (5120K)
 Metaspace       used 72481K, committed 73088K, reserved 1114112K
  class space    used 9679K, committed 9920K, reserved 1048576K
}
Event: 22.463 GC heap before
{Heap before GC invocations=40 (full 0):
 garbage-first heap   total 239616K, used 146854K [0x0000000080000000, 0x0000000100000000)
  region size 1024K, 25 young (25600K), 5 survivors (5120K)
 Metaspace       used 74224K, committed 74880K, reserved 1114112K
  class space    used 9884K, committed 10176K, reserved 1048576K
}
Event: 22.474 GC heap after
{Heap after GC invocations=41 (full 0):
 garbage-first heap   total 287744K, used 129356K [0x0000000080000000, 0x0000000100000000)
  region size 1024K, 5 young (5120K), 5 survivors (5120K)
 Metaspace       used 74224K, committed 74880K, reserved 1114112K
  class space    used 9884K, committed 10176K, reserved 1048576K
}
Event: 24.369 GC heap before
{Heap before GC invocations=41 (full 0):
 garbage-first heap   total 287744K, used 205132K [0x0000000080000000, 0x0000000100000000)
  region size 1024K, 78 young (79872K), 5 survivors (5120K)
 Metaspace       used 78810K, committed 79488K, reserved 1122304K
  class space    used 10488K, committed 10816K, reserved 1048576K
}
Event: 24.379 GC heap after
{Heap after GC invocations=42 (full 0):
 garbage-first heap   total 287744K, used 134115K [0x0000000080000000, 0x0000000100000000)
  region size 1024K, 10 young (10240K), 10 survivors (10240K)
 Metaspace       used 78810K, committed 79488K, reserved 1122304K
  class space    used 10488K, committed 10816K, reserved 1048576K
}
Event: 26.554 GC heap before
{Heap before GC invocations=42 (full 0):
 garbage-first heap   total 287744K, used 205795K [0x0000000080000000, 0x0000000100000000)
  region size 1024K, 79 young (80896K), 10 survivors (10240K)
 Metaspace       used 86836K, committed 87488K, reserved 1130496K
  class space    used 11800K, committed 12096K, reserved 1048576K
}
Event: 26.571 GC heap after
{Heap after GC invocations=43 (full 0):
 garbage-first heap   total 287744K, used 142811K [0x0000000080000000, 0x0000000100000000)
  region size 1024K, 13 young (13312K), 13 survivors (13312K)
 Metaspace       used 86836K, committed 87488K, reserved 1130496K
  class space    used 11800K, committed 12096K, reserved 1048576K
}
Event: 30.610 GC heap before
{Heap before GC invocations=44 (full 0):
 garbage-first heap   total 290816K, used 256475K [0x0000000080000000, 0x0000000100000000)
  region size 1024K, 97 young (99328K), 13 survivors (13312K)
 Metaspace       used 95555K, committed 96256K, reserved 1138688K
  class space    used 12991K, committed 13312K, reserved 1048576K
}
Event: 30.645 GC heap after
{Heap after GC invocations=45 (full 0):
 garbage-first heap   total 290816K, used 179136K [0x0000000080000000, 0x0000000100000000)
  region size 1024K, 13 young (13312K), 13 survivors (13312K)
 Metaspace       used 95555K, committed 96256K, reserved 1138688K
  class space    used 12991K, committed 13312K, reserved 1048576K
}
Event: 30.675 GC heap before
{Heap before GC invocations=45 (full 0):
 garbage-first heap   total 290816K, used 180160K [0x0000000080000000, 0x0000000100000000)
  region size 1024K, 14 young (14336K), 13 survivors (13312K)
 Metaspace       used 95697K, committed 96320K, reserved 1138688K
  class space    used 13014K, committed 13312K, reserved 1048576K
}
Event: 30.694 GC heap after
{Heap after GC invocations=46 (full 0):
 garbage-first heap   total 290816K, used 180569K [0x0000000080000000, 0x0000000100000000)
  region size 1024K, 1 young (1024K), 1 survivors (1024K)
 Metaspace       used 95697K, committed 96320K, reserved 1138688K
  class space    used 13014K, committed 13312K, reserved 1048576K
}
Event: 33.071 GC heap before
{Heap before GC invocations=46 (full 0):
 garbage-first heap   total 290816K, used 238937K [0x0000000080000000, 0x0000000100000000)
  region size 1024K, 59 young (60416K), 1 survivors (1024K)
 Metaspace       used 103345K, committed 104064K, reserved 1146880K
  class space    used 13946K, committed 14272K, reserved 1048576K
}
Event: 33.088 GC heap after
{Heap after GC invocations=47 (full 0):
 garbage-first heap   total 290816K, used 184900K [0x0000000080000000, 0x0000000100000000)
  region size 1024K, 6 young (6144K), 6 survivors (6144K)
 Metaspace       used 103345K, committed 104064K, reserved 1146880K
  class space    used 13946K, committed 14272K, reserved 1048576K
}
Event: 35.574 GC heap before
{Heap before GC invocations=48 (full 0):
 garbage-first heap   total 317440K, used 239172K [0x0000000080000000, 0x0000000100000000)
  region size 1024K, 60 young (61440K), 6 survivors (6144K)
 Metaspace       used 104307K, committed 105024K, reserved 1146880K
  class space    used 14018K, committed 14336K, reserved 1048576K
}
Event: 35.591 GC heap after
{Heap after GC invocations=49 (full 0):
 garbage-first heap   total 317440K, used 189472K [0x0000000080000000, 0x0000000100000000)
  region size 1024K, 5 young (5120K), 5 survivors (5120K)
 Metaspace       used 104307K, committed 105024K, reserved 1146880K
  class space    used 14018K, committed 14336K, reserved 1048576K
}
Event: 35.941 GC heap before
{Heap before GC invocations=49 (full 0):
 garbage-first heap   total 317440K, used 198688K [0x0000000080000000, 0x0000000100000000)
  region size 1024K, 15 young (15360K), 5 survivors (5120K)
 Metaspace       used 104807K, committed 105600K, reserved 1146880K
  class space    used 14060K, committed 14400K, reserved 1048576K
}
Event: 35.948 GC heap after
{Heap after GC invocations=50 (full 0):
 garbage-first heap   total 317440K, used 190504K [0x0000000080000000, 0x0000000100000000)
  region size 1024K, 2 young (2048K), 2 survivors (2048K)
 Metaspace       used 104807K, committed 105600K, reserved 1146880K
  class space    used 14060K, committed 14400K, reserved 1048576K
}
Event: 37.924 GC heap before
{Heap before GC invocations=50 (full 0):
 garbage-first heap   total 317440K, used 265256K [0x0000000080000000, 0x0000000100000000)
  region size 1024K, 75 young (76800K), 2 survivors (2048K)
 Metaspace       used 111581K, committed 112384K, reserved 1146880K
  class space    used 14953K, committed 15296K, reserved 1048576K
}
Event: 37.936 GC heap after
{Heap after GC invocations=51 (full 0):
 garbage-first heap   total 317440K, used 195169K [0x0000000080000000, 0x0000000100000000)
  region size 1024K, 6 young (6144K), 6 survivors (6144K)
 Metaspace       used 111581K, committed 112384K, reserved 1146880K
  class space    used 14953K, committed 15296K, reserved 1048576K
}

Dll operation events (2 events):
Event: 0.135 Loaded shared library C:\Program Files\Android\Android Studio2\jbr\bin\java.dll
Event: 1.445 Loaded shared library C:\Program Files\Android\Android Studio2\jbr\bin\verify.dll

Deoptimization events (20 events):
Event: 37.476 Thread 0x000001680471ec10 Uncommon trap: trap_request=0xffffff45 fr.pc=0x0000016873ff7230 relative=0x0000000000000210
Event: 37.476 Thread 0x000001680471ec10 Uncommon trap: reason=unstable_if action=reinterpret pc=0x0000016873ff7230 method=kotlin.reflect.jvm.internal.impl.protobuf.CodedInputStream.readRawVarint32()I @ 10 c2
Event: 37.476 Thread 0x000001680471ec10 DEOPT PACKING pc=0x0000016873ff7230 sp=0x00000034d58f69f0
Event: 37.476 Thread 0x000001680471ec10 DEOPT UNPACKING pc=0x00000168738669a3 sp=0x00000034d58f6970 mode 2
Event: 37.491 Thread 0x000001680471ec10 Uncommon trap: trap_request=0xffffff45 fr.pc=0x000001687404a418 relative=0x0000000000000678
Event: 37.491 Thread 0x000001680471ec10 Uncommon trap: reason=unstable_if action=reinterpret pc=0x000001687404a418 method=java.lang.String.indexOf([BBILjava/lang/String;I)I @ 54 c2
Event: 37.491 Thread 0x000001680471ec10 DEOPT PACKING pc=0x000001687404a418 sp=0x00000034d58f7830
Event: 37.491 Thread 0x000001680471ec10 DEOPT UNPACKING pc=0x00000168738669a3 sp=0x00000034d58f7728 mode 2
Event: 37.492 Thread 0x000001680471ec10 Uncommon trap: trap_request=0xffffff45 fr.pc=0x0000016873f930fc relative=0x000000000000065c
Event: 37.492 Thread 0x000001680471ec10 Uncommon trap: reason=unstable_if action=reinterpret pc=0x0000016873f930fc method=java.lang.String.indexOf([BBILjava/lang/String;I)I @ 54 c2
Event: 37.492 Thread 0x000001680471ec10 DEOPT PACKING pc=0x0000016873f930fc sp=0x00000034d58f7f20
Event: 37.492 Thread 0x000001680471ec10 DEOPT UNPACKING pc=0x00000168738669a3 sp=0x00000034d58f7eb0 mode 2
Event: 37.793 Thread 0x000001680471ec10 Uncommon trap: trap_request=0xffffffcc fr.pc=0x000001687417affc relative=0x000000000000299c
Event: 37.793 Thread 0x000001680471ec10 Uncommon trap: reason=intrinsic_or_type_checked_inlining action=make_not_entrant pc=0x000001687417affc method=java.util.ArrayList$SubList.toArray([Ljava/lang/Object;)[Ljava/lang/Object; @ 58 c2
Event: 37.793 Thread 0x000001680471ec10 DEOPT PACKING pc=0x000001687417affc sp=0x00000034d58f8370
Event: 37.793 Thread 0x000001680471ec10 DEOPT UNPACKING pc=0x00000168738669a3 sp=0x00000034d58f82f0 mode 2
Event: 38.005 Thread 0x000001680471ec10 DEOPT PACKING pc=0x000001686c85956a sp=0x00000034d58f9930
Event: 38.005 Thread 0x000001680471ec10 DEOPT UNPACKING pc=0x0000016873867143 sp=0x00000034d58f8e40 mode 0
Event: 38.022 Thread 0x000001680471ec10 DEOPT PACKING pc=0x000001686d7dfa8c sp=0x00000034d58f9060
Event: 38.022 Thread 0x000001680471ec10 DEOPT UNPACKING pc=0x0000016873867143 sp=0x00000034d58f8688 mode 0

Classes unloaded (10 events):
Event: 21.487 Thread 0x000001680238dcb0 Unloading class 0x0000000100824560 '_BuildScript_$_run_closure1'
Event: 21.487 Thread 0x000001680238dcb0 Unloading class 0x0000000100824000 '_BuildScript_'
Event: 33.390 Thread 0x000001680238dcb0 Unloading class 0x0000000100a72410 '_BuildScript_$_run_closure2'
Event: 33.390 Thread 0x000001680238dcb0 Unloading class 0x0000000100a72000 '_BuildScript_$_run_closure1$_closure6'
Event: 33.390 Thread 0x000001680238dcb0 Unloading class 0x0000000100a71820 '_BuildScript_$_run_closure1$_closure5'
Event: 33.390 Thread 0x000001680238dcb0 Unloading class 0x0000000100a71410 '_BuildScript_$_run_closure1$_closure4$_closure7'
Event: 33.390 Thread 0x000001680238dcb0 Unloading class 0x0000000100a71000 '_BuildScript_$_run_closure1$_closure4'
Event: 33.390 Thread 0x000001680238dcb0 Unloading class 0x0000000100a70970 '_BuildScript_$_run_closure1$_closure3'
Event: 33.390 Thread 0x000001680238dcb0 Unloading class 0x0000000100a70560 '_BuildScript_$_run_closure1'
Event: 33.390 Thread 0x000001680238dcb0 Unloading class 0x0000000100a70000 '_BuildScript_'

Classes redefined (0 events):
No events

Internal exceptions (20 events):
Event: 29.045 Thread 0x0000016809f50f10 Exception <a 'java/lang/NoSuchMethodError'{0x000000008e6b1430}: static Lorg/jetbrains/plugins/gradle/tooling/serialization/internal/adapter/kotlin/dsl/InternalKotlinDslScriptsModel;.<clinit>()V> (0x000000008e6b1430) 
thrown [s\src\hotspot\share\prims\jni.cpp, line 1108]
Event: 29.747 Thread 0x000001680471ec10 Exception <a 'sun/nio/fs/WindowsException'{0x000000008d87bf08}> (0x000000008d87bf08) 
thrown [s\src\hotspot\share\prims\jni.cpp, line 517]
Event: 30.196 Thread 0x000001680471ec10 Exception <a 'java/lang/NullPointerException'{0x000000008c87c498}> (0x000000008c87c498) 
thrown [s\src\hotspot\share\interpreter\linkResolver.cpp, line 1447]
Event: 30.364 Thread 0x000001680471ec10 Implicit null exception at 0x0000016874178616 to 0x000001687417a9fc
Event: 30.895 Thread 0x000001680471ec10 Exception <a 'sun/nio/fs/WindowsException'{0x00000000917104d8}> (0x00000000917104d8) 
thrown [s\src\hotspot\share\prims\jni.cpp, line 517]
Event: 30.896 Thread 0x000001680471ec10 Exception <a 'sun/nio/fs/WindowsException'{0x0000000091711890}> (0x0000000091711890) 
thrown [s\src\hotspot\share\prims\jni.cpp, line 517]
Event: 30.896 Thread 0x000001680471ec10 Exception <a 'sun/nio/fs/WindowsException'{0x0000000091712c98}> (0x0000000091712c98) 
thrown [s\src\hotspot\share\prims\jni.cpp, line 517]
Event: 30.897 Thread 0x000001680471ec10 Exception <a 'sun/nio/fs/WindowsException'{0x00000000917140a0}> (0x00000000917140a0) 
thrown [s\src\hotspot\share\prims\jni.cpp, line 517]
Event: 31.503 Thread 0x000001680471ec10 Exception <a 'java/lang/NoSuchMethodError'{0x00000000907ddd98}: 'java.lang.Object java.lang.invoke.DirectMethodHandle$Holder.newInvokeSpecial(java.lang.Object, java.lang.Object, java.lang.Object, java.lang.Object, int, java.lang.Object)'> (0x00000000907ddd98) 
thrown [s\src\hotspot\share\interpreter\linkResolver.cpp, line 771]
Event: 31.504 Thread 0x000001680471ec10 Exception <a 'java/lang/NoSuchMethodError'{0x00000000907e2e48}: 'java.lang.Object java.lang.invoke.Invokers$Holder.linkToTargetMethod(java.lang.Object, java.lang.Object, java.lang.Object, int, java.lang.Object, java.lang.Object)'> (0x00000000907e2e48) 
thrown [s\src\hotspot\share\interpreter\linkResolver.cpp, line 771]
Event: 31.540 Thread 0x000001680471ec10 Exception <a 'java/lang/IncompatibleClassChangeError'{0x00000000906d2858}: Found class java.lang.Object, but interface was expected> (0x00000000906d2858) 
thrown [s\src\hotspot\share\interpreter\linkResolver.cpp, line 838]
Event: 31.719 Thread 0x000001680732a130 Exception <a 'java/lang/IncompatibleClassChangeError'{0x000000009049e0a8}: Found class java.lang.Object, but interface was expected> (0x000000009049e0a8) 
thrown [s\src\hotspot\share\interpreter\linkResolver.cpp, line 838]
Event: 31.759 Thread 0x000001680732a130 Exception <a 'java/lang/NoSuchMethodError'{0x000000009038a710}: 'int java.lang.invoke.DirectMethodHandle$Holder.invokeStaticInit(java.lang.Object, java.lang.Object, java.lang.Object, java.lang.Object, java.lang.Object)'> (0x000000009038a710) 
thrown [s\src\hotspot\share\interpreter\linkResolver.cpp, line 771]
Event: 31.821 Thread 0x000001680471ec10 Exception <a 'java/lang/NoSuchMethodError'{0x00000000902594c8}: 'int java.lang.invoke.DirectMethodHandle$Holder.invokeSpecialIFC(java.lang.Object, java.lang.Object, java.lang.Object)'> (0x00000000902594c8) 
thrown [s\src\hotspot\share\interpreter\linkResolver.cpp, line 771]
Event: 31.946 Thread 0x000001680471ec10 Exception <a 'java/lang/NoSuchMethodError'{0x000000008ffb4408}: 'void java.lang.invoke.DirectMethodHandle$Holder.invokeSpecial(java.lang.Object, java.lang.Object, java.lang.Object, java.lang.Object, int, java.lang.Object, java.lang.Object)'> (0x000000008ffb4408) 
thrown [s\src\hotspot\share\interpreter\linkResolver.cpp, line 771]
Event: 33.122 Thread 0x000001680471ec10 Exception <a 'java/lang/NoSuchMethodError'{0x0000000091be27b8}: 'java.lang.Object java.lang.invoke.DirectMethodHandle$Holder.invokeSpecialIFC(java.lang.Object, java.lang.Object, java.lang.Object)'> (0x0000000091be27b8) 
thrown [s\src\hotspot\share\interpreter\linkResolver.cpp, line 771]
Event: 33.678 Thread 0x0000016807809050 Implicit null exception at 0x00000168742b00e0 to 0x00000168742b0170
Event: 35.438 Thread 0x000001680471ec10 Exception <a 'java/lang/NoSuchMethodError'{0x00000000903fa4e0}: 'java.lang.Object java.lang.invoke.DirectMethodHandle$Holder.invokeSpecial(java.lang.Object, java.lang.Object, java.lang.Object, java.lang.Object, java.lang.Object, java.lang.Object, java.lang.Object, java.lang.Object, java.lang.Object, java.lang.Object)'> (0x00000000903fa4e0) 
thrown [s\src\hotspot\share\interpreter\linkResolver.cpp, line 771]
Event: 35.439 Thread 0x000001680471ec10 Exception <a 'java/lang/NoSuchMethodError'{0x0000000090206f00}: 'java.lang.Object java.lang.invoke.DirectMethodHandle$Holder.newInvokeSpecial(java.lang.Object, java.lang.Object, java.lang.Object, java.lang.Object, java.lang.Object, java.lang.Object, java.lang.Object, java.lang.Object, java.lang.Object)'> (0x0000000090206f00) 
thrown [s\src\hotspot\share\interpreter\linkResolver.cpp, line 771]
Event: 35.440 Thread 0x000001680471ec10 Exception <a 'java/lang/NoSuchMethodError'{0x000000009020cbd8}: 'java.lang.Object java.lang.invoke.Invokers$Holder.linkToTargetMethod(java.lang.Object, java.lang.Object, java.lang.Object, java.lang.Object, java.lang.Object, java.lang.Object, java.lang.Object, java.lang.Object, java.lang.Object)'> (0x000000009020cbd8) 
thrown [s\src\hotspot\share\interpreter\linkResolver.cpp, line 771]

VM Operations (20 events):
Event: 35.280 Executing VM operation: ICBufferFull done
Event: 35.341 Executing VM operation: HandshakeAllThreads
Event: 35.341 Executing VM operation: HandshakeAllThreads done
Event: 35.455 Executing VM operation: ICBufferFull
Event: 35.455 Executing VM operation: ICBufferFull done
Event: 35.574 Executing VM operation: G1CollectForAllocation
Event: 35.592 Executing VM operation: G1CollectForAllocation done
Event: 35.664 Executing VM operation: HandshakeAllThreads
Event: 35.665 Executing VM operation: HandshakeAllThreads done
Event: 35.941 Executing VM operation: G1CollectForAllocation
Event: 35.948 Executing VM operation: G1CollectForAllocation done
Event: 36.962 Executing VM operation: Cleanup
Event: 36.962 Executing VM operation: Cleanup done
Event: 37.832 Executing VM operation: ICBufferFull
Event: 37.833 Executing VM operation: ICBufferFull done
Event: 37.924 Executing VM operation: G1CollectForAllocation
Event: 37.936 Executing VM operation: G1CollectForAllocation done
Event: 38.022 Executing VM operation: HandshakeAllThreads
Event: 38.022 Executing VM operation: HandshakeAllThreads done
Event: 38.197 Executing VM operation: G1Concurrent

Events (20 events):
Event: 35.685 Thread 0x000001680306ecf0 flushing nmethod 0x000001686d611390
Event: 35.685 Thread 0x000001680306ecf0 flushing nmethod 0x000001686d611790
Event: 35.685 Thread 0x000001680306ecf0 flushing nmethod 0x000001686d611b10
Event: 35.685 Thread 0x000001680306ecf0 flushing nmethod 0x000001686d612390
Event: 35.686 Thread 0x000001680306ecf0 flushing nmethod 0x000001686d612a10
Event: 35.686 Thread 0x000001680306ecf0 flushing nmethod 0x000001686d612e10
Event: 35.686 Thread 0x000001680306ecf0 flushing nmethod 0x000001686d613210
Event: 35.686 Thread 0x000001680306ecf0 flushing nmethod 0x000001686d613590
Event: 35.686 Thread 0x000001680306ecf0 flushing nmethod 0x000001686d613a10
Event: 35.686 Thread 0x000001680306ecf0 flushing nmethod 0x000001686d614290
Event: 35.686 Thread 0x000001680306ecf0 flushing nmethod 0x000001686d617f10
Event: 35.686 Thread 0x000001680306ecf0 flushing nmethod 0x000001686d61e010
Event: 35.686 Thread 0x000001680306ecf0 flushing nmethod 0x000001686d61e510
Event: 35.686 Thread 0x000001680306ecf0 flushing nmethod 0x000001686d620e90
Event: 35.686 Thread 0x000001680306ecf0 flushing nmethod 0x000001686d626f90
Event: 35.686 Thread 0x000001680306ecf0 flushing nmethod 0x000001686d629810
Event: 35.987 loading class java/util/zip/ZipOutputStream
Event: 35.989 loading class java/util/zip/ZipOutputStream done
Event: 37.377 loading class java/util/ArrayList$SubList$1
Event: 37.377 loading class java/util/ArrayList$SubList$1 done


Dynamic libraries:
0x00007ff691830000 - 0x00007ff69183a000 	C:\Program Files\Android\Android Studio2\jbr\bin\java.exe
0x00007ffa03a30000 - 0x00007ffa03c28000 	C:\WINDOWS\SYSTEM32\ntdll.dll
0x00007ffa02260000 - 0x00007ffa0231f000 	C:\WINDOWS\System32\KERNEL32.DLL
0x00007ffa013f0000 - 0x00007ffa016e6000 	C:\WINDOWS\System32\KERNELBASE.dll
0x0000000069b90000 - 0x0000000069c23000 	C:\WINDOWS\System32\SYSFER.DLL
0x00007ffa012a0000 - 0x00007ffa013a0000 	C:\WINDOWS\System32\ucrtbase.dll
0x00007ff9ebf90000 - 0x00007ff9ebfab000 	C:\Program Files\Android\Android Studio2\jbr\bin\VCRUNTIME140.dll
0x00007ff9eee20000 - 0x00007ff9eee37000 	C:\Program Files\Android\Android Studio2\jbr\bin\jli.dll
0x00007ffa028c0000 - 0x00007ffa02a5d000 	C:\WINDOWS\System32\USER32.dll
0x00007ffa016f0000 - 0x00007ffa01712000 	C:\WINDOWS\System32\win32u.dll
0x00007ffa021c0000 - 0x00007ffa021ec000 	C:\WINDOWS\System32\GDI32.dll
0x00007ffa01110000 - 0x00007ffa01225000 	C:\WINDOWS\System32\gdi32full.dll
0x00007ff9eeeb0000 - 0x00007ff9ef14a000 	C:\WINDOWS\WinSxS\amd64_microsoft.windows.common-controls_6595b64144ccf1df_6.0.19041.1110_none_60b5254171f9507e\COMCTL32.dll
0x00007ffa019f0000 - 0x00007ffa01a8d000 	C:\WINDOWS\System32\msvcp_win.dll
0x00007ffa02770000 - 0x00007ffa0280e000 	C:\WINDOWS\System32\msvcrt.dll
0x00007ffa01b20000 - 0x00007ffa01b50000 	C:\WINDOWS\System32\IMM32.DLL
0x00007ff9f8ed0000 - 0x00007ff9f8edc000 	C:\Program Files\Android\Android Studio2\jbr\bin\vcruntime140_1.dll
0x00007ff9c85c0000 - 0x00007ff9c864d000 	C:\Program Files\Android\Android Studio2\jbr\bin\msvcp140.dll
0x00007ff98dd80000 - 0x00007ff98e9ed000 	C:\Program Files\Android\Android Studio2\jbr\bin\server\jvm.dll
0x00007ffa02810000 - 0x00007ffa028bf000 	C:\WINDOWS\System32\ADVAPI32.dll
0x00007ffa01db0000 - 0x00007ffa01e4c000 	C:\WINDOWS\System32\sechost.dll
0x00007ffa03110000 - 0x00007ffa03236000 	C:\WINDOWS\System32\RPCRT4.dll
0x00007ff9ec390000 - 0x00007ff9ec399000 	C:\WINDOWS\SYSTEM32\WSOCK32.dll
0x00007ffa021f0000 - 0x00007ffa0225b000 	C:\WINDOWS\System32\WS2_32.dll
0x00007ff9edbe0000 - 0x00007ff9edc07000 	C:\WINDOWS\SYSTEM32\WINMM.dll
0x00007ff9f89b0000 - 0x00007ff9f89ba000 	C:\WINDOWS\SYSTEM32\VERSION.dll
0x00007ff9ff960000 - 0x00007ff9ff972000 	C:\WINDOWS\SYSTEM32\kernel.appcore.dll
0x00007ff9eec40000 - 0x00007ff9eec4a000 	C:\Program Files\Android\Android Studio2\jbr\bin\jimage.dll
0x00007ff9ff620000 - 0x00007ff9ff804000 	C:\WINDOWS\SYSTEM32\DBGHELP.DLL
0x00007ff9e7110000 - 0x00007ff9e7144000 	C:\WINDOWS\SYSTEM32\dbgcore.DLL
0x00007ffa01880000 - 0x00007ffa01902000 	C:\WINDOWS\System32\bcryptPrimitives.dll
0x00007ff9d81a0000 - 0x00007ff9d81c5000 	C:\Program Files\Android\Android Studio2\jbr\bin\java.dll
0x00007ff9ee3b0000 - 0x00007ff9ee3c8000 	C:\Program Files\Android\Android Studio2\jbr\bin\zip.dll
0x00007ffa03240000 - 0x00007ffa03984000 	C:\WINDOWS\System32\SHELL32.dll
0x00007ff9fedb0000 - 0x00007ff9ff543000 	C:\WINDOWS\SYSTEM32\windows.storage.dll
0x00007ffa023d0000 - 0x00007ffa02724000 	C:\WINDOWS\System32\combase.dll
0x00007ffa00a00000 - 0x00007ffa00a2e000 	C:\WINDOWS\SYSTEM32\Wldp.dll
0x00007ffa02320000 - 0x00007ffa023cd000 	C:\WINDOWS\System32\SHCORE.dll
0x00007ffa01e50000 - 0x00007ffa01ea5000 	C:\WINDOWS\System32\shlwapi.dll
0x00007ffa01050000 - 0x00007ffa0106f000 	C:\WINDOWS\SYSTEM32\profapi.dll
0x00007ff9edaf0000 - 0x00007ff9edb09000 	C:\Program Files\Android\Android Studio2\jbr\bin\net.dll
0x00007ff9f0940000 - 0x00007ff9f0a4a000 	C:\WINDOWS\SYSTEM32\WINHTTP.dll
0x00007ffa007f0000 - 0x00007ffa0085a000 	C:\WINDOWS\system32\mswsock.dll
0x00007ff9ec050000 - 0x00007ff9ec066000 	C:\Program Files\Android\Android Studio2\jbr\bin\nio.dll
0x00007ff9ec890000 - 0x00007ff9ec8a0000 	C:\Program Files\Android\Android Studio2\jbr\bin\verify.dll
0x00007ff9da360000 - 0x00007ff9da387000 	C:\Users\Christiana Renta\.gradle\native\68d5fa5c4cc2d200863cafc0d521ce42e7d3e7ee720ec0a83991735586a16f82\windows-amd64\native-platform.dll
0x00007ff9c7b60000 - 0x00007ff9c7ca4000 	C:\Users\Christiana Renta\.gradle\native\e376f236ea51e6404a007f0833ffe2c6e607c4080706a723a18a27aeea778392\windows-amd64\native-platform-file-events.dll
0x00007ff9ee680000 - 0x00007ff9ee689000 	C:\Program Files\Android\Android Studio2\jbr\bin\management.dll
0x00007ff9edf20000 - 0x00007ff9edf2b000 	C:\Program Files\Android\Android Studio2\jbr\bin\management_ext.dll
0x00007ffa02740000 - 0x00007ffa02748000 	C:\WINDOWS\System32\PSAPI.DLL
0x00007ffa00e00000 - 0x00007ffa00e18000 	C:\WINDOWS\SYSTEM32\CRYPTSP.dll
0x00007ffa000c0000 - 0x00007ffa000f4000 	C:\WINDOWS\system32\rsaenh.dll
0x00007ffa019c0000 - 0x00007ffa019e7000 	C:\WINDOWS\System32\bcrypt.dll
0x00007ffa01010000 - 0x00007ffa0103e000 	C:\WINDOWS\SYSTEM32\USERENV.dll
0x00007ffa00aa0000 - 0x00007ffa00aac000 	C:\WINDOWS\SYSTEM32\CRYPTBASE.dll
0x00007ffa00490000 - 0x00007ffa004cc000 	C:\WINDOWS\SYSTEM32\IPHLPAPI.DLL
0x00007ffa01f80000 - 0x00007ffa01f88000 	C:\WINDOWS\System32\NSI.dll
0x00007ff9f2fd0000 - 0x00007ff9f2fe7000 	C:\WINDOWS\SYSTEM32\dhcpcsvc6.DLL
0x00007ff9f2cf0000 - 0x00007ff9f2d0d000 	C:\WINDOWS\SYSTEM32\dhcpcsvc.DLL
0x00007ffa004e0000 - 0x00007ffa005aa000 	C:\WINDOWS\SYSTEM32\DNSAPI.dll
0x00007ff99cc70000 - 0x00007ff99cc77000 	C:\WINDOWS\system32\wshunix.dll
0x00007ff9ee840000 - 0x00007ff9ee857000 	C:\WINDOWS\system32\napinsp.dll
0x00007ff9ee320000 - 0x00007ff9ee33b000 	C:\WINDOWS\system32\pnrpnsp.dll
0x00007ff9e0880000 - 0x00007ff9e0895000 	C:\WINDOWS\system32\wshbth.dll
0x00007ff9fbaf0000 - 0x00007ff9fbb0d000 	C:\WINDOWS\system32\NLAapi.dll
0x00007ff9da750000 - 0x00007ff9da762000 	C:\WINDOWS\System32\winrnr.dll
0x00007ff9efc60000 - 0x00007ff9efc6a000 	C:\Windows\System32\rasadhlp.dll
0x00007ff9ef830000 - 0x00007ff9ef8b2000 	C:\WINDOWS\System32\fwpuclnt.dll

dbghelp: loaded successfully - version: 4.0.5 - missing functions: none
symbol engine: initialized successfully - sym options: 0x614 - pdb path: .;C:\Program Files\Android\Android Studio2\jbr\bin;C:\WINDOWS\SYSTEM32;C:\WINDOWS\WinSxS\amd64_microsoft.windows.common-controls_6595b64144ccf1df_6.0.19041.1110_none_60b5254171f9507e;C:\Program Files\Android\Android Studio2\jbr\bin\server;C:\Users\Christiana Renta\.gradle\native\68d5fa5c4cc2d200863cafc0d521ce42e7d3e7ee720ec0a83991735586a16f82\windows-amd64;C:\Users\Christiana Renta\.gradle\native\e376f236ea51e6404a007f0833ffe2c6e607c4080706a723a18a27aeea778392\windows-amd64

VM Arguments:
jvm_args: --add-opens=java.base/java.util=ALL-UNNAMED --add-opens=java.base/java.lang=ALL-UNNAMED --add-opens=java.base/java.lang.invoke=ALL-UNNAMED --add-opens=java.prefs/java.util.prefs=ALL-UNNAMED --add-opens=java.base/java.nio.charset=ALL-UNNAMED --add-opens=java.base/java.net=ALL-UNNAMED --add-opens=java.base/java.util.concurrent.atomic=ALL-UNNAMED -Xmx2048m -Dfile.encoding=UTF-8 -Duser.country=US -Duser.language=en -Duser.variant 
java_command: org.gradle.launcher.daemon.bootstrap.GradleDaemon 8.0
java_class_path (initial): C:\Users\Christiana Renta\.gradle\wrapper\dists\gradle-8.0-bin\ca5e32bp14vu59qr306oxotwh\gradle-8.0\lib\gradle-launcher-8.0.jar
Launcher Type: SUN_STANDARD

[Global flags]
     intx CICompilerCount                          = 3                                         {product} {ergonomic}
     uint ConcGCThreads                            = 1                                         {product} {ergonomic}
     uint G1ConcRefinementThreads                  = 4                                         {product} {ergonomic}
   size_t G1HeapRegionSize                         = 1048576                                   {product} {ergonomic}
    uintx GCDrainStackTargetSize                   = 64                                        {product} {ergonomic}
   size_t InitialHeapSize                          = 132120576                                 {product} {ergonomic}
   size_t MarkStackSize                            = 4194304                                   {product} {ergonomic}
   size_t MaxHeapSize                              = 2147483648                                {product} {command line}
   size_t MaxNewSize                               = 1287651328                                {product} {ergonomic}
   size_t MinHeapDeltaBytes                        = 1048576                                   {product} {ergonomic}
   size_t MinHeapSize                              = 8388608                                   {product} {ergonomic}
    uintx NonNMethodCodeHeapSize                   = 5832780                                {pd product} {ergonomic}
    uintx NonProfiledCodeHeapSize                  = 122912730                              {pd product} {ergonomic}
    uintx ProfiledCodeHeapSize                     = 122912730                              {pd product} {ergonomic}
    uintx ReservedCodeCacheSize                    = 251658240                              {pd product} {ergonomic}
     bool SegmentedCodeCache                       = true                                      {product} {ergonomic}
   size_t SoftMaxHeapSize                          = 2147483648                             {manageable} {ergonomic}
     bool UseCompressedClassPointers               = true                           {product lp64_product} {ergonomic}
     bool UseCompressedOops                        = true                           {product lp64_product} {ergonomic}
     bool UseG1GC                                  = true                                      {product} {ergonomic}
     bool UseLargePagesIndividualAllocation        = false                                  {pd product} {ergonomic}

Logging:
Log output configuration:
 #0: stdout all=warning uptime,level,tags
 #1: stderr all=off uptime,level,tags

Environment Variables:
PATH=C:\Program Files (x86)\Common Files\Oracle\Java\javapath;C:\MinGW\bin;C:\ProgramData\Oracle\Java\javapath;C:\WINDOWS\system32;C:\WINDOWS;C:\WINDOWS\System32\Wbem;C:\WINDOWS\System32\WindowsPowerShell\v1.0\;C:\Program Files (x86)\OpenVPN\bin;C:\Program Files\PuTTY\;C:\Program Files\MATLAB\R2017a\runtime\win64;C:\Program Files\MATLAB\R2017a\bin;C:\WINDOWS\System32\OpenSSH\;C:\Program Files\IBM\SPSS\Statistics\Subscription\JRE\bin;C:\Program Files\Intel\WiFi\bin\;C:\Program Files\Common Files\Intel\WirelessCommon\;C:\Program Files\Microsoft SQL Server\110\Tools\Binn\;C:\Program Files (x86)\Intel\Intel(R) Management Engine Components\DAL;C:\Program Files\Intel\Intel(R) Management Engine Components\DAL;C:\Program Files\dotnet\;C:\Users\Christiana Renta\AppData\Local\Microsoft\WindowsApps;C:\Program Files\Intel\WiFi\bin\;C:\Program Files\Common Files\Intel\WirelessCommon\;;C:\Users\Christiana Renta\AppData\Local\Programs\Microsoft VS Code\bin
USERNAME=Christiana Renta
OS=Windows_NT
PROCESSOR_IDENTIFIER=Intel64 Family 6 Model 142 Stepping 9, GenuineIntel
TMP=C:\Users\Christiana Renta\AppData\Local\Temp
TEMP=C:\Users\Christiana Renta\AppData\Local\Temp



---------------  S Y S T E M  ---------------

OS:
 Windows 10 , 64 bit Build 19041 (10.0.19041.3031)
OS uptime: 14 days 10:35 hours
Hyper-V role detected

CPU: total 4 (initial active 4) (2 cores per cpu, 2 threads per core) family 6 model 142 stepping 9 microcode 0xec, cx8, cmov, fxsr, ht, mmx, 3dnowpref, sse, sse2, sse3, ssse3, sse4.1, sse4.2, popcnt, lzcnt, tsc, tscinvbit, avx, avx2, aes, erms, clmul, bmi1, bmi2, adx, fma, vzeroupper, clflush, clflushopt, hv

Memory: 4k page, system-wide physical 7990M (315M free)
TotalPageFile size 32566M (AvailPageFile size 8M)
current process WorkingSet (physical memory assigned to process): 440M, peak: 465M
current process commit charge ("private bytes"): 613M, peak: 633M

vm_info: OpenJDK 64-Bit Server VM (17.0.6+0-b2043.56-9586694) for windows-amd64 JRE (17.0.6+0-b2043.56-9586694), built on Feb  9 2023 20:06:20 by "androidbuild" with MS VC++ 16.10 / 16.11 (VS2019)

END.
