#
# There is insufficient memory for the Java Runtime Environment to continue.
# Native memory allocation (malloc) failed to allocate 2234256 bytes for Chunk::new
# Possible reasons:
#   The system is out of physical RAM or swap space
#   The process is running with CompressedOops enabled, and the Java Heap may be blocking the growth of the native heap
# Possible solutions:
#   Reduce memory load on the system
#   Increase physical memory or swap space
#   Check if swap backing store is full
#   Decrease Java heap size (-Xmx/-Xms)
#   Decrease number of Java threads
#   Decrease Java thread stack sizes (-Xss)
#   Set larger code cache with -XX:ReservedCodeCacheSize=
#   JVM is running with Unscaled Compressed Oops mode in which the Java heap is
#     placed in the first 4GB address space. The Java Heap base address is the
#     maximum limit for the native heap growth. Please use -XX:HeapBaseMinAddress
#     to set the Java Heap base and to place the Java Heap above 4GB virtual address.
# This output file may be truncated or incomplete.
#
#  Out of Memory Error (arena.cpp:189), pid=96568, tid=73292
#
# JRE version: OpenJDK Runtime Environment (17.0.6) (build 17.0.6+0-b2043.56-9586694)
# Java VM: OpenJDK 64-Bit Server VM (17.0.6+0-b2043.56-9586694, mixed mode, tiered, compressed oops, compressed class ptrs, g1 gc, windows-amd64)
# No core dump will be written. Minidumps are not enabled by default on client versions of Windows
#

---------------  S U M M A R Y ------------

Command Line: --add-opens=java.base/java.util=ALL-UNNAMED --add-opens=java.base/java.lang=ALL-UNNAMED --add-opens=java.base/java.lang.invoke=ALL-UNNAMED --add-opens=java.prefs/java.util.prefs=ALL-UNNAMED --add-opens=java.base/java.nio.charset=ALL-UNNAMED --add-opens=java.base/java.net=ALL-UNNAMED --add-opens=java.base/java.util.concurrent.atomic=ALL-UNNAMED -Xmx2048m -Dfile.encoding=UTF-8 -Duser.country=US -Duser.language=en -Duser.variant org.gradle.launcher.daemon.bootstrap.GradleDaemon 8.0

Host: Intel(R) Core(TM) i5-7200U CPU @ 2.50GHz, 4 cores, 7G,  Windows 10 , 64 bit Build 19041 (10.0.19041.3031)
Time: Fri Jul  7 00:07:24 2023 GTB Daylight Time elapsed time: 22.470010 seconds (0d 0h 0m 22s)

---------------  T H R E A D  ---------------

Current thread (0x0000025e6dc2cbf0):  JavaThread "C2 CompilerThread0" daemon [_thread_in_native, id=73292, stack(0x00000093aa100000,0x00000093aa200000)]


Current CompileTask:
C2:  22470 9175       4       java.lang.Class::annotationData (44 bytes)

Stack: [0x00000093aa100000,0x00000093aa200000]
Native frames: (J=compiled Java code, j=interpreted, Vv=VM code, C=native code)
V  [jvm.dll+0x683b4a]
V  [jvm.dll+0x842654]
V  [jvm.dll+0x843dfe]
V  [jvm.dll+0x844463]
V  [jvm.dll+0x249b75]
V  [jvm.dll+0xabcac]
V  [jvm.dll+0xac27c]
V  [jvm.dll+0x368802]
V  [jvm.dll+0x332f31]
V  [jvm.dll+0x3323da]
V  [jvm.dll+0x21c201]
V  [jvm.dll+0x21b621]
V  [jvm.dll+0x1a4fdd]
V  [jvm.dll+0x22b098]
V  [jvm.dll+0x229159]
V  [jvm.dll+0x7f809c]
V  [jvm.dll+0x7f25fa]
V  [jvm.dll+0x682985]
C  [ucrtbase.dll+0x21bb2]
C  [KERNEL32.DLL+0x17614]
C  [ntdll.dll+0x526f1]


---------------  P R O C E S S  ---------------

Threads class SMR info:
_java_thread_list=0x0000025e7076acd0, length=86, elements={
0x0000025e53b35440, 0x0000025e6d0fc0d0, 0x0000025e6d0feb50, 0x0000025e6d12c960,
0x0000025e6d12d420, 0x0000025e6dc08070, 0x0000025e6dc2a7c0, 0x0000025e6dc2cbf0,
0x0000025e6dc2f500, 0x0000025e6dc42f90, 0x0000025e6dda5020, 0x0000025e6ddabd30,
0x0000025e6f215840, 0x0000025e6f46de40, 0x0000025e6f592750, 0x0000025e6ee387f0,
0x0000025e6f591470, 0x0000025e6f63ebb0, 0x0000025e6f63ced0, 0x0000025e6f63fa20,
0x0000025e6f63d3a0, 0x0000025e6f63e6e0, 0x0000025e6f63d870, 0x0000025e6f63f550,
0x0000025e6f63ca00, 0x0000025e6f63dd40, 0x0000025e6f63e210, 0x0000025e6f63f080,
0x0000025e6f63c060, 0x0000025e6f63c530, 0x0000025e708aea20, 0x0000025e708adbb0,
0x0000025e708b0230, 0x0000025e708afd60, 0x0000025e708ac870, 0x0000025e708acd40,
0x0000025e708ad6e0, 0x0000025e708ad210, 0x0000025e708ae550, 0x0000025e708af3c0,
0x0000025e708af890, 0x0000025e6e9fec40, 0x0000025e6e9fcf60, 0x0000025e6ea00df0,
0x0000025e6ea00920, 0x0000025e6ea02600, 0x0000025e6e9fca90, 0x0000025e6ea012c0,
0x0000025e6ea01790, 0x0000025e6ea02fa0, 0x0000025e6ea01c60, 0x0000025e6e9fff80,
0x0000025e6e9fd430, 0x0000025e6ea02130, 0x0000025e6e9fd900, 0x0000025e6ea00450,
0x0000025e6ea03940, 0x0000025e6ea02ad0, 0x0000025e6e9fddd0, 0x0000025e6ea03470,
0x0000025e6ea03e10, 0x0000025e6e9fe2a0, 0x0000025e6e9fc5c0, 0x0000025e6e9fe770,
0x0000025e6e9ff110, 0x0000025e6e9ff5e0, 0x0000025e6e9ffab0, 0x0000025e6df9fab0,
0x0000025e6dfa0450, 0x0000025e6df9c5c0, 0x0000025e6df9cf60, 0x0000025e6df9c0f0,
0x0000025e6df99a70, 0x0000025e6dfa0920, 0x0000025e6df9a8e0, 0x0000025e6df9ca90,
0x0000025e6df9bc20, 0x0000025e6dfa0df0, 0x0000025e6df9b280, 0x0000025e6dfa12c0,
0x0000025e6df9adb0, 0x0000025e6df99f40, 0x0000025e6df9d430, 0x0000025e6df9a410,
0x0000025e6df9b750, 0x0000025e6df9ec40
}

Java Threads: ( => current thread )
  0x0000025e53b35440 JavaThread "main" [_thread_blocked, id=75100, stack(0x00000093a9400000,0x00000093a9500000)]
  0x0000025e6d0fc0d0 JavaThread "Reference Handler" daemon [_thread_blocked, id=112432, stack(0x00000093a9b00000,0x00000093a9c00000)]
  0x0000025e6d0feb50 JavaThread "Finalizer" daemon [_thread_blocked, id=73644, stack(0x00000093a9c00000,0x00000093a9d00000)]
  0x0000025e6d12c960 JavaThread "Signal Dispatcher" daemon [_thread_blocked, id=74380, stack(0x00000093a9d00000,0x00000093a9e00000)]
  0x0000025e6d12d420 JavaThread "Attach Listener" daemon [_thread_blocked, id=108704, stack(0x00000093a9e00000,0x00000093a9f00000)]
  0x0000025e6dc08070 JavaThread "Service Thread" daemon [_thread_blocked, id=87532, stack(0x00000093a9f00000,0x00000093aa000000)]
  0x0000025e6dc2a7c0 JavaThread "Monitor Deflation Thread" daemon [_thread_blocked, id=47424, stack(0x00000093aa000000,0x00000093aa100000)]
=>0x0000025e6dc2cbf0 JavaThread "C2 CompilerThread0" daemon [_thread_in_native, id=73292, stack(0x00000093aa100000,0x00000093aa200000)]
  0x0000025e6dc2f500 JavaThread "C1 CompilerThread0" daemon [_thread_blocked, id=86312, stack(0x00000093aa200000,0x00000093aa300000)]
  0x0000025e6dc42f90 JavaThread "Sweeper thread" daemon [_thread_blocked, id=101488, stack(0x00000093aa300000,0x00000093aa400000)]
  0x0000025e6dda5020 JavaThread "Common-Cleaner" daemon [_thread_blocked, id=70068, stack(0x00000093aa400000,0x00000093aa500000)]
  0x0000025e6ddabd30 JavaThread "Notification Thread" daemon [_thread_blocked, id=92088, stack(0x00000093aa500000,0x00000093aa600000)]
  0x0000025e6f215840 JavaThread "Daemon health stats" [_thread_blocked, id=74688, stack(0x00000093aaa00000,0x00000093aab00000)]
  0x0000025e6f46de40 JavaThread "Incoming local TCP Connector on port 62420" [_thread_in_native, id=69692, stack(0x00000093aab00000,0x00000093aac00000)]
  0x0000025e6f592750 JavaThread "Daemon periodic checks" [_thread_blocked, id=89612, stack(0x00000093aac00000,0x00000093aad00000)]
  0x0000025e6ee387f0 JavaThread "Daemon" [_thread_blocked, id=8272, stack(0x00000093aad00000,0x00000093aae00000)]
  0x0000025e6f591470 JavaThread "Handler for socket connection from /127.0.0.1:62420 to /127.0.0.1:62421" [_thread_in_native, id=102736, stack(0x00000093aae00000,0x00000093aaf00000)]
  0x0000025e6f63ebb0 JavaThread "Cancel handler" [_thread_blocked, id=69668, stack(0x00000093aaf00000,0x00000093ab000000)]
  0x0000025e6f63ced0 JavaThread "Daemon worker" [_thread_in_vm, id=113260, stack(0x00000093ab000000,0x00000093ab100000)]
  0x0000025e6f63fa20 JavaThread "Asynchronous log dispatcher for DefaultDaemonConnection: socket connection from /127.0.0.1:62420 to /127.0.0.1:62421" [_thread_blocked, id=55428, stack(0x00000093ab100000,0x00000093ab200000)]
  0x0000025e6f63d3a0 JavaThread "Stdin handler" [_thread_blocked, id=106088, stack(0x00000093ab200000,0x00000093ab300000)]
  0x0000025e6f63e6e0 JavaThread "Daemon client event forwarder" [_thread_blocked, id=114804, stack(0x00000093ab300000,0x00000093ab400000)]
  0x0000025e6f63d870 JavaThread "Cache worker for journal cache (C:\Users\Christiana Renta\.gradle\caches\journal-1)" [_thread_blocked, id=57244, stack(0x00000093ab400000,0x00000093ab500000)]
  0x0000025e6f63f550 JavaThread "File lock request listener" [_thread_in_native, id=103760, stack(0x00000093ab500000,0x00000093ab600000)]
  0x0000025e6f63ca00 JavaThread "Cache worker for file hash cache (C:\Users\Christiana Renta\.gradle\caches\8.0\fileHashes)" [_thread_blocked, id=80556, stack(0x00000093ab600000,0x00000093ab700000)]
  0x0000025e6f63dd40 JavaThread "File watcher server" daemon [_thread_in_native, id=55152, stack(0x00000093ab700000,0x00000093ab800000)]
  0x0000025e6f63e210 JavaThread "File watcher consumer" daemon [_thread_blocked, id=37992, stack(0x00000093ab800000,0x00000093ab900000)]
  0x0000025e6f63f080 JavaThread "jar transforms" [_thread_blocked, id=71948, stack(0x00000093ab900000,0x00000093aba00000)]
  0x0000025e6f63c060 JavaThread "jar transforms Thread 2" [_thread_blocked, id=69576, stack(0x00000093aba00000,0x00000093abb00000)]
  0x0000025e6f63c530 JavaThread "jar transforms Thread 3" [_thread_blocked, id=114044, stack(0x00000093abb00000,0x00000093abc00000)]
  0x0000025e708aea20 JavaThread "jar transforms Thread 4" [_thread_blocked, id=99684, stack(0x00000093abc00000,0x00000093abd00000)]
  0x0000025e708adbb0 JavaThread "Cache worker for checksums cache (C:\Users\Christiana Renta\AndroidStudioProjects\ShoppingList\.gradle\8.0\checksums)" [_thread_blocked, id=90060, stack(0x00000093abd00000,0x00000093abe00000)]
  0x0000025e708b0230 JavaThread "Cache worker for cache directory md-rule (C:\Users\Christiana Renta\.gradle\caches\8.0\md-rule)" [_thread_blocked, id=77900, stack(0x00000093abe00000,0x00000093abf00000)]
  0x0000025e708afd60 JavaThread "Cache worker for file content cache (C:\Users\Christiana Renta\.gradle\caches\8.0\fileContent)" [_thread_blocked, id=100820, stack(0x00000093abf00000,0x00000093ac000000)]
  0x0000025e708ac870 JavaThread "Cache worker for file hash cache (C:\Users\Christiana Renta\AndroidStudioProjects\ShoppingList\.gradle\8.0\fileHashes)" [_thread_blocked, id=87596, stack(0x00000093ac000000,0x00000093ac100000)]
  0x0000025e708acd40 JavaThread "Cache worker for cache directory md-supplier (C:\Users\Christiana Renta\.gradle\caches\8.0\md-supplier)" [_thread_blocked, id=101200, stack(0x00000093ac100000,0x00000093ac200000)]
  0x0000025e708ad6e0 JavaThread "Cache worker for execution history cache (C:\Users\Christiana Renta\.gradle\caches\8.0\executionHistory)" [_thread_blocked, id=55372, stack(0x00000093ac200000,0x00000093ac300000)]
  0x0000025e708ad210 JavaThread "Cache worker for dependencies-accessors (C:\Users\Christiana Renta\AndroidStudioProjects\ShoppingList\.gradle\8.0\dependencies-accessors)" [_thread_blocked, id=101220, stack(0x00000093ac300000,0x00000093ac400000)]
  0x0000025e708ae550 JavaThread "Cache worker for Build Output Cleanup Cache (C:\Users\Christiana Renta\AndroidStudioProjects\ShoppingList\.gradle\buildOutputCleanup)" [_thread_blocked, id=100580, stack(0x00000093ac400000,0x00000093ac500000)]
  0x0000025e708af3c0 JavaThread "Unconstrained build operations" [_thread_blocked, id=70376, stack(0x00000093ac500000,0x00000093ac600000)]
  0x0000025e708af890 JavaThread "Unconstrained build operations Thread 2" [_thread_blocked, id=65824, stack(0x00000093ac600000,0x00000093ac700000)]
  0x0000025e6e9fec40 JavaThread "Unconstrained build operations Thread 3" [_thread_blocked, id=82552, stack(0x00000093ac700000,0x00000093ac800000)]
  0x0000025e6e9fcf60 JavaThread "Unconstrained build operations Thread 4" [_thread_blocked, id=29628, stack(0x00000093ac800000,0x00000093ac900000)]
  0x0000025e6ea00df0 JavaThread "Unconstrained build operations Thread 5" [_thread_blocked, id=99436, stack(0x00000093ac900000,0x00000093aca00000)]
  0x0000025e6ea00920 JavaThread "Unconstrained build operations Thread 6" [_thread_blocked, id=69672, stack(0x00000093aca00000,0x00000093acb00000)]
  0x0000025e6ea02600 JavaThread "Unconstrained build operations Thread 7" [_thread_blocked, id=102640, stack(0x00000093acb00000,0x00000093acc00000)]
  0x0000025e6e9fca90 JavaThread "Unconstrained build operations Thread 8" [_thread_blocked, id=82584, stack(0x00000093acc00000,0x00000093acd00000)]
  0x0000025e6ea012c0 JavaThread "Unconstrained build operations Thread 9" [_thread_blocked, id=105416, stack(0x00000093acd00000,0x00000093ace00000)]
  0x0000025e6ea01790 JavaThread "Unconstrained build operations Thread 10" [_thread_blocked, id=38976, stack(0x00000093ace00000,0x00000093acf00000)]
  0x0000025e6ea02fa0 JavaThread "Unconstrained build operations Thread 11" [_thread_blocked, id=88796, stack(0x00000093acf00000,0x00000093ad000000)]
  0x0000025e6ea01c60 JavaThread "Unconstrained build operations Thread 12" [_thread_blocked, id=88608, stack(0x00000093ad000000,0x00000093ad100000)]
  0x0000025e6e9fff80 JavaThread "Unconstrained build operations Thread 13" [_thread_blocked, id=98620, stack(0x00000093ad100000,0x00000093ad200000)]
  0x0000025e6e9fd430 JavaThread "Unconstrained build operations Thread 14" [_thread_blocked, id=55468, stack(0x00000093ad200000,0x00000093ad300000)]
  0x0000025e6ea02130 JavaThread "Unconstrained build operations Thread 15" [_thread_blocked, id=106044, stack(0x00000093ad300000,0x00000093ad400000)]
  0x0000025e6e9fd900 JavaThread "Unconstrained build operations Thread 16" [_thread_blocked, id=57976, stack(0x00000093ad400000,0x00000093ad500000)]
  0x0000025e6ea00450 JavaThread "Unconstrained build operations Thread 17" [_thread_blocked, id=100608, stack(0x00000093ad500000,0x00000093ad600000)]
  0x0000025e6ea03940 JavaThread "Unconstrained build operations Thread 18" [_thread_blocked, id=89700, stack(0x00000093ad600000,0x00000093ad700000)]
  0x0000025e6ea02ad0 JavaThread "Unconstrained build operations Thread 19" [_thread_blocked, id=88668, stack(0x00000093ad700000,0x00000093ad800000)]
  0x0000025e6e9fddd0 JavaThread "Unconstrained build operations Thread 20" [_thread_blocked, id=77680, stack(0x00000093ad800000,0x00000093ad900000)]
  0x0000025e6ea03470 JavaThread "Unconstrained build operations Thread 21" [_thread_blocked, id=66068, stack(0x00000093ad900000,0x00000093ada00000)]
  0x0000025e6ea03e10 JavaThread "Unconstrained build operations Thread 22" [_thread_blocked, id=5856, stack(0x00000093ada00000,0x00000093adb00000)]
  0x0000025e6e9fe2a0 JavaThread "Unconstrained build operations Thread 23" [_thread_blocked, id=71244, stack(0x00000093adb00000,0x00000093adc00000)]
  0x0000025e6e9fc5c0 JavaThread "Unconstrained build operations Thread 24" [_thread_blocked, id=67240, stack(0x00000093adc00000,0x00000093add00000)]
  0x0000025e6e9fe770 JavaThread "Unconstrained build operations Thread 25" [_thread_blocked, id=112216, stack(0x00000093add00000,0x00000093ade00000)]
  0x0000025e6e9ff110 JavaThread "Unconstrained build operations Thread 26" [_thread_blocked, id=37440, stack(0x00000093ade00000,0x00000093adf00000)]
  0x0000025e6e9ff5e0 JavaThread "Unconstrained build operations Thread 27" [_thread_blocked, id=8828, stack(0x00000093adf00000,0x00000093ae000000)]
  0x0000025e6e9ffab0 JavaThread "Unconstrained build operations Thread 28" [_thread_blocked, id=56932, stack(0x00000093ae000000,0x00000093ae100000)]
  0x0000025e6df9fab0 JavaThread "Unconstrained build operations Thread 29" [_thread_blocked, id=58048, stack(0x00000093ae100000,0x00000093ae200000)]
  0x0000025e6dfa0450 JavaThread "Unconstrained build operations Thread 30" [_thread_blocked, id=87640, stack(0x00000093ae200000,0x00000093ae300000)]
  0x0000025e6df9c5c0 JavaThread "Unconstrained build operations Thread 31" [_thread_blocked, id=105764, stack(0x00000093ae300000,0x00000093ae400000)]
  0x0000025e6df9cf60 JavaThread "Unconstrained build operations Thread 32" [_thread_blocked, id=26196, stack(0x00000093ae400000,0x00000093ae500000)]
  0x0000025e6df9c0f0 JavaThread "Unconstrained build operations Thread 33" [_thread_blocked, id=37552, stack(0x00000093ae500000,0x00000093ae600000)]
  0x0000025e6df99a70 JavaThread "Unconstrained build operations Thread 34" [_thread_blocked, id=104244, stack(0x00000093ae600000,0x00000093ae700000)]
  0x0000025e6dfa0920 JavaThread "Unconstrained build operations Thread 35" [_thread_blocked, id=75376, stack(0x00000093ae700000,0x00000093ae800000)]
  0x0000025e6df9a8e0 JavaThread "Unconstrained build operations Thread 36" [_thread_blocked, id=106240, stack(0x00000093ae800000,0x00000093ae900000)]
  0x0000025e6df9ca90 JavaThread "Unconstrained build operations Thread 37" [_thread_blocked, id=85184, stack(0x00000093ae900000,0x00000093aea00000)]
  0x0000025e6df9bc20 JavaThread "Unconstrained build operations Thread 38" [_thread_blocked, id=104768, stack(0x00000093aea00000,0x00000093aeb00000)]
  0x0000025e6dfa0df0 JavaThread "Unconstrained build operations Thread 39" [_thread_blocked, id=38540, stack(0x00000093aeb00000,0x00000093aec00000)]
  0x0000025e6df9b280 JavaThread "Unconstrained build operations Thread 40" [_thread_blocked, id=102600, stack(0x00000093aec00000,0x00000093aed00000)]
  0x0000025e6dfa12c0 JavaThread "Memory manager" [_thread_blocked, id=79592, stack(0x00000093aed00000,0x00000093aee00000)]
  0x0000025e6df9adb0 JavaThread "included builds" [_thread_blocked, id=78332, stack(0x00000093aee00000,0x00000093aef00000)]
  0x0000025e6df99f40 JavaThread "Execution worker" [_thread_blocked, id=109020, stack(0x00000093aef00000,0x00000093af000000)]
  0x0000025e6df9d430 JavaThread "Execution worker Thread 2" [_thread_blocked, id=113172, stack(0x00000093af000000,0x00000093af100000)]
  0x0000025e6df9a410 JavaThread "Execution worker Thread 3" [_thread_blocked, id=35224, stack(0x00000093af100000,0x00000093af200000)]
  0x0000025e6df9b750 JavaThread "Cache worker for execution history cache (C:\Users\Christiana Renta\AndroidStudioProjects\ShoppingList\.gradle\8.0\executionHistory)" [_thread_blocked, id=85480, stack(0x00000093af200000,0x00000093af300000)]
  0x0000025e6df9ec40 JavaThread "idea-tooling-model-converter" [_thread_blocked, id=81888, stack(0x00000093af300000,0x00000093af400000)]

Other Threads:
  0x0000025e6d0f7fd0 VMThread "VM Thread" [stack: 0x00000093a9a00000,0x00000093a9b00000] [id=97008]
  0x0000025e6dc963d0 WatcherThread [stack: 0x00000093aa600000,0x00000093aa700000] [id=75648]
  0x0000025e53b933d0 GCTaskThread "GC Thread#0" [stack: 0x00000093a9500000,0x00000093a9600000] [id=8480]
  0x0000025e6e072ba0 GCTaskThread "GC Thread#1" [stack: 0x00000093aa700000,0x00000093aa800000] [id=24908]
  0x0000025e6de9bd60 GCTaskThread "GC Thread#2" [stack: 0x00000093aa800000,0x00000093aa900000] [id=102368]
  0x0000025e6e9cff60 GCTaskThread "GC Thread#3" [stack: 0x00000093aa900000,0x00000093aaa00000] [id=92728]
  0x0000025e53ba5320 ConcurrentGCThread "G1 Main Marker" [stack: 0x00000093a9600000,0x00000093a9700000] [id=48516]
  0x0000025e53ba5d30 ConcurrentGCThread "G1 Conc#0" [stack: 0x00000093a9700000,0x00000093a9800000] [id=92956]
  0x0000025e53bfc7e0 ConcurrentGCThread "G1 Refine#0" [stack: 0x00000093a9800000,0x00000093a9900000] [id=70940]
  0x0000025e53bfd200 ConcurrentGCThread "G1 Service" [stack: 0x00000093a9900000,0x00000093a9a00000] [id=108872]

Threads with active compile tasks:
C2 CompilerThread0    22593 9175       4       java.lang.Class::annotationData (44 bytes)
C1 CompilerThread0    22593 9392       2       org.gradle.internal.classloader.ClassLoaderUtils::defineDecorator (13 bytes)

VM state: not at safepoint (normal execution)

VM Mutex/Monitor currently owned by a thread: None

Heap address: 0x0000000080000000, size: 2048 MB, Compressed Oops mode: 32-bit

CDS archive(s) not mapped
Compressed class space mapped at: 0x0000000100000000-0x0000000140000000, reserved size: 1073741824
Narrow klass base: 0x0000000000000000, Narrow klass shift: 3, Narrow klass range: 0x140000000

GC Precious Log:
 CPUs: 4 total, 4 available
 Memory: 7990M
 Large Page Support: Disabled
 NUMA Support: Disabled
 Compressed Oops: Enabled (32-bit)
 Heap Region Size: 1M
 Heap Min Capacity: 8M
 Heap Initial Capacity: 126M
 Heap Max Capacity: 2G
 Pre-touch: Disabled
 Parallel Workers: 4
 Concurrent Workers: 1
 Concurrent Refinement Workers: 4
 Periodic GC: Disabled

Heap:
 garbage-first heap   total 306176K, used 182175K [0x0000000080000000, 0x0000000100000000)
  region size 1024K, 9 young (9216K), 4 survivors (4096K)
 Metaspace       used 93347K, committed 94080K, reserved 1130496K
  class space    used 12636K, committed 12992K, reserved 1048576K

Heap Regions: E=young(eden), S=young(survivor), O=old, HS=humongous(starts), HC=humongous(continues), CS=collection set, F=free, OA=open archive, CA=closed archive, TAMS=top-at-mark-start (previous, next)
|   0|0x0000000080000000, 0x0000000080100000, 0x0000000080100000|100%| O|  |TAMS 0x0000000080100000, 0x0000000080000000| Untracked 
|   1|0x0000000080100000, 0x0000000080200000, 0x0000000080200000|100%| O|  |TAMS 0x0000000080200000, 0x0000000080100000| Untracked 
|   2|0x0000000080200000, 0x0000000080300000, 0x0000000080300000|100%|HS|  |TAMS 0x0000000080300000, 0x0000000080200000| Complete 
|   3|0x0000000080300000, 0x0000000080400000, 0x0000000080400000|100%|HC|  |TAMS 0x0000000080400000, 0x0000000080300000| Complete 
|   4|0x0000000080400000, 0x0000000080500000, 0x0000000080500000|100%|HC|  |TAMS 0x0000000080500000, 0x0000000080400000| Complete 
|   5|0x0000000080500000, 0x0000000080600000, 0x0000000080600000|100%|HC|  |TAMS 0x0000000080600000, 0x0000000080500000| Complete 
|   6|0x0000000080600000, 0x0000000080700000, 0x0000000080700000|100%| O|  |TAMS 0x0000000080700000, 0x0000000080600000| Untracked 
|   7|0x0000000080700000, 0x0000000080800000, 0x0000000080800000|100%| O|  |TAMS 0x0000000080800000, 0x0000000080700000| Untracked 
|   8|0x0000000080800000, 0x0000000080900000, 0x0000000080900000|100%| O|  |TAMS 0x0000000080900000, 0x0000000080800000| Complete 
|   9|0x0000000080900000, 0x0000000080a00000, 0x0000000080a00000|100%| O|  |TAMS 0x0000000080a00000, 0x0000000080900000| Untracked 
|  10|0x0000000080a00000, 0x0000000080b00000, 0x0000000080b00000|100%| O|  |TAMS 0x0000000080b00000, 0x0000000080a00000| Untracked 
|  11|0x0000000080b00000, 0x0000000080c00000, 0x0000000080c00000|100%| O|  |TAMS 0x0000000080c00000, 0x0000000080b00000| Untracked 
|  12|0x0000000080c00000, 0x0000000080d00000, 0x0000000080d00000|100%| O|  |TAMS 0x0000000080d00000, 0x0000000080c00000| Untracked 
|  13|0x0000000080d00000, 0x0000000080e00000, 0x0000000080e00000|100%| O|  |TAMS 0x0000000080e00000, 0x0000000080d00000| Untracked 
|  14|0x0000000080e00000, 0x0000000080f00000, 0x0000000080f00000|100%| O|  |TAMS 0x0000000080f00000, 0x0000000080e00000| Untracked 
|  15|0x0000000080f00000, 0x0000000081000000, 0x0000000081000000|100%| O|  |TAMS 0x0000000081000000, 0x0000000080f00000| Untracked 
|  16|0x0000000081000000, 0x0000000081100000, 0x0000000081100000|100%| O|  |TAMS 0x0000000081100000, 0x0000000081000000| Untracked 
|  17|0x0000000081100000, 0x0000000081200000, 0x0000000081200000|100%| O|  |TAMS 0x0000000081200000, 0x0000000081100000| Untracked 
|  18|0x0000000081200000, 0x0000000081300000, 0x0000000081300000|100%| O|  |TAMS 0x0000000081300000, 0x0000000081200000| Untracked 
|  19|0x0000000081300000, 0x0000000081400000, 0x0000000081400000|100%|HS|  |TAMS 0x0000000081400000, 0x0000000081300000| Complete 
|  20|0x0000000081400000, 0x0000000081500000, 0x0000000081500000|100%|HC|  |TAMS 0x0000000081500000, 0x0000000081400000| Complete 
|  21|0x0000000081500000, 0x0000000081600000, 0x0000000081600000|100%|HS|  |TAMS 0x0000000081600000, 0x0000000081500000| Complete 
|  22|0x0000000081600000, 0x0000000081700000, 0x0000000081700000|100%|HC|  |TAMS 0x0000000081700000, 0x0000000081600000| Complete 
|  23|0x0000000081700000, 0x0000000081800000, 0x0000000081800000|100%|HC|  |TAMS 0x0000000081800000, 0x0000000081700000| Complete 
|  24|0x0000000081800000, 0x0000000081900000, 0x0000000081900000|100%| O|  |TAMS 0x0000000081900000, 0x0000000081800000| Untracked 
|  25|0x0000000081900000, 0x0000000081a00000, 0x0000000081a00000|100%| O|  |TAMS 0x0000000081a00000, 0x0000000081900000| Untracked 
|  26|0x0000000081a00000, 0x0000000081b00000, 0x0000000081b00000|100%| O|  |TAMS 0x0000000081b00000, 0x0000000081a00000| Untracked 
|  27|0x0000000081b00000, 0x0000000081c00000, 0x0000000081c00000|100%|HS|  |TAMS 0x0000000081c00000, 0x0000000081b00000| Complete 
|  28|0x0000000081c00000, 0x0000000081d00000, 0x0000000081d00000|100%|HC|  |TAMS 0x0000000081d00000, 0x0000000081c00000| Complete 
|  29|0x0000000081d00000, 0x0000000081e00000, 0x0000000081e00000|100%|HC|  |TAMS 0x0000000081e00000, 0x0000000081d00000| Complete 
|  30|0x0000000081e00000, 0x0000000081e00000, 0x0000000081f00000|  0%| F|  |TAMS 0x0000000081e00000, 0x0000000081e00000| Untracked 
|  31|0x0000000081f00000, 0x0000000082000000, 0x0000000082000000|100%|HS|  |TAMS 0x0000000082000000, 0x0000000081f00000| Complete 
|  32|0x0000000082000000, 0x0000000082100000, 0x0000000082100000|100%|HC|  |TAMS 0x0000000082100000, 0x0000000082000000| Complete 
|  33|0x0000000082100000, 0x0000000082200000, 0x0000000082200000|100%|HC|  |TAMS 0x0000000082200000, 0x0000000082100000| Complete 
|  34|0x0000000082200000, 0x0000000082300000, 0x0000000082300000|100%|HC|  |TAMS 0x0000000082300000, 0x0000000082200000| Complete 
|  35|0x0000000082300000, 0x0000000082400000, 0x0000000082400000|100%|HC|  |TAMS 0x0000000082400000, 0x0000000082300000| Complete 
|  36|0x0000000082400000, 0x0000000082500000, 0x0000000082500000|100%|HC|  |TAMS 0x0000000082500000, 0x0000000082400000| Complete 
|  37|0x0000000082500000, 0x0000000082600000, 0x0000000082600000|100%| O|  |TAMS 0x0000000082600000, 0x0000000082500000| Untracked 
|  38|0x0000000082600000, 0x0000000082700000, 0x0000000082700000|100%|HS|  |TAMS 0x0000000082700000, 0x0000000082600000| Complete 
|  39|0x0000000082700000, 0x0000000082800000, 0x0000000082800000|100%|HS|  |TAMS 0x0000000082800000, 0x0000000082700000| Complete 
|  40|0x0000000082800000, 0x0000000082900000, 0x0000000082900000|100%|HC|  |TAMS 0x0000000082900000, 0x0000000082800000| Complete 
|  41|0x0000000082900000, 0x0000000082a00000, 0x0000000082a00000|100%|HS|  |TAMS 0x0000000082a00000, 0x0000000082900000| Complete 
|  42|0x0000000082a00000, 0x0000000082b00000, 0x0000000082b00000|100%|HC|  |TAMS 0x0000000082b00000, 0x0000000082a00000| Complete 
|  43|0x0000000082b00000, 0x0000000082c00000, 0x0000000082c00000|100%|HC|  |TAMS 0x0000000082c00000, 0x0000000082b00000| Complete 
|  44|0x0000000082c00000, 0x0000000082d00000, 0x0000000082d00000|100%|HC|  |TAMS 0x0000000082d00000, 0x0000000082c00000| Complete 
|  45|0x0000000082d00000, 0x0000000082e00000, 0x0000000082e00000|100%|HC|  |TAMS 0x0000000082e00000, 0x0000000082d00000| Complete 
|  46|0x0000000082e00000, 0x0000000082f00000, 0x0000000082f00000|100%|HC|  |TAMS 0x0000000082f00000, 0x0000000082e00000| Complete 
|  47|0x0000000082f00000, 0x0000000083000000, 0x0000000083000000|100%|HC|  |TAMS 0x0000000083000000, 0x0000000082f00000| Complete 
|  48|0x0000000083000000, 0x0000000083100000, 0x0000000083100000|100%|HC|  |TAMS 0x0000000083100000, 0x0000000083000000| Complete 
|  49|0x0000000083100000, 0x0000000083200000, 0x0000000083200000|100%|HC|  |TAMS 0x0000000083200000, 0x0000000083100000| Complete 
|  50|0x0000000083200000, 0x0000000083300000, 0x0000000083300000|100%|HC|  |TAMS 0x0000000083300000, 0x0000000083200000| Complete 
|  51|0x0000000083300000, 0x0000000083400000, 0x0000000083400000|100%|HS|  |TAMS 0x0000000083400000, 0x0000000083300000| Complete 
|  52|0x0000000083400000, 0x0000000083500000, 0x0000000083500000|100%|HC|  |TAMS 0x0000000083500000, 0x0000000083400000| Complete 
|  53|0x0000000083500000, 0x0000000083600000, 0x0000000083600000|100%| O|  |TAMS 0x0000000083600000, 0x0000000083500000| Untracked 
|  54|0x0000000083600000, 0x0000000083700000, 0x0000000083700000|100%| O|  |TAMS 0x0000000083700000, 0x0000000083600000| Untracked 
|  55|0x0000000083700000, 0x0000000083800000, 0x0000000083800000|100%| O|  |TAMS 0x0000000083800000, 0x0000000083700000| Untracked 
|  56|0x0000000083800000, 0x0000000083900000, 0x0000000083900000|100%| O|  |TAMS 0x0000000083900000, 0x0000000083800000| Untracked 
|  57|0x0000000083900000, 0x0000000083a00000, 0x0000000083a00000|100%| O|  |TAMS 0x0000000083a00000, 0x0000000083900000| Untracked 
|  58|0x0000000083a00000, 0x0000000083b00000, 0x0000000083b00000|100%| O|  |TAMS 0x0000000083b00000, 0x0000000083a00000| Untracked 
|  59|0x0000000083b00000, 0x0000000083c00000, 0x0000000083c00000|100%| O|  |TAMS 0x0000000083c00000, 0x0000000083b00000| Untracked 
|  60|0x0000000083c00000, 0x0000000083d00000, 0x0000000083d00000|100%|HS|  |TAMS 0x0000000083d00000, 0x0000000083c00000| Complete 
|  61|0x0000000083d00000, 0x0000000083e00000, 0x0000000083e00000|100%| O|  |TAMS 0x0000000083e00000, 0x0000000083d00000| Untracked 
|  62|0x0000000083e00000, 0x0000000083f00000, 0x0000000083f00000|100%| O|  |TAMS 0x0000000083f00000, 0x0000000083e00000| Untracked 
|  63|0x0000000083f00000, 0x0000000084000000, 0x0000000084000000|100%| O|  |TAMS 0x0000000084000000, 0x0000000083f00000| Untracked 
|  64|0x0000000084000000, 0x0000000084100000, 0x0000000084100000|100%| O|  |TAMS 0x0000000084100000, 0x0000000084000000| Untracked 
|  65|0x0000000084100000, 0x0000000084200000, 0x0000000084200000|100%|HS|  |TAMS 0x0000000084200000, 0x0000000084100000| Complete 
|  66|0x0000000084200000, 0x0000000084300000, 0x0000000084300000|100%|HC|  |TAMS 0x0000000084300000, 0x0000000084200000| Complete 
|  67|0x0000000084300000, 0x0000000084400000, 0x0000000084400000|100%|HC|  |TAMS 0x0000000084400000, 0x0000000084300000| Complete 
|  68|0x0000000084400000, 0x0000000084500000, 0x0000000084500000|100%|HC|  |TAMS 0x0000000084500000, 0x0000000084400000| Complete 
|  69|0x0000000084500000, 0x0000000084600000, 0x0000000084600000|100%|HC|  |TAMS 0x0000000084600000, 0x0000000084500000| Complete 
|  70|0x0000000084600000, 0x0000000084700000, 0x0000000084700000|100%|HC|  |TAMS 0x0000000084700000, 0x0000000084600000| Complete 
|  71|0x0000000084700000, 0x0000000084800000, 0x0000000084800000|100%|HC|  |TAMS 0x0000000084800000, 0x0000000084700000| Complete 
|  72|0x0000000084800000, 0x0000000084900000, 0x0000000084900000|100%|HC|  |TAMS 0x0000000084900000, 0x0000000084800000| Complete 
|  73|0x0000000084900000, 0x0000000084a00000, 0x0000000084a00000|100%|HC|  |TAMS 0x0000000084a00000, 0x0000000084900000| Complete 
|  74|0x0000000084a00000, 0x0000000084b00000, 0x0000000084b00000|100%|HC|  |TAMS 0x0000000084b00000, 0x0000000084a00000| Complete 
|  75|0x0000000084b00000, 0x0000000084c00000, 0x0000000084c00000|100%|HC|  |TAMS 0x0000000084c00000, 0x0000000084b00000| Complete 
|  76|0x0000000084c00000, 0x0000000084d00000, 0x0000000084d00000|100%|HS|  |TAMS 0x0000000084d00000, 0x0000000084c00000| Complete 
|  77|0x0000000084d00000, 0x0000000084e00000, 0x0000000084e00000|100%|HC|  |TAMS 0x0000000084e00000, 0x0000000084d00000| Complete 
|  78|0x0000000084e00000, 0x0000000084f00000, 0x0000000084f00000|100%|HS|  |TAMS 0x0000000084f00000, 0x0000000084e00000| Complete 
|  79|0x0000000084f00000, 0x0000000085000000, 0x0000000085000000|100%|HC|  |TAMS 0x0000000085000000, 0x0000000084f00000| Complete 
|  80|0x0000000085000000, 0x0000000085100000, 0x0000000085100000|100%|HS|  |TAMS 0x0000000085100000, 0x0000000085000000| Complete 
|  81|0x0000000085100000, 0x0000000085200000, 0x0000000085200000|100%|HC|  |TAMS 0x0000000085200000, 0x0000000085100000| Complete 
|  82|0x0000000085200000, 0x0000000085300000, 0x0000000085300000|100%|HC|  |TAMS 0x0000000085300000, 0x0000000085200000| Complete 
|  83|0x0000000085300000, 0x0000000085400000, 0x0000000085400000|100%|HS|  |TAMS 0x0000000085400000, 0x0000000085300000| Complete 
|  84|0x0000000085400000, 0x0000000085500000, 0x0000000085500000|100%|HC|  |TAMS 0x0000000085500000, 0x0000000085400000| Complete 
|  85|0x0000000085500000, 0x0000000085600000, 0x0000000085600000|100%|HC|  |TAMS 0x0000000085600000, 0x0000000085500000| Complete 
|  86|0x0000000085600000, 0x0000000085700000, 0x0000000085700000|100%| O|  |TAMS 0x0000000085700000, 0x0000000085600000| Untracked 
|  87|0x0000000085700000, 0x0000000085800000, 0x0000000085800000|100%| O|  |TAMS 0x0000000085800000, 0x0000000085700000| Untracked 
|  88|0x0000000085800000, 0x0000000085900000, 0x0000000085900000|100%| O|  |TAMS 0x0000000085900000, 0x0000000085800000| Untracked 
|  89|0x0000000085900000, 0x0000000085a00000, 0x0000000085a00000|100%| O|  |TAMS 0x0000000085a00000, 0x0000000085900000| Untracked 
|  90|0x0000000085a00000, 0x0000000085b00000, 0x0000000085b00000|100%|HS|  |TAMS 0x0000000085b00000, 0x0000000085a00000| Complete 
|  91|0x0000000085b00000, 0x0000000085c00000, 0x0000000085c00000|100%|HC|  |TAMS 0x0000000085c00000, 0x0000000085b00000| Complete 
|  92|0x0000000085c00000, 0x0000000085d00000, 0x0000000085d00000|100%|HC|  |TAMS 0x0000000085d00000, 0x0000000085c00000| Complete 
|  93|0x0000000085d00000, 0x0000000085e00000, 0x0000000085e00000|100%|HC|  |TAMS 0x0000000085e00000, 0x0000000085d00000| Complete 
|  94|0x0000000085e00000, 0x0000000085f00000, 0x0000000085f00000|100%|HC|  |TAMS 0x0000000085f00000, 0x0000000085e00000| Complete 
|  95|0x0000000085f00000, 0x0000000086000000, 0x0000000086000000|100%|HC|  |TAMS 0x0000000086000000, 0x0000000085f00000| Complete 
|  96|0x0000000086000000, 0x0000000086100000, 0x0000000086100000|100%|HS|  |TAMS 0x0000000086100000, 0x0000000086000000| Complete 
|  97|0x0000000086100000, 0x0000000086200000, 0x0000000086200000|100%| O|  |TAMS 0x0000000086200000, 0x0000000086100000| Untracked 
|  98|0x0000000086200000, 0x0000000086300000, 0x0000000086300000|100%| O|  |TAMS 0x0000000086300000, 0x0000000086200000| Untracked 
|  99|0x0000000086300000, 0x0000000086400000, 0x0000000086400000|100%|HS|  |TAMS 0x0000000086400000, 0x0000000086300000| Complete 
| 100|0x0000000086400000, 0x0000000086500000, 0x0000000086500000|100%|HS|  |TAMS 0x0000000086500000, 0x0000000086400000| Complete 
| 101|0x0000000086500000, 0x0000000086600000, 0x0000000086600000|100%|HC|  |TAMS 0x0000000086600000, 0x0000000086500000| Complete 
| 102|0x0000000086600000, 0x0000000086700000, 0x0000000086700000|100%|HS|  |TAMS 0x0000000086700000, 0x0000000086600000| Complete 
| 103|0x0000000086700000, 0x0000000086800000, 0x0000000086800000|100%| O|  |TAMS 0x0000000086800000, 0x0000000086700000| Untracked 
| 104|0x0000000086800000, 0x0000000086900000, 0x0000000086900000|100%| O|  |TAMS 0x0000000086900000, 0x0000000086800000| Untracked 
| 105|0x0000000086900000, 0x0000000086a00000, 0x0000000086a00000|100%|HS|  |TAMS 0x0000000086a00000, 0x0000000086900000| Complete 
| 106|0x0000000086a00000, 0x0000000086b00000, 0x0000000086b00000|100%|HC|  |TAMS 0x0000000086b00000, 0x0000000086a00000| Complete 
| 107|0x0000000086b00000, 0x0000000086c00000, 0x0000000086c00000|100%|HC|  |TAMS 0x0000000086c00000, 0x0000000086b00000| Complete 
| 108|0x0000000086c00000, 0x0000000086d00000, 0x0000000086d00000|100%|HC|  |TAMS 0x0000000086d00000, 0x0000000086c00000| Complete 
| 109|0x0000000086d00000, 0x0000000086e00000, 0x0000000086e00000|100%| O|  |TAMS 0x0000000086e00000, 0x0000000086d00000| Untracked 
| 110|0x0000000086e00000, 0x0000000086f00000, 0x0000000086f00000|100%| O|  |TAMS 0x0000000086f00000, 0x0000000086e00000| Untracked 
| 111|0x0000000086f00000, 0x0000000087000000, 0x0000000087000000|100%| O|  |TAMS 0x0000000087000000, 0x0000000086f00000| Untracked 
| 112|0x0000000087000000, 0x0000000087100000, 0x0000000087100000|100%| O|  |TAMS 0x0000000087100000, 0x0000000087000000| Untracked 
| 113|0x0000000087100000, 0x0000000087200000, 0x0000000087200000|100%| O|  |TAMS 0x0000000087200000, 0x0000000087100000| Untracked 
| 114|0x0000000087200000, 0x0000000087300000, 0x0000000087300000|100%| O|  |TAMS 0x0000000087300000, 0x0000000087200000| Untracked 
| 115|0x0000000087300000, 0x0000000087400000, 0x0000000087400000|100%| O|  |TAMS 0x0000000087400000, 0x0000000087300000| Untracked 
| 116|0x0000000087400000, 0x0000000087500000, 0x0000000087500000|100%| O|  |TAMS 0x0000000087500000, 0x0000000087400000| Untracked 
| 117|0x0000000087500000, 0x0000000087600000, 0x0000000087600000|100%| O|  |TAMS 0x0000000087600000, 0x0000000087500000| Untracked 
| 118|0x0000000087600000, 0x0000000087700000, 0x0000000087700000|100%| O|  |TAMS 0x0000000087700000, 0x0000000087600000| Untracked 
| 119|0x0000000087700000, 0x0000000087800000, 0x0000000087800000|100%| O|  |TAMS 0x0000000087800000, 0x0000000087700000| Untracked 
| 120|0x0000000087800000, 0x0000000087900000, 0x0000000087900000|100%| O|  |TAMS 0x0000000087900000, 0x0000000087800000| Untracked 
| 121|0x0000000087900000, 0x0000000087a00000, 0x0000000087a00000|100%| O|  |TAMS 0x0000000087a00000, 0x0000000087900000| Untracked 
| 122|0x0000000087a00000, 0x0000000087b00000, 0x0000000087b00000|100%| O|  |TAMS 0x0000000087b00000, 0x0000000087a00000| Untracked 
| 123|0x0000000087b00000, 0x0000000087c00000, 0x0000000087c00000|100%| O|  |TAMS 0x0000000087c00000, 0x0000000087b00000| Untracked 
| 124|0x0000000087c00000, 0x0000000087d00000, 0x0000000087d00000|100%| O|  |TAMS 0x0000000087d00000, 0x0000000087c00000| Untracked 
| 125|0x0000000087d00000, 0x0000000087e00000, 0x0000000087e00000|100%| O|  |TAMS 0x0000000087e00000, 0x0000000087d00000| Untracked 
| 126|0x0000000087e00000, 0x0000000087f00000, 0x0000000087f00000|100%| O|  |TAMS 0x0000000087f00000, 0x0000000087e00000| Untracked 
| 127|0x0000000087f00000, 0x0000000088000000, 0x0000000088000000|100%| O|  |TAMS 0x0000000088000000, 0x0000000087f00000| Untracked 
| 128|0x0000000088000000, 0x0000000088100000, 0x0000000088100000|100%| O|  |TAMS 0x0000000088100000, 0x0000000088000000| Untracked 
| 129|0x0000000088100000, 0x0000000088200000, 0x0000000088200000|100%|HS|  |TAMS 0x0000000088200000, 0x0000000088100000| Complete 
| 130|0x0000000088200000, 0x0000000088300000, 0x0000000088300000|100%|HC|  |TAMS 0x0000000088300000, 0x0000000088200000| Complete 
| 131|0x0000000088300000, 0x0000000088400000, 0x0000000088400000|100%|HS|  |TAMS 0x0000000088400000, 0x0000000088300000| Complete 
| 132|0x0000000088400000, 0x0000000088500000, 0x0000000088500000|100%|HC|  |TAMS 0x0000000088500000, 0x0000000088400000| Complete 
| 133|0x0000000088500000, 0x0000000088600000, 0x0000000088600000|100%|HC|  |TAMS 0x0000000088600000, 0x0000000088500000| Complete 
| 134|0x0000000088600000, 0x0000000088700000, 0x0000000088700000|100%|HS|  |TAMS 0x0000000088700000, 0x0000000088600000| Complete 
| 135|0x0000000088700000, 0x0000000088800000, 0x0000000088800000|100%|HC|  |TAMS 0x0000000088800000, 0x0000000088700000| Complete 
| 136|0x0000000088800000, 0x0000000088900000, 0x0000000088900000|100%|HC|  |TAMS 0x0000000088900000, 0x0000000088800000| Complete 
| 137|0x0000000088900000, 0x0000000088a00000, 0x0000000088a00000|100%|HS|  |TAMS 0x0000000088a00000, 0x0000000088900000| Complete 
| 138|0x0000000088a00000, 0x0000000088b00000, 0x0000000088b00000|100%|HC|  |TAMS 0x0000000088b00000, 0x0000000088a00000| Complete 
| 139|0x0000000088b00000, 0x0000000088c00000, 0x0000000088c00000|100%|HC|  |TAMS 0x0000000088c00000, 0x0000000088b00000| Complete 
| 140|0x0000000088c00000, 0x0000000088d00000, 0x0000000088d00000|100%|HC|  |TAMS 0x0000000088d00000, 0x0000000088c00000| Complete 
| 141|0x0000000088d00000, 0x0000000088e00000, 0x0000000088e00000|100%|HC|  |TAMS 0x0000000088e00000, 0x0000000088d00000| Complete 
| 142|0x0000000088e00000, 0x0000000088f00000, 0x0000000088f00000|100%|HC|  |TAMS 0x0000000088f00000, 0x0000000088e00000| Complete 
| 143|0x0000000088f00000, 0x0000000089000000, 0x0000000089000000|100%|HS|  |TAMS 0x0000000089000000, 0x0000000088f00000| Complete 
| 144|0x0000000089000000, 0x0000000089100000, 0x0000000089100000|100%|HC|  |TAMS 0x0000000089100000, 0x0000000089000000| Complete 
| 145|0x0000000089100000, 0x0000000089200000, 0x0000000089200000|100%|HS|  |TAMS 0x0000000089200000, 0x0000000089100000| Complete 
| 146|0x0000000089200000, 0x0000000089300000, 0x0000000089300000|100%|HC|  |TAMS 0x0000000089300000, 0x0000000089200000| Complete 
| 147|0x0000000089300000, 0x0000000089400000, 0x0000000089400000|100%|HC|  |TAMS 0x0000000089400000, 0x0000000089300000| Complete 
| 148|0x0000000089400000, 0x0000000089500000, 0x0000000089500000|100%|HC|  |TAMS 0x0000000089500000, 0x0000000089400000| Complete 
| 149|0x0000000089500000, 0x0000000089600000, 0x0000000089600000|100%|HC|  |TAMS 0x0000000089600000, 0x0000000089500000| Complete 
| 150|0x0000000089600000, 0x0000000089700000, 0x0000000089700000|100%|HC|  |TAMS 0x0000000089700000, 0x0000000089600000| Complete 
| 151|0x0000000089700000, 0x0000000089800000, 0x0000000089800000|100%|HC|  |TAMS 0x0000000089800000, 0x0000000089700000| Complete 
| 152|0x0000000089800000, 0x0000000089900000, 0x0000000089900000|100%|HC|  |TAMS 0x0000000089900000, 0x0000000089800000| Complete 
| 153|0x0000000089900000, 0x0000000089a00000, 0x0000000089a00000|100%|HC|  |TAMS 0x0000000089a00000, 0x0000000089900000| Complete 
| 154|0x0000000089a00000, 0x0000000089b00000, 0x0000000089b00000|100%|HC|  |TAMS 0x0000000089b00000, 0x0000000089a00000| Complete 
| 155|0x0000000089b00000, 0x0000000089c00000, 0x0000000089c00000|100%|HS|  |TAMS 0x0000000089c00000, 0x0000000089b00000| Complete 
| 156|0x0000000089c00000, 0x0000000089d00000, 0x0000000089d00000|100%|HC|  |TAMS 0x0000000089d00000, 0x0000000089c00000| Complete 
| 157|0x0000000089d00000, 0x0000000089e00000, 0x0000000089e00000|100%| O|  |TAMS 0x0000000089e00000, 0x0000000089d00000| Untracked 
| 158|0x0000000089e00000, 0x0000000089f00000, 0x0000000089f00000|100%| O|  |TAMS 0x0000000089f00000, 0x0000000089e00000| Untracked 
| 159|0x0000000089f00000, 0x000000008a000000, 0x000000008a000000|100%| O|  |TAMS 0x000000008a000000, 0x0000000089f00000| Untracked 
| 160|0x000000008a000000, 0x000000008a100000, 0x000000008a100000|100%| O|  |TAMS 0x000000008a100000, 0x000000008a000000| Untracked 
| 161|0x000000008a100000, 0x000000008a200000, 0x000000008a200000|100%| O|  |TAMS 0x000000008a200000, 0x000000008a100000| Untracked 
| 162|0x000000008a200000, 0x000000008a300000, 0x000000008a300000|100%| O|  |TAMS 0x000000008a300000, 0x000000008a200000| Untracked 
| 163|0x000000008a300000, 0x000000008a300000, 0x000000008a400000|  0%| F|  |TAMS 0x000000008a300000, 0x000000008a300000| Untracked 
| 164|0x000000008a400000, 0x000000008a400000, 0x000000008a500000|  0%| F|  |TAMS 0x000000008a400000, 0x000000008a400000| Untracked 
| 165|0x000000008a500000, 0x000000008a500000, 0x000000008a600000|  0%| F|  |TAMS 0x000000008a500000, 0x000000008a500000| Untracked 
| 166|0x000000008a600000, 0x000000008a600000, 0x000000008a700000|  0%| F|  |TAMS 0x000000008a600000, 0x000000008a600000| Untracked 
| 167|0x000000008a700000, 0x000000008a700000, 0x000000008a800000|  0%| F|  |TAMS 0x000000008a700000, 0x000000008a700000| Untracked 
| 168|0x000000008a800000, 0x000000008a900000, 0x000000008a900000|100%| O|  |TAMS 0x000000008a900000, 0x000000008a800000| Untracked 
| 169|0x000000008a900000, 0x000000008aa00000, 0x000000008aa00000|100%| O|  |TAMS 0x000000008aa00000, 0x000000008a900000| Untracked 
| 170|0x000000008aa00000, 0x000000008ab00000, 0x000000008ab00000|100%| O|  |TAMS 0x000000008ab00000, 0x000000008aa00000| Untracked 
| 171|0x000000008ab00000, 0x000000008ac00000, 0x000000008ac00000|100%| O|  |TAMS 0x000000008ac00000, 0x000000008ab00000| Untracked 
| 172|0x000000008ac00000, 0x000000008ad00000, 0x000000008ad00000|100%| O|  |TAMS 0x000000008ad00000, 0x000000008ac00000| Untracked 
| 173|0x000000008ad00000, 0x000000008ad00000, 0x000000008ae00000|  0%| F|  |TAMS 0x000000008ad00000, 0x000000008ad00000| Untracked 
| 174|0x000000008ae00000, 0x000000008ae00000, 0x000000008af00000|  0%| F|  |TAMS 0x000000008ae00000, 0x000000008ae00000| Untracked 
| 175|0x000000008af00000, 0x000000008af00000, 0x000000008b000000|  0%| F|  |TAMS 0x000000008af00000, 0x000000008af00000| Untracked 
| 176|0x000000008b000000, 0x000000008b100000, 0x000000008b100000|100%| O|  |TAMS 0x000000008b100000, 0x000000008b000000| Untracked 
| 177|0x000000008b100000, 0x000000008b200000, 0x000000008b200000|100%| O|  |TAMS 0x000000008b200000, 0x000000008b100000| Untracked 
| 178|0x000000008b200000, 0x000000008b300000, 0x000000008b300000|100%| O|  |TAMS 0x000000008b300000, 0x000000008b200000| Untracked 
| 179|0x000000008b300000, 0x000000008b38d000, 0x000000008b400000| 55%| O|  |TAMS 0x000000008b336000, 0x000000008b300000| Untracked 
| 180|0x000000008b400000, 0x000000008b400000, 0x000000008b500000|  0%| F|  |TAMS 0x000000008b400000, 0x000000008b400000| Untracked 
| 181|0x000000008b500000, 0x000000008b500000, 0x000000008b600000|  0%| F|  |TAMS 0x000000008b500000, 0x000000008b500000| Untracked 
| 182|0x000000008b600000, 0x000000008b600000, 0x000000008b700000|  0%| F|  |TAMS 0x000000008b600000, 0x000000008b600000| Untracked 
| 183|0x000000008b700000, 0x000000008b700000, 0x000000008b800000|  0%| F|  |TAMS 0x000000008b700000, 0x000000008b700000| Untracked 
| 184|0x000000008b800000, 0x000000008b800000, 0x000000008b900000|  0%| F|  |TAMS 0x000000008b800000, 0x000000008b800000| Untracked 
| 185|0x000000008b900000, 0x000000008b900000, 0x000000008ba00000|  0%| F|  |TAMS 0x000000008b900000, 0x000000008b900000| Untracked 
| 186|0x000000008ba00000, 0x000000008ba00000, 0x000000008bb00000|  0%| F|  |TAMS 0x000000008ba00000, 0x000000008ba00000| Untracked 
| 187|0x000000008bb00000, 0x000000008bb00000, 0x000000008bc00000|  0%| F|  |TAMS 0x000000008bb00000, 0x000000008bb00000| Untracked 
| 188|0x000000008bc00000, 0x000000008bc00000, 0x000000008bd00000|  0%| F|  |TAMS 0x000000008bc00000, 0x000000008bc00000| Untracked 
| 189|0x000000008bd00000, 0x000000008bd00000, 0x000000008be00000|  0%| F|  |TAMS 0x000000008bd00000, 0x000000008bd00000| Untracked 
| 190|0x000000008be00000, 0x000000008be00000, 0x000000008bf00000|  0%| F|  |TAMS 0x000000008be00000, 0x000000008be00000| Untracked 
| 191|0x000000008bf00000, 0x000000008bf00000, 0x000000008c000000|  0%| F|  |TAMS 0x000000008bf00000, 0x000000008bf00000| Untracked 
| 192|0x000000008c000000, 0x000000008c000000, 0x000000008c100000|  0%| F|  |TAMS 0x000000008c000000, 0x000000008c000000| Untracked 
| 193|0x000000008c100000, 0x000000008c100000, 0x000000008c200000|  0%| F|  |TAMS 0x000000008c100000, 0x000000008c100000| Untracked 
| 194|0x000000008c200000, 0x000000008c200000, 0x000000008c300000|  0%| F|  |TAMS 0x000000008c200000, 0x000000008c200000| Untracked 
| 195|0x000000008c300000, 0x000000008c300000, 0x000000008c400000|  0%| F|  |TAMS 0x000000008c300000, 0x000000008c300000| Untracked 
| 196|0x000000008c400000, 0x000000008c400000, 0x000000008c500000|  0%| F|  |TAMS 0x000000008c400000, 0x000000008c400000| Untracked 
| 197|0x000000008c500000, 0x000000008c500000, 0x000000008c600000|  0%| F|  |TAMS 0x000000008c500000, 0x000000008c500000| Untracked 
| 198|0x000000008c600000, 0x000000008c600000, 0x000000008c700000|  0%| F|  |TAMS 0x000000008c600000, 0x000000008c600000| Untracked 
| 199|0x000000008c700000, 0x000000008c700000, 0x000000008c800000|  0%| F|  |TAMS 0x000000008c700000, 0x000000008c700000| Untracked 
| 200|0x000000008c800000, 0x000000008c800000, 0x000000008c900000|  0%| F|  |TAMS 0x000000008c800000, 0x000000008c800000| Untracked 
| 201|0x000000008c900000, 0x000000008c900000, 0x000000008ca00000|  0%| F|  |TAMS 0x000000008c900000, 0x000000008c900000| Untracked 
| 202|0x000000008ca00000, 0x000000008ca00000, 0x000000008cb00000|  0%| F|  |TAMS 0x000000008ca00000, 0x000000008ca00000| Untracked 
| 203|0x000000008cb00000, 0x000000008cb00000, 0x000000008cc00000|  0%| F|  |TAMS 0x000000008cb00000, 0x000000008cb00000| Untracked 
| 204|0x000000008cc00000, 0x000000008cc00000, 0x000000008cd00000|  0%| F|  |TAMS 0x000000008cc00000, 0x000000008cc00000| Untracked 
| 205|0x000000008cd00000, 0x000000008cd00000, 0x000000008ce00000|  0%| F|  |TAMS 0x000000008cd00000, 0x000000008cd00000| Untracked 
| 206|0x000000008ce00000, 0x000000008ce00000, 0x000000008cf00000|  0%| F|  |TAMS 0x000000008ce00000, 0x000000008ce00000| Untracked 
| 207|0x000000008cf00000, 0x000000008cf00000, 0x000000008d000000|  0%| F|  |TAMS 0x000000008cf00000, 0x000000008cf00000| Untracked 
| 208|0x000000008d000000, 0x000000008d000000, 0x000000008d100000|  0%| F|  |TAMS 0x000000008d000000, 0x000000008d000000| Untracked 
| 209|0x000000008d100000, 0x000000008d100000, 0x000000008d200000|  0%| F|  |TAMS 0x000000008d100000, 0x000000008d100000| Untracked 
| 210|0x000000008d200000, 0x000000008d200000, 0x000000008d300000|  0%| F|  |TAMS 0x000000008d200000, 0x000000008d200000| Untracked 
| 211|0x000000008d300000, 0x000000008d300000, 0x000000008d400000|  0%| F|  |TAMS 0x000000008d300000, 0x000000008d300000| Untracked 
| 212|0x000000008d400000, 0x000000008d400000, 0x000000008d500000|  0%| F|  |TAMS 0x000000008d400000, 0x000000008d400000| Untracked 
| 213|0x000000008d500000, 0x000000008d500000, 0x000000008d600000|  0%| F|  |TAMS 0x000000008d500000, 0x000000008d500000| Untracked 
| 214|0x000000008d600000, 0x000000008d600000, 0x000000008d700000|  0%| F|  |TAMS 0x000000008d600000, 0x000000008d600000| Untracked 
| 215|0x000000008d700000, 0x000000008d700000, 0x000000008d800000|  0%| F|  |TAMS 0x000000008d700000, 0x000000008d700000| Untracked 
| 216|0x000000008d800000, 0x000000008d800000, 0x000000008d900000|  0%| F|  |TAMS 0x000000008d800000, 0x000000008d800000| Untracked 
| 217|0x000000008d900000, 0x000000008d900000, 0x000000008da00000|  0%| F|  |TAMS 0x000000008d900000, 0x000000008d900000| Untracked 
| 218|0x000000008da00000, 0x000000008da00000, 0x000000008db00000|  0%| F|  |TAMS 0x000000008da00000, 0x000000008da00000| Untracked 
| 219|0x000000008db00000, 0x000000008db00000, 0x000000008dc00000|  0%| F|  |TAMS 0x000000008db00000, 0x000000008db00000| Untracked 
| 220|0x000000008dc00000, 0x000000008dc00000, 0x000000008dd00000|  0%| F|  |TAMS 0x000000008dc00000, 0x000000008dc00000| Untracked 
| 221|0x000000008dd00000, 0x000000008dd00000, 0x000000008de00000|  0%| F|  |TAMS 0x000000008dd00000, 0x000000008dd00000| Untracked 
| 222|0x000000008de00000, 0x000000008de00000, 0x000000008df00000|  0%| F|  |TAMS 0x000000008de00000, 0x000000008de00000| Untracked 
| 223|0x000000008df00000, 0x000000008df00000, 0x000000008e000000|  0%| F|  |TAMS 0x000000008df00000, 0x000000008df00000| Untracked 
| 224|0x000000008e000000, 0x000000008e000000, 0x000000008e100000|  0%| F|  |TAMS 0x000000008e000000, 0x000000008e000000| Untracked 
| 225|0x000000008e100000, 0x000000008e100000, 0x000000008e200000|  0%| F|  |TAMS 0x000000008e100000, 0x000000008e100000| Untracked 
| 226|0x000000008e200000, 0x000000008e200000, 0x000000008e300000|  0%| F|  |TAMS 0x000000008e200000, 0x000000008e200000| Untracked 
| 227|0x000000008e300000, 0x000000008e300000, 0x000000008e400000|  0%| F|  |TAMS 0x000000008e300000, 0x000000008e300000| Untracked 
| 228|0x000000008e400000, 0x000000008e400000, 0x000000008e500000|  0%| F|  |TAMS 0x000000008e400000, 0x000000008e400000| Untracked 
| 229|0x000000008e500000, 0x000000008e500000, 0x000000008e600000|  0%| F|  |TAMS 0x000000008e500000, 0x000000008e500000| Untracked 
| 230|0x000000008e600000, 0x000000008e600000, 0x000000008e700000|  0%| F|  |TAMS 0x000000008e600000, 0x000000008e600000| Untracked 
| 231|0x000000008e700000, 0x000000008e700000, 0x000000008e800000|  0%| F|  |TAMS 0x000000008e700000, 0x000000008e700000| Untracked 
| 232|0x000000008e800000, 0x000000008e800000, 0x000000008e900000|  0%| F|  |TAMS 0x000000008e800000, 0x000000008e800000| Untracked 
| 233|0x000000008e900000, 0x000000008e900000, 0x000000008ea00000|  0%| F|  |TAMS 0x000000008e900000, 0x000000008e900000| Untracked 
| 234|0x000000008ea00000, 0x000000008ea00000, 0x000000008eb00000|  0%| F|  |TAMS 0x000000008ea00000, 0x000000008ea00000| Untracked 
| 235|0x000000008eb00000, 0x000000008eb00000, 0x000000008ec00000|  0%| F|  |TAMS 0x000000008eb00000, 0x000000008eb00000| Untracked 
| 236|0x000000008ec00000, 0x000000008ec00000, 0x000000008ed00000|  0%| F|  |TAMS 0x000000008ec00000, 0x000000008ec00000| Untracked 
| 237|0x000000008ed00000, 0x000000008ed00000, 0x000000008ee00000|  0%| F|  |TAMS 0x000000008ed00000, 0x000000008ed00000| Untracked 
| 238|0x000000008ee00000, 0x000000008ee00000, 0x000000008ef00000|  0%| F|  |TAMS 0x000000008ee00000, 0x000000008ee00000| Untracked 
| 239|0x000000008ef00000, 0x000000008ef00000, 0x000000008f000000|  0%| F|  |TAMS 0x000000008ef00000, 0x000000008ef00000| Untracked 
| 240|0x000000008f000000, 0x000000008f000000, 0x000000008f100000|  0%| F|  |TAMS 0x000000008f000000, 0x000000008f000000| Untracked 
| 241|0x000000008f100000, 0x000000008f100000, 0x000000008f200000|  0%| F|  |TAMS 0x000000008f100000, 0x000000008f100000| Untracked 
| 242|0x000000008f200000, 0x000000008f200000, 0x000000008f300000|  0%| F|  |TAMS 0x000000008f200000, 0x000000008f200000| Untracked 
| 243|0x000000008f300000, 0x000000008f300000, 0x000000008f400000|  0%| F|  |TAMS 0x000000008f300000, 0x000000008f300000| Untracked 
| 244|0x000000008f400000, 0x000000008f400000, 0x000000008f500000|  0%| F|  |TAMS 0x000000008f400000, 0x000000008f400000| Untracked 
| 245|0x000000008f500000, 0x000000008f500000, 0x000000008f600000|  0%| F|  |TAMS 0x000000008f500000, 0x000000008f500000| Untracked 
| 246|0x000000008f600000, 0x000000008f600000, 0x000000008f700000|  0%| F|  |TAMS 0x000000008f600000, 0x000000008f600000| Untracked 
| 247|0x000000008f700000, 0x000000008f700000, 0x000000008f800000|  0%| F|  |TAMS 0x000000008f700000, 0x000000008f700000| Untracked 
| 248|0x000000008f800000, 0x000000008f800000, 0x000000008f900000|  0%| F|  |TAMS 0x000000008f800000, 0x000000008f800000| Untracked 
| 249|0x000000008f900000, 0x000000008f900000, 0x000000008fa00000|  0%| F|  |TAMS 0x000000008f900000, 0x000000008f900000| Untracked 
| 250|0x000000008fa00000, 0x000000008fa00000, 0x000000008fb00000|  0%| F|  |TAMS 0x000000008fa00000, 0x000000008fa00000| Untracked 
| 251|0x000000008fb00000, 0x000000008fb00000, 0x000000008fc00000|  0%| F|  |TAMS 0x000000008fb00000, 0x000000008fb00000| Untracked 
| 252|0x000000008fc00000, 0x000000008fc00000, 0x000000008fd00000|  0%| F|  |TAMS 0x000000008fc00000, 0x000000008fc00000| Untracked 
| 253|0x000000008fd00000, 0x000000008fd00000, 0x000000008fe00000|  0%| F|  |TAMS 0x000000008fd00000, 0x000000008fd00000| Untracked 
| 254|0x000000008fe00000, 0x000000008fe00000, 0x000000008ff00000|  0%| F|  |TAMS 0x000000008fe00000, 0x000000008fe00000| Untracked 
| 255|0x000000008ff00000, 0x000000008ff00000, 0x0000000090000000|  0%| F|  |TAMS 0x000000008ff00000, 0x000000008ff00000| Untracked 
| 256|0x0000000090000000, 0x0000000090000000, 0x0000000090100000|  0%| F|  |TAMS 0x0000000090000000, 0x0000000090000000| Untracked 
| 257|0x0000000090100000, 0x0000000090100000, 0x0000000090200000|  0%| F|  |TAMS 0x0000000090100000, 0x0000000090100000| Untracked 
| 258|0x0000000090200000, 0x0000000090200000, 0x0000000090300000|  0%| F|  |TAMS 0x0000000090200000, 0x0000000090200000| Untracked 
| 259|0x0000000090300000, 0x0000000090300000, 0x0000000090400000|  0%| F|  |TAMS 0x0000000090300000, 0x0000000090300000| Untracked 
| 260|0x0000000090400000, 0x0000000090400000, 0x0000000090500000|  0%| F|  |TAMS 0x0000000090400000, 0x0000000090400000| Untracked 
| 261|0x0000000090500000, 0x0000000090500000, 0x0000000090600000|  0%| F|  |TAMS 0x0000000090500000, 0x0000000090500000| Untracked 
| 262|0x0000000090600000, 0x0000000090600000, 0x0000000090700000|  0%| F|  |TAMS 0x0000000090600000, 0x0000000090600000| Untracked 
| 263|0x0000000090700000, 0x0000000090700000, 0x0000000090800000|  0%| F|  |TAMS 0x0000000090700000, 0x0000000090700000| Untracked 
| 264|0x0000000090800000, 0x0000000090800000, 0x0000000090900000|  0%| F|  |TAMS 0x0000000090800000, 0x0000000090800000| Untracked 
| 265|0x0000000090900000, 0x0000000090900000, 0x0000000090a00000|  0%| F|  |TAMS 0x0000000090900000, 0x0000000090900000| Untracked 
| 266|0x0000000090a00000, 0x0000000090a00000, 0x0000000090b00000|  0%| F|  |TAMS 0x0000000090a00000, 0x0000000090a00000| Untracked 
| 267|0x0000000090b00000, 0x0000000090b00000, 0x0000000090c00000|  0%| F|  |TAMS 0x0000000090b00000, 0x0000000090b00000| Untracked 
| 268|0x0000000090c00000, 0x0000000090c00000, 0x0000000090d00000|  0%| F|  |TAMS 0x0000000090c00000, 0x0000000090c00000| Untracked 
| 269|0x0000000090d00000, 0x0000000090d00000, 0x0000000090e00000|  0%| F|  |TAMS 0x0000000090d00000, 0x0000000090d00000| Untracked 
| 270|0x0000000090e00000, 0x0000000090e00000, 0x0000000090f00000|  0%| F|  |TAMS 0x0000000090e00000, 0x0000000090e00000| Untracked 
| 271|0x0000000090f00000, 0x0000000090f5ae80, 0x0000000091000000| 35%| S|CS|TAMS 0x0000000090f00000, 0x0000000090f00000| Complete 
| 272|0x0000000091000000, 0x0000000091100000, 0x0000000091100000|100%| S|CS|TAMS 0x0000000091000000, 0x0000000091000000| Complete 
| 273|0x0000000091100000, 0x0000000091200000, 0x0000000091200000|100%| S|CS|TAMS 0x0000000091100000, 0x0000000091100000| Complete 
| 274|0x0000000091200000, 0x0000000091300000, 0x0000000091300000|100%| S|CS|TAMS 0x0000000091200000, 0x0000000091200000| Complete 
| 275|0x0000000091300000, 0x0000000091300000, 0x0000000091400000|  0%| F|  |TAMS 0x0000000091300000, 0x0000000091300000| Untracked 
| 276|0x0000000091400000, 0x0000000091400000, 0x0000000091500000|  0%| F|  |TAMS 0x0000000091400000, 0x0000000091400000| Untracked 
| 277|0x0000000091500000, 0x0000000091500000, 0x0000000091600000|  0%| F|  |TAMS 0x0000000091500000, 0x0000000091500000| Untracked 
| 278|0x0000000091600000, 0x0000000091600000, 0x0000000091700000|  0%| F|  |TAMS 0x0000000091600000, 0x0000000091600000| Untracked 
| 279|0x0000000091700000, 0x0000000091700000, 0x0000000091800000|  0%| F|  |TAMS 0x0000000091700000, 0x0000000091700000| Untracked 
| 280|0x0000000091800000, 0x0000000091800000, 0x0000000091900000|  0%| F|  |TAMS 0x0000000091800000, 0x0000000091800000| Untracked 
| 281|0x0000000091900000, 0x0000000091900000, 0x0000000091a00000|  0%| F|  |TAMS 0x0000000091900000, 0x0000000091900000| Untracked 
| 282|0x0000000091a00000, 0x0000000091a00000, 0x0000000091b00000|  0%| F|  |TAMS 0x0000000091a00000, 0x0000000091a00000| Untracked 
| 283|0x0000000091b00000, 0x0000000091b00000, 0x0000000091c00000|  0%| F|  |TAMS 0x0000000091b00000, 0x0000000091b00000| Untracked 
| 284|0x0000000091c00000, 0x0000000091c00000, 0x0000000091d00000|  0%| F|  |TAMS 0x0000000091c00000, 0x0000000091c00000| Untracked 
| 285|0x0000000091d00000, 0x0000000091d00000, 0x0000000091e00000|  0%| F|  |TAMS 0x0000000091d00000, 0x0000000091d00000| Untracked 
| 286|0x0000000091e00000, 0x0000000091e00000, 0x0000000091f00000|  0%| F|  |TAMS 0x0000000091e00000, 0x0000000091e00000| Untracked 
| 287|0x0000000091f00000, 0x0000000091f00000, 0x0000000092000000|  0%| F|  |TAMS 0x0000000091f00000, 0x0000000091f00000| Untracked 
| 288|0x0000000092000000, 0x0000000092000000, 0x0000000092100000|  0%| F|  |TAMS 0x0000000092000000, 0x0000000092000000| Untracked 
| 289|0x0000000092100000, 0x0000000092100000, 0x0000000092200000|  0%| F|  |TAMS 0x0000000092100000, 0x0000000092100000| Untracked 
| 290|0x0000000092200000, 0x0000000092200000, 0x0000000092300000|  0%| F|  |TAMS 0x0000000092200000, 0x0000000092200000| Untracked 
| 291|0x0000000092300000, 0x0000000092300000, 0x0000000092400000|  0%| F|  |TAMS 0x0000000092300000, 0x0000000092300000| Untracked 
| 292|0x0000000092400000, 0x0000000092400000, 0x0000000092500000|  0%| F|  |TAMS 0x0000000092400000, 0x0000000092400000| Untracked 
| 293|0x0000000092500000, 0x0000000092600000, 0x0000000092600000|100%| E|  |TAMS 0x0000000092500000, 0x0000000092500000| Complete 
| 294|0x0000000092600000, 0x0000000092700000, 0x0000000092700000|100%| E|CS|TAMS 0x0000000092600000, 0x0000000092600000| Complete 
| 295|0x0000000092700000, 0x0000000092800000, 0x0000000092800000|100%| E|CS|TAMS 0x0000000092700000, 0x0000000092700000| Complete 
| 296|0x0000000092800000, 0x0000000092900000, 0x0000000092900000|100%| E|CS|TAMS 0x0000000092800000, 0x0000000092800000| Complete 
| 297|0x0000000092900000, 0x0000000092a00000, 0x0000000092a00000|100%| E|CS|TAMS 0x0000000092900000, 0x0000000092900000| Complete 
| 298|0x0000000092a00000, 0x0000000092b00000, 0x0000000092b00000|100%| E|CS|TAMS 0x0000000092a00000, 0x0000000092a00000| Complete 

Card table byte_map: [0x0000025e66400000,0x0000025e66800000] _byte_map_base: 0x0000025e66000000

Marking Bits (Prev, Next): (CMBitMap*) 0x0000025e53b949f0, (CMBitMap*) 0x0000025e53b94a30
 Prev Bits: [0x0000025e66c00000, 0x0000025e68c00000)
 Next Bits: [0x0000025e68c00000, 0x0000025e6ac00000)

Polling page: 0x0000025e51af0000

Metaspace:

Usage:
  Non-class:     78.89 MB used.
      Class:     12.35 MB used.
       Both:     91.24 MB used.

Virtual space:
  Non-class space:       80.00 MB reserved,      79.25 MB (>99%) committed,  10 nodes.
      Class space:        1.00 GB reserved,      12.69 MB (  1%) committed,  1 nodes.
             Both:        1.08 GB reserved,      91.94 MB (  8%) committed. 

Chunk freelists:
   Non-Class:  32.00 KB
       Class:  3.37 MB
        Both:  3.40 MB

MaxMetaspaceSize: unlimited
CompressedClassSpaceSize: 1.00 GB
Initial GC threshold: 21.00 MB
Current GC threshold: 144.19 MB
CDS: off
MetaspaceReclaimPolicy: balanced
 - commit_granule_bytes: 65536.
 - commit_granule_words: 8192.
 - virtual_space_node_default_size: 1048576.
 - enlarge_chunks_in_place: 1.
 - new_chunks_are_fully_committed: 0.
 - uncommit_free_chunks: 1.
 - use_allocation_guard: 0.
 - handle_deallocations: 1.


Internal statistics:

num_allocs_failed_limit: 3.
num_arena_births: 910.
num_arena_deaths: 0.
num_vsnodes_births: 11.
num_vsnodes_deaths: 0.
num_space_committed: 1471.
num_space_uncommitted: 0.
num_chunks_returned_to_freelist: 3.
num_chunks_taken_from_freelist: 4363.
num_chunk_merges: 3.
num_chunk_splits: 2865.
num_chunks_enlarged: 1894.
num_purges: 0.
num_inconsistent_stats: 0.

CodeHeap 'non-profiled nmethods': size=120000Kb used=3894Kb max_used=3894Kb free=116105Kb
 bounds [0x0000025e5ead0000, 0x0000025e5eea0000, 0x0000025e66000000]
CodeHeap 'profiled nmethods': size=120000Kb used=15781Kb max_used=15781Kb free=104218Kb
 bounds [0x0000025e57000000, 0x0000025e57f70000, 0x0000025e5e530000]
CodeHeap 'non-nmethods': size=5760Kb used=2382Kb max_used=2466Kb free=3377Kb
 bounds [0x0000025e5e530000, 0x0000025e5e7b0000, 0x0000025e5ead0000]
 total_blobs=9270 nmethods=8350 adapters=832
 compilation: enabled
              stopped_count=0, restarted_count=0
 full_count=0

Compilation events (20 events):
Event: 22.325 Thread 0x0000025e6dc2f500 9331       1       com.sun.xml.bind.v2.model.impl.TypeRefImpl::getDefaultValue (5 bytes)
Event: 22.325 Thread 0x0000025e6dc2f500 nmethod 9331 0x0000025e5ee9c410 code [0x0000025e5ee9c5a0, 0x0000025e5ee9c678]
Event: 22.325 Thread 0x0000025e6dc2f500 9334       3       com.sun.xml.bind.v2.runtime.JAXBContextImpl::getOrCreate (47 bytes)
Event: 22.325 Thread 0x0000025e6dc2f500 nmethod 9334 0x0000025e57f52b90 code [0x0000025e57f52d60, 0x0000025e57f53208]
Event: 22.355 Thread 0x0000025e6dc2f500 9336       3       jdk.internal.org.objectweb.asm.MethodVisitor::visitLdcInsn (87 bytes)
Event: 22.355 Thread 0x0000025e6dc2f500 nmethod 9336 0x0000025e57f53390 code [0x0000025e57f535a0, 0x0000025e57f53f08]
Event: 22.421 Thread 0x0000025e6dc2f500 9337       3       java.util.Arrays::fill (28 bytes)
Event: 22.421 Thread 0x0000025e6dc2f500 nmethod 9337 0x0000025e57f54110 code [0x0000025e57f542c0, 0x0000025e57f544e8]
Event: 22.427 Thread 0x0000025e6dc2f500 9338       3       com.sun.org.apache.xerces.internal.util.XMLChar::isContent (35 bytes)
Event: 22.427 Thread 0x0000025e6dc2f500 nmethod 9338 0x0000025e57f54610 code [0x0000025e57f547a0, 0x0000025e57f549d8]
Event: 22.436 Thread 0x0000025e6dc2f500 9341       3       java.util.regex.Pattern$Behind::match (137 bytes)
Event: 22.437 Thread 0x0000025e6dc2f500 nmethod 9341 0x0000025e57f54a90 code [0x0000025e57f54c60, 0x0000025e57f55258]
Event: 22.437 Thread 0x0000025e6dc2f500 9342       3       java.util.regex.Pattern$LookBehindEndNode::match (14 bytes)
Event: 22.437 Thread 0x0000025e6dc2f500 nmethod 9342 0x0000025e57f55410 code [0x0000025e57f555a0, 0x0000025e57f55718]
Event: 22.437 Thread 0x0000025e6dc2f500 9343 %     3       java.util.regex.Pattern$Start::match @ 31 (90 bytes)
Event: 22.437 Thread 0x0000025e6dc2f500 nmethod 9343% 0x0000025e57f55810 code [0x0000025e57f559e0, 0x0000025e57f55e68]
Event: 22.439 Thread 0x0000025e6dc2f500 9347       3       java.util.regex.Pattern$Start::match (90 bytes)
Event: 22.440 Thread 0x0000025e6dc2f500 nmethod 9347 0x0000025e57f56090 code [0x0000025e57f56260, 0x0000025e57f56668]
Event: 22.440 Thread 0x0000025e6dc2f500 9349 %     3       java.util.regex.Pattern$NotBehind::match @ 70 (137 bytes)
Event: 22.441 Thread 0x0000025e6dc2f500 nmethod 9349% 0x0000025e57f56810 code [0x0000025e57f56a00, 0x0000025e57f57118]

GC Heap History (20 events):
Event: 15.947 GC heap before
{Heap before GC invocations=37 (full 0):
 garbage-first heap   total 239616K, used 165151K [0x0000000080000000, 0x0000000100000000)
  region size 1024K, 38 young (38912K), 3 survivors (3072K)
 Metaspace       used 67724K, committed 68352K, reserved 1114112K
  class space    used 8980K, committed 9280K, reserved 1048576K
}
Event: 15.958 GC heap after
{Heap after GC invocations=38 (full 0):
 garbage-first heap   total 239616K, used 126541K [0x0000000080000000, 0x0000000100000000)
  region size 1024K, 4 young (4096K), 4 survivors (4096K)
 Metaspace       used 67724K, committed 68352K, reserved 1114112K
  class space    used 8980K, committed 9280K, reserved 1048576K
}
Event: 16.045 GC heap before
{Heap before GC invocations=38 (full 0):
 garbage-first heap   total 239616K, used 133709K [0x0000000080000000, 0x0000000100000000)
  region size 1024K, 11 young (11264K), 4 survivors (4096K)
 Metaspace       used 68023K, committed 68672K, reserved 1114112K
  class space    used 9019K, committed 9344K, reserved 1048576K
}
Event: 16.051 GC heap after
{Heap after GC invocations=39 (full 0):
 garbage-first heap   total 239616K, used 127689K [0x0000000080000000, 0x0000000100000000)
  region size 1024K, 2 young (2048K), 2 survivors (2048K)
 Metaspace       used 68023K, committed 68672K, reserved 1114112K
  class space    used 9019K, committed 9344K, reserved 1048576K
}
Event: 16.296 GC heap before
{Heap before GC invocations=39 (full 0):
 garbage-first heap   total 239616K, used 137929K [0x0000000080000000, 0x0000000100000000)
  region size 1024K, 13 young (13312K), 2 survivors (2048K)
 Metaspace       used 69308K, committed 69952K, reserved 1114112K
  class space    used 9167K, committed 9472K, reserved 1048576K
}
Event: 16.299 GC heap after
{Heap after GC invocations=40 (full 0):
 garbage-first heap   total 239616K, used 128081K [0x0000000080000000, 0x0000000100000000)
  region size 1024K, 2 young (2048K), 2 survivors (2048K)
 Metaspace       used 69308K, committed 69952K, reserved 1114112K
  class space    used 9167K, committed 9472K, reserved 1048576K
}
Event: 17.504 GC heap before
{Heap before GC invocations=41 (full 0):
 garbage-first heap   total 239616K, used 183377K [0x0000000080000000, 0x0000000100000000)
  region size 1024K, 55 young (56320K), 2 survivors (2048K)
 Metaspace       used 73211K, committed 73856K, reserved 1114112K
  class space    used 9698K, committed 9984K, reserved 1048576K
}
Event: 17.511 GC heap after
{Heap after GC invocations=42 (full 0):
 garbage-first heap   total 239616K, used 131276K [0x0000000080000000, 0x0000000100000000)
  region size 1024K, 5 young (5120K), 5 survivors (5120K)
 Metaspace       used 73211K, committed 73856K, reserved 1114112K
  class space    used 9698K, committed 9984K, reserved 1048576K
}
Event: 17.547 GC heap before
{Heap before GC invocations=42 (full 0):
 garbage-first heap   total 239616K, used 137420K [0x0000000080000000, 0x0000000100000000)
  region size 1024K, 11 young (11264K), 5 survivors (5120K)
 Metaspace       used 73234K, committed 73856K, reserved 1114112K
  class space    used 9700K, committed 9984K, reserved 1048576K
}
Event: 17.555 GC heap after
{Heap after GC invocations=43 (full 0):
 garbage-first heap   total 239616K, used 131780K [0x0000000080000000, 0x0000000100000000)
  region size 1024K, 1 young (1024K), 1 survivors (1024K)
 Metaspace       used 73234K, committed 73856K, reserved 1114112K
  class space    used 9700K, committed 9984K, reserved 1048576K
}
Event: 19.109 GC heap before
{Heap before GC invocations=43 (full 0):
 garbage-first heap   total 239616K, used 193220K [0x0000000080000000, 0x0000000100000000)
  region size 1024K, 61 young (62464K), 1 survivors (1024K)
 Metaspace       used 79401K, committed 80000K, reserved 1122304K
  class space    used 10756K, committed 11008K, reserved 1048576K
}
Event: 19.116 GC heap after
{Heap after GC invocations=44 (full 0):
 garbage-first heap   total 239616K, used 135223K [0x0000000080000000, 0x0000000100000000)
  region size 1024K, 5 young (5120K), 5 survivors (5120K)
 Metaspace       used 79401K, committed 80000K, reserved 1122304K
  class space    used 10756K, committed 11008K, reserved 1048576K
}
Event: 20.705 GC heap before
{Heap before GC invocations=45 (full 0):
 garbage-first heap   total 239616K, used 222263K [0x0000000080000000, 0x0000000100000000)
  region size 1024K, 63 young (64512K), 5 survivors (5120K)
 Metaspace       used 84534K, committed 85248K, reserved 1130496K
  class space    used 11508K, committed 11840K, reserved 1048576K
}
Event: 20.721 GC heap after
{Heap after GC invocations=46 (full 0):
 garbage-first heap   total 239616K, used 174285K [0x0000000080000000, 0x0000000100000000)
  region size 1024K, 8 young (8192K), 8 survivors (8192K)
 Metaspace       used 84534K, committed 85248K, reserved 1130496K
  class space    used 11508K, committed 11840K, reserved 1048576K
}
Event: 20.742 GC heap before
{Heap before GC invocations=46 (full 0):
 garbage-first heap   total 239616K, used 176333K [0x0000000080000000, 0x0000000100000000)
  region size 1024K, 11 young (11264K), 8 survivors (8192K)
 Metaspace       used 84738K, committed 85376K, reserved 1130496K
  class space    used 11542K, committed 11840K, reserved 1048576K
}
Event: 20.753 GC heap after
{Heap after GC invocations=47 (full 0):
 garbage-first heap   total 239616K, used 175226K [0x0000000080000000, 0x0000000100000000)
  region size 1024K, 1 young (1024K), 1 survivors (1024K)
 Metaspace       used 84738K, committed 85376K, reserved 1130496K
  class space    used 11542K, committed 11840K, reserved 1048576K
}
Event: 21.195 GC heap before
{Heap before GC invocations=47 (full 0):
 garbage-first heap   total 239616K, used 203898K [0x0000000080000000, 0x0000000100000000)
  region size 1024K, 30 young (30720K), 1 survivors (1024K)
 Metaspace       used 86223K, committed 86912K, reserved 1130496K
  class space    used 11757K, committed 12096K, reserved 1048576K
}
Event: 21.201 GC heap after
{Heap after GC invocations=48 (full 0):
 garbage-first heap   total 239616K, used 176791K [0x0000000080000000, 0x0000000100000000)
  region size 1024K, 3 young (3072K), 3 survivors (3072K)
 Metaspace       used 86223K, committed 86912K, reserved 1130496K
  class space    used 11757K, committed 12096K, reserved 1048576K
}
Event: 22.328 GC heap before
{Heap before GC invocations=49 (full 0):
 garbage-first heap   total 306176K, used 205463K [0x0000000080000000, 0x0000000100000000)
  region size 1024K, 31 young (31744K), 3 survivors (3072K)
 Metaspace       used 91810K, committed 92608K, reserved 1130496K
  class space    used 12466K, committed 12864K, reserved 1048576K
}
Event: 22.337 GC heap after
{Heap after GC invocations=50 (full 0):
 garbage-first heap   total 306176K, used 178079K [0x0000000080000000, 0x0000000100000000)
  region size 1024K, 4 young (4096K), 4 survivors (4096K)
 Metaspace       used 91810K, committed 92608K, reserved 1130496K
  class space    used 12466K, committed 12864K, reserved 1048576K
}

Dll operation events (2 events):
Event: 0.016 Loaded shared library C:\Program Files\Android\Android Studio2\jbr\bin\java.dll
Event: 0.776 Loaded shared library C:\Program Files\Android\Android Studio2\jbr\bin\verify.dll

Deoptimization events (20 events):
Event: 21.193 Thread 0x0000025e6f63ced0 Uncommon trap: trap_request=0xffffffde fr.pc=0x0000025e5ecb57e0 relative=0x0000000000000280
Event: 21.193 Thread 0x0000025e6f63ced0 Uncommon trap: reason=class_check action=maybe_recompile pc=0x0000025e5ecb57e0 method=java.util.stream.AbstractPipeline.copyIntoWithCancel(Ljava/util/stream/Sink;Ljava/util/Spliterator;)Z @ 32 c2
Event: 21.193 Thread 0x0000025e6f63ced0 DEOPT PACKING pc=0x0000025e5ecb57e0 sp=0x00000093ab0fb5c0
Event: 21.193 Thread 0x0000025e6f63ced0 DEOPT UNPACKING pc=0x0000025e5e5869a3 sp=0x00000093ab0fb4c8 mode 2
Event: 21.193 Thread 0x0000025e6f63ced0 Uncommon trap: trap_request=0xffffffde fr.pc=0x0000025e5ecb57e0 relative=0x0000000000000280
Event: 21.193 Thread 0x0000025e6f63ced0 Uncommon trap: reason=class_check action=maybe_recompile pc=0x0000025e5ecb57e0 method=java.util.stream.AbstractPipeline.copyIntoWithCancel(Ljava/util/stream/Sink;Ljava/util/Spliterator;)Z @ 32 c2
Event: 21.193 Thread 0x0000025e6f63ced0 DEOPT PACKING pc=0x0000025e5ecb57e0 sp=0x00000093ab0fb5c0
Event: 21.193 Thread 0x0000025e6f63ced0 DEOPT UNPACKING pc=0x0000025e5e5869a3 sp=0x00000093ab0fb4c8 mode 2
Event: 21.581 Thread 0x0000025e6f63ced0 DEOPT PACKING pc=0x0000025e57e57e12 sp=0x00000093ab0fa3e0
Event: 21.581 Thread 0x0000025e6f63ced0 DEOPT UNPACKING pc=0x0000025e5e587143 sp=0x00000093ab0f98f0 mode 0
Event: 21.614 Thread 0x0000025e6f63ced0 Uncommon trap: trap_request=0xffffffdc fr.pc=0x0000025e5ee7aac0 relative=0x00000000000002a0
Event: 21.614 Thread 0x0000025e6f63ced0 Uncommon trap: reason=class_check action=make_not_entrant pc=0x0000025e5ee7aac0 method=java.util.ArrayList.toArray([Ljava/lang/Object;)[Ljava/lang/Object; @ 21 c2
Event: 21.614 Thread 0x0000025e6f63ced0 DEOPT PACKING pc=0x0000025e5ee7aac0 sp=0x00000093ab0fbe40
Event: 21.614 Thread 0x0000025e6f63ced0 DEOPT UNPACKING pc=0x0000025e5e5869a3 sp=0x00000093ab0fbe10 mode 2
Event: 22.431 Thread 0x0000025e6f63ced0 DEOPT PACKING pc=0x0000025e574cd1cb sp=0x00000093ab0f9790
Event: 22.431 Thread 0x0000025e6f63ced0 DEOPT UNPACKING pc=0x0000025e5e587143 sp=0x00000093ab0f8c40 mode 0
Event: 22.435 Thread 0x0000025e6f63ced0 DEOPT PACKING pc=0x0000025e574cd1cb sp=0x00000093ab0f9790
Event: 22.435 Thread 0x0000025e6f63ced0 DEOPT UNPACKING pc=0x0000025e5e587143 sp=0x00000093ab0f8c40 mode 0
Event: 22.440 Thread 0x0000025e6f63ced0 DEOPT PACKING pc=0x0000025e577bc008 sp=0x00000093ab0f9160
Event: 22.440 Thread 0x0000025e6f63ced0 DEOPT UNPACKING pc=0x0000025e5e587143 sp=0x00000093ab0f8600 mode 0

Classes unloaded (0 events):
No events

Classes redefined (0 events):
No events

Internal exceptions (20 events):
Event: 20.972 Thread 0x0000025e6f63ced0 Exception <a 'java/lang/ClassNotFoundException'{0x000000008d78d070}: org/gradle/api/internal/tasks/DefaultTaskContainer_DecoratedBeanInfo> (0x000000008d78d070) 
thrown [s\src\hotspot\share\classfile\systemDictionary.cpp, line 256]
Event: 20.973 Thread 0x0000025e6f63ced0 Exception <a 'java/lang/ClassNotFoundException'{0x000000008d795f48}: org/gradle/api/internal/tasks/DefaultTaskContainerBeanInfo> (0x000000008d795f48) 
thrown [s\src\hotspot\share\classfile\systemDictionary.cpp, line 256]
Event: 20.973 Thread 0x0000025e6f63ced0 Exception <a 'java/lang/ClassNotFoundException'{0x000000008d79f0e0}: org/gradle/api/internal/tasks/DefaultTaskCollectionBeanInfo> (0x000000008d79f0e0) 
thrown [s\src\hotspot\share\classfile\systemDictionary.cpp, line 256]
Event: 20.974 Thread 0x0000025e6f63ced0 Exception <a 'java/lang/ClassNotFoundException'{0x000000008d7a84f0}: org/gradle/api/internal/tasks/DefaultTaskCollectionCustomizer> (0x000000008d7a84f0) 
thrown [s\src\hotspot\share\classfile\systemDictionary.cpp, line 256]
Event: 20.975 Thread 0x0000025e6f63ced0 Exception <a 'java/lang/ClassNotFoundException'{0x000000008d7ddec0}: org/gradle/api/internal/tasks/DefaultTaskContainerCustomizer> (0x000000008d7ddec0) 
thrown [s\src\hotspot\share\classfile\systemDictionary.cpp, line 256]
Event: 20.977 Thread 0x0000025e6f63ced0 Exception <a 'java/lang/ClassNotFoundException'{0x000000008d638068}: org/gradle/api/internal/tasks/DefaultTaskContainer_DecoratedCustomizer> (0x000000008d638068) 
thrown [s\src\hotspot\share\classfile\systemDictionary.cpp, line 256]
Event: 20.987 Thread 0x0000025e6f63ced0 Exception <a 'java/lang/ClassNotFoundException'{0x000000008d5a19a0}: java/util/ArrayListBeanInfo> (0x000000008d5a19a0) 
thrown [s\src\hotspot\share\classfile\systemDictionary.cpp, line 256]
Event: 20.987 Thread 0x0000025e6f63ced0 Exception <a 'java/lang/ClassNotFoundException'{0x000000008d5a5ef8}: java/util/ArrayListCustomizer> (0x000000008d5a5ef8) 
thrown [s\src\hotspot\share\classfile\systemDictionary.cpp, line 256]
Event: 20.993 Thread 0x0000025e6f63ced0 Exception <a 'java/lang/ClassNotFoundException'{0x000000008d42f8c8}: java/util/CollectionBeanInfo> (0x000000008d42f8c8) 
thrown [s\src\hotspot\share\classfile\systemDictionary.cpp, line 256]
Event: 20.993 Thread 0x0000025e6f63ced0 Exception <a 'java/lang/ClassNotFoundException'{0x000000008d433e20}: java/util/CollectionCustomizer> (0x000000008d433e20) 
thrown [s\src\hotspot\share\classfile\systemDictionary.cpp, line 256]
Event: 21.002 Thread 0x0000025e6f63ced0 Exception <a 'java/lang/ClassNotFoundException'{0x000000008d485eb8}: org/gradle/api/tasks/SourceSetBeanInfo> (0x000000008d485eb8) 
thrown [s\src\hotspot\share\classfile\systemDictionary.cpp, line 256]
Event: 21.003 Thread 0x0000025e6f63ced0 Exception <a 'java/lang/ClassNotFoundException'{0x000000008d48f858}: org/gradle/api/tasks/SourceSetCustomizer> (0x000000008d48f858) 
thrown [s\src\hotspot\share\classfile\systemDictionary.cpp, line 256]
Event: 21.007 Thread 0x0000025e6f63ced0 Exception <a 'java/lang/ClassNotFoundException'{0x000000008d4fe5f8}: java/util/LinkedHashMapBeanInfo> (0x000000008d4fe5f8) 
thrown [s\src\hotspot\share\classfile\systemDictionary.cpp, line 256]
Event: 21.007 Thread 0x0000025e6f63ced0 Exception <a 'java/lang/ClassNotFoundException'{0x000000008d303158}: java/util/HashMapBeanInfo> (0x000000008d303158) 
thrown [s\src\hotspot\share\classfile\systemDictionary.cpp, line 256]
Event: 21.007 Thread 0x0000025e6f63ced0 Exception <a 'java/lang/ClassNotFoundException'{0x000000008d307c28}: java/util/AbstractMapBeanInfo> (0x000000008d307c28) 
thrown [s\src\hotspot\share\classfile\systemDictionary.cpp, line 256]
Event: 21.007 Thread 0x0000025e6f63ced0 Exception <a 'java/lang/ClassNotFoundException'{0x000000008d30c1a0}: java/util/AbstractMapCustomizer> (0x000000008d30c1a0) 
thrown [s\src\hotspot\share\classfile\systemDictionary.cpp, line 256]
Event: 21.008 Thread 0x0000025e6f63ced0 Exception <a 'java/lang/ClassNotFoundException'{0x000000008d31a8e8}: java/util/HashMapCustomizer> (0x000000008d31a8e8) 
thrown [s\src\hotspot\share\classfile\systemDictionary.cpp, line 256]
Event: 21.009 Thread 0x0000025e6f63ced0 Exception <a 'java/lang/ClassNotFoundException'{0x000000008d336e60}: java/util/LinkedHashMapCustomizer> (0x000000008d336e60) 
thrown [s\src\hotspot\share\classfile\systemDictionary.cpp, line 256]
Event: 21.661 Thread 0x0000025e6f63ced0 Exception <a 'sun/nio/fs/WindowsException'{0x0000000092518a28}> (0x0000000092518a28) 
thrown [s\src\hotspot\share\prims\jni.cpp, line 517]
Event: 21.907 Thread 0x0000025e6f63ced0 Exception <a 'java/lang/NullPointerException'{0x0000000091e1d350}> (0x0000000091e1d350) 
thrown [s\src\hotspot\share\interpreter\linkResolver.cpp, line 1447]

VM Operations (20 events):
Event: 20.258 Executing VM operation: HandshakeAllThreads
Event: 20.258 Executing VM operation: HandshakeAllThreads done
Event: 20.260 Executing VM operation: HandshakeAllThreads
Event: 20.260 Executing VM operation: HandshakeAllThreads done
Event: 20.705 Executing VM operation: G1CollectForAllocation
Event: 20.721 Executing VM operation: G1CollectForAllocation done
Event: 20.742 Executing VM operation: G1CollectForAllocation
Event: 20.753 Executing VM operation: G1CollectForAllocation done
Event: 21.195 Executing VM operation: G1CollectForAllocation
Event: 21.201 Executing VM operation: G1CollectForAllocation done
Event: 21.388 Executing VM operation: G1Concurrent
Event: 21.412 Executing VM operation: G1Concurrent done
Event: 21.497 Executing VM operation: G1Concurrent
Event: 21.497 Executing VM operation: G1Concurrent done
Event: 21.833 Executing VM operation: HandshakeAllThreads
Event: 21.833 Executing VM operation: HandshakeAllThreads done
Event: 22.328 Executing VM operation: G1CollectForAllocation
Event: 22.337 Executing VM operation: G1CollectForAllocation done
Event: 22.380 Executing VM operation: HandshakeAllThreads
Event: 22.380 Executing VM operation: HandshakeAllThreads done

Events (20 events):
Event: 22.420 loading class com/sun/org/apache/xerces/internal/util/XMLChar
Event: 22.420 loading class com/sun/org/apache/xerces/internal/util/XMLChar done
Event: 22.422 loading class com/sun/org/apache/xerces/internal/util/XMLSymbols
Event: 22.422 loading class com/sun/org/apache/xerces/internal/util/XMLSymbols done
Event: 22.422 loading class com/sun/org/apache/xerces/internal/parsers/AbstractSAXParser$LocatorProxy
Event: 22.422 loading class org/xml/sax/ext/Locator2
Event: 22.422 loading class org/xml/sax/ext/Locator2 done
Event: 22.422 loading class com/sun/org/apache/xerces/internal/parsers/AbstractSAXParser$LocatorProxy done
Event: 22.423 loading class com/sun/org/apache/xerces/internal/impl/XMLScanner$NameType
Event: 22.423 loading class com/sun/org/apache/xerces/internal/impl/XMLScanner$NameType done
Event: 22.424 loading class com/sun/org/apache/xerces/internal/impl/Constants
Event: 22.426 loading class com/sun/org/apache/xerces/internal/impl/Constants done
Event: 22.426 loading class com/sun/org/apache/xerces/internal/impl/Constants$ArrayEnumeration
Event: 22.426 loading class com/sun/org/apache/xerces/internal/impl/Constants$ArrayEnumeration done
Event: 22.427 loading class org/xml/sax/helpers/AttributesImpl
Event: 22.428 loading class org/xml/sax/helpers/AttributesImpl done
Event: 22.429 loading class java/util/regex/Pattern$Behind
Event: 22.429 loading class java/util/regex/Pattern$Behind done
Event: 22.430 loading class java/util/regex/Pattern$Neg
Event: 22.430 loading class java/util/regex/Pattern$Neg done


Dynamic libraries:
0x00007ff691830000 - 0x00007ff69183a000 	C:\Program Files\Android\Android Studio2\jbr\bin\java.exe
0x00007ffa03a30000 - 0x00007ffa03c28000 	C:\WINDOWS\SYSTEM32\ntdll.dll
0x00007ffa02260000 - 0x00007ffa0231f000 	C:\WINDOWS\System32\KERNEL32.DLL
0x00007ffa013f0000 - 0x00007ffa016e6000 	C:\WINDOWS\System32\KERNELBASE.dll
0x0000000069b90000 - 0x0000000069c23000 	C:\WINDOWS\System32\SYSFER.DLL
0x00007ffa012a0000 - 0x00007ffa013a0000 	C:\WINDOWS\System32\ucrtbase.dll
0x00007ff9ebf90000 - 0x00007ff9ebfab000 	C:\Program Files\Android\Android Studio2\jbr\bin\VCRUNTIME140.dll
0x00007ff9eee20000 - 0x00007ff9eee37000 	C:\Program Files\Android\Android Studio2\jbr\bin\jli.dll
0x00007ffa028c0000 - 0x00007ffa02a5d000 	C:\WINDOWS\System32\USER32.dll
0x00007ffa016f0000 - 0x00007ffa01712000 	C:\WINDOWS\System32\win32u.dll
0x00007ff9eeeb0000 - 0x00007ff9ef14a000 	C:\WINDOWS\WinSxS\amd64_microsoft.windows.common-controls_6595b64144ccf1df_6.0.19041.1110_none_60b5254171f9507e\COMCTL32.dll
0x00007ffa021c0000 - 0x00007ffa021ec000 	C:\WINDOWS\System32\GDI32.dll
0x00007ffa02770000 - 0x00007ffa0280e000 	C:\WINDOWS\System32\msvcrt.dll
0x00007ffa01110000 - 0x00007ffa01225000 	C:\WINDOWS\System32\gdi32full.dll
0x00007ffa019f0000 - 0x00007ffa01a8d000 	C:\WINDOWS\System32\msvcp_win.dll
0x00007ffa01b20000 - 0x00007ffa01b50000 	C:\WINDOWS\System32\IMM32.DLL
0x00007ff9f8ed0000 - 0x00007ff9f8edc000 	C:\Program Files\Android\Android Studio2\jbr\bin\vcruntime140_1.dll
0x00007ff9c85c0000 - 0x00007ff9c864d000 	C:\Program Files\Android\Android Studio2\jbr\bin\msvcp140.dll
0x00007ff98dd80000 - 0x00007ff98e9ed000 	C:\Program Files\Android\Android Studio2\jbr\bin\server\jvm.dll
0x00007ffa02810000 - 0x00007ffa028bf000 	C:\WINDOWS\System32\ADVAPI32.dll
0x00007ffa01db0000 - 0x00007ffa01e4c000 	C:\WINDOWS\System32\sechost.dll
0x00007ffa03110000 - 0x00007ffa03236000 	C:\WINDOWS\System32\RPCRT4.dll
0x00007ff9ec390000 - 0x00007ff9ec399000 	C:\WINDOWS\SYSTEM32\WSOCK32.dll
0x00007ffa021f0000 - 0x00007ffa0225b000 	C:\WINDOWS\System32\WS2_32.dll
0x00007ff9edbe0000 - 0x00007ff9edc07000 	C:\WINDOWS\SYSTEM32\WINMM.dll
0x00007ff9f89b0000 - 0x00007ff9f89ba000 	C:\WINDOWS\SYSTEM32\VERSION.dll
0x00007ff9ff960000 - 0x00007ff9ff972000 	C:\WINDOWS\SYSTEM32\kernel.appcore.dll
0x00007ff9eec40000 - 0x00007ff9eec4a000 	C:\Program Files\Android\Android Studio2\jbr\bin\jimage.dll
0x00007ff9ff620000 - 0x00007ff9ff804000 	C:\WINDOWS\SYSTEM32\DBGHELP.DLL
0x00007ff9e7110000 - 0x00007ff9e7144000 	C:\WINDOWS\SYSTEM32\dbgcore.DLL
0x00007ffa01880000 - 0x00007ffa01902000 	C:\WINDOWS\System32\bcryptPrimitives.dll
0x00007ff9d81a0000 - 0x00007ff9d81c5000 	C:\Program Files\Android\Android Studio2\jbr\bin\java.dll
0x00007ff9ee3b0000 - 0x00007ff9ee3c8000 	C:\Program Files\Android\Android Studio2\jbr\bin\zip.dll
0x00007ffa03240000 - 0x00007ffa03984000 	C:\WINDOWS\System32\SHELL32.dll
0x00007ff9fedb0000 - 0x00007ff9ff543000 	C:\WINDOWS\SYSTEM32\windows.storage.dll
0x00007ffa023d0000 - 0x00007ffa02724000 	C:\WINDOWS\System32\combase.dll
0x00007ffa00a00000 - 0x00007ffa00a2e000 	C:\WINDOWS\SYSTEM32\Wldp.dll
0x00007ffa02320000 - 0x00007ffa023cd000 	C:\WINDOWS\System32\SHCORE.dll
0x00007ffa01e50000 - 0x00007ffa01ea5000 	C:\WINDOWS\System32\shlwapi.dll
0x00007ffa01050000 - 0x00007ffa0106f000 	C:\WINDOWS\SYSTEM32\profapi.dll
0x00007ff9edaf0000 - 0x00007ff9edb09000 	C:\Program Files\Android\Android Studio2\jbr\bin\net.dll
0x00007ff9f0940000 - 0x00007ff9f0a4a000 	C:\WINDOWS\SYSTEM32\WINHTTP.dll
0x00007ffa007f0000 - 0x00007ffa0085a000 	C:\WINDOWS\system32\mswsock.dll
0x00007ff9ec050000 - 0x00007ff9ec066000 	C:\Program Files\Android\Android Studio2\jbr\bin\nio.dll
0x00007ff9ec890000 - 0x00007ff9ec8a0000 	C:\Program Files\Android\Android Studio2\jbr\bin\verify.dll
0x00007ff9da360000 - 0x00007ff9da387000 	C:\Users\Christiana Renta\.gradle\native\68d5fa5c4cc2d200863cafc0d521ce42e7d3e7ee720ec0a83991735586a16f82\windows-amd64\native-platform.dll
0x00007ff9c7b60000 - 0x00007ff9c7ca4000 	C:\Users\Christiana Renta\.gradle\native\e376f236ea51e6404a007f0833ffe2c6e607c4080706a723a18a27aeea778392\windows-amd64\native-platform-file-events.dll
0x00007ff9ee680000 - 0x00007ff9ee689000 	C:\Program Files\Android\Android Studio2\jbr\bin\management.dll
0x00007ff9edf20000 - 0x00007ff9edf2b000 	C:\Program Files\Android\Android Studio2\jbr\bin\management_ext.dll
0x00007ffa02740000 - 0x00007ffa02748000 	C:\WINDOWS\System32\PSAPI.DLL
0x00007ffa00e00000 - 0x00007ffa00e18000 	C:\WINDOWS\SYSTEM32\CRYPTSP.dll
0x00007ffa000c0000 - 0x00007ffa000f4000 	C:\WINDOWS\system32\rsaenh.dll
0x00007ffa019c0000 - 0x00007ffa019e7000 	C:\WINDOWS\System32\bcrypt.dll
0x00007ffa01010000 - 0x00007ffa0103e000 	C:\WINDOWS\SYSTEM32\USERENV.dll
0x00007ffa00aa0000 - 0x00007ffa00aac000 	C:\WINDOWS\SYSTEM32\CRYPTBASE.dll
0x00007ffa00490000 - 0x00007ffa004cc000 	C:\WINDOWS\SYSTEM32\IPHLPAPI.DLL
0x00007ffa01f80000 - 0x00007ffa01f88000 	C:\WINDOWS\System32\NSI.dll
0x00007ff9f2fd0000 - 0x00007ff9f2fe7000 	C:\WINDOWS\SYSTEM32\dhcpcsvc6.DLL
0x00007ff9f2cf0000 - 0x00007ff9f2d0d000 	C:\WINDOWS\SYSTEM32\dhcpcsvc.DLL
0x00007ffa004e0000 - 0x00007ffa005aa000 	C:\WINDOWS\SYSTEM32\DNSAPI.dll
0x00007ff99cc70000 - 0x00007ff99cc77000 	C:\WINDOWS\system32\wshunix.dll

dbghelp: loaded successfully - version: 4.0.5 - missing functions: none
symbol engine: initialized successfully - sym options: 0x614 - pdb path: .;C:\Program Files\Android\Android Studio2\jbr\bin;C:\WINDOWS\SYSTEM32;C:\WINDOWS\WinSxS\amd64_microsoft.windows.common-controls_6595b64144ccf1df_6.0.19041.1110_none_60b5254171f9507e;C:\Program Files\Android\Android Studio2\jbr\bin\server;C:\Users\Christiana Renta\.gradle\native\68d5fa5c4cc2d200863cafc0d521ce42e7d3e7ee720ec0a83991735586a16f82\windows-amd64;C:\Users\Christiana Renta\.gradle\native\e376f236ea51e6404a007f0833ffe2c6e607c4080706a723a18a27aeea778392\windows-amd64

VM Arguments:
jvm_args: --add-opens=java.base/java.util=ALL-UNNAMED --add-opens=java.base/java.lang=ALL-UNNAMED --add-opens=java.base/java.lang.invoke=ALL-UNNAMED --add-opens=java.prefs/java.util.prefs=ALL-UNNAMED --add-opens=java.base/java.nio.charset=ALL-UNNAMED --add-opens=java.base/java.net=ALL-UNNAMED --add-opens=java.base/java.util.concurrent.atomic=ALL-UNNAMED -Xmx2048m -Dfile.encoding=UTF-8 -Duser.country=US -Duser.language=en -Duser.variant 
java_command: org.gradle.launcher.daemon.bootstrap.GradleDaemon 8.0
java_class_path (initial): C:\Users\Christiana Renta\.gradle\wrapper\dists\gradle-8.0-bin\ca5e32bp14vu59qr306oxotwh\gradle-8.0\lib\gradle-launcher-8.0.jar
Launcher Type: SUN_STANDARD

[Global flags]
     intx CICompilerCount                          = 3                                         {product} {ergonomic}
     uint ConcGCThreads                            = 1                                         {product} {ergonomic}
     uint G1ConcRefinementThreads                  = 4                                         {product} {ergonomic}
   size_t G1HeapRegionSize                         = 1048576                                   {product} {ergonomic}
    uintx GCDrainStackTargetSize                   = 64                                        {product} {ergonomic}
   size_t InitialHeapSize                          = 132120576                                 {product} {ergonomic}
   size_t MarkStackSize                            = 4194304                                   {product} {ergonomic}
   size_t MaxHeapSize                              = 2147483648                                {product} {command line}
   size_t MaxNewSize                               = 1287651328                                {product} {ergonomic}
   size_t MinHeapDeltaBytes                        = 1048576                                   {product} {ergonomic}
   size_t MinHeapSize                              = 8388608                                   {product} {ergonomic}
    uintx NonNMethodCodeHeapSize                   = 5832780                                {pd product} {ergonomic}
    uintx NonProfiledCodeHeapSize                  = 122912730                              {pd product} {ergonomic}
    uintx ProfiledCodeHeapSize                     = 122912730                              {pd product} {ergonomic}
    uintx ReservedCodeCacheSize                    = 251658240                              {pd product} {ergonomic}
     bool SegmentedCodeCache                       = true                                      {product} {ergonomic}
   size_t SoftMaxHeapSize                          = 2147483648                             {manageable} {ergonomic}
     bool UseCompressedClassPointers               = true                           {product lp64_product} {ergonomic}
     bool UseCompressedOops                        = true                           {product lp64_product} {ergonomic}
     bool UseG1GC                                  = true                                      {product} {ergonomic}
     bool UseLargePagesIndividualAllocation        = false                                  {pd product} {ergonomic}

Logging:
Log output configuration:
 #0: stdout all=warning uptime,level,tags
 #1: stderr all=off uptime,level,tags

Environment Variables:
PATH=C:\Program Files (x86)\Common Files\Oracle\Java\javapath;C:\MinGW\bin;C:\ProgramData\Oracle\Java\javapath;C:\WINDOWS\system32;C:\WINDOWS;C:\WINDOWS\System32\Wbem;C:\WINDOWS\System32\WindowsPowerShell\v1.0\;C:\Program Files (x86)\OpenVPN\bin;C:\Program Files\PuTTY\;C:\Program Files\MATLAB\R2017a\runtime\win64;C:\Program Files\MATLAB\R2017a\bin;C:\WINDOWS\System32\OpenSSH\;C:\Program Files\IBM\SPSS\Statistics\Subscription\JRE\bin;C:\Program Files\Intel\WiFi\bin\;C:\Program Files\Common Files\Intel\WirelessCommon\;C:\Program Files\Microsoft SQL Server\110\Tools\Binn\;C:\Program Files (x86)\Intel\Intel(R) Management Engine Components\DAL;C:\Program Files\Intel\Intel(R) Management Engine Components\DAL;C:\Program Files\dotnet\;C:\Users\Christiana Renta\AppData\Local\Microsoft\WindowsApps;C:\Program Files\Intel\WiFi\bin\;C:\Program Files\Common Files\Intel\WirelessCommon\;;C:\Users\Christiana Renta\AppData\Local\Programs\Microsoft VS Code\bin
USERNAME=Christiana Renta
OS=Windows_NT
PROCESSOR_IDENTIFIER=Intel64 Family 6 Model 142 Stepping 9, GenuineIntel
TMP=C:\Users\Christiana Renta\AppData\Local\Temp
TEMP=C:\Users\Christiana Renta\AppData\Local\Temp



---------------  S Y S T E M  ---------------

OS:
 Windows 10 , 64 bit Build 19041 (10.0.19041.3031)
OS uptime: 14 days 10:38 hours
Hyper-V role detected

CPU: total 4 (initial active 4) (2 cores per cpu, 2 threads per core) family 6 model 142 stepping 9 microcode 0xec, cx8, cmov, fxsr, ht, mmx, 3dnowpref, sse, sse2, sse3, ssse3, sse4.1, sse4.2, popcnt, lzcnt, tsc, tscinvbit, avx, avx2, aes, erms, clmul, bmi1, bmi2, adx, fma, vzeroupper, clflush, clflushopt, hv

Memory: 4k page, system-wide physical 7990M (303M free)
TotalPageFile size 32566M (AvailPageFile size 5M)
current process WorkingSet (physical memory assigned to process): 410M, peak: 414M
current process commit charge ("private bytes"): 565M, peak: 567M

vm_info: OpenJDK 64-Bit Server VM (17.0.6+0-b2043.56-9586694) for windows-amd64 JRE (17.0.6+0-b2043.56-9586694), built on Feb  9 2023 20:06:20 by "androidbuild" with MS VC++ 16.10 / 16.11 (VS2019)

END.
